[2020-11-06T13:14:56.417+0800][gc,heap      ] GC(163) Eden regions: 51->0(49)
[2020-11-06T13:14:56.417+0800][gc,heap      ] GC(163) Survivor regions: 6->6(8)
[2020-11-06T13:14:56.417+0800][gc,heap      ] GC(163) Old regions: 103->105
[2020-11-06T13:14:56.417+0800][gc,heap      ] GC(163) Archive regions: 2->2
[2020-11-06T13:14:56.417+0800][gc,heap      ] GC(163) Humongous regions: 130->130
[2020-11-06T13:14:56.417+0800][gc,metaspace ] GC(163) Metaspace: 28354K->28354K(1075200K)
[2020-11-06T13:14:56.417+0800][gc           ] GC(163) Pause Young (Normal) (G1 Evacuation Pause) 289M->240M(1024M) 50.885ms
[2020-11-06T13:14:56.417+0800][gc,cpu       ] GC(163) User=0.06s Sys=0.04s Real=0.05s
[2020-11-06T13:16:04.973+0800][gc,start     ] GC(164) Pause Young (Normal) (G1 Evacuation Pause)
[2020-11-06T13:16:04.974+0800][gc,task      ] GC(164) Using 8 workers of 8 for evacuation
[2020-11-06T13:16:05.000+0800][gc,mmu       ] GC(164) MMU target violated: 21.0ms (20.0ms/21.0ms)
[2020-11-06T13:16:05.000+0800][gc,phases    ] GC(164)   Pre Evacuate Collection Set: 0.1ms
[2020-11-06T13:16:05.000+0800][gc,phases    ] GC(164)   Evacuate Collection Set: 25.1ms
[2020-11-06T13:16:05.000+0800][gc,phases    ] GC(164)   Post Evacuate Collection Set: 0.6ms
[2020-11-06T13:16:05.000+0800][gc,phases    ] GC(164)   Other: 1.7ms
[2020-11-06T13:16:05.000+0800][gc,heap      ] GC(164) Eden regions: 49->0(48)
[2020-11-06T13:16:05.000+0800][gc,heap      ] GC(164) Survivor regions: 6->4(7)
[2020-11-06T13:16:05.000+0800][gc,heap      ] GC(164) Old regions: 105->108
[2020-11-06T13:16:05.000+0800][gc,heap      ] GC(164) Archive regions: 2->2
[2020-11-06T13:16:05.000+0800][gc,heap      ] GC(164) Humongous regions: 130->130
[2020-11-06T13:16:05.000+0800][gc,metaspace ] GC(164) Metaspace: 28354K->28354K(1075200K)
[2020-11-06T13:16:05.000+0800][gc           ] GC(164) Pause Young (Normal) (G1 Evacuation Pause) 289M->242M(1024M) 27.518ms
[2020-11-06T13:16:05.000+0800][gc,cpu       ] GC(164) User=0.06s Sys=0.04s Real=0.03s
[2020-11-06T13:17:12.340+0800][gc,start     ] GC(165) Pause Young (Normal) (G1 Evacuation Pause)
[2020-11-06T13:17:12.341+0800][gc,task      ] GC(165) Using 8 workers of 8 for evacuation
[2020-11-06T13:17:12.356+0800][gc,phases    ] GC(165)   Pre Evacuate Collection Set: 0.1ms
[2020-11-06T13:17:12.356+0800][gc,phases    ] GC(165)   Evacuate Collection Set: 14.5ms
[2020-11-06T13:17:12.356+0800][gc,phases    ] GC(165)   Post Evacuate Collection Set: 0.4ms
[2020-11-06T13:17:12.356+0800][gc,phases    ] GC(165)   Other: 1.4ms
[2020-11-06T13:17:12.356+0800][gc,heap      ] GC(165) Eden regions: 48->0(50)
[2020-11-06T13:17:12.356+0800][gc,heap      ] GC(165) Survivor regions: 4->4(7)
[2020-11-06T13:17:12.356+0800][gc,heap      ] GC(165) Old regions: 108->110
[2020-11-06T13:17:12.356+0800][gc,heap      ] GC(165) Archive regions: 2->2
[2020-11-06T13:17:12.356+0800][gc,heap      ] GC(165) Humongous regions: 130->130
[2020-11-06T13:17:12.356+0800][gc,metaspace ] GC(165) Metaspace: 28354K->28354K(1075200K)
[2020-11-06T13:17:12.356+0800][gc           ] GC(165) Pause Young (Normal) (G1 Evacuation Pause) 290M->243M(1024M) 16.695ms
[2020-11-06T13:17:12.356+0800][gc,cpu       ] GC(165) User=0.06s Sys=0.02s Real=0.01s
[2020-11-06T13:18:19.019+0800][gc,start     ] GC(166) Pause Young (Normal) (G1 Evacuation Pause)
[2020-11-06T13:18:19.020+0800][gc,task      ] GC(166) Using 8 workers of 8 for evacuation
[2020-11-06T13:18:19.031+0800][gc,phases    ] GC(166)   Pre Evacuate Collection Set: 0.1ms
[2020-11-06T13:18:19.032+0800][gc,phases    ] GC(166)   Evacuate Collection Set: 10.8ms
[2020-11-06T13:18:19.032+0800][gc,phases    ] GC(166)   Post Evacuate Collection Set: 0.4ms
[2020-11-06T13:18:19.032+0800][gc,phases    ] GC(166)   Other: 0.9ms
[2020-11-06T13:18:19.032+0800][gc,heap      ] GC(166) Eden regions: 50->0(52)
[2020-11-06T13:18:19.032+0800][gc,heap      ] GC(166) Survivor regions: 4->7(7)
[2020-11-06T13:18:19.032+0800][gc,heap      ] GC(166) Old regions: 110->110
[2020-11-06T13:18:19.032+0800][gc,heap      ] GC(166) Archive regions: 2->2
[2020-11-06T13:18:19.032+0800][gc,heap      ] GC(166) Humongous regions: 130->130
[2020-11-06T13:18:19.032+0800][gc,metaspace ] GC(166) Metaspace: 28354K->28354K(1075200K)
[2020-11-06T13:18:19.032+0800][gc           ] GC(166) Pause Young (Normal) (G1 Evacuation Pause) 293M->246M(1024M) 12.437ms
[2020-11-06T13:18:19.032+0800][gc,cpu       ] GC(166) User=0.07s Sys=0.01s Real=0.02s
[2020-11-06T13:19:31.462+0800][gc,start     ] GC(167) Pause Young (Normal) (G1 Evacuation Pause)
[2020-11-06T13:19:31.463+0800][gc,task      ] GC(167) Using 8 workers of 8 for evacuation
[2020-11-06T13:19:31.478+0800][gc,phases    ] GC(167)   Pre Evacuate Collection Set: 0.0ms
[2020-11-06T13:19:31.478+0800][gc,phases    ] GC(167)   Evacuate Collection Set: 14.3ms
[2020-11-06T13:19:31.478+0800][gc,phases    ] GC(167)   Post Evacuate Collection Set: 0.3ms
[2020-11-06T13:19:31.478+0800][gc,phases    ] GC(167)   Other: 1.7ms
[2020-11-06T13:19:31.478+0800][gc,heap      ] GC(167) Eden regions: 52->0(60)
[2020-11-06T13:19:31.478+0800][gc,heap      ] GC(167) Survivor regions: 7->4(8)
[2020-11-06T13:19:31.478+0800][gc,heap      ] GC(167) Old regions: 110->113
[2020-11-06T13:19:31.478+0800][gc,heap      ] GC(167) Archive regions: 2->2
[2020-11-06T13:19:31.478+0800][gc,heap      ] GC(167) Humongous regions: 130->130
[2020-11-06T13:19:31.478+0800][gc,metaspace ] GC(167) Metaspace: 28356K->28356K(1075200K)
[2020-11-06T13:19:31.478+0800][gc           ] GC(167) Pause Young (Normal) (G1 Evacuation Pause) 298M->246M(1024M) 16.561ms
[2020-11-06T13:19:31.478+0800][gc,cpu       ] GC(167) User=0.05s Sys=0.03s Real=0.01s
[2020-11-06T13:20:55.528+0800][gc,start     ] GC(168) Pause Young (Normal) (G1 Evacuation Pause)
[2020-11-06T13:20:55.529+0800][gc,task      ] GC(168) Using 8 workers of 8 for evacuation
[2020-11-06T13:20:55.536+0800][gc,phases    ] GC(168)   Pre Evacuate Collection Set: 0.0ms
[2020-11-06T13:20:55.536+0800][gc,phases    ] GC(168)   Evacuate Collection Set: 6.4ms
[2020-11-06T13:20:55.536+0800][gc,phases    ] GC(168)   Post Evacuate Collection Set: 0.3ms
[2020-11-06T13:20:55.536+0800][gc,phases    ] GC(168)   Other: 1.5ms
[2020-11-06T13:20:55.536+0800][gc,heap      ] GC(168) Eden regions: 60->0(73)
[2020-11-06T13:20:55.536+0800][gc,heap      ] GC(168) Survivor regions: 4->3(8)
[2020-11-06T13:20:55.536+0800][gc,heap      ] GC(168) Old regions: 113->113
[2020-11-06T13:20:55.536+0800][gc,heap      ] GC(168) Archive regions: 2->2
[2020-11-06T13:20:55.536+0800][gc,heap      ] GC(168) Humongous regions: 130->130
[2020-11-06T13:20:55.536+0800][gc,metaspace ] GC(168) Metaspace: 28356K->28356K(1075200K)
[2020-11-06T13:20:55.536+0800][gc           ] GC(168) Pause Young (Normal) (G1 Evacuation Pause) 306M->246M(1024M) 8.310ms
[2020-11-06T13:20:55.536+0800][gc,cpu       ] GC(168) User=0.02s Sys=0.02s Real=0.01s
[2020-11-06T13:22:37.816+0800][gc,start     ] GC(169) Pause Young (Normal) (G1 Evacuation Pause)
[2020-11-06T13:22:37.816+0800][gc,task      ] GC(169) Using 8 workers of 8 for evacuation
[2020-11-06T13:22:37.827+0800][gc,phases    ] GC(169)   Pre Evacuate Collection Set: 0.0ms
[2020-11-06T13:22:37.827+0800][gc,phases    ] GC(169)   Evacuate Collection Set: 10.4ms
[2020-11-06T13:22:37.827+0800][gc,phases    ] GC(169)   Post Evacuate Collection Set: 0.3ms
[2020-11-06T13:22:37.827+0800][gc,phases    ] GC(169)   Other: 0.6ms
[2020-11-06T13:22:37.827+0800][gc,heap      ] GC(169) Eden regions: 73->0(73)
[2020-11-06T13:22:37.827+0800][gc,heap      ] GC(169) Survivor regions: 3->3(10)
[2020-11-06T13:22:37.827+0800][gc,heap      ] GC(169) Old regions: 113->113
[2020-11-06T13:22:37.827+0800][gc,heap      ] GC(169) Archive regions: 2->2
[2020-11-06T13:22:37.827+0800][gc,heap      ] GC(169) Humongous regions: 130->130
[2020-11-06T13:22:37.827+0800][gc,metaspace ] GC(169) Metaspace: 28356K->28356K(1075200K)
[2020-11-06T13:22:37.827+0800][gc           ] GC(169) Pause Young (Normal) (G1 Evacuation Pause) 319M->246M(1024M) 11.421ms
[2020-11-06T13:22:37.827+0800][gc,cpu       ] GC(169) User=0.02s Sys=0.02s Real=0.01s
[2020-11-06T13:41:45.949+0800][gc,start     ] GC(170) Pause Young (Normal) (G1 Evacuation Pause)
[2020-11-06T13:41:45.950+0800][gc,task      ] GC(170) Using 8 workers of 8 for evacuation
[2020-11-06T13:41:45.998+0800][gc,mmu       ] GC(170) MMU target violated: 21.0ms (20.0ms/21.0ms)
[2020-11-06T13:41:45.998+0800][gc,phases    ] GC(170)   Pre Evacuate Collection Set: 0.7ms
[2020-11-06T13:41:45.998+0800][gc,phases    ] GC(170)   Evacuate Collection Set: 42.3ms
[2020-11-06T13:41:45.998+0800][gc,phases    ] GC(170)   Post Evacuate Collection Set: 1.4ms
[2020-11-06T13:41:45.998+0800][gc,phases    ] GC(170)   Other: 5.0ms
[2020-11-06T13:41:45.998+0800][gc,heap      ] GC(170) Eden regions: 73->0(47)
[2020-11-06T13:41:45.998+0800][gc,heap      ] GC(170) Survivor regions: 3->4(10)
[2020-11-06T13:41:45.998+0800][gc,heap      ] GC(170) Old regions: 113->113
[2020-11-06T13:41:45.998+0800][gc,heap      ] GC(170) Archive regions: 2->2
[2020-11-06T13:41:45.998+0800][gc,heap      ] GC(170) Humongous regions: 130->130
[2020-11-06T13:41:45.998+0800][gc,metaspace ] GC(170) Metaspace: 28375K->28375K(1075200K)
[2020-11-06T13:41:45.998+0800][gc           ] GC(170) Pause Young (Normal) (G1 Evacuation Pause) 319M->247M(1024M) 49.477ms
[2020-11-06T13:41:45.999+0800][gc,cpu       ] GC(170) User=0.03s Sys=0.06s Real=0.05s
[2020-11-06T13:42:40.168+0800][gc,start     ] GC(171) Pause Young (Normal) (G1 Evacuation Pause)
[2020-11-06T13:42:40.169+0800][gc,task      ] GC(171) Using 8 workers of 8 for evacuation
[2020-11-06T13:42:40.185+0800][gc,phases    ] GC(171)   Pre Evacuate Collection Set: 0.0ms
[2020-11-06T13:42:40.185+0800][gc,phases    ] GC(171)   Evacuate Collection Set: 15.0ms
[2020-11-06T13:42:40.185+0800][gc,phases    ] GC(171)   Post Evacuate Collection Set: 0.3ms
[2020-11-06T13:42:40.185+0800][gc,phases    ] GC(171)   Other: 1.3ms
[2020-11-06T13:42:40.185+0800][gc,heap      ] GC(171) Eden regions: 47->0(48)
[2020-11-06T13:42:40.185+0800][gc,heap      ] GC(171) Survivor regions: 4->3(7)
[2020-11-06T13:42:40.185+0800][gc,heap      ] GC(171) Old regions: 113->114
[2020-11-06T13:42:40.185+0800][gc,heap      ] GC(171) Archive regions: 2->2
[2020-11-06T13:42:40.185+0800][gc,heap      ] GC(171) Humongous regions: 130->130
[2020-11-06T13:42:40.185+0800][gc,metaspace ] GC(171) Metaspace: 28376K->28376K(1075200K)
[2020-11-06T13:42:40.185+0800][gc           ] GC(171) Pause Young (Normal) (G1 Evacuation Pause) 294M->246M(1024M) 16.768ms
[2020-11-06T13:42:40.185+0800][gc,cpu       ] GC(171) User=0.02s Sys=0.02s Real=0.02s
[2020-11-06T13:43:38.993+0800][gc,start     ] GC(172) Pause Young (Normal) (G1 Evacuation Pause)
[2020-11-06T13:43:38.994+0800][gc,task      ] GC(172) Using 8 workers of 8 for evacuation
[2020-11-06T13:43:38.999+0800][gc,phases    ] GC(172)   Pre Evacuate Collection Set: 0.0ms
[2020-11-06T13:43:39.000+0800][gc,phases    ] GC(172)   Evacuate Collection Set: 5.1ms
[2020-11-06T13:43:39.000+0800][gc,phases    ] GC(172)   Post Evacuate Collection Set: 0.3ms
[2020-11-06T13:43:39.000+0800][gc,phases    ] GC(172)   Other: 0.7ms
[2020-11-06T13:43:39.000+0800][gc,heap      ] GC(172) Eden regions: 48->0(55)
[2020-11-06T13:43:39.000+0800][gc,heap      ] GC(172) Survivor regions: 3->3(7)
[2020-11-06T13:43:39.000+0800][gc,heap      ] GC(172) Old regions: 114->114
[2020-11-06T13:43:39.000+0800][gc,heap      ] GC(172) Archive regions: 2->2
[2020-11-06T13:43:39.000+0800][gc,heap      ] GC(172) Humongous regions: 130->130
[2020-11-06T13:43:39.000+0800][gc,metaspace ] GC(172) Metaspace: 28384K->28384K(1075200K)
[2020-11-06T13:43:39.000+0800][gc           ] GC(172) Pause Young (Normal) (G1 Evacuation Pause) 294M->246M(1024M) 6.260ms
[2020-11-06T13:43:39.000+0800][gc,cpu       ] GC(172) User=0.01s Sys=0.02s Real=0.01s
[2020-11-06T13:44:49.725+0800][gc,start     ] GC(173) Pause Young (Normal) (G1 Evacuation Pause)
[2020-11-06T13:44:49.726+0800][gc,task      ] GC(173) Using 8 workers of 8 for evacuation
[2020-11-06T13:44:49.732+0800][gc,phases    ] GC(173)   Pre Evacuate Collection Set: 0.1ms
[2020-11-06T13:44:49.732+0800][gc,phases    ] GC(173)   Evacuate Collection Set: 5.9ms
[2020-11-06T13:44:49.732+0800][gc,phases    ] GC(173)   Post Evacuate Collection Set: 0.3ms
[2020-11-06T13:44:49.732+0800][gc,phases    ] GC(173)   Other: 1.2ms
[2020-11-06T13:44:49.732+0800][gc,heap      ] GC(173) Eden regions: 55->0(75)
[2020-11-06T13:44:49.732+0800][gc,heap      ] GC(173) Survivor regions: 3->4(8)
[2020-11-06T13:44:49.732+0800][gc,heap      ] GC(173) Old regions: 114->114
[2020-11-06T13:44:49.732+0800][gc,heap      ] GC(173) Archive regions: 2->2
[2020-11-06T13:44:49.732+0800][gc,heap      ] GC(173) Humongous regions: 130->130
[2020-11-06T13:44:49.732+0800][gc,metaspace ] GC(173) Metaspace: 28385K->28385K(1075200K)
[2020-11-06T13:44:49.732+0800][gc           ] GC(173) Pause Young (Normal) (G1 Evacuation Pause) 301M->247M(1024M) 7.698ms
[2020-11-06T13:44:49.732+0800][gc,cpu       ] GC(173) User=0.02s Sys=0.02s Real=0.01s
[2020-11-06T13:46:19.586+0800][gc,start     ] GC(174) Pause Young (Normal) (G1 Evacuation Pause)
[2020-11-06T13:46:19.586+0800][gc,task      ] GC(174) Using 8 workers of 8 for evacuation
[2020-11-06T13:46:19.592+0800][gc,phases    ] GC(174)   Pre Evacuate Collection Set: 0.0ms
[2020-11-06T13:46:19.592+0800][gc,phases    ] GC(174)   Evacuate Collection Set: 5.8ms
[2020-11-06T13:46:19.592+0800][gc,phases    ] GC(174)   Post Evacuate Collection Set: 0.3ms
[2020-11-06T13:46:19.592+0800][gc,phases    ] GC(174)   Other: 0.7ms
[2020-11-06T13:46:19.592+0800][gc,heap      ] GC(174) Eden regions: 75->0(91)
[2020-11-06T13:46:19.592+0800][gc,heap      ] GC(174) Survivor regions: 4->3(10)
[2020-11-06T13:46:19.592+0800][gc,heap      ] GC(174) Old regions: 114->114
[2020-11-06T13:46:19.592+0800][gc,heap      ] GC(174) Archive regions: 2->2
[2020-11-06T13:46:19.592+0800][gc,heap      ] GC(174) Humongous regions: 130->130
[2020-11-06T13:46:19.592+0800][gc,metaspace ] GC(174) Metaspace: 28385K->28385K(1075200K)
[2020-11-06T13:46:19.592+0800][gc           ] GC(174) Pause Young (Normal) (G1 Evacuation Pause) 322M->246M(1024M) 6.916ms
[2020-11-06T13:46:19.592+0800][gc,cpu       ] GC(174) User=0.02s Sys=0.01s Real=0.01s
[2020-11-06T13:48:09.495+0800][gc,start     ] GC(175) Pause Young (Normal) (G1 Evacuation Pause)
[2020-11-06T13:48:09.496+0800][gc,task      ] GC(175) Using 8 workers of 8 for evacuation
[2020-11-06T13:48:09.504+0800][gc,phases    ] GC(175)   Pre Evacuate Collection Set: 0.0ms
[2020-11-06T13:48:09.504+0800][gc,phases    ] GC(175)   Evacuate Collection Set: 7.9ms
[2020-11-06T13:48:09.504+0800][gc,phases    ] GC(175)   Post Evacuate Collection Set: 0.4ms
[2020-11-06T13:48:09.504+0800][gc,phases    ] GC(175)   Other: 0.7ms
[2020-11-06T13:48:09.504+0800][gc,heap      ] GC(175) Eden regions: 91->0(102)
[2020-11-06T13:48:09.504+0800][gc,heap      ] GC(175) Survivor regions: 3->3(12)
[2020-11-06T13:48:09.504+0800][gc,heap      ] GC(175) Old regions: 114->114
[2020-11-06T13:48:09.504+0800][gc,heap      ] GC(175) Archive regions: 2->2
[2020-11-06T13:48:09.504+0800][gc,heap      ] GC(175) Humongous regions: 130->130
[2020-11-06T13:48:09.504+0800][gc,metaspace ] GC(175) Metaspace: 28386K->28386K(1075200K)
[2020-11-06T13:48:09.504+0800][gc           ] GC(175) Pause Young (Normal) (G1 Evacuation Pause) 337M->247M(1024M) 9.137ms
[2020-11-06T13:48:09.504+0800][gc,cpu       ] GC(175) User=0.01s Sys=0.02s Real=0.01s
[2020-11-06T13:50:12.649+0800][gc,start     ] GC(176) Pause Young (Normal) (G1 Evacuation Pause)
[2020-11-06T13:50:12.650+0800][gc,task      ] GC(176) Using 8 workers of 8 for evacuation
[2020-11-06T13:50:12.659+0800][gc,phases    ] GC(176)   Pre Evacuate Collection Set: 0.0ms
[2020-11-06T13:50:12.659+0800][gc,phases    ] GC(176)   Evacuate Collection Set: 7.9ms
[2020-11-06T13:50:12.659+0800][gc,phases    ] GC(176)   Post Evacuate Collection Set: 0.4ms
[2020-11-06T13:50:12.659+0800][gc,phases    ] GC(176)   Other: 1.1ms
[2020-11-06T13:50:12.659+0800][gc,heap      ] GC(176) Eden regions: 102->0(116)
[2020-11-06T13:50:12.659+0800][gc,heap      ] GC(176) Survivor regions: 3->4(14)
[2020-11-06T13:50:12.659+0800][gc,heap      ] GC(176) Old regions: 114->114
[2020-11-06T13:50:12.659+0800][gc,heap      ] GC(176) Archive regions: 2->2
[2020-11-06T13:50:12.659+0800][gc,heap      ] GC(176) Humongous regions: 130->130
[2020-11-06T13:50:12.659+0800][gc,metaspace ] GC(176) Metaspace: 28386K->28386K(1075200K)
[2020-11-06T13:50:12.659+0800][gc           ] GC(176) Pause Young (Normal) (G1 Evacuation Pause) 349M->247M(1024M) 9.545ms
[2020-11-06T13:50:12.659+0800][gc,cpu       ] GC(176) User=0.02s Sys=0.02s Real=0.01s
[2020-11-06T13:52:31.807+0800][gc,start     ] GC(177) Pause Young (Normal) (G1 Evacuation Pause)
[2020-11-06T13:52:31.807+0800][gc,task      ] GC(177) Using 8 workers of 8 for evacuation
[2020-11-06T13:52:31.815+0800][gc,phases    ] GC(177)   Pre Evacuate Collection Set: 0.0ms
[2020-11-06T13:52:31.815+0800][gc,phases    ] GC(177)   Evacuate Collection Set: 7.3ms
[2020-11-06T13:52:31.815+0800][gc,phases    ] GC(177)   Post Evacuate Collection Set: 0.3ms
[2020-11-06T13:52:31.815+0800][gc,phases    ] GC(177)   Other: 0.6ms
[2020-11-06T13:52:31.815+0800][gc,heap      ] GC(177) Eden regions: 116->0(137)
[2020-11-06T13:52:31.815+0800][gc,heap      ] GC(177) Survivor regions: 4->4(15)
[2020-11-06T13:52:31.815+0800][gc,heap      ] GC(177) Old regions: 114->114
[2020-11-06T13:52:31.815+0800][gc,heap      ] GC(177) Archive regions: 2->2
[2020-11-06T13:52:31.815+0800][gc,heap      ] GC(177) Humongous regions: 130->130
[2020-11-06T13:52:31.815+0800][gc,metaspace ] GC(177) Metaspace: 28386K->28386K(1075200K)
[2020-11-06T13:52:31.815+0800][gc           ] GC(177) Pause Young (Normal) (G1 Evacuation Pause) 363M->247M(1024M) 8.416ms
[2020-11-06T13:52:31.815+0800][gc,cpu       ] GC(177) User=0.02s Sys=0.01s Real=0.01s
[2020-11-06T13:55:17.019+0800][gc,start     ] GC(178) Pause Young (Normal) (G1 Evacuation Pause)
[2020-11-06T13:55:17.020+0800][gc,task      ] GC(178) Using 8 workers of 8 for evacuation
[2020-11-06T13:55:17.030+0800][gc,phases    ] GC(178)   Pre Evacuate Collection Set: 0.0ms
[2020-11-06T13:55:17.030+0800][gc,phases    ] GC(178)   Evacuate Collection Set: 9.1ms
[2020-11-06T13:55:17.030+0800][gc,phases    ] GC(178)   Post Evacuate Collection Set: 0.4ms
[2020-11-06T13:55:17.030+0800][gc,phases    ] GC(178)   Other: 1.1ms
[2020-11-06T13:55:17.030+0800][gc,heap      ] GC(178) Eden regions: 137->0(155)
[2020-11-06T13:55:17.030+0800][gc,heap      ] GC(178) Survivor regions: 4->4(18)
[2020-11-06T13:55:17.030+0800][gc,heap      ] GC(178) Old regions: 114->114
[2020-11-06T13:55:17.030+0800][gc,heap      ] GC(178) Archive regions: 2->2
[2020-11-06T13:55:17.030+0800][gc,heap      ] GC(178) Humongous regions: 130->130
[2020-11-06T13:55:17.030+0800][gc,metaspace ] GC(178) Metaspace: 28388K->28388K(1075200K)
[2020-11-06T13:55:17.030+0800][gc           ] GC(178) Pause Young (Normal) (G1 Evacuation Pause) 384M->247M(1024M) 10.715ms
[2020-11-06T13:55:17.030+0800][gc,cpu       ] GC(178) User=0.02s Sys=0.02s Real=0.02s
[2020-11-06T13:58:24.190+0800][gc,start     ] GC(179) Pause Young (Normal) (G1 Evacuation Pause)
[2020-11-06T13:58:24.190+0800][gc,task      ] GC(179) Using 8 workers of 8 for evacuation
[2020-11-06T13:58:24.202+0800][gc,phases    ] GC(179)   Pre Evacuate Collection Set: 0.0ms
[2020-11-06T13:58:24.202+0800][gc,phases    ] GC(179)   Evacuate Collection Set: 11.8ms
[2020-11-06T13:58:24.202+0800][gc,phases    ] GC(179)   Post Evacuate Collection Set: 0.3ms
[2020-11-06T13:58:24.202+0800][gc,phases    ] GC(179)   Other: 0.6ms
[2020-11-06T13:58:24.202+0800][gc,heap      ] GC(179) Eden regions: 155->0(160)
[2020-11-06T13:58:24.202+0800][gc,heap      ] GC(179) Survivor regions: 4->4(20)
[2020-11-06T13:58:24.202+0800][gc,heap      ] GC(179) Old regions: 114->114
[2020-11-06T13:58:24.202+0800][gc,heap      ] GC(179) Archive regions: 2->2
[2020-11-06T13:58:24.202+0800][gc,heap      ] GC(179) Humongous regions: 130->130
[2020-11-06T13:58:24.202+0800][gc,metaspace ] GC(179) Metaspace: 28388K->28388K(1075200K)
[2020-11-06T13:58:24.202+0800][gc           ] GC(179) Pause Young (Normal) (G1 Evacuation Pause) 402M->248M(1024M) 12.834ms
[2020-11-06T13:58:24.203+0800][gc,cpu       ] GC(179) User=0.02s Sys=0.02s Real=0.01s
[2020-11-06T14:01:36.200+0800][gc,start     ] GC(180) Pause Young (Normal) (G1 Evacuation Pause)
[2020-11-06T14:01:36.200+0800][gc,task      ] GC(180) Using 8 workers of 8 for evacuation
[2020-11-06T14:01:36.214+0800][gc,phases    ] GC(180)   Pre Evacuate Collection Set: 0.0ms
[2020-11-06T14:01:36.214+0800][gc,phases    ] GC(180)   Evacuate Collection Set: 13.2ms
[2020-11-06T14:01:36.214+0800][gc,phases    ] GC(180)   Post Evacuate Collection Set: 0.3ms
[2020-11-06T14:01:36.214+0800][gc,phases    ] GC(180)   Other: 0.6ms
[2020-11-06T14:01:36.214+0800][gc,heap      ] GC(180) Eden regions: 160->0(182)
[2020-11-06T14:01:36.214+0800][gc,heap      ] GC(180) Survivor regions: 4->5(21)
[2020-11-06T14:01:36.214+0800][gc,heap      ] GC(180) Old regions: 114->114
[2020-11-06T14:01:36.214+0800][gc,heap      ] GC(180) Archive regions: 2->2
[2020-11-06T14:01:36.214+0800][gc,heap      ] GC(180) Humongous regions: 130->130
[2020-11-06T14:01:36.214+0800][gc,metaspace ] GC(180) Metaspace: 28389K->28389K(1075200K)
[2020-11-06T14:01:36.214+0800][gc           ] GC(180) Pause Young (Normal) (G1 Evacuation Pause) 408M->248M(1024M) 14.178ms
[2020-11-06T14:01:36.214+0800][gc,cpu       ] GC(180) User=0.02s Sys=0.02s Real=0.01s
[2020-11-06T14:05:15.961+0800][gc,start     ] GC(181) Pause Young (Normal) (G1 Evacuation Pause)
[2020-11-06T14:05:15.962+0800][gc,task      ] GC(181) Using 8 workers of 8 for evacuation
[2020-11-06T14:05:15.980+0800][gc,phases    ] GC(181)   Pre Evacuate Collection Set: 0.0ms
[2020-11-06T14:05:15.980+0800][gc,phases    ] GC(181)   Evacuate Collection Set: 17.5ms
[2020-11-06T14:05:15.980+0800][gc,phases    ] GC(181)   Post Evacuate Collection Set: 0.5ms
[2020-11-06T14:05:15.980+0800][gc,phases    ] GC(181)   Other: 1.1ms
[2020-11-06T14:05:15.980+0800][gc,heap      ] GC(181) Eden regions: 182->0(159)
[2020-11-06T14:05:15.980+0800][gc,heap      ] GC(181) Survivor regions: 5->5(24)
[2020-11-06T14:05:15.980+0800][gc,heap      ] GC(181) Old regions: 114->114
[2020-11-06T14:05:15.980+0800][gc,heap      ] GC(181) Archive regions: 2->2
[2020-11-06T14:05:15.980+0800][gc,heap      ] GC(181) Humongous regions: 130->130
[2020-11-06T14:05:15.980+0800][gc,metaspace ] GC(181) Metaspace: 28389K->28389K(1075200K)
[2020-11-06T14:05:15.980+0800][gc           ] GC(181) Pause Young (Normal) (G1 Evacuation Pause) 430M->249M(1024M) 19.244ms
[2020-11-06T14:05:15.980+0800][gc,cpu       ] GC(181) User=0.03s Sys=0.02s Real=0.02s
[2020-11-06T14:08:28.270+0800][gc,start     ] GC(182) Pause Young (Normal) (G1 Evacuation Pause)
[2020-11-06T14:08:28.270+0800][gc,task      ] GC(182) Using 8 workers of 8 for evacuation
[2020-11-06T14:08:28.278+0800][gc,phases    ] GC(182)   Pre Evacuate Collection Set: 0.0ms
[2020-11-06T14:08:28.278+0800][gc,phases    ] GC(182)   Evacuate Collection Set: 7.6ms
[2020-11-06T14:08:28.278+0800][gc,phases    ] GC(182)   Post Evacuate Collection Set: 0.4ms
[2020-11-06T14:08:28.278+0800][gc,phases    ] GC(182)   Other: 0.6ms
[2020-11-06T14:08:28.278+0800][gc,heap      ] GC(182) Eden regions: 159->0(211)
[2020-11-06T14:08:28.278+0800][gc,heap      ] GC(182) Survivor regions: 5->4(21)
[2020-11-06T14:08:28.278+0800][gc,heap      ] GC(182) Old regions: 114->114
[2020-11-06T14:08:28.278+0800][gc,heap      ] GC(182) Archive regions: 2->2
[2020-11-06T14:08:28.278+0800][gc,heap      ] GC(182) Humongous regions: 130->130
[2020-11-06T14:08:28.278+0800][gc,metaspace ] GC(182) Metaspace: 28389K->28389K(1075200K)
[2020-11-06T14:08:28.278+0800][gc           ] GC(182) Pause Young (Normal) (G1 Evacuation Pause) 408M->248M(1024M) 8.660ms
[2020-11-06T14:08:28.278+0800][gc,cpu       ] GC(182) User=0.02s Sys=0.02s Real=0.00s
[2020-11-06T14:12:42.569+0800][gc,start     ] GC(183) Pause Young (Normal) (G1 Evacuation Pause)
[2020-11-06T14:12:42.571+0800][gc,task      ] GC(183) Using 8 workers of 8 for evacuation
[2020-11-06T14:12:42.603+0800][gc,mmu       ] GC(183) MMU target violated: 21.0ms (20.0ms/21.0ms)
[2020-11-06T14:12:42.603+0800][gc,phases    ] GC(183)   Pre Evacuate Collection Set: 0.1ms
[2020-11-06T14:12:42.603+0800][gc,phases    ] GC(183)   Evacuate Collection Set: 29.2ms
[2020-11-06T14:12:42.603+0800][gc,phases    ] GC(183)   Post Evacuate Collection Set: 1.4ms
[2020-11-06T14:12:42.603+0800][gc,phases    ] GC(183)   Other: 2.8ms
[2020-11-06T14:12:42.603+0800][gc,heap      ] GC(183) Eden regions: 211->0(102)
[2020-11-06T14:12:42.603+0800][gc,heap      ] GC(183) Survivor regions: 4->5(27)
[2020-11-06T14:12:42.603+0800][gc,heap      ] GC(183) Old regions: 114->114
[2020-11-06T14:12:42.603+0800][gc,heap      ] GC(183) Archive regions: 2->2
[2020-11-06T14:12:42.603+0800][gc,heap      ] GC(183) Humongous regions: 130->130
[2020-11-06T14:12:42.603+0800][gc,metaspace ] GC(183) Metaspace: 28389K->28389K(1075200K)
[2020-11-06T14:12:42.603+0800][gc           ] GC(183) Pause Young (Normal) (G1 Evacuation Pause) 459M->249M(1024M) 33.687ms
[2020-11-06T14:12:42.603+0800][gc,cpu       ] GC(183) User=0.03s Sys=0.04s Real=0.04s
[2020-11-06T14:14:45.134+0800][gc,start     ] GC(184) Pause Young (Normal) (G1 Evacuation Pause)
[2020-11-06T14:14:45.135+0800][gc,task      ] GC(184) Using 8 workers of 8 for evacuation
[2020-11-06T14:14:45.141+0800][gc,phases    ] GC(184)   Pre Evacuate Collection Set: 0.0ms
[2020-11-06T14:14:45.141+0800][gc,phases    ] GC(184)   Evacuate Collection Set: 5.5ms
[2020-11-06T14:14:45.141+0800][gc,phases    ] GC(184)   Post Evacuate Collection Set: 0.3ms
[2020-11-06T14:14:45.141+0800][gc,phases    ] GC(184)   Other: 1.0ms
[2020-11-06T14:14:45.141+0800][gc,heap      ] GC(184) Eden regions: 102->0(133)
[2020-11-06T14:14:45.141+0800][gc,heap      ] GC(184) Survivor regions: 5->4(14)
[2020-11-06T14:14:45.141+0800][gc,heap      ] GC(184) Old regions: 114->114
[2020-11-06T14:14:45.141+0800][gc,heap      ] GC(184) Archive regions: 2->2
[2020-11-06T14:14:45.141+0800][gc,heap      ] GC(184) Humongous regions: 130->130
[2020-11-06T14:14:45.141+0800][gc,metaspace ] GC(184) Metaspace: 28389K->28389K(1075200K)
[2020-11-06T14:14:45.141+0800][gc           ] GC(184) Pause Young (Normal) (G1 Evacuation Pause) 351M->248M(1024M) 6.986ms
[2020-11-06T14:14:45.141+0800][gc,cpu       ] GC(184) User=0.02s Sys=0.01s Real=0.01s
[2020-11-06T14:17:26.223+0800][gc,start     ] GC(185) Pause Young (Normal) (G1 Evacuation Pause)
[2020-11-06T14:17:26.224+0800][gc,task      ] GC(185) Using 8 workers of 8 for evacuation
[2020-11-06T14:17:26.233+0800][gc,phases    ] GC(185)   Pre Evacuate Collection Set: 0.0ms
[2020-11-06T14:17:26.233+0800][gc,phases    ] GC(185)   Evacuate Collection Set: 8.2ms
[2020-11-06T14:17:26.233+0800][gc,phases    ] GC(185)   Post Evacuate Collection Set: 0.3ms
[2020-11-06T14:17:26.233+0800][gc,phases    ] GC(185)   Other: 1.6ms
[2020-11-06T14:17:26.233+0800][gc,heap      ] GC(185) Eden regions: 133->0(137)
[2020-11-06T14:17:26.233+0800][gc,heap      ] GC(185) Survivor regions: 4->4(18)
[2020-11-06T14:17:26.233+0800][gc,heap      ] GC(185) Old regions: 114->115
[2020-11-06T14:17:26.233+0800][gc,heap      ] GC(185) Archive regions: 2->2
[2020-11-06T14:17:26.233+0800][gc,heap      ] GC(185) Humongous regions: 130->130
[2020-11-06T14:17:26.233+0800][gc,metaspace ] GC(185) Metaspace: 28389K->28389K(1075200K)
[2020-11-06T14:17:26.233+0800][gc           ] GC(185) Pause Young (Normal) (G1 Evacuation Pause) 381M->248M(1024M) 10.239ms
[2020-11-06T14:17:26.233+0800][gc,cpu       ] GC(185) User=0.02s Sys=0.01s Real=0.01s
[2020-11-06T14:20:12.264+0800][gc,start     ] GC(186) Pause Young (Normal) (G1 Evacuation Pause)
[2020-11-06T14:20:12.265+0800][gc,task      ] GC(186) Using 8 workers of 8 for evacuation
[2020-11-06T14:20:12.274+0800][gc,phases    ] GC(186)   Pre Evacuate Collection Set: 0.0ms
[2020-11-06T14:20:12.274+0800][gc,phases    ] GC(186)   Evacuate Collection Set: 8.4ms
[2020-11-06T14:20:12.274+0800][gc,phases    ] GC(186)   Post Evacuate Collection Set: 0.3ms
[2020-11-06T14:20:12.274+0800][gc,phases    ] GC(186)   Other: 1.4ms
[2020-11-06T14:20:12.274+0800][gc,heap      ] GC(186) Eden regions: 137->0(142)
[2020-11-06T14:20:12.274+0800][gc,heap      ] GC(186) Survivor regions: 4->5(18)
[2020-11-06T14:20:12.274+0800][gc,heap      ] GC(186) Old regions: 115->115
[2020-11-06T14:20:12.274+0800][gc,heap      ] GC(186) Archive regions: 2->2
[2020-11-06T14:20:12.274+0800][gc,heap      ] GC(186) Humongous regions: 130->130
[2020-11-06T14:20:12.274+0800][gc,metaspace ] GC(186) Metaspace: 28389K->28389K(1075200K)
[2020-11-06T14:20:12.274+0800][gc           ] GC(186) Pause Young (Normal) (G1 Evacuation Pause) 385M->249M(1024M) 10.189ms
[2020-11-06T14:20:12.274+0800][gc,cpu       ] GC(186) User=0.02s Sys=0.03s Real=0.01s
[2020-11-06T14:23:02.986+0800][gc,start     ] GC(187) Pause Young (Normal) (G1 Evacuation Pause)
[2020-11-06T14:23:02.986+0800][gc,task      ] GC(187) Using 8 workers of 8 for evacuation
[2020-11-06T14:23:03.003+0800][gc,phases    ] GC(187)   Pre Evacuate Collection Set: 0.1ms
[2020-11-06T14:23:03.003+0800][gc,phases    ] GC(187)   Evacuate Collection Set: 13.4ms
[2020-11-06T14:23:03.003+0800][gc,phases    ] GC(187)   Post Evacuate Collection Set: 0.9ms
[2020-11-06T14:23:03.003+0800][gc,phases    ] GC(187)   Other: 3.0ms
[2020-11-06T14:23:03.003+0800][gc,heap      ] GC(187) Eden regions: 142->0(143)
[2020-11-06T14:23:03.003+0800][gc,heap      ] GC(187) Survivor regions: 5->5(19)
[2020-11-06T14:23:03.003+0800][gc,heap      ] GC(187) Old regions: 115->115
[2020-11-06T14:23:03.003+0800][gc,heap      ] GC(187) Archive regions: 2->2
[2020-11-06T14:23:03.003+0800][gc,heap      ] GC(187) Humongous regions: 130->130
[2020-11-06T14:23:03.003+0800][gc,metaspace ] GC(187) Metaspace: 28389K->28389K(1075200K)
[2020-11-06T14:23:03.003+0800][gc           ] GC(187) Pause Young (Normal) (G1 Evacuation Pause) 391M->249M(1024M) 17.424ms
[2020-11-06T14:23:03.003+0800][gc,cpu       ] GC(187) User=0.02s Sys=0.04s Real=0.02s
[2020-11-06T14:25:52.720+0800][gc,start     ] GC(188) Pause Young (Normal) (G1 Evacuation Pause)
[2020-11-06T14:25:52.720+0800][gc,task      ] GC(188) Using 8 workers of 8 for evacuation
[2020-11-06T14:25:52.732+0800][gc,phases    ] GC(188)   Pre Evacuate Collection Set: 0.0ms
[2020-11-06T14:25:52.732+0800][gc,phases    ] GC(188)   Evacuate Collection Set: 10.1ms
[2020-11-06T14:25:52.732+0800][gc,phases    ] GC(188)   Post Evacuate Collection Set: 0.8ms
[2020-11-06T14:25:52.732+0800][gc,phases    ] GC(188)   Other: 0.8ms
[2020-11-06T14:25:52.732+0800][gc,heap      ] GC(188) Eden regions: 143->0(146)
[2020-11-06T14:25:52.732+0800][gc,heap      ] GC(188) Survivor regions: 5->6(19)
[2020-11-06T14:25:52.732+0800][gc,heap      ] GC(188) Old regions: 115->115
[2020-11-06T14:25:52.732+0800][gc,heap      ] GC(188) Archive regions: 2->2
[2020-11-06T14:25:52.732+0800][gc,heap      ] GC(188) Humongous regions: 130->130
[2020-11-06T14:25:52.732+0800][gc,metaspace ] GC(188) Metaspace: 28395K->28395K(1075200K)
[2020-11-06T14:25:52.732+0800][gc           ] GC(188) Pause Young (Normal) (G1 Evacuation Pause) 392M->250M(1024M) 11.954ms
[2020-11-06T14:25:52.732+0800][gc,cpu       ] GC(188) User=0.03s Sys=0.01s Real=0.01s
[2020-11-06T14:28:48.067+0800][gc,start     ] GC(189) Pause Young (Normal) (G1 Evacuation Pause)
[2020-11-06T14:28:48.068+0800][gc,task      ] GC(189) Using 8 workers of 8 for evacuation
[2020-11-06T14:28:48.079+0800][gc,phases    ] GC(189)   Pre Evacuate Collection Set: 0.0ms
[2020-11-06T14:28:48.079+0800][gc,phases    ] GC(189)   Evacuate Collection Set: 10.3ms
[2020-11-06T14:28:48.079+0800][gc,phases    ] GC(189)   Post Evacuate Collection Set: 0.3ms
[2020-11-06T14:28:48.079+0800][gc,phases    ] GC(189)   Other: 1.0ms
[2020-11-06T14:28:48.079+0800][gc,heap      ] GC(189) Eden regions: 146->0(152)
[2020-11-06T14:28:48.079+0800][gc,heap      ] GC(189) Survivor regions: 6->6(19)
[2020-11-06T14:28:48.079+0800][gc,heap      ] GC(189) Old regions: 115->115
[2020-11-06T14:28:48.079+0800][gc,heap      ] GC(189) Archive regions: 2->2
[2020-11-06T14:28:48.079+0800][gc,heap      ] GC(189) Humongous regions: 130->130
[2020-11-06T14:28:48.079+0800][gc,metaspace ] GC(189) Metaspace: 28395K->28395K(1075200K)
[2020-11-06T14:28:48.079+0800][gc           ] GC(189) Pause Young (Normal) (G1 Evacuation Pause) 396M->250M(1024M) 11.809ms
[2020-11-06T14:28:48.079+0800][gc,cpu       ] GC(189) User=0.02s Sys=0.02s Real=0.01s
[2020-11-06T14:31:51.593+0800][gc,start     ] GC(190) Pause Young (Normal) (G1 Evacuation Pause)
[2020-11-06T14:31:51.594+0800][gc,task      ] GC(190) Using 8 workers of 8 for evacuation
[2020-11-06T14:31:51.608+0800][gc,phases    ] GC(190)   Pre Evacuate Collection Set: 0.1ms
[2020-11-06T14:31:51.608+0800][gc,phases    ] GC(190)   Evacuate Collection Set: 11.2ms
[2020-11-06T14:31:51.608+0800][gc,phases    ] GC(190)   Post Evacuate Collection Set: 1.6ms
[2020-11-06T14:31:51.608+0800][gc,phases    ] GC(190)   Other: 2.2ms
[2020-11-06T14:31:51.608+0800][gc,heap      ] GC(190) Eden regions: 152->0(156)
[2020-11-06T14:31:51.608+0800][gc,heap      ] GC(190) Survivor regions: 6->5(20)
[2020-11-06T14:31:51.608+0800][gc,heap      ] GC(190) Old regions: 115->115
[2020-11-06T14:31:51.608+0800][gc,heap      ] GC(190) Archive regions: 2->2
[2020-11-06T14:31:51.608+0800][gc,heap      ] GC(190) Humongous regions: 130->130
[2020-11-06T14:31:51.608+0800][gc,metaspace ] GC(190) Metaspace: 28395K->28395K(1075200K)
[2020-11-06T14:31:51.608+0800][gc           ] GC(190) Pause Young (Normal) (G1 Evacuation Pause) 402M->250M(1024M) 15.219ms
[2020-11-06T14:31:51.608+0800][gc,cpu       ] GC(190) User=0.02s Sys=0.03s Real=0.01s
[2020-11-06T14:34:59.891+0800][gc,start     ] GC(191) Pause Young (Normal) (G1 Evacuation Pause)
[2020-11-06T14:34:59.892+0800][gc,task      ] GC(191) Using 8 workers of 8 for evacuation
[2020-11-06T14:34:59.910+0800][gc,phases    ] GC(191)   Pre Evacuate Collection Set: 0.1ms
[2020-11-06T14:34:59.910+0800][gc,phases    ] GC(191)   Evacuate Collection Set: 15.9ms
[2020-11-06T14:34:59.910+0800][gc,phases    ] GC(191)   Post Evacuate Collection Set: 0.4ms
[2020-11-06T14:34:59.910+0800][gc,phases    ] GC(191)   Other: 2.2ms
[2020-11-06T14:34:59.910+0800][gc,heap      ] GC(191) Eden regions: 156->0(156)
[2020-11-06T14:34:59.910+0800][gc,heap      ] GC(191) Survivor regions: 5->5(21)
[2020-11-06T14:34:59.910+0800][gc,heap      ] GC(191) Old regions: 115->115
[2020-11-06T14:34:59.910+0800][gc,heap      ] GC(191) Archive regions: 2->2
[2020-11-06T14:34:59.910+0800][gc,heap      ] GC(191) Humongous regions: 130->130
[2020-11-06T14:34:59.910+0800][gc,metaspace ] GC(191) Metaspace: 28395K->28395K(1075200K)
[2020-11-06T14:34:59.910+0800][gc           ] GC(191) Pause Young (Normal) (G1 Evacuation Pause) 406M->250M(1024M) 18.658ms
[2020-11-06T14:34:59.910+0800][gc,cpu       ] GC(191) User=0.02s Sys=0.04s Real=0.02s
[2020-11-06T14:38:08.373+0800][gc,start     ] GC(192) Pause Young (Normal) (G1 Evacuation Pause)
[2020-11-06T14:38:08.374+0800][gc,task      ] GC(192) Using 8 workers of 8 for evacuation
[2020-11-06T14:38:08.381+0800][gc,phases    ] GC(192)   Pre Evacuate Collection Set: 0.0ms
[2020-11-06T14:38:08.381+0800][gc,phases    ] GC(192)   Evacuate Collection Set: 5.6ms
[2020-11-06T14:38:08.381+0800][gc,phases    ] GC(192)   Post Evacuate Collection Set: 0.3ms
[2020-11-06T14:38:08.381+0800][gc,phases    ] GC(192)   Other: 1.9ms
[2020-11-06T14:38:08.381+0800][gc,heap      ] GC(192) Eden regions: 156->0(164)
[2020-11-06T14:38:08.381+0800][gc,heap      ] GC(192) Survivor regions: 5->5(21)
[2020-11-06T14:38:08.381+0800][gc,heap      ] GC(192) Old regions: 115->115
[2020-11-06T14:38:08.381+0800][gc,heap      ] GC(192) Archive regions: 2->2
[2020-11-06T14:38:08.381+0800][gc,heap      ] GC(192) Humongous regions: 130->130
[2020-11-06T14:38:08.381+0800][gc,metaspace ] GC(192) Metaspace: 28395K->28395K(1075200K)
[2020-11-06T14:38:08.381+0800][gc           ] GC(192) Pause Young (Normal) (G1 Evacuation Pause) 406M->250M(1024M) 7.917ms
[2020-11-06T14:38:08.381+0800][gc,cpu       ] GC(192) User=0.02s Sys=0.01s Real=0.01s
[2020-11-06T14:41:26.614+0800][gc,start     ] GC(193) Pause Young (Normal) (G1 Evacuation Pause)
[2020-11-06T14:41:26.615+0800][gc,task      ] GC(193) Using 8 workers of 8 for evacuation
[2020-11-06T14:41:26.627+0800][gc,phases    ] GC(193)   Pre Evacuate Collection Set: 0.0ms
[2020-11-06T14:41:26.627+0800][gc,phases    ] GC(193)   Evacuate Collection Set: 11.7ms
[2020-11-06T14:41:26.627+0800][gc,phases    ] GC(193)   Post Evacuate Collection Set: 0.3ms
[2020-11-06T14:41:26.627+0800][gc,phases    ] GC(193)   Other: 1.0ms
[2020-11-06T14:41:26.627+0800][gc,heap      ] GC(193) Eden regions: 164->0(165)
[2020-11-06T14:41:26.627+0800][gc,heap      ] GC(193) Survivor regions: 5->5(22)
[2020-11-06T14:41:26.627+0800][gc,heap      ] GC(193) Old regions: 115->116
[2020-11-06T14:41:26.627+0800][gc,heap      ] GC(193) Archive regions: 2->2
[2020-11-06T14:41:26.627+0800][gc,heap      ] GC(193) Humongous regions: 130->130
[2020-11-06T14:41:26.627+0800][gc,metaspace ] GC(193) Metaspace: 28395K->28395K(1075200K)
[2020-11-06T14:41:26.627+0800][gc           ] GC(193) Pause Young (Normal) (G1 Evacuation Pause) 414M->250M(1024M) 13.160ms
[2020-11-06T14:41:26.627+0800][gc,cpu       ] GC(193) User=0.02s Sys=0.03s Real=0.01s
[2020-11-06T14:44:46.146+0800][gc,start     ] GC(194) Pause Young (Normal) (G1 Evacuation Pause)
[2020-11-06T14:44:46.148+0800][gc,task      ] GC(194) Using 8 workers of 8 for evacuation
[2020-11-06T14:44:46.158+0800][gc,phases    ] GC(194)   Pre Evacuate Collection Set: 0.1ms
[2020-11-06T14:44:46.158+0800][gc,phases    ] GC(194)   Evacuate Collection Set: 7.3ms
[2020-11-06T14:44:46.158+0800][gc,phases    ] GC(194)   Post Evacuate Collection Set: 0.9ms
[2020-11-06T14:44:46.158+0800][gc,phases    ] GC(194)   Other: 3.7ms
[2020-11-06T14:44:46.158+0800][gc,heap      ] GC(194) Eden regions: 165->0(174)
[2020-11-06T14:44:46.158+0800][gc,heap      ] GC(194) Survivor regions: 5->5(22)
[2020-11-06T14:44:46.158+0800][gc,heap      ] GC(194) Old regions: 116->116
[2020-11-06T14:44:46.158+0800][gc,heap      ] GC(194) Archive regions: 2->2
[2020-11-06T14:44:46.158+0800][gc,heap      ] GC(194) Humongous regions: 130->130
[2020-11-06T14:44:46.158+0800][gc,metaspace ] GC(194) Metaspace: 28395K->28395K(1075200K)
[2020-11-06T14:44:46.158+0800][gc           ] GC(194) Pause Young (Normal) (G1 Evacuation Pause) 415M->250M(1024M) 12.115ms
[2020-11-06T14:44:46.158+0800][gc,cpu       ] GC(194) User=0.02s Sys=0.02s Real=0.01s
[2020-11-06T14:48:16.646+0800][gc,start     ] GC(195) Pause Young (Normal) (G1 Evacuation Pause)
[2020-11-06T14:48:16.648+0800][gc,task      ] GC(195) Using 8 workers of 8 for evacuation
[2020-11-06T14:48:16.656+0800][gc,phases    ] GC(195)   Pre Evacuate Collection Set: 0.0ms
[2020-11-06T14:48:16.656+0800][gc,phases    ] GC(195)   Evacuate Collection Set: 8.1ms
[2020-11-06T14:48:16.656+0800][gc,phases    ] GC(195)   Post Evacuate Collection Set: 0.3ms
[2020-11-06T14:48:16.656+0800][gc,phases    ] GC(195)   Other: 1.4ms
[2020-11-06T14:48:16.656+0800][gc,heap      ] GC(195) Eden regions: 174->0(186)
[2020-11-06T14:48:16.656+0800][gc,heap      ] GC(195) Survivor regions: 5->4(23)
[2020-11-06T14:48:16.656+0800][gc,heap      ] GC(195) Old regions: 116->116
[2020-11-06T14:48:16.656+0800][gc,heap      ] GC(195) Archive regions: 2->2
[2020-11-06T14:48:16.656+0800][gc,heap      ] GC(195) Humongous regions: 130->130
[2020-11-06T14:48:16.656+0800][gc,metaspace ] GC(195) Metaspace: 28403K->28403K(1075200K)
[2020-11-06T14:48:16.656+0800][gc           ] GC(195) Pause Young (Normal) (G1 Evacuation Pause) 424M->250M(1024M) 9.851ms
[2020-11-06T14:48:16.656+0800][gc,cpu       ] GC(195) User=0.02s Sys=0.02s Real=0.01s
[2020-11-06T14:52:01.649+0800][gc,start     ] GC(196) Pause Young (Normal) (G1 Evacuation Pause)
[2020-11-06T14:52:01.650+0800][gc,task      ] GC(196) Using 8 workers of 8 for evacuation
[2020-11-06T14:52:01.662+0800][gc,phases    ] GC(196)   Pre Evacuate Collection Set: 0.1ms
[2020-11-06T14:52:01.662+0800][gc,phases    ] GC(196)   Evacuate Collection Set: 9.8ms
[2020-11-06T14:52:01.662+0800][gc,phases    ] GC(196)   Post Evacuate Collection Set: 0.9ms
[2020-11-06T14:52:01.663+0800][gc,phases    ] GC(196)   Other: 2.7ms
[2020-11-06T14:52:01.663+0800][gc,heap      ] GC(196) Eden regions: 186->0(189)
[2020-11-06T14:52:01.663+0800][gc,heap      ] GC(196) Survivor regions: 4->5(24)
[2020-11-06T14:52:01.663+0800][gc,heap      ] GC(196) Old regions: 116->116
[2020-11-06T14:52:01.663+0800][gc,heap      ] GC(196) Archive regions: 2->2
[2020-11-06T14:52:01.663+0800][gc,heap      ] GC(196) Humongous regions: 130->130
[2020-11-06T14:52:01.663+0800][gc,metaspace ] GC(196) Metaspace: 28403K->28403K(1075200K)
[2020-11-06T14:52:01.663+0800][gc           ] GC(196) Pause Young (Normal) (G1 Evacuation Pause) 436M->250M(1024M) 13.569ms
[2020-11-06T14:52:01.663+0800][gc,cpu       ] GC(196) User=0.02s Sys=0.03s Real=0.02s
[2020-11-06T14:55:49.560+0800][gc,start     ] GC(197) Pause Young (Normal) (G1 Evacuation Pause)
[2020-11-06T14:55:49.562+0800][gc,task      ] GC(197) Using 8 workers of 8 for evacuation
[2020-11-06T14:55:49.569+0800][gc,phases    ] GC(197)   Pre Evacuate Collection Set: 0.0ms
[2020-11-06T14:55:49.569+0800][gc,phases    ] GC(197)   Evacuate Collection Set: 6.3ms
[2020-11-06T14:55:49.569+0800][gc,phases    ] GC(197)   Post Evacuate Collection Set: 0.3ms
[2020-11-06T14:55:49.569+0800][gc,phases    ] GC(197)   Other: 1.8ms
[2020-11-06T14:55:49.569+0800][gc,heap      ] GC(197) Eden regions: 189->0(198)
[2020-11-06T14:55:49.569+0800][gc,heap      ] GC(197) Survivor regions: 5->4(25)
[2020-11-06T14:55:49.569+0800][gc,heap      ] GC(197) Old regions: 116->117
[2020-11-06T14:55:49.569+0800][gc,heap      ] GC(197) Archive regions: 2->2
[2020-11-06T14:55:49.569+0800][gc,heap      ] GC(197) Humongous regions: 130->130
[2020-11-06T14:55:49.569+0800][gc,metaspace ] GC(197) Metaspace: 28403K->28403K(1075200K)
[2020-11-06T14:55:49.569+0800][gc           ] GC(197) Pause Young (Normal) (G1 Evacuation Pause) 439M->250M(1024M) 8.505ms
[2020-11-06T14:55:49.569+0800][gc,cpu       ] GC(197) User=0.01s Sys=0.02s Real=0.00s
[2020-11-06T14:59:47.894+0800][gc,start     ] GC(198) Pause Young (Normal) (G1 Evacuation Pause)
[2020-11-06T14:59:47.895+0800][gc,task      ] GC(198) Using 8 workers of 8 for evacuation
[2020-11-06T14:59:47.908+0800][gc,phases    ] GC(198)   Pre Evacuate Collection Set: 0.1ms
[2020-11-06T14:59:47.908+0800][gc,phases    ] GC(198)   Evacuate Collection Set: 9.5ms
[2020-11-06T14:59:47.908+0800][gc,phases    ] GC(198)   Post Evacuate Collection Set: 1.1ms
[2020-11-06T14:59:47.908+0800][gc,phases    ] GC(198)   Other: 2.9ms
[2020-11-06T14:59:47.908+0800][gc,heap      ] GC(198) Eden regions: 198->0(202)
[2020-11-06T14:59:47.908+0800][gc,heap      ] GC(198) Survivor regions: 4->4(26)
[2020-11-06T14:59:47.908+0800][gc,heap      ] GC(198) Old regions: 117->117
[2020-11-06T14:59:47.908+0800][gc,heap      ] GC(198) Archive regions: 2->2
[2020-11-06T14:59:47.908+0800][gc,heap      ] GC(198) Humongous regions: 130->130
[2020-11-06T14:59:47.908+0800][gc,metaspace ] GC(198) Metaspace: 28403K->28403K(1075200K)
[2020-11-06T14:59:47.908+0800][gc           ] GC(198) Pause Young (Normal) (G1 Evacuation Pause) 448M->250M(1024M) 13.696ms
[2020-11-06T14:59:47.908+0800][gc,cpu       ] GC(198) User=0.02s Sys=0.03s Real=0.01s
[2020-11-06T15:03:52.052+0800][gc,start     ] GC(199) Pause Young (Normal) (G1 Evacuation Pause)
[2020-11-06T15:03:52.053+0800][gc,task      ] GC(199) Using 8 workers of 8 for evacuation
[2020-11-06T15:03:52.061+0800][gc,phases    ] GC(199)   Pre Evacuate Collection Set: 0.0ms
[2020-11-06T15:03:52.062+0800][gc,phases    ] GC(199)   Evacuate Collection Set: 7.8ms
[2020-11-06T15:03:52.062+0800][gc,phases    ] GC(199)   Post Evacuate Collection Set: 0.4ms
[2020-11-06T15:03:52.062+0800][gc,phases    ] GC(199)   Other: 1.4ms
[2020-11-06T15:03:52.062+0800][gc,heap      ] GC(199) Eden regions: 202->0(211)
[2020-11-06T15:03:52.062+0800][gc,heap      ] GC(199) Survivor regions: 4->4(26)
[2020-11-06T15:03:52.062+0800][gc,heap      ] GC(199) Old regions: 117->117
[2020-11-06T15:03:52.062+0800][gc,heap      ] GC(199) Archive regions: 2->2
[2020-11-06T15:03:52.062+0800][gc,heap      ] GC(199) Humongous regions: 130->130
[2020-11-06T15:03:52.062+0800][gc,metaspace ] GC(199) Metaspace: 28403K->28403K(1075200K)
[2020-11-06T15:03:52.062+0800][gc           ] GC(199) Pause Young (Normal) (G1 Evacuation Pause) 452M->250M(1024M) 9.767ms
[2020-11-06T15:03:52.062+0800][gc,cpu       ] GC(199) User=0.02s Sys=0.02s Real=0.01s
[2020-11-06T15:08:08.153+0800][gc,start     ] GC(200) Pause Young (Normal) (G1 Evacuation Pause)
[2020-11-06T15:08:08.153+0800][gc,task      ] GC(200) Using 8 workers of 8 for evacuation
[2020-11-06T15:08:08.162+0800][gc,phases    ] GC(200)   Pre Evacuate Collection Set: 0.0ms
[2020-11-06T15:08:08.162+0800][gc,phases    ] GC(200)   Evacuate Collection Set: 7.8ms
[2020-11-06T15:08:08.162+0800][gc,phases    ] GC(200)   Post Evacuate Collection Set: 0.5ms
[2020-11-06T15:08:08.162+0800][gc,phases    ] GC(200)   Other: 0.7ms
[2020-11-06T15:08:08.162+0800][gc,heap      ] GC(200) Eden regions: 211->0(220)
[2020-11-06T15:08:08.162+0800][gc,heap      ] GC(200) Survivor regions: 4->4(27)
[2020-11-06T15:08:08.162+0800][gc,heap      ] GC(200) Old regions: 117->117
[2020-11-06T15:08:08.162+0800][gc,heap      ] GC(200) Archive regions: 2->2
[2020-11-06T15:08:08.162+0800][gc,heap      ] GC(200) Humongous regions: 130->130
[2020-11-06T15:08:08.162+0800][gc,metaspace ] GC(200) Metaspace: 28404K->28404K(1075200K)
[2020-11-06T15:08:08.162+0800][gc           ] GC(200) Pause Young (Normal) (G1 Evacuation Pause) 461M->251M(1024M) 9.158ms
[2020-11-06T15:08:08.162+0800][gc,cpu       ] GC(200) User=0.02s Sys=0.02s Real=0.01s
[2020-11-06T15:12:34.805+0800][gc,start     ] GC(201) Pause Young (Normal) (G1 Evacuation Pause)
[2020-11-06T15:12:34.806+0800][gc,task      ] GC(201) Using 8 workers of 8 for evacuation
[2020-11-06T15:12:34.833+0800][gc,mmu       ] GC(201) MMU target violated: 21.0ms (20.0ms/21.0ms)
[2020-11-06T15:12:34.834+0800][gc,phases    ] GC(201)   Pre Evacuate Collection Set: 0.1ms
[2020-11-06T15:12:34.834+0800][gc,phases    ] GC(201)   Evacuate Collection Set: 24.2ms
[2020-11-06T15:12:34.834+0800][gc,phases    ] GC(201)   Post Evacuate Collection Set: 2.1ms
[2020-11-06T15:12:34.834+0800][gc,phases    ] GC(201)   Other: 3.1ms
[2020-11-06T15:12:34.834+0800][gc,heap      ] GC(201) Eden regions: 220->0(176)
[2020-11-06T15:12:34.834+0800][gc,heap      ] GC(201) Survivor regions: 4->3(28)
[2020-11-06T15:12:34.834+0800][gc,heap      ] GC(201) Old regions: 117->117
[2020-11-06T15:12:34.834+0800][gc,heap      ] GC(201) Archive regions: 2->2
[2020-11-06T15:12:34.834+0800][gc,heap      ] GC(201) Humongous regions: 130->130
[2020-11-06T15:12:34.834+0800][gc,metaspace ] GC(201) Metaspace: 28404K->28404K(1075200K)
[2020-11-06T15:12:34.834+0800][gc           ] GC(201) Pause Young (Normal) (G1 Evacuation Pause) 471M->250M(1024M) 29.280ms
[2020-11-06T15:12:34.834+0800][gc,cpu       ] GC(201) User=0.02s Sys=0.04s Real=0.03s
[2020-11-06T15:16:05.317+0800][gc,start     ] GC(202) Pause Young (Normal) (G1 Evacuation Pause)
[2020-11-06T15:16:05.318+0800][gc,task      ] GC(202) Using 8 workers of 8 for evacuation
[2020-11-06T15:16:05.326+0800][gc,phases    ] GC(202)   Pre Evacuate Collection Set: 0.0ms
[2020-11-06T15:16:05.326+0800][gc,phases    ] GC(202)   Evacuate Collection Set: 7.4ms
[2020-11-06T15:16:05.326+0800][gc,phases    ] GC(202)   Post Evacuate Collection Set: 0.3ms
[2020-11-06T15:16:05.326+0800][gc,phases    ] GC(202)   Other: 2.1ms
[2020-11-06T15:16:05.327+0800][gc,heap      ] GC(202) Eden regions: 176->0(182)
[2020-11-06T15:16:05.327+0800][gc,heap      ] GC(202) Survivor regions: 3->4(23)
[2020-11-06T15:16:05.327+0800][gc,heap      ] GC(202) Old regions: 117->117
[2020-11-06T15:16:05.327+0800][gc,heap      ] GC(202) Archive regions: 2->2
[2020-11-06T15:16:05.327+0800][gc,heap      ] GC(202) Humongous regions: 130->130
[2020-11-06T15:16:05.327+0800][gc,metaspace ] GC(202) Metaspace: 28404K->28404K(1075200K)
[2020-11-06T15:16:05.327+0800][gc           ] GC(202) Pause Young (Normal) (G1 Evacuation Pause) 426M->250M(1024M) 9.944ms
[2020-11-06T15:16:05.327+0800][gc,cpu       ] GC(202) User=0.02s Sys=0.02s Real=0.01s
[2020-11-06T15:19:45.746+0800][gc,start     ] GC(203) Pause Young (Normal) (G1 Evacuation Pause)
[2020-11-06T15:19:45.747+0800][gc,task      ] GC(203) Using 8 workers of 8 for evacuation
[2020-11-06T15:19:45.760+0800][gc,phases    ] GC(203)   Pre Evacuate Collection Set: 0.1ms
[2020-11-06T15:19:45.760+0800][gc,phases    ] GC(203)   Evacuate Collection Set: 9.4ms
[2020-11-06T15:19:45.760+0800][gc,phases    ] GC(203)   Post Evacuate Collection Set: 1.3ms
[2020-11-06T15:19:45.760+0800][gc,phases    ] GC(203)   Other: 2.9ms
[2020-11-06T15:19:45.760+0800][gc,heap      ] GC(203) Eden regions: 182->0(187)
[2020-11-06T15:19:45.760+0800][gc,heap      ] GC(203) Survivor regions: 4->3(24)
[2020-11-06T15:19:45.760+0800][gc,heap      ] GC(203) Old regions: 117->118
[2020-11-06T15:19:45.760+0800][gc,heap      ] GC(203) Archive regions: 2->2
[2020-11-06T15:19:45.760+0800][gc,heap      ] GC(203) Humongous regions: 130->130
[2020-11-06T15:19:45.760+0800][gc,metaspace ] GC(203) Metaspace: 28404K->28404K(1075200K)
[2020-11-06T15:19:45.760+0800][gc           ] GC(203) Pause Young (Normal) (G1 Evacuation Pause) 432M->250M(1024M) 13.722ms
[2020-11-06T15:19:45.760+0800][gc,cpu       ] GC(203) User=0.02s Sys=0.03s Real=0.02s
[2020-11-06T15:23:30.387+0800][gc,start     ] GC(204) Pause Young (Normal) (G1 Evacuation Pause)
[2020-11-06T15:23:30.388+0800][gc,task      ] GC(204) Using 8 workers of 8 for evacuation
[2020-11-06T15:23:30.393+0800][gc,phases    ] GC(204)   Pre Evacuate Collection Set: 0.0ms
[2020-11-06T15:23:30.393+0800][gc,phases    ] GC(204)   Evacuate Collection Set: 4.6ms
[2020-11-06T15:23:30.393+0800][gc,phases    ] GC(204)   Post Evacuate Collection Set: 0.3ms
[2020-11-06T15:23:30.393+0800][gc,phases    ] GC(204)   Other: 1.1ms
[2020-11-06T15:23:30.393+0800][gc,heap      ] GC(204) Eden regions: 187->0(202)
[2020-11-06T15:23:30.393+0800][gc,heap      ] GC(204) Survivor regions: 3->3(24)
[2020-11-06T15:23:30.393+0800][gc,heap      ] GC(204) Old regions: 118->118
[2020-11-06T15:23:30.393+0800][gc,heap      ] GC(204) Archive regions: 2->2
[2020-11-06T15:23:30.393+0800][gc,heap      ] GC(204) Humongous regions: 130->130
[2020-11-06T15:23:30.393+0800][gc,metaspace ] GC(204) Metaspace: 28404K->28404K(1075200K)
[2020-11-06T15:23:30.393+0800][gc           ] GC(204) Pause Young (Normal) (G1 Evacuation Pause) 437M->250M(1024M) 6.161ms
[2020-11-06T15:23:30.393+0800][gc,cpu       ] GC(204) User=0.01s Sys=0.01s Real=0.01s
[2020-11-06T15:27:31.909+0800][gc,start     ] GC(205) Pause Young (Normal) (G1 Evacuation Pause)
[2020-11-06T15:27:31.910+0800][gc,task      ] GC(205) Using 8 workers of 8 for evacuation
[2020-11-06T15:27:31.916+0800][gc,phases    ] GC(205)   Pre Evacuate Collection Set: 0.0ms
[2020-11-06T15:27:31.916+0800][gc,phases    ] GC(205)   Evacuate Collection Set: 6.0ms
[2020-11-06T15:27:31.916+0800][gc,phases    ] GC(205)   Post Evacuate Collection Set: 0.3ms
[2020-11-06T15:27:31.916+0800][gc,phases    ] GC(205)   Other: 0.6ms
[2020-11-06T15:27:31.916+0800][gc,heap      ] GC(205) Eden regions: 202->0(212)
[2020-11-06T15:27:31.916+0800][gc,heap      ] GC(205) Survivor regions: 3->3(26)
[2020-11-06T15:27:31.916+0800][gc,heap      ] GC(205) Old regions: 118->118
[2020-11-06T15:27:31.916+0800][gc,heap      ] GC(205) Archive regions: 2->2
[2020-11-06T15:27:31.916+0800][gc,heap      ] GC(205) Humongous regions: 130->130
[2020-11-06T15:27:31.916+0800][gc,metaspace ] GC(205) Metaspace: 28404K->28404K(1075200K)
[2020-11-06T15:27:31.916+0800][gc           ] GC(205) Pause Young (Normal) (G1 Evacuation Pause) 452M->251M(1024M) 7.116ms
[2020-11-06T15:27:31.916+0800][gc,cpu       ] GC(205) User=0.01s Sys=0.01s Real=0.01s
[2020-11-06T15:31:47.087+0800][gc,start     ] GC(206) Pause Young (Normal) (G1 Evacuation Pause)
[2020-11-06T15:31:47.088+0800][gc,task      ] GC(206) Using 8 workers of 8 for evacuation
[2020-11-06T15:31:47.098+0800][gc,phases    ] GC(206)   Pre Evacuate Collection Set: 0.1ms
[2020-11-06T15:31:47.098+0800][gc,phases    ] GC(206)   Evacuate Collection Set: 6.7ms
[2020-11-06T15:31:47.098+0800][gc,phases    ] GC(206)   Post Evacuate Collection Set: 1.3ms
[2020-11-06T15:31:47.098+0800][gc,phases    ] GC(206)   Other: 2.6ms
[2020-11-06T15:31:47.098+0800][gc,heap      ] GC(206) Eden regions: 212->0(228)
[2020-11-06T15:31:47.098+0800][gc,heap      ] GC(206) Survivor regions: 3->3(27)
[2020-11-06T15:31:47.098+0800][gc,heap      ] GC(206) Old regions: 118->118
[2020-11-06T15:31:47.098+0800][gc,heap      ] GC(206) Archive regions: 2->2
[2020-11-06T15:31:47.098+0800][gc,heap      ] GC(206) Humongous regions: 130->130
[2020-11-06T15:31:47.098+0800][gc,metaspace ] GC(206) Metaspace: 28404K->28404K(1075200K)
[2020-11-06T15:31:47.098+0800][gc           ] GC(206) Pause Young (Normal) (G1 Evacuation Pause) 463M->250M(1024M) 10.759ms
[2020-11-06T15:31:47.098+0800][gc,cpu       ] GC(206) User=0.01s Sys=0.02s Real=0.01s
[2020-11-06T15:36:22.808+0800][gc,start     ] GC(207) Pause Young (Normal) (G1 Evacuation Pause)
[2020-11-06T15:36:22.809+0800][gc,task      ] GC(207) Using 8 workers of 8 for evacuation
[2020-11-06T15:36:22.820+0800][gc,phases    ] GC(207)   Pre Evacuate Collection Set: 0.0ms
[2020-11-06T15:36:22.820+0800][gc,phases    ] GC(207)   Evacuate Collection Set: 9.5ms
[2020-11-06T15:36:22.820+0800][gc,phases    ] GC(207)   Post Evacuate Collection Set: 0.3ms
[2020-11-06T15:36:22.820+0800][gc,phases    ] GC(207)   Other: 1.6ms
[2020-11-06T15:36:22.820+0800][gc,heap      ] GC(207) Eden regions: 228->0(227)
[2020-11-06T15:36:22.820+0800][gc,heap      ] GC(207) Survivor regions: 3->3(29)
[2020-11-06T15:36:22.820+0800][gc,heap      ] GC(207) Old regions: 118->118
[2020-11-06T15:36:22.820+0800][gc,heap      ] GC(207) Archive regions: 2->2
[2020-11-06T15:36:22.820+0800][gc,heap      ] GC(207) Humongous regions: 130->130
[2020-11-06T15:36:22.820+0800][gc,metaspace ] GC(207) Metaspace: 28404K->28404K(1075200K)
[2020-11-06T15:36:22.820+0800][gc           ] GC(207) Pause Young (Normal) (G1 Evacuation Pause) 478M->250M(1024M) 11.603ms
[2020-11-06T15:36:22.820+0800][gc,cpu       ] GC(207) User=0.01s Sys=0.02s Real=0.02s
[2020-11-06T15:40:57.654+0800][gc,start     ] GC(208) Pause Young (Normal) (G1 Evacuation Pause)
[2020-11-06T15:40:57.655+0800][gc,task      ] GC(208) Using 8 workers of 8 for evacuation
[2020-11-06T15:40:57.660+0800][gc,phases    ] GC(208)   Pre Evacuate Collection Set: 0.0ms
[2020-11-06T15:40:57.660+0800][gc,phases    ] GC(208)   Evacuate Collection Set: 3.3ms
[2020-11-06T15:40:57.660+0800][gc,phases    ] GC(208)   Post Evacuate Collection Set: 1.3ms
[2020-11-06T15:40:57.660+0800][gc,phases    ] GC(208)   Other: 1.1ms
[2020-11-06T15:40:57.660+0800][gc,heap      ] GC(208) Eden regions: 227->0(249)
[2020-11-06T15:40:57.660+0800][gc,heap      ] GC(208) Survivor regions: 3->3(29)
[2020-11-06T15:40:57.660+0800][gc,heap      ] GC(208) Old regions: 118->118
[2020-11-06T15:40:57.660+0800][gc,heap      ] GC(208) Archive regions: 2->2
[2020-11-06T15:40:57.660+0800][gc,heap      ] GC(208) Humongous regions: 130->130
[2020-11-06T15:40:57.660+0800][gc,metaspace ] GC(208) Metaspace: 28404K->28404K(1075200K)
[2020-11-06T15:40:57.660+0800][gc           ] GC(208) Pause Young (Normal) (G1 Evacuation Pause) 477M->250M(1024M) 5.892ms
[2020-11-06T15:40:57.660+0800][gc,cpu       ] GC(208) User=0.01s Sys=0.01s Real=0.01s
[2020-11-06T15:45:57.996+0800][gc,start     ] GC(209) Pause Young (Normal) (G1 Evacuation Pause)
[2020-11-06T15:45:57.997+0800][gc,task      ] GC(209) Using 8 workers of 8 for evacuation
[2020-11-06T15:45:58.012+0800][gc,phases    ] GC(209)   Pre Evacuate Collection Set: 0.0ms
[2020-11-06T15:45:58.012+0800][gc,phases    ] GC(209)   Evacuate Collection Set: 14.7ms
[2020-11-06T15:45:58.012+0800][gc,phases    ] GC(209)   Post Evacuate Collection Set: 0.4ms
[2020-11-06T15:45:58.012+0800][gc,phases    ] GC(209)   Other: 1.4ms
[2020-11-06T15:45:58.012+0800][gc,heap      ] GC(209) Eden regions: 249->0(232)
[2020-11-06T15:45:58.012+0800][gc,heap      ] GC(209) Survivor regions: 3->3(32)
[2020-11-06T15:45:58.012+0800][gc,heap      ] GC(209) Old regions: 118->118
[2020-11-06T15:45:58.012+0800][gc,heap      ] GC(209) Archive regions: 2->2
[2020-11-06T15:45:58.012+0800][gc,heap      ] GC(209) Humongous regions: 130->130
[2020-11-06T15:45:58.012+0800][gc,metaspace ] GC(209) Metaspace: 28404K->28404K(1075200K)
[2020-11-06T15:45:58.012+0800][gc           ] GC(209) Pause Young (Normal) (G1 Evacuation Pause) 499M->251M(1024M) 16.627ms
[2020-11-06T15:45:58.012+0800][gc,cpu       ] GC(209) User=0.02s Sys=0.02s Real=0.02s
[2020-11-06T15:50:39.195+0800][gc,start     ] GC(210) Pause Young (Normal) (G1 Evacuation Pause)
[2020-11-06T15:50:39.197+0800][gc,task      ] GC(210) Using 8 workers of 8 for evacuation
[2020-11-06T15:50:39.200+0800][gc,phases    ] GC(210)   Pre Evacuate Collection Set: 0.0ms
[2020-11-06T15:50:39.200+0800][gc,phases    ] GC(210)   Evacuate Collection Set: 2.5ms
[2020-11-06T15:50:39.200+0800][gc,phases    ] GC(210)   Post Evacuate Collection Set: 0.3ms
[2020-11-06T15:50:39.200+0800][gc,phases    ] GC(210)   Other: 2.2ms
[2020-11-06T15:50:39.200+0800][gc,heap      ] GC(210) Eden regions: 232->0(265)
[2020-11-06T15:50:39.200+0800][gc,heap      ] GC(210) Survivor regions: 3->4(30)
[2020-11-06T15:50:39.200+0800][gc,heap      ] GC(210) Old regions: 118->118
[2020-11-06T15:50:39.200+0800][gc,heap      ] GC(210) Archive regions: 2->2
[2020-11-06T15:50:39.200+0800][gc,heap      ] GC(210) Humongous regions: 130->130
[2020-11-06T15:50:39.200+0800][gc,metaspace ] GC(210) Metaspace: 28404K->28404K(1075200K)
[2020-11-06T15:50:39.200+0800][gc           ] GC(210) Pause Young (Normal) (G1 Evacuation Pause) 483M->251M(1024M) 5.105ms
[2020-11-06T15:50:39.200+0800][gc,cpu       ] GC(210) User=0.02s Sys=0.00s Real=0.01s
[2020-11-06T15:56:00.538+0800][gc,start     ] GC(211) Pause Young (Normal) (G1 Evacuation Pause)
[2020-11-06T15:56:00.538+0800][gc,task      ] GC(211) Using 8 workers of 8 for evacuation
[2020-11-06T15:56:00.546+0800][gc,phases    ] GC(211)   Pre Evacuate Collection Set: 0.0ms
[2020-11-06T15:56:00.546+0800][gc,phases    ] GC(211)   Evacuate Collection Set: 6.4ms
[2020-11-06T15:56:00.546+0800][gc,phases    ] GC(211)   Post Evacuate Collection Set: 0.4ms
[2020-11-06T15:56:00.546+0800][gc,phases    ] GC(211)   Other: 0.7ms
[2020-11-06T15:56:00.546+0800][gc,heap      ] GC(211) Eden regions: 265->0(296)
[2020-11-06T15:56:00.546+0800][gc,heap      ] GC(211) Survivor regions: 4->3(34)
[2020-11-06T15:56:00.546+0800][gc,heap      ] GC(211) Old regions: 118->118
[2020-11-06T15:56:00.546+0800][gc,heap      ] GC(211) Archive regions: 2->2
[2020-11-06T15:56:00.546+0800][gc,heap      ] GC(211) Humongous regions: 130->130
[2020-11-06T15:56:00.546+0800][gc,metaspace ] GC(211) Metaspace: 28404K->28404K(1075200K)
[2020-11-06T15:56:00.546+0800][gc           ] GC(211) Pause Young (Normal) (G1 Evacuation Pause) 516M->250M(1024M) 7.638ms
[2020-11-06T15:56:00.546+0800][gc,cpu       ] GC(211) User=0.01s Sys=0.01s Real=0.01s
[2020-11-06T16:02:00.350+0800][gc,start     ] GC(212) Pause Young (Normal) (G1 Evacuation Pause)
[2020-11-06T16:02:00.351+0800][gc,task      ] GC(212) Using 8 workers of 8 for evacuation
[2020-11-06T16:02:00.361+0800][gc,phases    ] GC(212)   Pre Evacuate Collection Set: 0.0ms
[2020-11-06T16:02:00.361+0800][gc,phases    ] GC(212)   Evacuate Collection Set: 8.2ms
[2020-11-06T16:02:00.361+0800][gc,phases    ] GC(212)   Post Evacuate Collection Set: 0.3ms
[2020-11-06T16:02:00.361+0800][gc,phases    ] GC(212)   Other: 1.9ms
[2020-11-06T16:02:00.361+0800][gc,heap      ] GC(212) Eden regions: 296->0(315)
[2020-11-06T16:02:00.361+0800][gc,heap      ] GC(212) Survivor regions: 3->3(38)
[2020-11-06T16:02:00.361+0800][gc,heap      ] GC(212) Old regions: 118->118
[2020-11-06T16:02:00.361+0800][gc,heap      ] GC(212) Archive regions: 2->2
[2020-11-06T16:02:00.361+0800][gc,heap      ] GC(212) Humongous regions: 130->130
[2020-11-06T16:02:00.361+0800][gc,metaspace ] GC(212) Metaspace: 28404K->28404K(1075200K)
[2020-11-06T16:02:00.361+0800][gc           ] GC(212) Pause Young (Normal) (G1 Evacuation Pause) 546M->251M(1024M) 10.589ms
[2020-11-06T16:02:00.361+0800][gc,cpu       ] GC(212) User=0.01s Sys=0.01s Real=0.01s
[2020-11-06T16:08:23.603+0800][gc,start     ] GC(213) Pause Young (Normal) (G1 Evacuation Pause)
[2020-11-06T16:08:23.604+0800][gc,task      ] GC(213) Using 8 workers of 8 for evacuation
[2020-11-06T16:08:23.610+0800][gc,phases    ] GC(213)   Pre Evacuate Collection Set: 0.0ms
[2020-11-06T16:08:23.610+0800][gc,phases    ] GC(213)   Evacuate Collection Set: 5.4ms
[2020-11-06T16:08:23.610+0800][gc,phases    ] GC(213)   Post Evacuate Collection Set: 0.3ms
[2020-11-06T16:08:23.610+0800][gc,phases    ] GC(213)   Other: 1.3ms
[2020-11-06T16:08:23.610+0800][gc,heap      ] GC(213) Eden regions: 315->0(359)
[2020-11-06T16:08:23.610+0800][gc,heap      ] GC(213) Survivor regions: 3->3(40)
[2020-11-06T16:08:23.610+0800][gc,heap      ] GC(213) Old regions: 118->118
[2020-11-06T16:08:23.610+0800][gc,heap      ] GC(213) Archive regions: 2->2
[2020-11-06T16:08:23.610+0800][gc,heap      ] GC(213) Humongous regions: 130->130
[2020-11-06T16:08:23.610+0800][gc,metaspace ] GC(213) Metaspace: 28404K->28404K(1075200K)
[2020-11-06T16:08:23.610+0800][gc           ] GC(213) Pause Young (Normal) (G1 Evacuation Pause) 566M->250M(1024M) 7.197ms
[2020-11-06T16:08:23.611+0800][gc,cpu       ] GC(213) User=0.01s Sys=0.01s Real=0.01s
[2020-11-06T16:15:40.557+0800][gc,start     ] GC(214) Pause Young (Normal) (G1 Evacuation Pause)
[2020-11-06T16:15:40.557+0800][gc,task      ] GC(214) Using 8 workers of 8 for evacuation
[2020-11-06T16:15:40.570+0800][gc,phases    ] GC(214)   Pre Evacuate Collection Set: 0.0ms
[2020-11-06T16:15:40.570+0800][gc,phases    ] GC(214)   Evacuate Collection Set: 12.5ms
[2020-11-06T16:15:40.570+0800][gc,phases    ] GC(214)   Post Evacuate Collection Set: 0.5ms
[2020-11-06T16:15:40.571+0800][gc,phases    ] GC(214)   Other: 0.6ms
[2020-11-06T16:15:40.571+0800][gc,heap      ] GC(214) Eden regions: 359->0(305)
[2020-11-06T16:15:40.571+0800][gc,heap      ] GC(214) Survivor regions: 3->3(46)
[2020-11-06T16:15:40.571+0800][gc,heap      ] GC(214) Old regions: 118->118
[2020-11-06T16:15:40.571+0800][gc,heap      ] GC(214) Archive regions: 2->2
[2020-11-06T16:15:40.571+0800][gc,heap      ] GC(214) Humongous regions: 130->130
[2020-11-06T16:15:40.571+0800][gc,metaspace ] GC(214) Metaspace: 28404K->28404K(1075200K)
[2020-11-06T16:15:40.571+0800][gc           ] GC(214) Pause Young (Normal) (G1 Evacuation Pause) 609M->250M(1024M) 13.776ms
[2020-11-06T16:15:40.571+0800][gc,cpu       ] GC(214) User=0.01s Sys=0.01s Real=0.02s
[2020-11-06T16:21:51.828+0800][gc,start     ] GC(215) Pause Young (Normal) (G1 Evacuation Pause)
[2020-11-06T16:21:51.833+0800][gc,task      ] GC(215) Using 8 workers of 8 for evacuation
[2020-11-06T16:21:51.836+0800][gc,phases    ] GC(215)   Pre Evacuate Collection Set: 0.0ms
[2020-11-06T16:21:51.836+0800][gc,phases    ] GC(215)   Evacuate Collection Set: 2.8ms
[2020-11-06T16:21:51.836+0800][gc,phases    ] GC(215)   Post Evacuate Collection Set: 0.3ms
[2020-11-06T16:21:51.837+0800][gc,phases    ] GC(215)   Other: 5.5ms
[2020-11-06T16:21:51.837+0800][gc,heap      ] GC(215) Eden regions: 305->0(369)
[2020-11-06T16:21:51.837+0800][gc,heap      ] GC(215) Survivor regions: 3->3(39)
[2020-11-06T16:21:51.837+0800][gc,heap      ] GC(215) Old regions: 118->118
[2020-11-06T16:21:51.837+0800][gc,heap      ] GC(215) Archive regions: 2->2
[2020-11-06T16:21:51.837+0800][gc,heap      ] GC(215) Humongous regions: 130->130
[2020-11-06T16:21:51.837+0800][gc,metaspace ] GC(215) Metaspace: 28404K->28404K(1075200K)
[2020-11-06T16:21:51.837+0800][gc           ] GC(215) Pause Young (Normal) (G1 Evacuation Pause) 555M->250M(1024M) 8.733ms
[2020-11-06T16:21:51.837+0800][gc,cpu       ] GC(215) User=0.01s Sys=0.01s Real=0.01s
[2020-11-06T16:29:17.875+0800][gc,start     ] GC(216) Pause Young (Normal) (G1 Evacuation Pause)
[2020-11-06T16:29:17.875+0800][gc,task      ] GC(216) Using 8 workers of 8 for evacuation
[2020-11-06T16:29:17.884+0800][gc,phases    ] GC(216)   Pre Evacuate Collection Set: 0.1ms
[2020-11-06T16:29:17.884+0800][gc,phases    ] GC(216)   Evacuate Collection Set: 7.2ms
[2020-11-06T16:29:17.884+0800][gc,phases    ] GC(216)   Post Evacuate Collection Set: 0.5ms
[2020-11-06T16:29:17.884+0800][gc,phases    ] GC(216)   Other: 1.0ms
[2020-11-06T16:29:17.884+0800][gc,heap      ] GC(216) Eden regions: 369->0(416)
[2020-11-06T16:29:17.884+0800][gc,heap      ] GC(216) Survivor regions: 3->3(47)
[2020-11-06T16:29:17.884+0800][gc,heap      ] GC(216) Old regions: 118->118
[2020-11-06T16:29:17.884+0800][gc,heap      ] GC(216) Archive regions: 2->2
[2020-11-06T16:29:17.884+0800][gc,heap      ] GC(216) Humongous regions: 130->130
[2020-11-06T16:29:17.884+0800][gc,metaspace ] GC(216) Metaspace: 28404K->28404K(1075200K)
[2020-11-06T16:29:17.884+0800][gc           ] GC(216) Pause Young (Normal) (G1 Evacuation Pause) 619M->250M(1024M) 8.882ms
[2020-11-06T16:29:17.884+0800][gc,cpu       ] GC(216) User=0.01s Sys=0.02s Real=0.01s
[2020-11-06T16:37:44.939+0800][gc,start     ] GC(217) Pause Young (Normal) (G1 Evacuation Pause)
[2020-11-06T16:37:44.940+0800][gc,task      ] GC(217) Using 8 workers of 8 for evacuation
[2020-11-06T16:37:44.950+0800][gc,phases    ] GC(217)   Pre Evacuate Collection Set: 0.0ms
[2020-11-06T16:37:44.950+0800][gc,phases    ] GC(217)   Evacuate Collection Set: 9.7ms
[2020-11-06T16:37:44.950+0800][gc,phases    ] GC(217)   Post Evacuate Collection Set: 0.4ms
[2020-11-06T16:37:44.950+0800][gc,phases    ] GC(217)   Other: 1.3ms
[2020-11-06T16:37:44.950+0800][gc,heap      ] GC(217) Eden regions: 416->0(445)
[2020-11-06T16:37:44.950+0800][gc,heap      ] GC(217) Survivor regions: 3->4(53)
[2020-11-06T16:37:44.950+0800][gc,heap      ] GC(217) Old regions: 118->118
[2020-11-06T16:37:44.950+0800][gc,heap      ] GC(217) Archive regions: 2->2
[2020-11-06T16:37:44.950+0800][gc,heap      ] GC(217) Humongous regions: 130->130
[2020-11-06T16:37:44.950+0800][gc,metaspace ] GC(217) Metaspace: 28404K->28404K(1075200K)
[2020-11-06T16:37:44.950+0800][gc           ] GC(217) Pause Young (Normal) (G1 Evacuation Pause) 666M->251M(1024M) 11.529ms
[2020-11-06T16:37:44.951+0800][gc,cpu       ] GC(217) User=0.01s Sys=0.02s Real=0.02s
[2020-11-06T16:46:52.901+0800][gc,start     ] GC(218) Pause Young (Normal) (G1 Evacuation Pause)
[2020-11-06T16:46:52.903+0800][gc,task      ] GC(218) Using 8 workers of 8 for evacuation
[2020-11-06T16:46:52.913+0800][gc,phases    ] GC(218)   Pre Evacuate Collection Set: 0.0ms
[2020-11-06T16:46:52.913+0800][gc,phases    ] GC(218)   Evacuate Collection Set: 8.5ms
[2020-11-06T16:46:52.913+0800][gc,phases    ] GC(218)   Post Evacuate Collection Set: 1.0ms
[2020-11-06T16:46:52.913+0800][gc,phases    ] GC(218)   Other: 2.4ms
[2020-11-06T16:46:52.913+0800][gc,heap      ] GC(218) Eden regions: 445->0(472)
[2020-11-06T16:46:52.913+0800][gc,heap      ] GC(218) Survivor regions: 4->3(57)
[2020-11-06T16:46:52.913+0800][gc,heap      ] GC(218) Old regions: 118->118
[2020-11-06T16:46:52.913+0800][gc,heap      ] GC(218) Archive regions: 2->2
[2020-11-06T16:46:52.913+0800][gc,heap      ] GC(218) Humongous regions: 130->130
[2020-11-06T16:46:52.913+0800][gc,metaspace ] GC(218) Metaspace: 28405K->28405K(1075200K)
[2020-11-06T16:46:52.913+0800][gc           ] GC(218) Pause Young (Normal) (G1 Evacuation Pause) 696M->250M(1024M) 12.042ms
[2020-11-06T16:46:52.913+0800][gc,cpu       ] GC(218) User=0.02s Sys=0.02s Real=0.01s
[2020-11-06T18:12:37.190+0800][gc,start     ] GC(219) Pause Young (Normal) (G1 Evacuation Pause)
[2020-11-06T18:12:37.191+0800][gc,task      ] GC(219) Using 8 workers of 8 for evacuation
[2020-11-06T18:12:37.226+0800][gc,mmu       ] GC(219) MMU target violated: 21.0ms (20.0ms/21.0ms)
[2020-11-06T18:12:37.227+0800][gc,phases    ] GC(219)   Pre Evacuate Collection Set: 0.2ms
[2020-11-06T18:12:37.227+0800][gc,phases    ] GC(219)   Evacuate Collection Set: 29.1ms
[2020-11-06T18:12:37.227+0800][gc,phases    ] GC(219)   Post Evacuate Collection Set: 4.2ms
[2020-11-06T18:12:37.227+0800][gc,phases    ] GC(219)   Other: 2.9ms
[2020-11-06T18:12:37.227+0800][gc,heap      ] GC(219) Eden regions: 472->0(199)
[2020-11-06T18:12:37.227+0800][gc,heap      ] GC(219) Survivor regions: 3->3(60)
[2020-11-06T18:12:37.227+0800][gc,heap      ] GC(219) Old regions: 118->118
[2020-11-06T18:12:37.227+0800][gc,heap      ] GC(219) Archive regions: 2->2
[2020-11-06T18:12:37.227+0800][gc,heap      ] GC(219) Humongous regions: 130->130
[2020-11-06T18:12:37.227+0800][gc,metaspace ] GC(219) Metaspace: 28430K->28430K(1075200K)
[2020-11-06T18:12:37.227+0800][gc           ] GC(219) Pause Young (Normal) (G1 Evacuation Pause) 722M->251M(1024M) 36.544ms
[2020-11-06T18:12:37.227+0800][gc,cpu       ] GC(219) User=0.01s Sys=0.05s Real=0.03s
[2020-11-06T18:16:37.999+0800][gc,start     ] GC(220) Pause Young (Normal) (G1 Evacuation Pause)
[2020-11-06T18:16:38.002+0800][gc,task      ] GC(220) Using 8 workers of 8 for evacuation
[2020-11-06T18:16:38.008+0800][gc,phases    ] GC(220)   Pre Evacuate Collection Set: 0.0ms
[2020-11-06T18:16:38.008+0800][gc,phases    ] GC(220)   Evacuate Collection Set: 4.0ms
[2020-11-06T18:16:38.008+0800][gc,phases    ] GC(220)   Post Evacuate Collection Set: 0.4ms
[2020-11-06T18:16:38.008+0800][gc,phases    ] GC(220)   Other: 4.0ms
[2020-11-06T18:16:38.008+0800][gc,heap      ] GC(220) Eden regions: 199->0(217)
[2020-11-06T18:16:38.008+0800][gc,heap      ] GC(220) Survivor regions: 3->4(26)
[2020-11-06T18:16:38.008+0800][gc,heap      ] GC(220) Old regions: 118->118
[2020-11-06T18:16:38.008+0800][gc,heap      ] GC(220) Archive regions: 2->2
[2020-11-06T18:16:38.008+0800][gc,heap      ] GC(220) Humongous regions: 130->130
[2020-11-06T18:16:38.008+0800][gc,metaspace ] GC(220) Metaspace: 28430K->28430K(1075200K)
[2020-11-06T18:16:38.008+0800][gc           ] GC(220) Pause Young (Normal) (G1 Evacuation Pause) 450M->251M(1024M) 8.511ms
[2020-11-06T18:16:38.008+0800][gc,cpu       ] GC(220) User=0.01s Sys=0.00s Real=0.01s
[2020-11-06T18:21:02.623+0800][gc,start     ] GC(221) Pause Young (Normal) (G1 Evacuation Pause)
[2020-11-06T18:21:02.623+0800][gc,task      ] GC(221) Using 8 workers of 8 for evacuation
[2020-11-06T18:21:02.627+0800][gc,phases    ] GC(221)   Pre Evacuate Collection Set: 0.0ms
[2020-11-06T18:21:02.627+0800][gc,phases    ] GC(221)   Evacuate Collection Set: 3.2ms
[2020-11-06T18:21:02.627+0800][gc,phases    ] GC(221)   Post Evacuate Collection Set: 0.3ms
[2020-11-06T18:21:02.627+0800][gc,phases    ] GC(221)   Other: 1.1ms
[2020-11-06T18:21:02.627+0800][gc,heap      ] GC(221) Eden regions: 217->0(307)
[2020-11-06T18:21:02.627+0800][gc,heap      ] GC(221) Survivor regions: 4->3(28)
[2020-11-06T18:21:02.627+0800][gc,heap      ] GC(221) Old regions: 118->118
[2020-11-06T18:21:02.627+0800][gc,heap      ] GC(221) Archive regions: 2->2
[2020-11-06T18:21:02.627+0800][gc,heap      ] GC(221) Humongous regions: 130->130
[2020-11-06T18:21:02.627+0800][gc,metaspace ] GC(221) Metaspace: 28431K->28431K(1075200K)
[2020-11-06T18:21:02.627+0800][gc           ] GC(221) Pause Young (Normal) (G1 Evacuation Pause) 468M->250M(1024M) 4.750ms
[2020-11-06T18:21:02.627+0800][gc,cpu       ] GC(221) User=0.01s Sys=0.00s Real=0.00s
[2020-11-06T18:27:18.264+0800][gc,start     ] GC(222) Pause Young (Normal) (G1 Evacuation Pause)
[2020-11-06T18:27:18.265+0800][gc,task      ] GC(222) Using 8 workers of 8 for evacuation
[2020-11-06T18:27:18.271+0800][gc,phases    ] GC(222)   Pre Evacuate Collection Set: 0.0ms
[2020-11-06T18:27:18.271+0800][gc,phases    ] GC(222)   Evacuate Collection Set: 5.0ms
[2020-11-06T18:27:18.271+0800][gc,phases    ] GC(222)   Post Evacuate Collection Set: 0.3ms
[2020-11-06T18:27:18.271+0800][gc,phases    ] GC(222)   Other: 2.3ms
[2020-11-06T18:27:18.271+0800][gc,heap      ] GC(222) Eden regions: 307->0(391)
[2020-11-06T18:27:18.271+0800][gc,heap      ] GC(222) Survivor regions: 3->3(39)
[2020-11-06T18:27:18.271+0800][gc,heap      ] GC(222) Old regions: 118->118
[2020-11-06T18:27:18.271+0800][gc,heap      ] GC(222) Archive regions: 2->2
[2020-11-06T18:27:18.271+0800][gc,heap      ] GC(222) Humongous regions: 130->130
[2020-11-06T18:27:18.271+0800][gc,metaspace ] GC(222) Metaspace: 28431K->28431K(1075200K)
[2020-11-06T18:27:18.271+0800][gc           ] GC(222) Pause Young (Normal) (G1 Evacuation Pause) 557M->251M(1024M) 7.821ms
[2020-11-06T18:27:18.271+0800][gc,cpu       ] GC(222) User=0.01s Sys=0.01s Real=0.01s
[2020-11-06T18:35:12.244+0800][gc,start     ] GC(223) Pause Young (Normal) (G1 Evacuation Pause)
[2020-11-06T18:35:12.245+0800][gc,task      ] GC(223) Using 8 workers of 8 for evacuation
[2020-11-06T18:35:12.255+0800][gc,phases    ] GC(223)   Pre Evacuate Collection Set: 0.1ms
[2020-11-06T18:35:12.255+0800][gc,phases    ] GC(223)   Evacuate Collection Set: 6.5ms
[2020-11-06T18:35:12.255+0800][gc,phases    ] GC(223)   Post Evacuate Collection Set: 1.5ms
[2020-11-06T18:35:12.255+0800][gc,phases    ] GC(223)   Other: 3.0ms
[2020-11-06T18:35:12.255+0800][gc,heap      ] GC(223) Eden regions: 391->0(512)
[2020-11-06T18:35:12.255+0800][gc,heap      ] GC(223) Survivor regions: 3->3(50)
[2020-11-06T18:35:12.255+0800][gc,heap      ] GC(223) Old regions: 118->118
[2020-11-06T18:35:12.255+0800][gc,heap      ] GC(223) Archive regions: 2->2
[2020-11-06T18:35:12.255+0800][gc,heap      ] GC(223) Humongous regions: 130->130
[2020-11-06T18:35:12.255+0800][gc,metaspace ] GC(223) Metaspace: 28431K->28431K(1075200K)
[2020-11-06T18:35:12.255+0800][gc           ] GC(223) Pause Young (Normal) (G1 Evacuation Pause) 642M->250M(1024M) 11.123ms
[2020-11-06T18:35:12.255+0800][gc,cpu       ] GC(223) User=0.02s Sys=0.03s Real=0.01s
[2020-11-06T18:45:34.189+0800][gc,start     ] GC(224) Pause Young (Normal) (G1 Evacuation Pause)
[2020-11-06T18:45:34.190+0800][gc,task      ] GC(224) Using 8 workers of 8 for evacuation
[2020-11-06T18:45:34.202+0800][gc,phases    ] GC(224)   Pre Evacuate Collection Set: 0.1ms
[2020-11-06T18:45:34.202+0800][gc,phases    ] GC(224)   Evacuate Collection Set: 9.7ms
[2020-11-06T18:45:34.202+0800][gc,phases    ] GC(224)   Post Evacuate Collection Set: 1.5ms
[2020-11-06T18:45:34.202+0800][gc,phases    ] GC(224)   Other: 2.0ms
[2020-11-06T18:45:34.202+0800][gc,heap      ] GC(224) Eden regions: 512->0(603)
[2020-11-06T18:45:34.202+0800][gc,heap      ] GC(224) Survivor regions: 3->4(65)
[2020-11-06T18:45:34.202+0800][gc,heap      ] GC(224) Old regions: 118->118
[2020-11-06T18:45:34.202+0800][gc,heap      ] GC(224) Archive regions: 2->2
[2020-11-06T18:45:34.202+0800][gc,heap      ] GC(224) Humongous regions: 130->130
[2020-11-06T18:45:34.202+0800][gc,metaspace ] GC(224) Metaspace: 28432K->28432K(1075200K)
[2020-11-06T18:45:34.202+0800][gc           ] GC(224) Pause Young (Normal) (G1 Evacuation Pause) 762M->251M(1024M) 13.322ms
[2020-11-06T18:45:34.202+0800][gc,cpu       ] GC(224) User=0.02s Sys=0.03s Real=0.02s
[2020-11-06T18:57:41.434+0800][gc,start     ] GC(225) Pause Young (Normal) (G1 Evacuation Pause)
[2020-11-06T18:57:41.438+0800][gc,task      ] GC(225) Using 8 workers of 8 for evacuation
[2020-11-06T18:57:41.469+0800][gc,mmu       ] GC(225) MMU target violated: 21.0ms (20.0ms/21.0ms)
[2020-11-06T18:57:41.469+0800][gc,phases    ] GC(225)   Pre Evacuate Collection Set: 0.1ms
[2020-11-06T18:57:41.469+0800][gc,phases    ] GC(225)   Evacuate Collection Set: 28.1ms
[2020-11-06T18:57:41.469+0800][gc,phases    ] GC(225)   Post Evacuate Collection Set: 1.5ms
[2020-11-06T18:57:41.469+0800][gc,phases    ] GC(225)   Other: 5.1ms
[2020-11-06T18:57:41.469+0800][gc,heap      ] GC(225) Eden regions: 603->0(276)
[2020-11-06T18:57:41.469+0800][gc,heap      ] GC(225) Survivor regions: 4->4(76)
[2020-11-06T18:57:41.469+0800][gc,heap      ] GC(225) Old regions: 118->118
[2020-11-06T18:57:41.469+0800][gc,heap      ] GC(225) Archive regions: 2->2
[2020-11-06T18:57:41.469+0800][gc,heap      ] GC(225) Humongous regions: 130->130
[2020-11-06T18:57:41.469+0800][gc,metaspace ] GC(225) Metaspace: 28432K->28432K(1075200K)
[2020-11-06T18:57:41.469+0800][gc           ] GC(225) Pause Young (Normal) (G1 Evacuation Pause) 854M->251M(1024M) 34.878ms
[2020-11-06T18:57:41.469+0800][gc,cpu       ] GC(225) User=0.02s Sys=0.05s Real=0.03s
[2020-11-06T19:03:15.707+0800][gc,start     ] GC(226) Pause Young (Normal) (G1 Evacuation Pause)
[2020-11-06T19:03:15.708+0800][gc,task      ] GC(226) Using 8 workers of 8 for evacuation
[2020-11-06T19:03:15.715+0800][gc,phases    ] GC(226)   Pre Evacuate Collection Set: 0.0ms
[2020-11-06T19:03:15.715+0800][gc,phases    ] GC(226)   Evacuate Collection Set: 5.5ms
[2020-11-06T19:03:15.715+0800][gc,phases    ] GC(226)   Post Evacuate Collection Set: 0.4ms
[2020-11-06T19:03:15.715+0800][gc,phases    ] GC(226)   Other: 1.6ms
[2020-11-06T19:03:15.715+0800][gc,heap      ] GC(226) Eden regions: 276->0(384)
[2020-11-06T19:03:15.715+0800][gc,heap      ] GC(226) Survivor regions: 4->3(35)
[2020-11-06T19:03:15.715+0800][gc,heap      ] GC(226) Old regions: 118->118
[2020-11-06T19:03:15.715+0800][gc,heap      ] GC(226) Archive regions: 2->2
[2020-11-06T19:03:15.715+0800][gc,heap      ] GC(226) Humongous regions: 130->130
[2020-11-06T19:03:15.715+0800][gc,metaspace ] GC(226) Metaspace: 28432K->28432K(1075200K)
[2020-11-06T19:03:15.715+0800][gc           ] GC(226) Pause Young (Normal) (G1 Evacuation Pause) 527M->251M(1024M) 7.615ms
[2020-11-06T19:03:15.715+0800][gc,cpu       ] GC(226) User=0.01s Sys=0.01s Real=0.01s
[2020-11-06T19:10:57.433+0800][gc,start     ] GC(227) Pause Young (Normal) (G1 Evacuation Pause)
[2020-11-06T19:10:57.434+0800][gc,task      ] GC(227) Using 8 workers of 8 for evacuation
[2020-11-06T19:10:57.444+0800][gc,phases    ] GC(227)   Pre Evacuate Collection Set: 0.1ms
[2020-11-06T19:10:57.444+0800][gc,phases    ] GC(227)   Evacuate Collection Set: 6.5ms
[2020-11-06T19:10:57.444+0800][gc,phases    ] GC(227)   Post Evacuate Collection Set: 1.4ms
[2020-11-06T19:10:57.444+0800][gc,phases    ] GC(227)   Other: 3.1ms
[2020-11-06T19:10:57.444+0800][gc,heap      ] GC(227) Eden regions: 384->0(536)
[2020-11-06T19:10:57.444+0800][gc,heap      ] GC(227) Survivor regions: 3->3(49)
[2020-11-06T19:10:57.444+0800][gc,heap      ] GC(227) Old regions: 118->118
[2020-11-06T19:10:57.444+0800][gc,heap      ] GC(227) Archive regions: 2->2
[2020-11-06T19:10:57.444+0800][gc,heap      ] GC(227) Humongous regions: 130->130
[2020-11-06T19:10:57.444+0800][gc,metaspace ] GC(227) Metaspace: 28432K->28432K(1075200K)
[2020-11-06T19:10:57.444+0800][gc           ] GC(227) Pause Young (Normal) (G1 Evacuation Pause) 635M->251M(1024M) 11.189ms
[2020-11-06T19:10:57.444+0800][gc,cpu       ] GC(227) User=0.02s Sys=0.03s Real=0.01s
[2020-11-06T19:21:45.792+0800][gc,start     ] GC(228) Pause Young (Normal) (G1 Evacuation Pause)
[2020-11-06T19:21:45.793+0800][gc,task      ] GC(228) Using 8 workers of 8 for evacuation
[2020-11-06T19:21:45.805+0800][gc,phases    ] GC(228)   Pre Evacuate Collection Set: 0.1ms
[2020-11-06T19:21:45.805+0800][gc,phases    ] GC(228)   Evacuate Collection Set: 8.2ms
[2020-11-06T19:21:45.805+0800][gc,phases    ] GC(228)   Post Evacuate Collection Set: 2.1ms
[2020-11-06T19:21:45.805+0800][gc,phases    ] GC(228)   Other: 2.5ms
[2020-11-06T19:21:45.805+0800][gc,heap      ] GC(228) Eden regions: 536->0(570)
[2020-11-06T19:21:45.805+0800][gc,heap      ] GC(228) Survivor regions: 3->4(68)
[2020-11-06T19:21:45.805+0800][gc,heap      ] GC(228) Old regions: 118->118
[2020-11-06T19:21:45.805+0800][gc,heap      ] GC(228) Archive regions: 2->2
[2020-11-06T19:21:45.805+0800][gc,heap      ] GC(228) Humongous regions: 130->130
[2020-11-06T19:21:45.805+0800][gc,metaspace ] GC(228) Metaspace: 28432K->28432K(1075200K)
[2020-11-06T19:21:45.805+0800][gc           ] GC(228) Pause Young (Normal) (G1 Evacuation Pause) 787M->251M(1024M) 12.985ms
[2020-11-06T19:21:45.805+0800][gc,cpu       ] GC(228) User=0.02s Sys=0.03s Real=0.01s
[2020-11-06T19:33:14.467+0800][gc,start     ] GC(229) Pause Young (Normal) (G1 Evacuation Pause)
[2020-11-06T19:33:14.468+0800][gc,task      ] GC(229) Using 8 workers of 8 for evacuation
[2020-11-06T19:33:14.479+0800][gc,phases    ] GC(229)   Pre Evacuate Collection Set: 0.1ms
[2020-11-06T19:33:14.479+0800][gc,phases    ] GC(229)   Evacuate Collection Set: 7.9ms
[2020-11-06T19:33:14.479+0800][gc,phases    ] GC(229)   Post Evacuate Collection Set: 1.7ms
[2020-11-06T19:33:14.479+0800][gc,phases    ] GC(229)   Other: 2.4ms
[2020-11-06T19:33:14.479+0800][gc,heap      ] GC(229) Eden regions: 570->0(611)
[2020-11-06T19:33:14.479+0800][gc,heap      ] GC(229) Survivor regions: 4->3(72)
[2020-11-06T19:33:14.479+0800][gc,heap      ] GC(229) Old regions: 118->118
[2020-11-06T19:33:14.479+0800][gc,heap      ] GC(229) Archive regions: 2->2
[2020-11-06T19:33:14.479+0800][gc,heap      ] GC(229) Humongous regions: 130->130
[2020-11-06T19:33:14.479+0800][gc,metaspace ] GC(229) Metaspace: 28432K->28432K(1075200K)
[2020-11-06T19:33:14.479+0800][gc           ] GC(229) Pause Young (Normal) (G1 Evacuation Pause) 821M->250M(1024M) 12.208ms
[2020-11-06T19:33:14.479+0800][gc,cpu       ] GC(229) User=0.02s Sys=0.03s Real=0.01s
[2020-11-06T19:45:32.317+0800][gc,start     ] GC(230) Pause Young (Normal) (G1 Evacuation Pause)
[2020-11-06T19:45:32.317+0800][gc,task      ] GC(230) Using 8 workers of 8 for evacuation
[2020-11-06T19:45:32.332+0800][gc,phases    ] GC(230)   Pre Evacuate Collection Set: 0.1ms
[2020-11-06T19:45:32.332+0800][gc,phases    ] GC(230)   Evacuate Collection Set: 12.6ms
[2020-11-06T19:45:32.332+0800][gc,phases    ] GC(230)   Post Evacuate Collection Set: 1.7ms
[2020-11-06T19:45:32.332+0800][gc,phases    ] GC(230)   Other: 1.4ms
[2020-11-06T19:45:32.332+0800][gc,heap      ] GC(230) Eden regions: 611->0(610)
[2020-11-06T19:45:32.332+0800][gc,heap      ] GC(230) Survivor regions: 3->4(77)
[2020-11-06T19:45:32.332+0800][gc,heap      ] GC(230) Old regions: 118->118
[2020-11-06T19:45:32.332+0800][gc,heap      ] GC(230) Archive regions: 2->2
[2020-11-06T19:45:32.332+0800][gc,heap      ] GC(230) Humongous regions: 130->130
[2020-11-06T19:45:32.333+0800][gc,metaspace ] GC(230) Metaspace: 28432K->28432K(1075200K)
[2020-11-06T19:45:32.333+0800][gc           ] GC(230) Pause Young (Normal) (G1 Evacuation Pause) 861M->251M(1024M) 15.889ms
[2020-11-06T19:45:32.333+0800][gc,cpu       ] GC(230) User=0.02s Sys=0.03s Real=0.02s
[2020-11-06T19:57:48.901+0800][gc,start     ] GC(231) Pause Young (Normal) (G1 Evacuation Pause)
[2020-11-06T19:57:48.903+0800][gc,task      ] GC(231) Using 8 workers of 8 for evacuation
[2020-11-06T19:57:48.916+0800][gc,phases    ] GC(231)   Pre Evacuate Collection Set: 0.1ms
[2020-11-06T19:57:48.917+0800][gc,phases    ] GC(231)   Evacuate Collection Set: 11.2ms
[2020-11-06T19:57:48.917+0800][gc,phases    ] GC(231)   Post Evacuate Collection Set: 1.7ms
[2020-11-06T19:57:48.917+0800][gc,phases    ] GC(231)   Other: 2.2ms
[2020-11-06T19:57:48.917+0800][gc,heap      ] GC(231) Eden regions: 610->0(611)
[2020-11-06T19:57:48.917+0800][gc,heap      ] GC(231) Survivor regions: 4->3(77)
[2020-11-06T19:57:48.917+0800][gc,heap      ] GC(231) Old regions: 118->118
[2020-11-06T19:57:48.917+0800][gc,heap      ] GC(231) Archive regions: 2->2
[2020-11-06T19:57:48.917+0800][gc,heap      ] GC(231) Humongous regions: 130->130
[2020-11-06T19:57:48.917+0800][gc,metaspace ] GC(231) Metaspace: 28432K->28432K(1075200K)
[2020-11-06T19:57:48.917+0800][gc           ] GC(231) Pause Young (Normal) (G1 Evacuation Pause) 861M->251M(1024M) 15.196ms
[2020-11-06T19:57:48.917+0800][gc,cpu       ] GC(231) User=0.02s Sys=0.04s Real=0.01s
[2020-11-06T20:10:09.833+0800][gc,start     ] GC(232) Pause Young (Normal) (G1 Evacuation Pause)
[2020-11-06T20:10:09.835+0800][gc,task      ] GC(232) Using 8 workers of 8 for evacuation
[2020-11-06T20:10:09.853+0800][gc,phases    ] GC(232)   Pre Evacuate Collection Set: 0.1ms
[2020-11-06T20:10:09.853+0800][gc,phases    ] GC(232)   Evacuate Collection Set: 14.1ms
[2020-11-06T20:10:09.853+0800][gc,phases    ] GC(232)   Post Evacuate Collection Set: 2.0ms
[2020-11-06T20:10:09.853+0800][gc,phases    ] GC(232)   Other: 3.7ms
[2020-11-06T20:10:09.853+0800][gc,heap      ] GC(232) Eden regions: 611->0(610)
[2020-11-06T20:10:09.853+0800][gc,heap      ] GC(232) Survivor regions: 3->4(77)
[2020-11-06T20:10:09.853+0800][gc,heap      ] GC(232) Old regions: 118->118
[2020-11-06T20:10:09.853+0800][gc,heap      ] GC(232) Archive regions: 2->2
[2020-11-06T20:10:09.853+0800][gc,heap      ] GC(232) Humongous regions: 130->130
[2020-11-06T20:10:09.853+0800][gc,metaspace ] GC(232) Metaspace: 28433K->28433K(1075200K)
[2020-11-06T20:10:09.854+0800][gc           ] GC(232) Pause Young (Normal) (G1 Evacuation Pause) 862M->251M(1024M) 20.646ms
[2020-11-06T20:10:09.854+0800][gc,cpu       ] GC(232) User=0.02s Sys=0.02s Real=0.02s
[2020-11-06T20:22:39.939+0800][gc,start     ] GC(233) Pause Young (Normal) (G1 Evacuation Pause)
[2020-11-06T20:22:39.941+0800][gc,task      ] GC(233) Using 8 workers of 8 for evacuation
[2020-11-06T20:22:39.945+0800][gc,phases    ] GC(233)   Pre Evacuate Collection Set: 0.0ms
[2020-11-06T20:22:39.945+0800][gc,phases    ] GC(233)   Evacuate Collection Set: 3.1ms
[2020-11-06T20:22:39.945+0800][gc,phases    ] GC(233)   Post Evacuate Collection Set: 0.4ms
[2020-11-06T20:22:39.945+0800][gc,phases    ] GC(233)   Other: 2.3ms
[2020-11-06T20:22:39.945+0800][gc,heap      ] GC(233) Eden regions: 610->0(611)
[2020-11-06T20:22:39.945+0800][gc,heap      ] GC(233) Survivor regions: 4->3(77)
[2020-11-06T20:22:39.945+0800][gc,heap      ] GC(233) Old regions: 118->118
[2020-11-06T20:22:39.945+0800][gc,heap      ] GC(233) Archive regions: 2->2
[2020-11-06T20:22:39.945+0800][gc,heap      ] GC(233) Humongous regions: 130->130
[2020-11-06T20:22:39.945+0800][gc,metaspace ] GC(233) Metaspace: 28433K->28433K(1075200K)
[2020-11-06T20:22:39.945+0800][gc           ] GC(233) Pause Young (Normal) (G1 Evacuation Pause) 861M->250M(1024M) 5.911ms
[2020-11-06T20:22:39.945+0800][gc,cpu       ] GC(233) User=0.01s Sys=0.00s Real=0.01s
[2020-11-06T20:35:11.903+0800][gc,start     ] GC(234) Pause Young (Normal) (G1 Evacuation Pause)
[2020-11-06T20:35:11.903+0800][gc,task      ] GC(234) Using 8 workers of 8 for evacuation
[2020-11-06T20:35:11.907+0800][gc,phases    ] GC(234)   Pre Evacuate Collection Set: 0.0ms
[2020-11-06T20:35:11.907+0800][gc,phases    ] GC(234)   Evacuate Collection Set: 3.0ms
[2020-11-06T20:35:11.907+0800][gc,phases    ] GC(234)   Post Evacuate Collection Set: 0.4ms
[2020-11-06T20:35:11.907+0800][gc,phases    ] GC(234)   Other: 1.0ms
[2020-11-06T20:35:11.907+0800][gc,heap      ] GC(234) Eden regions: 611->0(611)
[2020-11-06T20:35:11.907+0800][gc,heap      ] GC(234) Survivor regions: 3->3(77)
[2020-11-06T20:35:11.907+0800][gc,heap      ] GC(234) Old regions: 118->118
[2020-11-06T20:35:11.907+0800][gc,heap      ] GC(234) Archive regions: 2->2
[2020-11-06T20:35:11.907+0800][gc,heap      ] GC(234) Humongous regions: 130->130
[2020-11-06T20:35:11.907+0800][gc,metaspace ] GC(234) Metaspace: 28433K->28433K(1075200K)
[2020-11-06T20:35:11.907+0800][gc           ] GC(234) Pause Young (Normal) (G1 Evacuation Pause) 861M->250M(1024M) 4.482ms
[2020-11-06T20:35:11.907+0800][gc,cpu       ] GC(234) User=0.01s Sys=0.00s Real=0.00s
[2020-11-06T20:47:38.297+0800][gc,start     ] GC(235) Pause Young (Normal) (G1 Evacuation Pause)
[2020-11-06T20:47:38.298+0800][gc,task      ] GC(235) Using 8 workers of 8 for evacuation
[2020-11-06T20:47:38.308+0800][gc,phases    ] GC(235)   Pre Evacuate Collection Set: 0.1ms
[2020-11-06T20:47:38.308+0800][gc,phases    ] GC(235)   Evacuate Collection Set: 7.1ms
[2020-11-06T20:47:38.308+0800][gc,phases    ] GC(235)   Post Evacuate Collection Set: 1.4ms
[2020-11-06T20:47:38.308+0800][gc,phases    ] GC(235)   Other: 2.6ms
[2020-11-06T20:47:38.308+0800][gc,heap      ] GC(235) Eden regions: 611->0(611)
[2020-11-06T20:47:38.308+0800][gc,heap      ] GC(235) Survivor regions: 3->3(77)
[2020-11-06T20:47:38.308+0800][gc,heap      ] GC(235) Old regions: 118->118
[2020-11-06T20:47:38.308+0800][gc,heap      ] GC(235) Archive regions: 2->2
[2020-11-06T20:47:38.308+0800][gc,heap      ] GC(235) Humongous regions: 130->130
[2020-11-06T20:47:38.308+0800][gc,metaspace ] GC(235) Metaspace: 28433K->28433K(1075200K)
[2020-11-06T20:47:38.308+0800][gc           ] GC(235) Pause Young (Normal) (G1 Evacuation Pause) 861M->250M(1024M) 11.313ms
[2020-11-06T20:47:38.308+0800][gc,cpu       ] GC(235) User=0.01s Sys=0.03s Real=0.01s
[2020-11-06T21:00:03.417+0800][gc,start     ] GC(236) Pause Young (Normal) (G1 Evacuation Pause)
[2020-11-06T21:00:03.418+0800][gc,task      ] GC(236) Using 8 workers of 8 for evacuation
[2020-11-06T21:00:03.427+0800][gc,phases    ] GC(236)   Pre Evacuate Collection Set: 0.1ms
[2020-11-06T21:00:03.427+0800][gc,phases    ] GC(236)   Evacuate Collection Set: 6.2ms
[2020-11-06T21:00:03.427+0800][gc,phases    ] GC(236)   Post Evacuate Collection Set: 1.6ms
[2020-11-06T21:00:03.427+0800][gc,phases    ] GC(236)   Other: 2.5ms
[2020-11-06T21:00:03.427+0800][gc,heap      ] GC(236) Eden regions: 611->0(611)
[2020-11-06T21:00:03.427+0800][gc,heap      ] GC(236) Survivor regions: 3->3(77)
[2020-11-06T21:00:03.427+0800][gc,heap      ] GC(236) Old regions: 118->118
[2020-11-06T21:00:03.427+0800][gc,heap      ] GC(236) Archive regions: 2->2
[2020-11-06T21:00:03.427+0800][gc,heap      ] GC(236) Humongous regions: 130->130
[2020-11-06T21:00:03.427+0800][gc,metaspace ] GC(236) Metaspace: 28434K->28434K(1075200K)
[2020-11-06T21:00:03.428+0800][gc           ] GC(236) Pause Young (Normal) (G1 Evacuation Pause) 861M->250M(1024M) 11.020ms
[2020-11-06T21:00:03.428+0800][gc,cpu       ] GC(236) User=0.01s Sys=0.02s Real=0.01s
[2020-11-06T21:12:18.259+0800][gc,start     ] GC(237) Pause Young (Normal) (G1 Evacuation Pause)
[2020-11-06T21:12:18.260+0800][gc,task      ] GC(237) Using 8 workers of 8 for evacuation
[2020-11-06T21:12:18.270+0800][gc,phases    ] GC(237)   Pre Evacuate Collection Set: 0.1ms
[2020-11-06T21:12:18.270+0800][gc,phases    ] GC(237)   Evacuate Collection Set: 7.0ms
[2020-11-06T21:12:18.270+0800][gc,phases    ] GC(237)   Post Evacuate Collection Set: 2.0ms
[2020-11-06T21:12:18.270+0800][gc,phases    ] GC(237)   Other: 1.8ms
[2020-11-06T21:12:18.270+0800][gc,heap      ] GC(237) Eden regions: 611->0(611)
[2020-11-06T21:12:18.270+0800][gc,heap      ] GC(237) Survivor regions: 3->3(77)
[2020-11-06T21:12:18.270+0800][gc,heap      ] GC(237) Old regions: 118->118
[2020-11-06T21:12:18.270+0800][gc,heap      ] GC(237) Archive regions: 2->2
[2020-11-06T21:12:18.270+0800][gc,heap      ] GC(237) Humongous regions: 130->130
[2020-11-06T21:12:18.270+0800][gc,metaspace ] GC(237) Metaspace: 28434K->28434K(1075200K)
[2020-11-06T21:12:18.270+0800][gc           ] GC(237) Pause Young (Normal) (G1 Evacuation Pause) 861M->251M(1024M) 10.979ms
[2020-11-06T21:12:18.270+0800][gc,cpu       ] GC(237) User=0.01s Sys=0.02s Real=0.02s
[2020-11-06T21:24:32.318+0800][gc,start     ] GC(238) Pause Young (Normal) (G1 Evacuation Pause)
[2020-11-06T21:24:32.319+0800][gc,task      ] GC(238) Using 8 workers of 8 for evacuation
[2020-11-06T21:24:32.333+0800][gc,phases    ] GC(238)   Pre Evacuate Collection Set: 0.1ms
[2020-11-06T21:24:32.333+0800][gc,phases    ] GC(238)   Evacuate Collection Set: 10.8ms
[2020-11-06T21:24:32.333+0800][gc,phases    ] GC(238)   Post Evacuate Collection Set: 2.2ms
[2020-11-06T21:24:32.333+0800][gc,phases    ] GC(238)   Other: 1.8ms
[2020-11-06T21:24:32.333+0800][gc,heap      ] GC(238) Eden regions: 611->0(610)
[2020-11-06T21:24:32.333+0800][gc,heap      ] GC(238) Survivor regions: 3->4(77)
[2020-11-06T21:24:32.333+0800][gc,heap      ] GC(238) Old regions: 118->118
[2020-11-06T21:24:32.333+0800][gc,heap      ] GC(238) Archive regions: 2->2
[2020-11-06T21:24:32.333+0800][gc,heap      ] GC(238) Humongous regions: 130->130
[2020-11-06T21:24:32.333+0800][gc,metaspace ] GC(238) Metaspace: 28435K->28435K(1075200K)
[2020-11-06T21:24:32.333+0800][gc           ] GC(238) Pause Young (Normal) (G1 Evacuation Pause) 862M->251M(1024M) 15.051ms
[2020-11-06T21:24:32.334+0800][gc,cpu       ] GC(238) User=0.02s Sys=0.04s Real=0.02s
[2020-11-06T21:36:50.412+0800][gc,start     ] GC(239) Pause Young (Normal) (G1 Evacuation Pause)
[2020-11-06T21:36:50.413+0800][gc,task      ] GC(239) Using 8 workers of 8 for evacuation
[2020-11-06T21:36:50.423+0800][gc,phases    ] GC(239)   Pre Evacuate Collection Set: 0.1ms
[2020-11-06T21:36:50.423+0800][gc,phases    ] GC(239)   Evacuate Collection Set: 7.9ms
[2020-11-06T21:36:50.423+0800][gc,phases    ] GC(239)   Post Evacuate Collection Set: 1.5ms
[2020-11-06T21:36:50.423+0800][gc,phases    ] GC(239)   Other: 1.4ms
[2020-11-06T21:36:50.423+0800][gc,heap      ] GC(239) Eden regions: 610->0(611)
[2020-11-06T21:36:50.423+0800][gc,heap      ] GC(239) Survivor regions: 4->3(77)
[2020-11-06T21:36:50.423+0800][gc,heap      ] GC(239) Old regions: 118->118
[2020-11-06T21:36:50.423+0800][gc,heap      ] GC(239) Archive regions: 2->2
[2020-11-06T21:36:50.424+0800][gc,heap      ] GC(239) Humongous regions: 130->130
[2020-11-06T21:36:50.424+0800][gc,metaspace ] GC(239) Metaspace: 28438K->28438K(1075200K)
[2020-11-06T21:36:50.424+0800][gc           ] GC(239) Pause Young (Normal) (G1 Evacuation Pause) 861M->251M(1024M) 11.089ms
[2020-11-06T21:36:50.424+0800][gc,cpu       ] GC(239) User=0.01s Sys=0.03s Real=0.01s
[2020-11-06T21:49:06.736+0800][gc,start     ] GC(240) Pause Young (Normal) (G1 Evacuation Pause)
[2020-11-06T21:49:06.738+0800][gc,task      ] GC(240) Using 8 workers of 8 for evacuation
[2020-11-06T21:49:06.752+0800][gc,phases    ] GC(240)   Pre Evacuate Collection Set: 0.1ms
[2020-11-06T21:49:06.752+0800][gc,phases    ] GC(240)   Evacuate Collection Set: 10.7ms
[2020-11-06T21:49:06.752+0800][gc,phases    ] GC(240)   Post Evacuate Collection Set: 2.2ms
[2020-11-06T21:49:06.752+0800][gc,phases    ] GC(240)   Other: 2.6ms
[2020-11-06T21:49:06.752+0800][gc,heap      ] GC(240) Eden regions: 611->0(610)
[2020-11-06T21:49:06.752+0800][gc,heap      ] GC(240) Survivor regions: 3->4(77)
[2020-11-06T21:49:06.752+0800][gc,heap      ] GC(240) Old regions: 118->118
[2020-11-06T21:49:06.752+0800][gc,heap      ] GC(240) Archive regions: 2->2
[2020-11-06T21:49:06.752+0800][gc,heap      ] GC(240) Humongous regions: 130->130
[2020-11-06T21:49:06.752+0800][gc,metaspace ] GC(240) Metaspace: 28438K->28438K(1075200K)
[2020-11-06T21:49:06.752+0800][gc           ] GC(240) Pause Young (Normal) (G1 Evacuation Pause) 862M->251M(1024M) 15.704ms
[2020-11-06T21:49:06.752+0800][gc,cpu       ] GC(240) User=0.02s Sys=0.04s Real=0.02s
[2020-11-06T22:01:13.093+0800][gc,start     ] GC(241) Pause Young (Normal) (G1 Evacuation Pause)
[2020-11-06T22:01:13.093+0800][gc,task      ] GC(241) Using 8 workers of 8 for evacuation
[2020-11-06T22:01:13.105+0800][gc,phases    ] GC(241)   Pre Evacuate Collection Set: 0.1ms
[2020-11-06T22:01:13.105+0800][gc,phases    ] GC(241)   Evacuate Collection Set: 8.8ms
[2020-11-06T22:01:13.105+0800][gc,phases    ] GC(241)   Post Evacuate Collection Set: 1.7ms
[2020-11-06T22:01:13.105+0800][gc,phases    ] GC(241)   Other: 1.8ms
[2020-11-06T22:01:13.105+0800][gc,heap      ] GC(241) Eden regions: 610->0(610)
[2020-11-06T22:01:13.105+0800][gc,heap      ] GC(241) Survivor regions: 4->4(77)
[2020-11-06T22:01:13.105+0800][gc,heap      ] GC(241) Old regions: 118->118
[2020-11-06T22:01:13.105+0800][gc,heap      ] GC(241) Archive regions: 2->2
[2020-11-06T22:01:13.105+0800][gc,heap      ] GC(241) Humongous regions: 130->130
[2020-11-06T22:01:13.105+0800][gc,metaspace ] GC(241) Metaspace: 28438K->28438K(1075200K)
[2020-11-06T22:01:13.105+0800][gc           ] GC(241) Pause Young (Normal) (G1 Evacuation Pause) 861M->251M(1024M) 12.439ms
[2020-11-06T22:01:13.105+0800][gc,cpu       ] GC(241) User=0.02s Sys=0.04s Real=0.01s
[2020-11-06T22:13:17.321+0800][gc,start     ] GC(242) Pause Young (Normal) (G1 Evacuation Pause)
[2020-11-06T22:13:17.322+0800][gc,task      ] GC(242) Using 8 workers of 8 for evacuation
[2020-11-06T22:13:17.329+0800][gc,phases    ] GC(242)   Pre Evacuate Collection Set: 0.0ms
[2020-11-06T22:13:17.329+0800][gc,phases    ] GC(242)   Evacuate Collection Set: 6.0ms
[2020-11-06T22:13:17.329+0800][gc,phases    ] GC(242)   Post Evacuate Collection Set: 0.7ms
[2020-11-06T22:13:17.329+0800][gc,phases    ] GC(242)   Other: 1.0ms
[2020-11-06T22:13:17.329+0800][gc,heap      ] GC(242) Eden regions: 610->0(610)
[2020-11-06T22:13:17.329+0800][gc,heap      ] GC(242) Survivor regions: 4->4(77)
[2020-11-06T22:13:17.329+0800][gc,heap      ] GC(242) Old regions: 118->118
[2020-11-06T22:13:17.329+0800][gc,heap      ] GC(242) Archive regions: 2->2
[2020-11-06T22:13:17.329+0800][gc,heap      ] GC(242) Humongous regions: 130->130
[2020-11-06T22:13:17.329+0800][gc,metaspace ] GC(242) Metaspace: 28438K->28438K(1075200K)
[2020-11-06T22:13:17.329+0800][gc           ] GC(242) Pause Young (Normal) (G1 Evacuation Pause) 861M->252M(1024M) 7.895ms
[2020-11-06T22:13:17.329+0800][gc,cpu       ] GC(242) User=0.01s Sys=0.01s Real=0.00s
[2020-11-06T22:25:32.400+0800][gc,start     ] GC(243) Pause Young (Normal) (G1 Evacuation Pause)
[2020-11-06T22:25:32.401+0800][gc,task      ] GC(243) Using 8 workers of 8 for evacuation
[2020-11-06T22:25:32.416+0800][gc,phases    ] GC(243)   Pre Evacuate Collection Set: 0.1ms
[2020-11-06T22:25:32.416+0800][gc,phases    ] GC(243)   Evacuate Collection Set: 12.0ms
[2020-11-06T22:25:32.416+0800][gc,phases    ] GC(243)   Post Evacuate Collection Set: 1.7ms
[2020-11-06T22:25:32.416+0800][gc,phases    ] GC(243)   Other: 1.9ms
[2020-11-06T22:25:32.416+0800][gc,heap      ] GC(243) Eden regions: 610->0(610)
[2020-11-06T22:25:32.416+0800][gc,heap      ] GC(243) Survivor regions: 4->4(77)
[2020-11-06T22:25:32.416+0800][gc,heap      ] GC(243) Old regions: 118->118
[2020-11-06T22:25:32.416+0800][gc,heap      ] GC(243) Archive regions: 2->2
[2020-11-06T22:25:32.416+0800][gc,heap      ] GC(243) Humongous regions: 130->130
[2020-11-06T22:25:32.416+0800][gc,metaspace ] GC(243) Metaspace: 28446K->28446K(1075200K)
[2020-11-06T22:25:32.416+0800][gc           ] GC(243) Pause Young (Normal) (G1 Evacuation Pause) 862M->251M(1024M) 15.801ms
[2020-11-06T22:25:32.416+0800][gc,cpu       ] GC(243) User=0.02s Sys=0.03s Real=0.01s
[2020-11-06T22:42:49.258+0800][gc,start     ] GC(244) Pause Young (Normal) (G1 Evacuation Pause)
[2020-11-06T22:42:49.259+0800][gc,task      ] GC(244) Using 8 workers of 8 for evacuation
[2020-11-06T22:42:49.277+0800][gc,phases    ] GC(244)   Pre Evacuate Collection Set: 0.1ms
[2020-11-06T22:42:49.277+0800][gc,phases    ] GC(244)   Evacuate Collection Set: 15.3ms
[2020-11-06T22:42:49.277+0800][gc,phases    ] GC(244)   Post Evacuate Collection Set: 2.0ms
[2020-11-06T22:42:49.277+0800][gc,phases    ] GC(244)   Other: 2.0ms
[2020-11-06T22:42:49.277+0800][gc,heap      ] GC(244) Eden regions: 610->0(611)
[2020-11-06T22:42:49.277+0800][gc,heap      ] GC(244) Survivor regions: 4->3(77)
[2020-11-06T22:42:49.277+0800][gc,heap      ] GC(244) Old regions: 118->118
[2020-11-06T22:42:49.277+0800][gc,heap      ] GC(244) Archive regions: 2->2
[2020-11-06T22:42:49.277+0800][gc,heap      ] GC(244) Humongous regions: 130->130
[2020-11-06T22:42:49.277+0800][gc,metaspace ] GC(244) Metaspace: 28462K->28462K(1075200K)
[2020-11-06T22:42:49.277+0800][gc           ] GC(244) Pause Young (Normal) (G1 Evacuation Pause) 861M->251M(1024M) 19.455ms
[2020-11-06T22:42:49.277+0800][gc,cpu       ] GC(244) User=0.02s Sys=0.04s Real=0.02s
[2020-11-06T22:55:07.044+0800][gc,start     ] GC(245) Pause Young (Normal) (G1 Evacuation Pause)
[2020-11-06T22:55:07.045+0800][gc,task      ] GC(245) Using 8 workers of 8 for evacuation
[2020-11-06T22:55:07.080+0800][gc,mmu       ] GC(245) MMU target violated: 21.0ms (20.0ms/21.0ms)
[2020-11-06T22:55:07.080+0800][gc,phases    ] GC(245)   Pre Evacuate Collection Set: 0.1ms
[2020-11-06T22:55:07.080+0800][gc,phases    ] GC(245)   Evacuate Collection Set: 30.4ms
[2020-11-06T22:55:07.080+0800][gc,phases    ] GC(245)   Post Evacuate Collection Set: 3.3ms
[2020-11-06T22:55:07.080+0800][gc,phases    ] GC(245)   Other: 2.5ms
[2020-11-06T22:55:07.080+0800][gc,heap      ] GC(245) Eden regions: 611->0(233)
[2020-11-06T22:55:07.080+0800][gc,heap      ] GC(245) Survivor regions: 3->4(77)
[2020-11-06T22:55:07.080+0800][gc,heap      ] GC(245) Old regions: 118->118
[2020-11-06T22:55:07.080+0800][gc,heap      ] GC(245) Archive regions: 2->2
[2020-11-06T22:55:07.080+0800][gc,heap      ] GC(245) Humongous regions: 130->130
[2020-11-06T22:55:07.080+0800][gc,metaspace ] GC(245) Metaspace: 28467K->28467K(1075200K)
[2020-11-06T22:55:07.080+0800][gc           ] GC(245) Pause Young (Normal) (G1 Evacuation Pause) 862M->252M(1024M) 36.434ms
[2020-11-06T22:55:07.080+0800][gc,cpu       ] GC(245) User=0.02s Sys=0.04s Real=0.04s
[2020-11-06T22:59:48.439+0800][gc,start     ] GC(246) Pause Young (Normal) (G1 Evacuation Pause)
[2020-11-06T22:59:48.441+0800][gc,task      ] GC(246) Using 8 workers of 8 for evacuation
[2020-11-06T22:59:48.448+0800][gc,phases    ] GC(246)   Pre Evacuate Collection Set: 0.1ms
[2020-11-06T22:59:48.448+0800][gc,phases    ] GC(246)   Evacuate Collection Set: 6.1ms
[2020-11-06T22:59:48.448+0800][gc,phases    ] GC(246)   Post Evacuate Collection Set: 0.4ms
[2020-11-06T22:59:48.448+0800][gc,phases    ] GC(246)   Other: 2.3ms
[2020-11-06T22:59:48.448+0800][gc,heap      ] GC(246) Eden regions: 233->0(610)
[2020-11-06T22:59:48.448+0800][gc,heap      ] GC(246) Survivor regions: 4->4(30)
[2020-11-06T22:59:48.448+0800][gc,heap      ] GC(246) Old regions: 118->118
[2020-11-06T22:59:48.448+0800][gc,heap      ] GC(246) Archive regions: 2->2
[2020-11-06T22:59:48.448+0800][gc,heap      ] GC(246) Humongous regions: 130->130
[2020-11-06T22:59:48.448+0800][gc,metaspace ] GC(246) Metaspace: 28467K->28467K(1075200K)
