[2020-11-05T14:54:01.032+0800][gc,phases    ] GC(81)   Other: 3.4ms
[2020-11-05T14:54:01.032+0800][gc,heap      ] GC(81) Eden regions: 47->0(47)
[2020-11-05T14:54:01.033+0800][gc,heap      ] GC(81) Survivor regions: 4->4(7)
[2020-11-05T14:54:01.033+0800][gc,heap      ] GC(81) Old regions: 130->132
[2020-11-05T14:54:01.033+0800][gc,heap      ] GC(81) Archive regions: 2->2
[2020-11-05T14:54:01.033+0800][gc,heap      ] GC(81) Humongous regions: 130->130
[2020-11-05T14:54:01.033+0800][gc,metaspace ] GC(81) Metaspace: 27584K->27584K(1075200K)
[2020-11-05T14:54:01.033+0800][gc           ] GC(81) Pause Young (Normal) (G1 Evacuation Pause) 311M->266M(1024M) 24.767ms
[2020-11-05T14:54:01.034+0800][gc,cpu       ] GC(81) User=0.06s Sys=0.02s Real=0.03s
[2020-11-05T14:55:05.941+0800][gc,start     ] GC(82) Pause Young (Normal) (G1 Evacuation Pause)
[2020-11-05T14:55:05.941+0800][gc,task      ] GC(82) Using 8 workers of 8 for evacuation
[2020-11-05T14:55:05.950+0800][gc,phases    ] GC(82)   Pre Evacuate Collection Set: 0.0ms
[2020-11-05T14:55:05.950+0800][gc,phases    ] GC(82)   Evacuate Collection Set: 7.9ms
[2020-11-05T14:55:05.950+0800][gc,phases    ] GC(82)   Post Evacuate Collection Set: 0.3ms
[2020-11-05T14:55:05.950+0800][gc,phases    ] GC(82)   Other: 0.7ms
[2020-11-05T14:55:05.950+0800][gc,heap      ] GC(82) Eden regions: 47->0(46)
[2020-11-05T14:55:05.950+0800][gc,heap      ] GC(82) Survivor regions: 4->5(7)
[2020-11-05T14:55:05.950+0800][gc,heap      ] GC(82) Old regions: 132->132
[2020-11-05T14:55:05.950+0800][gc,heap      ] GC(82) Archive regions: 2->2
[2020-11-05T14:55:05.950+0800][gc,heap      ] GC(82) Humongous regions: 130->130
[2020-11-05T14:55:05.950+0800][gc,metaspace ] GC(82) Metaspace: 27585K->27585K(1075200K)
[2020-11-05T14:55:05.950+0800][gc           ] GC(82) Pause Young (Normal) (G1 Evacuation Pause) 313M->267M(1024M) 9.182ms
[2020-11-05T14:55:05.950+0800][gc,cpu       ] GC(82) User=0.03s Sys=0.01s Real=0.01s
[2020-11-05T14:56:10.355+0800][gc,start     ] GC(83) Pause Young (Normal) (G1 Evacuation Pause)
[2020-11-05T14:56:10.355+0800][gc,task      ] GC(83) Using 8 workers of 8 for evacuation
[2020-11-05T14:56:10.373+0800][gc,phases    ] GC(83)   Pre Evacuate Collection Set: 0.1ms
[2020-11-05T14:56:10.374+0800][gc,phases    ] GC(83)   Evacuate Collection Set: 17.3ms
[2020-11-05T14:56:10.374+0800][gc,phases    ] GC(83)   Post Evacuate Collection Set: 0.4ms
[2020-11-05T14:56:10.374+0800][gc,phases    ] GC(83)   Other: 0.9ms
[2020-11-05T14:56:10.374+0800][gc,heap      ] GC(83) Eden regions: 46->0(45)
[2020-11-05T14:56:10.374+0800][gc,heap      ] GC(83) Survivor regions: 5->7(7)
[2020-11-05T14:56:10.374+0800][gc,heap      ] GC(83) Old regions: 132->134
[2020-11-05T14:56:10.374+0800][gc,heap      ] GC(83) Archive regions: 2->2
[2020-11-05T14:56:10.374+0800][gc,heap      ] GC(83) Humongous regions: 130->130
[2020-11-05T14:56:10.374+0800][gc,metaspace ] GC(83) Metaspace: 27590K->27590K(1075200K)
[2020-11-05T14:56:10.375+0800][gc           ] GC(83) Pause Young (Normal) (G1 Evacuation Pause) 313M->270M(1024M) 19.642ms
[2020-11-05T14:56:10.375+0800][gc,cpu       ] GC(83) User=0.06s Sys=0.04s Real=0.02s
[2020-11-05T14:57:12.045+0800][gc,start     ] GC(84) Pause Young (Normal) (G1 Evacuation Pause)
[2020-11-05T14:57:12.045+0800][gc,task      ] GC(84) Using 8 workers of 8 for evacuation
[2020-11-05T14:57:12.258+0800][gc,mmu       ] GC(84) MMU target violated: 21.0ms (20.0ms/21.0ms)
[2020-11-05T14:57:12.258+0800][gc,phases    ] GC(84)   Pre Evacuate Collection Set: 0.1ms
[2020-11-05T14:57:12.258+0800][gc,phases    ] GC(84)   Evacuate Collection Set: 173.1ms
[2020-11-05T14:57:12.258+0800][gc,phases    ] GC(84)   Post Evacuate Collection Set: 11.0ms
[2020-11-05T14:57:12.258+0800][gc,phases    ] GC(84)   Other: 28.9ms
[2020-11-05T14:57:12.258+0800][gc,heap      ] GC(84) Eden regions: 44->0(46)
[2020-11-05T14:57:12.258+0800][gc,heap      ] GC(84) Survivor regions: 7->5(7)
[2020-11-05T14:57:12.258+0800][gc,heap      ] GC(84) Old regions: 134->137
[2020-11-05T14:57:12.258+0800][gc,heap      ] GC(84) Archive regions: 2->2
[2020-11-05T14:57:12.258+0800][gc,heap      ] GC(84) Humongous regions: 130->130
[2020-11-05T14:57:12.312+0800][gc,metaspace ] GC(84) Metaspace: 27590K->27590K(1075200K)
[2020-11-05T14:57:12.312+0800][gc           ] GC(84) Pause Young (Normal) (G1 Evacuation Pause) 314M->271M(1024M) 267.379ms
[2020-11-05T14:57:12.312+0800][gc,cpu       ] GC(84) User=0.04s Sys=0.09s Real=0.27s
[2020-11-05T14:58:16.065+0800][gc,start     ] GC(85) Pause Young (Normal) (G1 Evacuation Pause)
[2020-11-05T14:58:16.066+0800][gc,task      ] GC(85) Using 8 workers of 8 for evacuation
[2020-11-05T14:58:16.089+0800][gc,mmu       ] GC(85) MMU target violated: 21.0ms (20.0ms/21.0ms)
[2020-11-05T14:58:16.089+0800][gc,phases    ] GC(85)   Pre Evacuate Collection Set: 0.1ms
[2020-11-05T14:58:16.089+0800][gc,phases    ] GC(85)   Evacuate Collection Set: 19.9ms
[2020-11-05T14:58:16.089+0800][gc,phases    ] GC(85)   Post Evacuate Collection Set: 0.7ms
[2020-11-05T14:58:16.089+0800][gc,phases    ] GC(85)   Other: 3.9ms
[2020-11-05T14:58:16.089+0800][gc,heap      ] GC(85) Eden regions: 46->0(47)
[2020-11-05T14:58:16.089+0800][gc,heap      ] GC(85) Survivor regions: 5->4(7)
[2020-11-05T14:58:16.089+0800][gc,heap      ] GC(85) Old regions: 137->139
[2020-11-05T14:58:16.089+0800][gc,heap      ] GC(85) Archive regions: 2->2
[2020-11-05T14:58:16.089+0800][gc,heap      ] GC(85) Humongous regions: 130->130
[2020-11-05T14:58:16.089+0800][gc,metaspace ] GC(85) Metaspace: 27590K->27590K(1075200K)
[2020-11-05T14:58:16.090+0800][gc           ] GC(85) Pause Young (Normal) (G1 Evacuation Pause) 317M->272M(1024M) 25.189ms
[2020-11-05T14:58:16.090+0800][gc,cpu       ] GC(85) User=0.05s Sys=0.06s Real=0.03s
[2020-11-05T14:59:21.878+0800][gc,start     ] GC(86) Pause Young (Normal) (G1 Evacuation Pause)
[2020-11-05T14:59:21.878+0800][gc,task      ] GC(86) Using 8 workers of 8 for evacuation
[2020-11-05T14:59:21.894+0800][gc,phases    ] GC(86)   Pre Evacuate Collection Set: 0.0ms
[2020-11-05T14:59:21.894+0800][gc,phases    ] GC(86)   Evacuate Collection Set: 16.3ms
[2020-11-05T14:59:21.894+0800][gc,phases    ] GC(86)   Post Evacuate Collection Set: 0.2ms
[2020-11-05T14:59:21.894+0800][gc,phases    ] GC(86)   Other: 0.3ms
[2020-11-05T14:59:21.894+0800][gc,heap      ] GC(86) Eden regions: 47->0(46)
[2020-11-05T14:59:21.894+0800][gc,heap      ] GC(86) Survivor regions: 4->5(7)
[2020-11-05T14:59:21.895+0800][gc,heap      ] GC(86) Old regions: 139->139
[2020-11-05T14:59:21.895+0800][gc,heap      ] GC(86) Archive regions: 2->2
[2020-11-05T14:59:21.895+0800][gc,heap      ] GC(86) Humongous regions: 130->130
[2020-11-05T14:59:21.895+0800][gc,metaspace ] GC(86) Metaspace: 27590K->27590K(1075200K)
[2020-11-05T14:59:21.895+0800][gc           ] GC(86) Pause Young (Normal) (G1 Evacuation Pause) 319M->273M(1024M) 16.975ms
[2020-11-05T14:59:21.895+0800][gc,cpu       ] GC(86) User=0.02s Sys=0.01s Real=0.02s
[2020-11-05T15:00:26.488+0800][gc,start     ] GC(87) Pause Young (Normal) (G1 Evacuation Pause)
[2020-11-05T15:00:26.488+0800][gc,task      ] GC(87) Using 8 workers of 8 for evacuation
[2020-11-05T15:00:26.499+0800][gc,phases    ] GC(87)   Pre Evacuate Collection Set: 0.0ms
[2020-11-05T15:00:26.499+0800][gc,phases    ] GC(87)   Evacuate Collection Set: 10.2ms
[2020-11-05T15:00:26.499+0800][gc,phases    ] GC(87)   Post Evacuate Collection Set: 0.2ms
[2020-11-05T15:00:26.499+0800][gc,phases    ] GC(87)   Other: 0.5ms
[2020-11-05T15:00:26.499+0800][gc,heap      ] GC(87) Eden regions: 46->0(45)
[2020-11-05T15:00:26.499+0800][gc,heap      ] GC(87) Survivor regions: 5->6(7)
[2020-11-05T15:00:26.499+0800][gc,heap      ] GC(87) Old regions: 139->140
[2020-11-05T15:00:26.499+0800][gc,heap      ] GC(87) Archive regions: 2->2
[2020-11-05T15:00:26.499+0800][gc,heap      ] GC(87) Humongous regions: 130->130
[2020-11-05T15:00:26.499+0800][gc,metaspace ] GC(87) Metaspace: 27591K->27591K(1075200K)
[2020-11-05T15:00:26.499+0800][gc           ] GC(87) Pause Young (Normal) (G1 Evacuation Pause) 319M->276M(1024M) 11.574ms
[2020-11-05T15:00:26.499+0800][gc,cpu       ] GC(87) User=0.03s Sys=0.01s Real=0.01s
[2020-11-05T15:01:29.767+0800][gc,start     ] GC(88) Pause Young (Normal) (G1 Evacuation Pause)
[2020-11-05T15:01:29.767+0800][gc,task      ] GC(88) Using 8 workers of 8 for evacuation
[2020-11-05T15:01:29.779+0800][gc,phases    ] GC(88)   Pre Evacuate Collection Set: 0.1ms
[2020-11-05T15:01:29.779+0800][gc,phases    ] GC(88)   Evacuate Collection Set: 11.1ms
[2020-11-05T15:01:29.779+0800][gc,phases    ] GC(88)   Post Evacuate Collection Set: 0.5ms
[2020-11-05T15:01:29.779+0800][gc,phases    ] GC(88)   Other: 0.5ms
[2020-11-05T15:01:29.779+0800][gc,heap      ] GC(88) Eden regions: 45->0(47)
[2020-11-05T15:01:29.779+0800][gc,heap      ] GC(88) Survivor regions: 6->4(7)
[2020-11-05T15:01:29.779+0800][gc,heap      ] GC(88) Old regions: 140->143
[2020-11-05T15:01:29.779+0800][gc,heap      ] GC(88) Archive regions: 2->2
[2020-11-05T15:01:29.779+0800][gc,heap      ] GC(88) Humongous regions: 130->130
[2020-11-05T15:01:29.779+0800][gc,metaspace ] GC(88) Metaspace: 27591K->27591K(1075200K)
[2020-11-05T15:01:29.779+0800][gc           ] GC(88) Pause Young (Normal) (G1 Evacuation Pause) 321M->277M(1024M) 12.435ms
[2020-11-05T15:01:29.779+0800][gc,cpu       ] GC(88) User=0.07s Sys=0.01s Real=0.01s
[2020-11-05T15:02:36.117+0800][gc,start     ] GC(89) Pause Young (Normal) (G1 Evacuation Pause)
[2020-11-05T15:02:36.119+0800][gc,task      ] GC(89) Using 8 workers of 8 for evacuation
[2020-11-05T15:02:36.124+0800][gc,phases    ] GC(89)   Pre Evacuate Collection Set: 0.0ms
[2020-11-05T15:02:36.124+0800][gc,phases    ] GC(89)   Evacuate Collection Set: 5.4ms
[2020-11-05T15:02:36.124+0800][gc,phases    ] GC(89)   Post Evacuate Collection Set: 0.2ms
[2020-11-05T15:02:36.125+0800][gc,phases    ] GC(89)   Other: 1.6ms
[2020-11-05T15:02:36.125+0800][gc,heap      ] GC(89) Eden regions: 47->0(46)
[2020-11-05T15:02:36.125+0800][gc,heap      ] GC(89) Survivor regions: 4->5(7)
[2020-11-05T15:02:36.125+0800][gc,heap      ] GC(89) Old regions: 143->145
[2020-11-05T15:02:36.125+0800][gc,heap      ] GC(89) Archive regions: 2->2
[2020-11-05T15:02:36.125+0800][gc,heap      ] GC(89) Humongous regions: 130->130
[2020-11-05T15:02:36.125+0800][gc,metaspace ] GC(89) Metaspace: 27591K->27591K(1075200K)
[2020-11-05T15:02:36.125+0800][gc           ] GC(89) Pause Young (Normal) (G1 Evacuation Pause) 324M->279M(1024M) 7.455ms
[2020-11-05T15:02:36.125+0800][gc,cpu       ] GC(89) User=0.03s Sys=0.01s Real=0.01s
[2020-11-05T15:03:40.596+0800][gc,start     ] GC(90) Pause Young (Normal) (G1 Evacuation Pause)
[2020-11-05T15:03:40.596+0800][gc,task      ] GC(90) Using 8 workers of 8 for evacuation
[2020-11-05T15:03:40.605+0800][gc,phases    ] GC(90)   Pre Evacuate Collection Set: 0.1ms
[2020-11-05T15:03:40.605+0800][gc,phases    ] GC(90)   Evacuate Collection Set: 8.2ms
[2020-11-05T15:03:40.605+0800][gc,phases    ] GC(90)   Post Evacuate Collection Set: 0.4ms
[2020-11-05T15:03:40.605+0800][gc,phases    ] GC(90)   Other: 0.5ms
[2020-11-05T15:03:40.605+0800][gc,heap      ] GC(90) Eden regions: 46->0(47)
[2020-11-05T15:03:40.605+0800][gc,heap      ] GC(90) Survivor regions: 5->4(7)
[2020-11-05T15:03:40.605+0800][gc,heap      ] GC(90) Old regions: 145->147
[2020-11-05T15:03:40.605+0800][gc,heap      ] GC(90) Archive regions: 2->2
[2020-11-05T15:03:40.605+0800][gc,heap      ] GC(90) Humongous regions: 130->130
[2020-11-05T15:03:40.605+0800][gc,metaspace ] GC(90) Metaspace: 27592K->27592K(1075200K)
[2020-11-05T15:03:40.605+0800][gc           ] GC(90) Pause Young (Normal) (G1 Evacuation Pause) 325M->280M(1024M) 9.300ms
[2020-11-05T15:03:40.605+0800][gc,cpu       ] GC(90) User=0.06s Sys=0.01s Real=0.01s
[2020-11-05T15:04:46.609+0800][gc,start     ] GC(91) Pause Young (Normal) (G1 Evacuation Pause)
[2020-11-05T15:04:46.609+0800][gc,task      ] GC(91) Using 8 workers of 8 for evacuation
[2020-11-05T15:04:46.620+0800][gc,phases    ] GC(91)   Pre Evacuate Collection Set: 0.1ms
[2020-11-05T15:04:46.620+0800][gc,phases    ] GC(91)   Evacuate Collection Set: 10.6ms
[2020-11-05T15:04:46.620+0800][gc,phases    ] GC(91)   Post Evacuate Collection Set: 0.3ms
[2020-11-05T15:04:46.620+0800][gc,phases    ] GC(91)   Other: 1.6ms
[2020-11-05T15:04:46.620+0800][gc,heap      ] GC(91) Eden regions: 47->0(46)
[2020-11-05T15:04:46.620+0800][gc,heap      ] GC(91) Survivor regions: 4->5(7)
[2020-11-05T15:04:46.620+0800][gc,heap      ] GC(91) Old regions: 147->147
[2020-11-05T15:04:46.620+0800][gc,heap      ] GC(91) Archive regions: 2->2
[2020-11-05T15:04:46.620+0800][gc,heap      ] GC(91) Humongous regions: 130->130
[2020-11-05T15:04:46.620+0800][gc,metaspace ] GC(91) Metaspace: 27592K->27592K(1075200K)
[2020-11-05T15:04:46.621+0800][gc           ] GC(91) Pause Young (Normal) (G1 Evacuation Pause) 327M->281M(1024M) 12.587ms
[2020-11-05T15:04:46.621+0800][gc,cpu       ] GC(91) User=0.05s Sys=0.01s Real=0.02s
[2020-11-05T15:05:51.085+0800][gc,start     ] GC(92) Pause Young (Normal) (G1 Evacuation Pause)
[2020-11-05T15:05:51.085+0800][gc,task      ] GC(92) Using 8 workers of 8 for evacuation
[2020-11-05T15:05:51.097+0800][gc,phases    ] GC(92)   Pre Evacuate Collection Set: 0.1ms
[2020-11-05T15:05:51.097+0800][gc,phases    ] GC(92)   Evacuate Collection Set: 11.4ms
[2020-11-05T15:05:51.097+0800][gc,phases    ] GC(92)   Post Evacuate Collection Set: 0.4ms
[2020-11-05T15:05:51.098+0800][gc,phases    ] GC(92)   Other: 0.5ms
[2020-11-05T15:05:51.098+0800][gc,heap      ] GC(92) Eden regions: 46->0(45)
[2020-11-05T15:05:51.098+0800][gc,heap      ] GC(92) Survivor regions: 5->6(7)
[2020-11-05T15:05:51.098+0800][gc,heap      ] GC(92) Old regions: 147->148
[2020-11-05T15:05:51.098+0800][gc,heap      ] GC(92) Archive regions: 2->2
[2020-11-05T15:05:51.098+0800][gc,heap      ] GC(92) Humongous regions: 130->130
[2020-11-05T15:05:51.098+0800][gc,metaspace ] GC(92) Metaspace: 27593K->27593K(1075200K)
[2020-11-05T15:05:51.098+0800][gc           ] GC(92) Pause Young (Normal) (G1 Evacuation Pause) 327M->284M(1024M) 12.487ms
[2020-11-05T15:05:51.098+0800][gc,cpu       ] GC(92) User=0.07s Sys=0.01s Real=0.01s
[2020-11-05T15:06:53.794+0800][gc,start     ] GC(93) Pause Young (Normal) (G1 Evacuation Pause)
[2020-11-05T15:06:53.795+0800][gc,task      ] GC(93) Using 8 workers of 8 for evacuation
[2020-11-05T15:06:53.806+0800][gc,phases    ] GC(93)   Pre Evacuate Collection Set: 0.1ms
[2020-11-05T15:06:53.807+0800][gc,phases    ] GC(93)   Evacuate Collection Set: 10.8ms
[2020-11-05T15:06:53.807+0800][gc,phases    ] GC(93)   Post Evacuate Collection Set: 0.4ms
[2020-11-05T15:06:53.807+0800][gc,phases    ] GC(93)   Other: 1.2ms
[2020-11-05T15:06:53.807+0800][gc,heap      ] GC(93) Eden regions: 45->0(47)
[2020-11-05T15:06:53.807+0800][gc,heap      ] GC(93) Survivor regions: 6->4(7)
[2020-11-05T15:06:53.807+0800][gc,heap      ] GC(93) Old regions: 148->151
[2020-11-05T15:06:53.807+0800][gc,heap      ] GC(93) Archive regions: 2->2
[2020-11-05T15:06:53.807+0800][gc,heap      ] GC(93) Humongous regions: 130->130
[2020-11-05T15:06:53.807+0800][gc,metaspace ] GC(93) Metaspace: 27593K->27593K(1075200K)
[2020-11-05T15:06:53.807+0800][gc           ] GC(93) Pause Young (Normal) (G1 Evacuation Pause) 329M->285M(1024M) 12.587ms
[2020-11-05T15:06:53.807+0800][gc,cpu       ] GC(93) User=0.07s Sys=0.01s Real=0.01s
[2020-11-05T15:07:59.733+0800][gc,start     ] GC(94) Pause Young (Normal) (G1 Evacuation Pause)
[2020-11-05T15:07:59.733+0800][gc,task      ] GC(94) Using 8 workers of 8 for evacuation
[2020-11-05T15:07:59.739+0800][gc,phases    ] GC(94)   Pre Evacuate Collection Set: 0.1ms
[2020-11-05T15:07:59.739+0800][gc,phases    ] GC(94)   Evacuate Collection Set: 5.7ms
[2020-11-05T15:07:59.739+0800][gc,phases    ] GC(94)   Post Evacuate Collection Set: 0.2ms
[2020-11-05T15:07:59.739+0800][gc,phases    ] GC(94)   Other: 0.3ms
[2020-11-05T15:07:59.739+0800][gc,heap      ] GC(94) Eden regions: 47->0(49)
[2020-11-05T15:07:59.739+0800][gc,heap      ] GC(94) Survivor regions: 4->4(7)
[2020-11-05T15:07:59.739+0800][gc,heap      ] GC(94) Old regions: 151->153
[2020-11-05T15:07:59.739+0800][gc,heap      ] GC(94) Archive regions: 2->2
[2020-11-05T15:07:59.739+0800][gc,heap      ] GC(94) Humongous regions: 130->130
[2020-11-05T15:07:59.739+0800][gc,metaspace ] GC(94) Metaspace: 27593K->27593K(1075200K)
[2020-11-05T15:07:59.740+0800][gc           ] GC(94) Pause Young (Normal) (G1 Evacuation Pause) 332M->287M(1024M) 6.403ms
[2020-11-05T15:07:59.740+0800][gc,cpu       ] GC(94) User=0.03s Sys=0.00s Real=0.01s
[2020-11-05T15:09:08.575+0800][gc,start     ] GC(95) Pause Young (Normal) (G1 Evacuation Pause)
[2020-11-05T15:09:08.576+0800][gc,task      ] GC(95) Using 8 workers of 8 for evacuation
[2020-11-05T15:09:08.600+0800][gc,mmu       ] GC(95) MMU target violated: 21.0ms (20.0ms/21.0ms)
[2020-11-05T15:09:08.600+0800][gc,phases    ] GC(95)   Pre Evacuate Collection Set: 0.1ms
[2020-11-05T15:09:08.600+0800][gc,phases    ] GC(95)   Evacuate Collection Set: 21.9ms
[2020-11-05T15:09:08.600+0800][gc,phases    ] GC(95)   Post Evacuate Collection Set: 1.0ms
[2020-11-05T15:09:08.600+0800][gc,phases    ] GC(95)   Other: 2.4ms
[2020-11-05T15:09:08.600+0800][gc,heap      ] GC(95) Eden regions: 49->0(45)
[2020-11-05T15:09:08.600+0800][gc,heap      ] GC(95) Survivor regions: 4->6(7)
[2020-11-05T15:09:08.600+0800][gc,heap      ] GC(95) Old regions: 153->153
[2020-11-05T15:09:08.600+0800][gc,heap      ] GC(95) Archive regions: 2->2
[2020-11-05T15:09:08.600+0800][gc,heap      ] GC(95) Humongous regions: 130->130
[2020-11-05T15:09:08.600+0800][gc,metaspace ] GC(95) Metaspace: 27593K->27593K(1075200K)
[2020-11-05T15:09:08.600+0800][gc           ] GC(95) Pause Young (Normal) (G1 Evacuation Pause) 336M->288M(1024M) 25.434ms
[2020-11-05T15:09:08.600+0800][gc,cpu       ] GC(95) User=0.05s Sys=0.04s Real=0.03s
[2020-11-05T15:10:11.550+0800][gc,start     ] GC(96) Pause Young (Normal) (G1 Evacuation Pause)
[2020-11-05T15:10:11.550+0800][gc,task      ] GC(96) Using 8 workers of 8 for evacuation
[2020-11-05T15:10:11.560+0800][gc,phases    ] GC(96)   Pre Evacuate Collection Set: 0.1ms
[2020-11-05T15:10:11.560+0800][gc,phases    ] GC(96)   Evacuate Collection Set: 9.0ms
[2020-11-05T15:10:11.560+0800][gc,phases    ] GC(96)   Post Evacuate Collection Set: 0.4ms
[2020-11-05T15:10:11.560+0800][gc,phases    ] GC(96)   Other: 0.5ms
[2020-11-05T15:10:11.560+0800][gc,heap      ] GC(96) Eden regions: 45->0(49)
[2020-11-05T15:10:11.560+0800][gc,heap      ] GC(96) Survivor regions: 6->4(7)
[2020-11-05T15:10:11.560+0800][gc,heap      ] GC(96) Old regions: 153->156
[2020-11-05T15:10:11.560+0800][gc,heap      ] GC(96) Archive regions: 2->2
[2020-11-05T15:10:11.560+0800][gc,heap      ] GC(96) Humongous regions: 130->130
[2020-11-05T15:10:11.560+0800][gc,metaspace ] GC(96) Metaspace: 27603K->27603K(1075200K)
[2020-11-05T15:10:11.560+0800][gc           ] GC(96) Pause Young (Normal) (G1 Evacuation Pause) 333M->289M(1024M) 10.053ms
[2020-11-05T15:10:11.560+0800][gc,cpu       ] GC(96) User=0.06s Sys=0.01s Real=0.01s
[2020-11-05T15:11:20.319+0800][gc,start     ] GC(97) Pause Young (Normal) (G1 Evacuation Pause)
[2020-11-05T15:11:20.319+0800][gc,task      ] GC(97) Using 8 workers of 8 for evacuation
[2020-11-05T15:11:20.327+0800][gc,phases    ] GC(97)   Pre Evacuate Collection Set: 0.0ms
[2020-11-05T15:11:20.327+0800][gc,phases    ] GC(97)   Evacuate Collection Set: 7.2ms
[2020-11-05T15:11:20.327+0800][gc,phases    ] GC(97)   Post Evacuate Collection Set: 0.2ms
[2020-11-05T15:11:20.327+0800][gc,phases    ] GC(97)   Other: 0.5ms
[2020-11-05T15:11:20.327+0800][gc,heap      ] GC(97) Eden regions: 49->0(54)
[2020-11-05T15:11:20.327+0800][gc,heap      ] GC(97) Survivor regions: 4->6(7)
[2020-11-05T15:11:20.327+0800][gc,heap      ] GC(97) Old regions: 156->156
[2020-11-05T15:11:20.327+0800][gc,heap      ] GC(97) Archive regions: 2->2
[2020-11-05T15:11:20.327+0800][gc,heap      ] GC(97) Humongous regions: 130->130
[2020-11-05T15:11:20.327+0800][gc,metaspace ] GC(97) Metaspace: 27603K->27603K(1075200K)
[2020-11-05T15:11:20.327+0800][gc           ] GC(97) Pause Young (Normal) (G1 Evacuation Pause) 338M->291M(1024M) 8.115ms
[2020-11-05T15:11:20.327+0800][gc,cpu       ] GC(97) User=0.03s Sys=0.00s Real=0.01s
[2020-11-05T15:12:35.759+0800][gc,start     ] GC(98) Pause Young (Normal) (G1 Evacuation Pause)
[2020-11-05T15:12:35.760+0800][gc,task      ] GC(98) Using 8 workers of 8 for evacuation
[2020-11-05T15:12:35.807+0800][gc,mmu       ] GC(98) MMU target violated: 21.0ms (20.0ms/21.0ms)
[2020-11-05T15:12:35.807+0800][gc,phases    ] GC(98)   Pre Evacuate Collection Set: 0.1ms
[2020-11-05T15:12:35.807+0800][gc,phases    ] GC(98)   Evacuate Collection Set: 44.4ms
[2020-11-05T15:12:35.807+0800][gc,phases    ] GC(98)   Post Evacuate Collection Set: 0.8ms
[2020-11-05T15:12:35.807+0800][gc,phases    ] GC(98)   Other: 2.5ms
[2020-11-05T15:12:35.807+0800][gc,heap      ] GC(98) Eden regions: 54->0(45)
[2020-11-05T15:12:35.807+0800][gc,heap      ] GC(98) Survivor regions: 6->6(8)
[2020-11-05T15:12:35.807+0800][gc,heap      ] GC(98) Old regions: 156->158
[2020-11-05T15:12:35.807+0800][gc,heap      ] GC(98) Archive regions: 2->2
[2020-11-05T15:12:35.807+0800][gc,heap      ] GC(98) Humongous regions: 130->130
[2020-11-05T15:12:35.807+0800][gc,metaspace ] GC(98) Metaspace: 27603K->27603K(1075200K)
[2020-11-05T15:12:35.807+0800][gc           ] GC(98) Pause Young (Normal) (G1 Evacuation Pause) 345M->293M(1024M) 47.837ms
[2020-11-05T15:12:35.807+0800][gc,cpu       ] GC(98) User=0.04s Sys=0.09s Real=0.05s
[2020-11-05T15:13:38.148+0800][gc,start     ] GC(99) Pause Young (Normal) (G1 Evacuation Pause)
[2020-11-05T15:13:38.148+0800][gc,task      ] GC(99) Using 8 workers of 8 for evacuation
[2020-11-05T15:13:38.172+0800][gc,mmu       ] GC(99) MMU target violated: 21.0ms (20.0ms/21.0ms)
[2020-11-05T15:13:38.172+0800][gc,phases    ] GC(99)   Pre Evacuate Collection Set: 0.1ms
[2020-11-05T15:13:38.172+0800][gc,phases    ] GC(99)   Evacuate Collection Set: 21.9ms
[2020-11-05T15:13:38.172+0800][gc,phases    ] GC(99)   Post Evacuate Collection Set: 1.0ms
[2020-11-05T15:13:38.172+0800][gc,phases    ] GC(99)   Other: 1.8ms
[2020-11-05T15:13:38.172+0800][gc,heap      ] GC(99) Eden regions: 45->0(47)
[2020-11-05T15:13:38.172+0800][gc,heap      ] GC(99) Survivor regions: 6->4(7)
[2020-11-05T15:13:38.172+0800][gc,heap      ] GC(99) Old regions: 158->161
[2020-11-05T15:13:38.172+0800][gc,heap      ] GC(99) Archive regions: 2->2
[2020-11-05T15:13:38.172+0800][gc,heap      ] GC(99) Humongous regions: 130->130
[2020-11-05T15:13:38.172+0800][gc,metaspace ] GC(99) Metaspace: 27603K->27603K(1075200K)
[2020-11-05T15:13:38.172+0800][gc           ] GC(99) Pause Young (Normal) (G1 Evacuation Pause) 338M->295M(1024M) 24.958ms
[2020-11-05T15:13:38.173+0800][gc,cpu       ] GC(99) User=0.03s Sys=0.07s Real=0.03s
[2020-11-05T15:14:43.471+0800][gc,start     ] GC(100) Pause Young (Normal) (G1 Evacuation Pause)
[2020-11-05T15:14:43.472+0800][gc,task      ] GC(100) Using 8 workers of 8 for evacuation
[2020-11-05T15:14:43.495+0800][gc,mmu       ] GC(100) MMU target violated: 21.0ms (20.0ms/21.0ms)
[2020-11-05T15:14:43.495+0800][gc,phases    ] GC(100)   Pre Evacuate Collection Set: 0.2ms
[2020-11-05T15:14:43.495+0800][gc,phases    ] GC(100)   Evacuate Collection Set: 21.0ms
[2020-11-05T15:14:43.495+0800][gc,phases    ] GC(100)   Post Evacuate Collection Set: 0.4ms
[2020-11-05T15:14:43.495+0800][gc,phases    ] GC(100)   Other: 2.5ms
[2020-11-05T15:14:43.495+0800][gc,heap      ] GC(100) Eden regions: 47->0(45)
[2020-11-05T15:14:43.495+0800][gc,heap      ] GC(100) Survivor regions: 4->6(7)
[2020-11-05T15:14:43.495+0800][gc,heap      ] GC(100) Old regions: 161->161
[2020-11-05T15:14:43.495+0800][gc,heap      ] GC(100) Archive regions: 2->2
[2020-11-05T15:14:43.495+0800][gc,heap      ] GC(100) Humongous regions: 130->130
[2020-11-05T15:14:43.495+0800][gc,metaspace ] GC(100) Metaspace: 27605K->27605K(1075200K)
[2020-11-05T15:14:43.495+0800][gc           ] GC(100) Pause Young (Normal) (G1 Evacuation Pause) 342M->296M(1024M) 24.150ms
[2020-11-05T15:14:43.495+0800][gc,cpu       ] GC(100) User=0.05s Sys=0.06s Real=0.02s
[2020-11-05T15:15:46.079+0800][gc,start     ] GC(101) Pause Young (Normal) (G1 Evacuation Pause)
[2020-11-05T15:15:46.079+0800][gc,task      ] GC(101) Using 8 workers of 8 for evacuation
[2020-11-05T15:15:46.093+0800][gc,phases    ] GC(101)   Pre Evacuate Collection Set: 0.1ms
[2020-11-05T15:15:46.093+0800][gc,phases    ] GC(101)   Evacuate Collection Set: 11.9ms
[2020-11-05T15:15:46.093+0800][gc,phases    ] GC(101)   Post Evacuate Collection Set: 1.0ms
[2020-11-05T15:15:46.093+0800][gc,phases    ] GC(101)   Other: 0.4ms
[2020-11-05T15:15:46.093+0800][gc,heap      ] GC(101) Eden regions: 45->0(45)
[2020-11-05T15:15:46.093+0800][gc,heap      ] GC(101) Survivor regions: 6->6(7)
[2020-11-05T15:15:46.093+0800][gc,heap      ] GC(101) Old regions: 161->163
[2020-11-05T15:15:46.093+0800][gc,heap      ] GC(101) Archive regions: 2->2
[2020-11-05T15:15:46.093+0800][gc,heap      ] GC(101) Humongous regions: 130->130
[2020-11-05T15:15:46.093+0800][gc,metaspace ] GC(101) Metaspace: 27605K->27605K(1075200K)
[2020-11-05T15:15:46.093+0800][gc           ] GC(101) Pause Young (Normal) (G1 Evacuation Pause) 341M->298M(1024M) 13.422ms
[2020-11-05T15:15:46.093+0800][gc,cpu       ] GC(101) User=0.05s Sys=0.02s Real=0.02s
[2020-11-05T15:16:48.825+0800][gc,start     ] GC(102) Pause Young (Normal) (G1 Evacuation Pause)
[2020-11-05T15:16:48.825+0800][gc,task      ] GC(102) Using 8 workers of 8 for evacuation
[2020-11-05T15:16:48.835+0800][gc,phases    ] GC(102)   Pre Evacuate Collection Set: 0.1ms
[2020-11-05T15:16:48.836+0800][gc,phases    ] GC(102)   Evacuate Collection Set: 9.4ms
[2020-11-05T15:16:48.836+0800][gc,phases    ] GC(102)   Post Evacuate Collection Set: 0.3ms
[2020-11-05T15:16:48.836+0800][gc,phases    ] GC(102)   Other: 0.5ms
[2020-11-05T15:16:48.836+0800][gc,heap      ] GC(102) Eden regions: 45->0(48)
[2020-11-05T15:16:48.836+0800][gc,heap      ] GC(102) Survivor regions: 6->4(7)
[2020-11-05T15:16:48.836+0800][gc,heap      ] GC(102) Old regions: 163->166
[2020-11-05T15:16:48.836+0800][gc,heap      ] GC(102) Archive regions: 2->2
[2020-11-05T15:16:48.836+0800][gc,heap      ] GC(102) Humongous regions: 130->130
[2020-11-05T15:16:48.836+0800][gc,metaspace ] GC(102) Metaspace: 27616K->27616K(1075200K)
[2020-11-05T15:16:48.836+0800][gc           ] GC(102) Pause Young (Normal) (G1 Evacuation Pause) 343M->300M(1024M) 10.532ms
[2020-11-05T15:16:48.836+0800][gc,cpu       ] GC(102) User=0.06s Sys=0.01s Real=0.01s
[2020-11-05T15:17:56.023+0800][gc,start     ] GC(103) Pause Young (Normal) (G1 Evacuation Pause)
[2020-11-05T15:17:56.023+0800][gc,task      ] GC(103) Using 8 workers of 8 for evacuation
[2020-11-05T15:17:56.033+0800][gc,phases    ] GC(103)   Pre Evacuate Collection Set: 0.1ms
[2020-11-05T15:17:56.033+0800][gc,phases    ] GC(103)   Evacuate Collection Set: 8.4ms
[2020-11-05T15:17:56.033+0800][gc,phases    ] GC(103)   Post Evacuate Collection Set: 0.9ms
[2020-11-05T15:17:56.033+0800][gc,phases    ] GC(103)   Other: 1.0ms
[2020-11-05T15:17:56.033+0800][gc,heap      ] GC(103) Eden regions: 48->0(53)
[2020-11-05T15:17:56.033+0800][gc,heap      ] GC(103) Survivor regions: 4->6(7)
[2020-11-05T15:17:56.033+0800][gc,heap      ] GC(103) Old regions: 166->166
[2020-11-05T15:17:56.034+0800][gc,heap      ] GC(103) Archive regions: 2->2
[2020-11-05T15:17:56.034+0800][gc,heap      ] GC(103) Humongous regions: 130->130
[2020-11-05T15:17:56.034+0800][gc,metaspace ] GC(103) Metaspace: 27616K->27616K(1075200K)
[2020-11-05T15:17:56.034+0800][gc           ] GC(103) Pause Young (Normal) (G1 Evacuation Pause) 348M->301M(1024M) 10.555ms
[2020-11-05T15:17:56.034+0800][gc,cpu       ] GC(103) User=0.03s Sys=0.01s Real=0.01s
[2020-11-05T15:19:09.601+0800][gc,start     ] GC(104) Pause Young (Normal) (G1 Evacuation Pause)
[2020-11-05T15:19:09.602+0800][gc,task      ] GC(104) Using 8 workers of 8 for evacuation
[2020-11-05T15:19:09.619+0800][gc,phases    ] GC(104)   Pre Evacuate Collection Set: 0.1ms
[2020-11-05T15:19:09.619+0800][gc,phases    ] GC(104)   Evacuate Collection Set: 14.1ms
[2020-11-05T15:19:09.619+0800][gc,phases    ] GC(104)   Post Evacuate Collection Set: 1.5ms
[2020-11-05T15:19:09.619+0800][gc,phases    ] GC(104)   Other: 2.2ms
[2020-11-05T15:19:09.619+0800][gc,heap      ] GC(104) Eden regions: 53->0(52)
[2020-11-05T15:19:09.619+0800][gc,heap      ] GC(104) Survivor regions: 6->6(8)
[2020-11-05T15:19:09.619+0800][gc,heap      ] GC(104) Old regions: 166->167
[2020-11-05T15:19:09.619+0800][gc,heap      ] GC(104) Archive regions: 2->2
[2020-11-05T15:19:09.619+0800][gc,heap      ] GC(104) Humongous regions: 130->130
[2020-11-05T15:19:09.619+0800][gc,metaspace ] GC(104) Metaspace: 27616K->27616K(1075200K)
[2020-11-05T15:19:09.619+0800][gc           ] GC(104) Pause Young (Normal) (G1 Evacuation Pause) 354M->303M(1024M) 17.920ms
[2020-11-05T15:19:09.619+0800][gc,cpu       ] GC(104) User=0.04s Sys=0.04s Real=0.01s
[2020-11-05T15:20:17.826+0800][gc,start     ] GC(105) Pause Young (Normal) (G1 Evacuation Pause)
[2020-11-05T15:20:17.826+0800][gc,task      ] GC(105) Using 8 workers of 8 for evacuation
[2020-11-05T15:20:17.848+0800][gc,mmu       ] GC(105) MMU target violated: 21.0ms (20.0ms/21.0ms)
[2020-11-05T15:20:17.848+0800][gc,phases    ] GC(105)   Pre Evacuate Collection Set: 0.1ms
[2020-11-05T15:20:17.848+0800][gc,phases    ] GC(105)   Evacuate Collection Set: 21.2ms
[2020-11-05T15:20:17.848+0800][gc,phases    ] GC(105)   Post Evacuate Collection Set: 0.3ms
[2020-11-05T15:20:17.848+0800][gc,phases    ] GC(105)   Other: 0.5ms
[2020-11-05T15:20:17.848+0800][gc,heap      ] GC(105) Eden regions: 52->0(48)
[2020-11-05T15:20:17.848+0800][gc,heap      ] GC(105) Survivor regions: 6->6(8)
[2020-11-05T15:20:17.848+0800][gc,heap      ] GC(105) Old regions: 167->170
[2020-11-05T15:20:17.848+0800][gc,heap      ] GC(105) Archive regions: 2->2
[2020-11-05T15:20:17.848+0800][gc,heap      ] GC(105) Humongous regions: 130->130
[2020-11-05T15:20:17.848+0800][gc,metaspace ] GC(105) Metaspace: 27618K->27618K(1075200K)
[2020-11-05T15:20:17.849+0800][gc           ] GC(105) Pause Young (Normal) (G1 Evacuation Pause) 355M->306M(1024M) 22.821ms
[2020-11-05T15:20:17.849+0800][gc,cpu       ] GC(105) User=0.06s Sys=0.03s Real=0.02s
[2020-11-05T15:21:20.867+0800][gc,start     ] GC(106) Pause Young (Normal) (G1 Evacuation Pause)
[2020-11-05T15:21:20.867+0800][gc,task      ] GC(106) Using 8 workers of 8 for evacuation
[2020-11-05T15:21:20.871+0800][gc,phases    ] GC(106)   Pre Evacuate Collection Set: 0.0ms
[2020-11-05T15:21:20.871+0800][gc,phases    ] GC(106)   Evacuate Collection Set: 3.9ms
[2020-11-05T15:21:20.871+0800][gc,phases    ] GC(106)   Post Evacuate Collection Set: 0.3ms
[2020-11-05T15:21:20.871+0800][gc,phases    ] GC(106)   Other: 0.3ms
[2020-11-05T15:21:20.871+0800][gc,heap      ] GC(106) Eden regions: 45->0(66)
[2020-11-05T15:21:20.871+0800][gc,heap      ] GC(106) Survivor regions: 6->4(7)
[2020-11-05T15:21:20.871+0800][gc,heap      ] GC(106) Old regions: 170->172
[2020-11-05T15:21:20.871+0800][gc,heap      ] GC(106) Archive regions: 2->2
[2020-11-05T15:21:20.871+0800][gc,heap      ] GC(106) Humongous regions: 130->130
[2020-11-05T15:21:20.871+0800][gc,metaspace ] GC(106) Metaspace: 27618K->27618K(1075200K)
[2020-11-05T15:21:20.871+0800][gc           ] GC(106) Pause Young (Normal) (G1 Evacuation Pause) 351M->305M(1024M) 4.533ms
[2020-11-05T15:21:20.871+0800][gc,cpu       ] GC(106) User=0.02s Sys=0.00s Real=0.01s
[2020-11-05T15:22:52.815+0800][gc,start     ] GC(107) Pause Young (Normal) (G1 Evacuation Pause)
[2020-11-05T15:22:52.815+0800][gc,task      ] GC(107) Using 8 workers of 8 for evacuation
[2020-11-05T15:22:52.855+0800][gc,mmu       ] GC(107) MMU target violated: 21.0ms (20.0ms/21.0ms)
[2020-11-05T15:22:52.855+0800][gc,phases    ] GC(107)   Pre Evacuate Collection Set: 0.0ms
[2020-11-05T15:22:52.855+0800][gc,phases    ] GC(107)   Evacuate Collection Set: 37.7ms
[2020-11-05T15:22:52.855+0800][gc,phases    ] GC(107)   Post Evacuate Collection Set: 1.7ms
[2020-11-05T15:22:52.855+0800][gc,phases    ] GC(107)   Other: 1.5ms
[2020-11-05T15:22:52.855+0800][gc,heap      ] GC(107) Eden regions: 66->0(47)
[2020-11-05T15:22:52.855+0800][gc,heap      ] GC(107) Survivor regions: 4->4(9)
[2020-11-05T15:22:52.856+0800][gc,heap      ] GC(107) Old regions: 172->172
[2020-11-05T15:22:52.856+0800][gc,heap      ] GC(107) Archive regions: 2->2
[2020-11-05T15:22:52.856+0800][gc,heap      ] GC(107) Humongous regions: 130->130
[2020-11-05T15:22:52.856+0800][gc,metaspace ] GC(107) Metaspace: 27618K->27618K(1075200K)
[2020-11-05T15:22:52.856+0800][gc           ] GC(107) Pause Young (Normal) (G1 Evacuation Pause) 371M->306M(1024M) 41.043ms
[2020-11-05T15:22:52.856+0800][gc,cpu       ] GC(107) User=0.02s Sys=0.06s Real=0.04s
[2020-11-05T15:23:58.146+0800][gc,start     ] GC(108) Pause Young (Normal) (G1 Evacuation Pause)
[2020-11-05T15:23:58.147+0800][gc,task      ] GC(108) Using 8 workers of 8 for evacuation
[2020-11-05T15:23:58.157+0800][gc,phases    ] GC(108)   Pre Evacuate Collection Set: 0.1ms
[2020-11-05T15:23:58.157+0800][gc,phases    ] GC(108)   Evacuate Collection Set: 9.5ms
[2020-11-05T15:23:58.157+0800][gc,phases    ] GC(108)   Post Evacuate Collection Set: 0.3ms
[2020-11-05T15:23:58.157+0800][gc,phases    ] GC(108)   Other: 1.3ms
[2020-11-05T15:23:58.157+0800][gc,heap      ] GC(108) Eden regions: 47->0(47)
[2020-11-05T15:23:58.157+0800][gc,heap      ] GC(108) Survivor regions: 4->4(7)
[2020-11-05T15:23:58.157+0800][gc,heap      ] GC(108) Old regions: 172->172
[2020-11-05T15:23:58.157+0800][gc,heap      ] GC(108) Archive regions: 2->2
[2020-11-05T15:23:58.157+0800][gc,heap      ] GC(108) Humongous regions: 130->130
[2020-11-05T15:23:58.157+0800][gc,metaspace ] GC(108) Metaspace: 27619K->27619K(1075200K)
[2020-11-05T15:23:58.157+0800][gc           ] GC(108) Pause Young (Normal) (G1 Evacuation Pause) 353M->306M(1024M) 11.336ms
[2020-11-05T15:23:58.157+0800][gc,cpu       ] GC(108) User=0.03s Sys=0.03s Real=0.01s
[2020-11-05T15:25:04.142+0800][gc,start     ] GC(109) Pause Young (Normal) (G1 Evacuation Pause)
[2020-11-05T15:25:04.142+0800][gc,task      ] GC(109) Using 8 workers of 8 for evacuation
[2020-11-05T15:25:04.152+0800][gc,phases    ] GC(109)   Pre Evacuate Collection Set: 0.1ms
[2020-11-05T15:25:04.152+0800][gc,phases    ] GC(109)   Evacuate Collection Set: 9.0ms
[2020-11-05T15:25:04.152+0800][gc,phases    ] GC(109)   Post Evacuate Collection Set: 0.4ms
[2020-11-05T15:25:04.152+0800][gc,phases    ] GC(109)   Other: 0.6ms
[2020-11-05T15:25:04.152+0800][gc,heap      ] GC(109) Eden regions: 47->0(49)
[2020-11-05T15:25:04.152+0800][gc,heap      ] GC(109) Survivor regions: 4->4(7)
[2020-11-05T15:25:04.152+0800][gc,heap      ] GC(109) Old regions: 172->172
[2020-11-05T15:25:04.152+0800][gc,heap      ] GC(109) Archive regions: 2->2
[2020-11-05T15:25:04.152+0800][gc,heap      ] GC(109) Humongous regions: 130->130
[2020-11-05T15:25:04.152+0800][gc,metaspace ] GC(109) Metaspace: 27620K->27620K(1075200K)
[2020-11-05T15:25:04.153+0800][gc           ] GC(109) Pause Young (Normal) (G1 Evacuation Pause) 353M->306M(1024M) 10.986ms
[2020-11-05T15:25:04.153+0800][gc,cpu       ] GC(109) User=0.04s Sys=0.01s Real=0.01s
[2020-11-05T15:26:12.793+0800][gc,start     ] GC(110) Pause Young (Normal) (G1 Evacuation Pause)
[2020-11-05T15:26:12.793+0800][gc,task      ] GC(110) Using 8 workers of 8 for evacuation
[2020-11-05T15:26:12.798+0800][gc,phases    ] GC(110)   Pre Evacuate Collection Set: 0.0ms
[2020-11-05T15:26:12.798+0800][gc,phases    ] GC(110)   Evacuate Collection Set: 4.5ms
[2020-11-05T15:26:12.798+0800][gc,phases    ] GC(110)   Post Evacuate Collection Set: 0.2ms
[2020-11-05T15:26:12.798+0800][gc,phases    ] GC(110)   Other: 0.2ms
[2020-11-05T15:26:12.798+0800][gc,heap      ] GC(110) Eden regions: 49->0(63)
[2020-11-05T15:26:12.798+0800][gc,heap      ] GC(110) Survivor regions: 4->4(7)
[2020-11-05T15:26:12.798+0800][gc,heap      ] GC(110) Old regions: 172->172
[2020-11-05T15:26:12.798+0800][gc,heap      ] GC(110) Archive regions: 2->2
[2020-11-05T15:26:12.798+0800][gc,heap      ] GC(110) Humongous regions: 130->130
[2020-11-05T15:26:12.798+0800][gc,metaspace ] GC(110) Metaspace: 27622K->27622K(1075200K)
[2020-11-05T15:26:12.798+0800][gc           ] GC(110) Pause Young (Normal) (G1 Evacuation Pause) 355M->306M(1024M) 5.182ms
[2020-11-05T15:26:12.798+0800][gc,cpu       ] GC(110) User=0.02s Sys=0.01s Real=0.00s
[2020-11-05T15:27:40.755+0800][gc,start     ] GC(111) Pause Young (Normal) (G1 Evacuation Pause)
[2020-11-05T15:27:40.755+0800][gc,task      ] GC(111) Using 8 workers of 8 for evacuation
[2020-11-05T15:27:40.767+0800][gc,phases    ] GC(111)   Pre Evacuate Collection Set: 0.0ms
[2020-11-05T15:27:40.767+0800][gc,phases    ] GC(111)   Evacuate Collection Set: 10.4ms
[2020-11-05T15:27:40.767+0800][gc,phases    ] GC(111)   Post Evacuate Collection Set: 1.2ms
[2020-11-05T15:27:40.767+0800][gc,phases    ] GC(111)   Other: 1.4ms
[2020-11-05T15:27:40.767+0800][gc,heap      ] GC(111) Eden regions: 63->0(70)
[2020-11-05T15:27:40.767+0800][gc,heap      ] GC(111) Survivor regions: 4->4(9)
[2020-11-05T15:27:40.767+0800][gc,heap      ] GC(111) Old regions: 172->172
[2020-11-05T15:27:40.767+0800][gc,heap      ] GC(111) Archive regions: 2->2
[2020-11-05T15:27:40.767+0800][gc,heap      ] GC(111) Humongous regions: 130->130
[2020-11-05T15:27:40.767+0800][gc,metaspace ] GC(111) Metaspace: 27635K->27635K(1075200K)
[2020-11-05T15:27:40.767+0800][gc           ] GC(111) Pause Young (Normal) (G1 Evacuation Pause) 369M->306M(1024M) 12.596ms
[2020-11-05T15:27:40.767+0800][gc,cpu       ] GC(111) User=0.04s Sys=0.02s Real=0.01s
[2020-11-05T15:29:17.088+0800][gc,start     ] GC(112) Pause Young (Normal) (G1 Evacuation Pause)
[2020-11-05T15:29:17.088+0800][gc,task      ] GC(112) Using 8 workers of 8 for evacuation
[2020-11-05T15:29:17.124+0800][gc,mmu       ] GC(112) MMU target violated: 21.0ms (20.0ms/21.0ms)
[2020-11-05T15:29:17.124+0800][gc,phases    ] GC(112)   Pre Evacuate Collection Set: 0.1ms
[2020-11-05T15:29:17.124+0800][gc,phases    ] GC(112)   Evacuate Collection Set: 35.3ms
[2020-11-05T15:29:17.125+0800][gc,phases    ] GC(112)   Post Evacuate Collection Set: 0.3ms
[2020-11-05T15:29:17.125+0800][gc,phases    ] GC(112)   Other: 0.9ms
[2020-11-05T15:29:17.125+0800][gc,heap      ] GC(112) Eden regions: 70->0(47)
[2020-11-05T15:29:17.125+0800][gc,heap      ] GC(112) Survivor regions: 4->4(10)
[2020-11-05T15:29:17.125+0800][gc,heap      ] GC(112) Old regions: 172->172
[2020-11-05T15:29:17.125+0800][gc,heap      ] GC(112) Archive regions: 2->2
[2020-11-05T15:29:17.125+0800][gc,heap      ] GC(112) Humongous regions: 130->130
[2020-11-05T15:29:17.125+0800][gc,metaspace ] GC(112) Metaspace: 27638K->27638K(1075200K)
[2020-11-05T15:29:17.125+0800][gc           ] GC(112) Pause Young (Normal) (G1 Evacuation Pause) 376M->305M(1024M) 36.600ms
[2020-11-05T15:29:17.125+0800][gc,cpu       ] GC(112) User=0.02s Sys=0.05s Real=0.04s
[2020-11-05T15:30:22.649+0800][gc,start     ] GC(113) Pause Young (Normal) (G1 Evacuation Pause)
[2020-11-05T15:30:22.649+0800][gc,task      ] GC(113) Using 8 workers of 8 for evacuation
[2020-11-05T15:30:22.659+0800][gc,phases    ] GC(113)   Pre Evacuate Collection Set: 0.1ms
[2020-11-05T15:30:22.659+0800][gc,phases    ] GC(113)   Evacuate Collection Set: 7.2ms
[2020-11-05T15:30:22.659+0800][gc,phases    ] GC(113)   Post Evacuate Collection Set: 2.5ms
[2020-11-05T15:30:22.659+0800][gc,phases    ] GC(113)   Other: 0.9ms
[2020-11-05T15:30:22.659+0800][gc,heap      ] GC(113) Eden regions: 47->0(48)
[2020-11-05T15:30:22.659+0800][gc,heap      ] GC(113) Survivor regions: 4->3(7)
[2020-11-05T15:30:22.659+0800][gc,heap      ] GC(113) Old regions: 172->172
[2020-11-05T15:30:22.659+0800][gc,heap      ] GC(113) Archive regions: 2->2
[2020-11-05T15:30:22.659+0800][gc,heap      ] GC(113) Humongous regions: 130->130
[2020-11-05T15:30:22.659+0800][gc,metaspace ] GC(113) Metaspace: 27639K->27639K(1075200K)
[2020-11-05T15:30:22.659+0800][gc           ] GC(113) Pause Young (Normal) (G1 Evacuation Pause) 352M->305M(1024M) 10.800ms
[2020-11-05T15:30:22.659+0800][gc,cpu       ] GC(113) User=0.04s Sys=0.01s Real=0.01s
[2020-11-05T15:31:30.005+0800][gc,start     ] GC(114) Pause Young (Normal) (G1 Evacuation Pause)
[2020-11-05T15:31:30.006+0800][gc,task      ] GC(114) Using 8 workers of 8 for evacuation
[2020-11-05T15:31:30.018+0800][gc,phases    ] GC(114)   Pre Evacuate Collection Set: 0.1ms
[2020-11-05T15:31:30.018+0800][gc,phases    ] GC(114)   Evacuate Collection Set: 11.3ms
[2020-11-05T15:31:30.018+0800][gc,phases    ] GC(114)   Post Evacuate Collection Set: 0.4ms
[2020-11-05T15:31:30.018+0800][gc,phases    ] GC(114)   Other: 1.3ms
[2020-11-05T15:31:30.018+0800][gc,heap      ] GC(114) Eden regions: 48->0(48)
[2020-11-05T15:31:30.018+0800][gc,heap      ] GC(114) Survivor regions: 3->3(7)
[2020-11-05T15:31:30.018+0800][gc,heap      ] GC(114) Old regions: 172->172
[2020-11-05T15:31:30.018+0800][gc,heap      ] GC(114) Archive regions: 2->2
[2020-11-05T15:31:30.018+0800][gc,heap      ] GC(114) Humongous regions: 130->130
[2020-11-05T15:31:30.018+0800][gc,metaspace ] GC(114) Metaspace: 27639K->27639K(1075200K)
[2020-11-05T15:31:30.018+0800][gc           ] GC(114) Pause Young (Normal) (G1 Evacuation Pause) 353M->305M(1024M) 13.247ms
[2020-11-05T15:31:30.018+0800][gc,cpu       ] GC(114) User=0.03s Sys=0.03s Real=0.01s
[2020-11-05T15:32:37.584+0800][gc,start     ] GC(115) Pause Young (Normal) (G1 Evacuation Pause)
[2020-11-05T15:32:37.585+0800][gc,task      ] GC(115) Using 8 workers of 8 for evacuation
[2020-11-05T15:32:37.591+0800][gc,phases    ] GC(115)   Pre Evacuate Collection Set: 0.1ms
[2020-11-05T15:32:37.591+0800][gc,phases    ] GC(115)   Evacuate Collection Set: 4.8ms
[2020-11-05T15:32:37.591+0800][gc,phases    ] GC(115)   Post Evacuate Collection Set: 1.2ms
[2020-11-05T15:32:37.591+0800][gc,phases    ] GC(115)   Other: 0.9ms
[2020-11-05T15:32:37.591+0800][gc,heap      ] GC(115) Eden regions: 48->0(51)
[2020-11-05T15:32:37.591+0800][gc,heap      ] GC(115) Survivor regions: 3->3(7)
[2020-11-05T15:32:37.591+0800][gc,heap      ] GC(115) Old regions: 172->172
[2020-11-05T15:32:37.591+0800][gc,heap      ] GC(115) Archive regions: 2->2
[2020-11-05T15:32:37.591+0800][gc,heap      ] GC(115) Humongous regions: 130->130
[2020-11-05T15:32:37.591+0800][gc,metaspace ] GC(115) Metaspace: 27640K->27640K(1075200K)
[2020-11-05T15:32:37.592+0800][gc           ] GC(115) Pause Young (Normal) (G1 Evacuation Pause) 353M->305M(1024M) 8.117ms
[2020-11-05T15:32:37.592+0800][gc,cpu       ] GC(115) User=0.03s Sys=0.00s Real=0.01s
[2020-11-05T15:33:48.167+0800][gc,start     ] GC(116) Pause Young (Normal) (G1 Evacuation Pause)
[2020-11-05T15:33:48.168+0800][gc,task      ] GC(116) Using 8 workers of 8 for evacuation
[2020-11-05T15:33:48.184+0800][gc,phases    ] GC(116)   Pre Evacuate Collection Set: 0.1ms
[2020-11-05T15:33:48.184+0800][gc,phases    ] GC(116)   Evacuate Collection Set: 14.9ms
[2020-11-05T15:33:48.184+0800][gc,phases    ] GC(116)   Post Evacuate Collection Set: 0.6ms
[2020-11-05T15:33:48.184+0800][gc,phases    ] GC(116)   Other: 1.2ms
[2020-11-05T15:33:48.184+0800][gc,heap      ] GC(116) Eden regions: 51->0(51)
[2020-11-05T15:33:48.184+0800][gc,heap      ] GC(116) Survivor regions: 3->3(7)
[2020-11-05T15:33:48.184+0800][gc,heap      ] GC(116) Old regions: 172->172
[2020-11-05T15:33:48.184+0800][gc,heap      ] GC(116) Archive regions: 2->2
[2020-11-05T15:33:48.184+0800][gc,heap      ] GC(116) Humongous regions: 130->130
[2020-11-05T15:33:48.184+0800][gc,metaspace ] GC(116) Metaspace: 27640K->27640K(1075200K)
[2020-11-05T15:33:48.184+0800][gc           ] GC(116) Pause Young (Normal) (G1 Evacuation Pause) 356M->305M(1024M) 16.953ms
[2020-11-05T15:33:48.184+0800][gc,cpu       ] GC(116) User=0.04s Sys=0.04s Real=0.02s
[2020-11-05T15:34:58.981+0800][gc,start     ] GC(117) Pause Young (Normal) (G1 Evacuation Pause)
[2020-11-05T15:34:58.982+0800][gc,task      ] GC(117) Using 8 workers of 8 for evacuation
[2020-11-05T15:34:58.992+0800][gc,phases    ] GC(117)   Pre Evacuate Collection Set: 0.1ms
[2020-11-05T15:34:58.992+0800][gc,phases    ] GC(117)   Evacuate Collection Set: 8.4ms
[2020-11-05T15:34:58.992+0800][gc,phases    ] GC(117)   Post Evacuate Collection Set: 1.6ms
[2020-11-05T15:34:58.992+0800][gc,phases    ] GC(117)   Other: 1.4ms
[2020-11-05T15:34:58.992+0800][gc,heap      ] GC(117) Eden regions: 51->0(53)
[2020-11-05T15:34:58.992+0800][gc,heap      ] GC(117) Survivor regions: 3->4(7)
[2020-11-05T15:34:58.992+0800][gc,heap      ] GC(117) Old regions: 172->172
[2020-11-05T15:34:58.992+0800][gc,heap      ] GC(117) Archive regions: 2->2
[2020-11-05T15:34:58.992+0800][gc,heap      ] GC(117) Humongous regions: 130->130
[2020-11-05T15:34:58.992+0800][gc,metaspace ] GC(117) Metaspace: 27645K->27645K(1075200K)
[2020-11-05T15:34:58.992+0800][gc           ] GC(117) Pause Young (Normal) (G1 Evacuation Pause) 356M->305M(1024M) 11.638ms
[2020-11-05T15:34:58.992+0800][gc,cpu       ] GC(117) User=0.04s Sys=0.01s Real=0.01s
[2020-11-05T15:36:12.917+0800][gc,start     ] GC(118) Pause Young (Normal) (G1 Evacuation Pause)
[2020-11-05T15:36:12.917+0800][gc,task      ] GC(118) Using 8 workers of 8 for evacuation
[2020-11-05T15:36:12.927+0800][gc,phases    ] GC(118)   Pre Evacuate Collection Set: 0.1ms
[2020-11-05T15:36:12.927+0800][gc,phases    ] GC(118)   Evacuate Collection Set: 9.1ms
[2020-11-05T15:36:12.927+0800][gc,phases    ] GC(118)   Post Evacuate Collection Set: 0.3ms
[2020-11-05T15:36:12.927+0800][gc,phases    ] GC(118)   Other: 0.9ms
[2020-11-05T15:36:12.927+0800][gc,heap      ] GC(118) Eden regions: 53->0(55)
[2020-11-05T15:36:12.927+0800][gc,heap      ] GC(118) Survivor regions: 4->4(8)
[2020-11-05T15:36:12.927+0800][gc,heap      ] GC(118) Old regions: 172->172
[2020-11-05T15:36:12.927+0800][gc,heap      ] GC(118) Archive regions: 2->2
[2020-11-05T15:36:12.927+0800][gc,heap      ] GC(118) Humongous regions: 130->130
[2020-11-05T15:36:12.927+0800][gc,metaspace ] GC(118) Metaspace: 27645K->27645K(1075200K)
[2020-11-05T15:36:12.927+0800][gc           ] GC(118) Pause Young (Normal) (G1 Evacuation Pause) 358M->306M(1024M) 10.611ms
[2020-11-05T15:36:12.927+0800][gc,cpu       ] GC(118) User=0.03s Sys=0.02s Real=0.01s
[2020-11-05T15:37:29.492+0800][gc,start     ] GC(119) Pause Young (Normal) (G1 Evacuation Pause)
[2020-11-05T15:37:29.492+0800][gc,task      ] GC(119) Using 8 workers of 8 for evacuation
[2020-11-05T15:37:29.506+0800][gc,phases    ] GC(119)   Pre Evacuate Collection Set: 0.1ms
[2020-11-05T15:37:29.506+0800][gc,phases    ] GC(119)   Evacuate Collection Set: 11.4ms
[2020-11-05T15:37:29.506+0800][gc,phases    ] GC(119)   Post Evacuate Collection Set: 1.5ms
[2020-11-05T15:37:29.506+0800][gc,phases    ] GC(119)   Other: 1.1ms
[2020-11-05T15:37:29.506+0800][gc,heap      ] GC(119) Eden regions: 55->0(56)
[2020-11-05T15:37:29.506+0800][gc,heap      ] GC(119) Survivor regions: 4->3(8)
[2020-11-05T15:37:29.506+0800][gc,heap      ] GC(119) Old regions: 172->172
[2020-11-05T15:37:29.506+0800][gc,heap      ] GC(119) Archive regions: 2->2
[2020-11-05T15:37:29.506+0800][gc,heap      ] GC(119) Humongous regions: 130->130
[2020-11-05T15:37:29.506+0800][gc,metaspace ] GC(119) Metaspace: 27645K->27645K(1075200K)
[2020-11-05T15:37:29.506+0800][gc           ] GC(119) Pause Young (Normal) (G1 Evacuation Pause) 361M->305M(1024M) 14.186ms
[2020-11-05T15:37:29.506+0800][gc,cpu       ] GC(119) User=0.04s Sys=0.03s Real=0.01s
[2020-11-05T15:38:46.917+0800][gc,start     ] GC(120) Pause Young (Normal) (G1 Evacuation Pause)
[2020-11-05T15:38:46.917+0800][gc,task      ] GC(120) Using 8 workers of 8 for evacuation
[2020-11-05T15:38:46.926+0800][gc,phases    ] GC(120)   Pre Evacuate Collection Set: 0.2ms
[2020-11-05T15:38:46.926+0800][gc,phases    ] GC(120)   Evacuate Collection Set: 7.7ms
[2020-11-05T15:38:46.926+0800][gc,phases    ] GC(120)   Post Evacuate Collection Set: 0.3ms
[2020-11-05T15:38:46.926+0800][gc,phases    ] GC(120)   Other: 1.2ms
[2020-11-05T15:38:46.926+0800][gc,heap      ] GC(120) Eden regions: 56->0(60)
[2020-11-05T15:38:46.926+0800][gc,heap      ] GC(120) Survivor regions: 3->3(8)
[2020-11-05T15:38:46.926+0800][gc,heap      ] GC(120) Old regions: 172->173
[2020-11-05T15:38:46.926+0800][gc,heap      ] GC(120) Archive regions: 2->2
[2020-11-05T15:38:46.926+0800][gc,heap      ] GC(120) Humongous regions: 130->130
[2020-11-05T15:38:46.926+0800][gc,metaspace ] GC(120) Metaspace: 27645K->27645K(1075200K)
[2020-11-05T15:38:46.926+0800][gc           ] GC(120) Pause Young (Normal) (G1 Evacuation Pause) 361M->306M(1024M) 9.392ms
[2020-11-05T15:38:46.926+0800][gc,cpu       ] GC(120) User=0.03s Sys=0.01s Real=0.01s
[2020-11-05T15:40:10.428+0800][gc,start     ] GC(121) Pause Young (Normal) (G1 Evacuation Pause)
[2020-11-05T15:40:10.429+0800][gc,task      ] GC(121) Using 8 workers of 8 for evacuation
[2020-11-05T15:40:10.438+0800][gc,phases    ] GC(121)   Pre Evacuate Collection Set: 0.0ms
[2020-11-05T15:40:10.438+0800][gc,phases    ] GC(121)   Evacuate Collection Set: 7.9ms
[2020-11-05T15:40:10.438+0800][gc,phases    ] GC(121)   Post Evacuate Collection Set: 0.3ms
[2020-11-05T15:40:10.438+0800][gc,phases    ] GC(121)   Other: 1.6ms
[2020-11-05T15:40:10.438+0800][gc,heap      ] GC(121) Eden regions: 60->0(63)
[2020-11-05T15:40:10.438+0800][gc,heap      ] GC(121) Survivor regions: 3->3(8)
[2020-11-05T15:40:10.438+0800][gc,heap      ] GC(121) Old regions: 173->173
[2020-11-05T15:40:10.438+0800][gc,heap      ] GC(121) Archive regions: 2->2
[2020-11-05T15:40:10.438+0800][gc,heap      ] GC(121) Humongous regions: 130->130
[2020-11-05T15:40:10.438+0800][gc,metaspace ] GC(121) Metaspace: 27645K->27645K(1075200K)
[2020-11-05T15:40:10.438+0800][gc           ] GC(121) Pause Young (Normal) (G1 Evacuation Pause) 366M->306M(1024M) 9.952ms
[2020-11-05T15:40:10.438+0800][gc,cpu       ] GC(121) User=0.01s Sys=0.02s Real=0.01s
[2020-11-05T15:41:38.731+0800][gc,start     ] GC(122) Pause Young (Normal) (G1 Evacuation Pause)
[2020-11-05T15:41:38.731+0800][gc,task      ] GC(122) Using 8 workers of 8 for evacuation
[2020-11-05T15:41:38.740+0800][gc,phases    ] GC(122)   Pre Evacuate Collection Set: 0.0ms
[2020-11-05T15:41:38.740+0800][gc,phases    ] GC(122)   Evacuate Collection Set: 6.6ms
[2020-11-05T15:41:38.740+0800][gc,phases    ] GC(122)   Post Evacuate Collection Set: 1.0ms
[2020-11-05T15:41:38.740+0800][gc,phases    ] GC(122)   Other: 1.3ms
[2020-11-05T15:41:38.740+0800][gc,heap      ] GC(122) Eden regions: 63->0(69)
[2020-11-05T15:41:38.740+0800][gc,heap      ] GC(122) Survivor regions: 3->3(9)
[2020-11-05T15:41:38.740+0800][gc,heap      ] GC(122) Old regions: 173->173
[2020-11-05T15:41:38.740+0800][gc,heap      ] GC(122) Archive regions: 2->2
[2020-11-05T15:41:38.740+0800][gc,heap      ] GC(122) Humongous regions: 130->130
[2020-11-05T15:41:38.740+0800][gc,metaspace ] GC(122) Metaspace: 27645K->27645K(1075200K)
[2020-11-05T15:41:38.740+0800][gc           ] GC(122) Pause Young (Normal) (G1 Evacuation Pause) 369M->306M(1024M) 9.102ms
[2020-11-05T15:41:38.740+0800][gc,cpu       ] GC(122) User=0.01s Sys=0.02s Real=0.01s
[2020-11-05T15:43:15.506+0800][gc,start     ] GC(123) Pause Young (Normal) (G1 Evacuation Pause)
[2020-11-05T15:43:15.507+0800][gc,task      ] GC(123) Using 8 workers of 8 for evacuation
[2020-11-05T15:43:15.520+0800][gc,phases    ] GC(123)   Pre Evacuate Collection Set: 0.0ms
[2020-11-05T15:43:15.520+0800][gc,phases    ] GC(123)   Evacuate Collection Set: 12.4ms
[2020-11-05T15:43:15.520+0800][gc,phases    ] GC(123)   Post Evacuate Collection Set: 0.3ms
[2020-11-05T15:43:15.520+0800][gc,phases    ] GC(123)   Other: 1.2ms
[2020-11-05T15:43:15.520+0800][gc,heap      ] GC(123) Eden regions: 69->0(68)
[2020-11-05T15:43:15.520+0800][gc,heap      ] GC(123) Survivor regions: 3->3(9)
[2020-11-05T15:43:15.520+0800][gc,heap      ] GC(123) Old regions: 173->173
[2020-11-05T15:43:15.520+0800][gc,heap      ] GC(123) Archive regions: 2->2
[2020-11-05T15:43:15.520+0800][gc,heap      ] GC(123) Humongous regions: 130->130
[2020-11-05T15:43:15.520+0800][gc,metaspace ] GC(123) Metaspace: 27645K->27645K(1075200K)
[2020-11-05T15:43:15.520+0800][gc           ] GC(123) Pause Young (Normal) (G1 Evacuation Pause) 375M->306M(1024M) 14.027ms
[2020-11-05T15:43:15.520+0800][gc,cpu       ] GC(123) User=0.02s Sys=0.03s Real=0.02s
[2020-11-05T15:44:50.431+0800][gc,start     ] GC(124) Pause Young (Normal) (G1 Evacuation Pause)
[2020-11-05T15:44:50.432+0800][gc,task      ] GC(124) Using 8 workers of 8 for evacuation
[2020-11-05T15:44:50.437+0800][gc,phases    ] GC(124)   Pre Evacuate Collection Set: 0.0ms
[2020-11-05T15:44:50.437+0800][gc,phases    ] GC(124)   Evacuate Collection Set: 4.5ms
[2020-11-05T15:44:50.437+0800][gc,phases    ] GC(124)   Post Evacuate Collection Set: 0.3ms
[2020-11-05T15:44:50.437+0800][gc,phases    ] GC(124)   Other: 1.0ms
[2020-11-05T15:44:50.437+0800][gc,heap      ] GC(124) Eden regions: 68->0(75)
[2020-11-05T15:44:50.437+0800][gc,heap      ] GC(124) Survivor regions: 3->3(9)
[2020-11-05T15:44:50.437+0800][gc,heap      ] GC(124) Old regions: 173->173
[2020-11-05T15:44:50.437+0800][gc,heap      ] GC(124) Archive regions: 2->2
[2020-11-05T15:44:50.437+0800][gc,heap      ] GC(124) Humongous regions: 130->130
[2020-11-05T15:44:50.437+0800][gc,metaspace ] GC(124) Metaspace: 27645K->27645K(1075200K)
[2020-11-05T15:44:50.437+0800][gc           ] GC(124) Pause Young (Normal) (G1 Evacuation Pause) 374M->306M(1024M) 5.912ms
[2020-11-05T15:44:50.437+0800][gc,cpu       ] GC(124) User=0.01s Sys=0.01s Real=0.00s
[2020-11-05T15:46:35.361+0800][gc,start     ] GC(125) Pause Young (Normal) (G1 Evacuation Pause)
[2020-11-05T15:46:35.362+0800][gc,task      ] GC(125) Using 8 workers of 8 for evacuation
[2020-11-05T15:46:35.392+0800][gc,mmu       ] GC(125) MMU target violated: 21.0ms (20.0ms/21.0ms)
[2020-11-05T15:46:35.392+0800][gc,phases    ] GC(125)   Pre Evacuate Collection Set: 0.1ms
[2020-11-05T15:46:35.392+0800][gc,phases    ] GC(125)   Evacuate Collection Set: 24.8ms
[2020-11-05T15:46:35.392+0800][gc,phases    ] GC(125)   Post Evacuate Collection Set: 2.0ms
[2020-11-05T15:46:35.392+0800][gc,phases    ] GC(125)   Other: 4.3ms
[2020-11-05T15:46:35.392+0800][gc,heap      ] GC(125) Eden regions: 75->0(53)
[2020-11-05T15:46:35.392+0800][gc,heap      ] GC(125) Survivor regions: 3->3(10)
[2020-11-05T15:46:35.392+0800][gc,heap      ] GC(125) Old regions: 173->174
[2020-11-05T15:46:35.392+0800][gc,heap      ] GC(125) Archive regions: 2->2
[2020-11-05T15:46:35.392+0800][gc,heap      ] GC(125) Humongous regions: 130->130
[2020-11-05T15:46:35.392+0800][gc,metaspace ] GC(125) Metaspace: 27645K->27645K(1075200K)
[2020-11-05T15:46:35.392+0800][gc           ] GC(125) Pause Young (Normal) (G1 Evacuation Pause) 381M->305M(1024M) 31.135ms
[2020-11-05T15:46:35.392+0800][gc,cpu       ] GC(125) User=0.01s Sys=0.04s Real=0.03s
[2020-11-05T15:47:48.119+0800][gc,start     ] GC(126) Pause Young (Normal) (G1 Evacuation Pause)
[2020-11-05T15:47:48.120+0800][gc,task      ] GC(126) Using 8 workers of 8 for evacuation
[2020-11-05T15:47:48.129+0800][gc,phases    ] GC(126)   Pre Evacuate Collection Set: 0.0ms
[2020-11-05T15:47:48.129+0800][gc,phases    ] GC(126)   Evacuate Collection Set: 8.9ms
[2020-11-05T15:47:48.129+0800][gc,phases    ] GC(126)   Post Evacuate Collection Set: 0.3ms
[2020-11-05T15:47:48.130+0800][gc,phases    ] GC(126)   Other: 0.8ms
[2020-11-05T15:47:48.130+0800][gc,heap      ] GC(126) Eden regions: 53->0(61)
[2020-11-05T15:47:48.130+0800][gc,heap      ] GC(126) Survivor regions: 3->3(7)
[2020-11-05T15:47:48.130+0800][gc,heap      ] GC(126) Old regions: 174->174
[2020-11-05T15:47:48.130+0800][gc,heap      ] GC(126) Archive regions: 2->2
[2020-11-05T15:47:48.130+0800][gc,heap      ] GC(126) Humongous regions: 130->130
[2020-11-05T15:47:48.130+0800][gc,metaspace ] GC(126) Metaspace: 27645K->27645K(1075200K)
[2020-11-05T15:47:48.130+0800][gc           ] GC(126) Pause Young (Normal) (G1 Evacuation Pause) 358M->306M(1024M) 10.261ms
[2020-11-05T15:47:48.130+0800][gc,cpu       ] GC(126) User=0.02s Sys=0.02s Real=0.02s
[2020-11-05T15:49:13.289+0800][gc,start     ] GC(127) Pause Young (Normal) (G1 Evacuation Pause)
[2020-11-05T15:49:13.289+0800][gc,task      ] GC(127) Using 8 workers of 8 for evacuation
[2020-11-05T15:49:13.292+0800][gc,phases    ] GC(127)   Pre Evacuate Collection Set: 0.0ms
[2020-11-05T15:49:13.292+0800][gc,phases    ] GC(127)   Evacuate Collection Set: 2.1ms
[2020-11-05T15:49:13.292+0800][gc,phases    ] GC(127)   Post Evacuate Collection Set: 0.2ms
[2020-11-05T15:49:13.292+0800][gc,phases    ] GC(127)   Other: 0.4ms
[2020-11-05T15:49:13.292+0800][gc,heap      ] GC(127) Eden regions: 61->0(76)
[2020-11-05T15:49:13.292+0800][gc,heap      ] GC(127) Survivor regions: 3->3(8)
[2020-11-05T15:49:13.292+0800][gc,heap      ] GC(127) Old regions: 174->174
[2020-11-05T15:49:13.292+0800][gc,heap      ] GC(127) Archive regions: 2->2
[2020-11-05T15:49:13.292+0800][gc,heap      ] GC(127) Humongous regions: 130->130
[2020-11-05T15:49:13.292+0800][gc,metaspace ] GC(127) Metaspace: 27645K->27645K(1075200K)
[2020-11-05T15:49:13.292+0800][gc           ] GC(127) Pause Young (Normal) (G1 Evacuation Pause) 367M->306M(1024M) 3.303ms
[2020-11-05T15:49:13.292+0800][gc,cpu       ] GC(127) User=0.01s Sys=0.00s Real=0.01s
[2020-11-05T15:50:59.388+0800][gc,start     ] GC(128) Pause Young (Normal) (G1 Evacuation Pause)
[2020-11-05T15:50:59.389+0800][gc,task      ] GC(128) Using 8 workers of 8 for evacuation
[2020-11-05T15:50:59.421+0800][gc,mmu       ] GC(128) MMU target violated: 21.0ms (20.0ms/21.0ms)
[2020-11-05T15:50:59.421+0800][gc,phases    ] GC(128)   Pre Evacuate Collection Set: 0.1ms
[2020-11-05T15:50:59.421+0800][gc,phases    ] GC(128)   Evacuate Collection Set: 25.5ms
[2020-11-05T15:50:59.421+0800][gc,phases    ] GC(128)   Post Evacuate Collection Set: 2.6ms
[2020-11-05T15:50:59.421+0800][gc,phases    ] GC(128)   Other: 5.4ms
[2020-11-05T15:50:59.421+0800][gc,heap      ] GC(128) Eden regions: 76->0(52)
[2020-11-05T15:50:59.421+0800][gc,heap      ] GC(128) Survivor regions: 3->3(10)
[2020-11-05T15:50:59.421+0800][gc,heap      ] GC(128) Old regions: 174->174
[2020-11-05T15:50:59.421+0800][gc,heap      ] GC(128) Archive regions: 2->2
[2020-11-05T15:50:59.421+0800][gc,heap      ] GC(128) Humongous regions: 130->130
[2020-11-05T15:50:59.421+0800][gc,metaspace ] GC(128) Metaspace: 27645K->27645K(1075200K)
[2020-11-05T15:50:59.421+0800][gc           ] GC(128) Pause Young (Normal) (G1 Evacuation Pause) 382M->306M(1024M) 32.886ms
[2020-11-05T15:50:59.421+0800][gc,cpu       ] GC(128) User=0.02s Sys=0.06s Real=0.04s
[2020-11-05T15:52:11.348+0800][gc,start     ] GC(129) Pause Young (Normal) (G1 Evacuation Pause)
[2020-11-05T15:52:11.349+0800][gc,task      ] GC(129) Using 8 workers of 8 for evacuation
[2020-11-05T15:52:11.355+0800][gc,phases    ] GC(129)   Pre Evacuate Collection Set: 0.0ms
[2020-11-05T15:52:11.355+0800][gc,phases    ] GC(129)   Evacuate Collection Set: 4.4ms
[2020-11-05T15:52:11.355+0800][gc,phases    ] GC(129)   Post Evacuate Collection Set: 0.2ms
[2020-11-05T15:52:11.355+0800][gc,phases    ] GC(129)   Other: 2.0ms
[2020-11-05T15:52:11.355+0800][gc,heap      ] GC(129) Eden regions: 52->0(71)
[2020-11-05T15:52:11.355+0800][gc,heap      ] GC(129) Survivor regions: 3->4(7)
[2020-11-05T15:52:11.355+0800][gc,heap      ] GC(129) Old regions: 174->174
[2020-11-05T15:52:11.355+0800][gc,heap      ] GC(129) Archive regions: 2->2
[2020-11-05T15:52:11.355+0800][gc,heap      ] GC(129) Humongous regions: 130->130
[2020-11-05T15:52:11.355+0800][gc,metaspace ] GC(129) Metaspace: 27645K->27645K(1075200K)
[2020-11-05T15:52:11.355+0800][gc           ] GC(129) Pause Young (Normal) (G1 Evacuation Pause) 358M->307M(1024M) 7.386ms
[2020-11-05T15:52:11.355+0800][gc,cpu       ] GC(129) User=0.01s Sys=0.01s Real=0.01s
[2020-11-05T15:53:50.576+0800][gc,start     ] GC(130) Pause Young (Normal) (G1 Evacuation Pause)
[2020-11-05T15:53:50.576+0800][gc,task      ] GC(130) Using 8 workers of 8 for evacuation
[2020-11-05T15:53:50.579+0800][gc,phases    ] GC(130)   Pre Evacuate Collection Set: 0.0ms
[2020-11-05T15:53:50.579+0800][gc,phases    ] GC(130)   Evacuate Collection Set: 2.6ms
[2020-11-05T15:53:50.579+0800][gc,phases    ] GC(130)   Post Evacuate Collection Set: 0.3ms
[2020-11-05T15:53:50.579+0800][gc,phases    ] GC(130)   Other: 0.3ms
[2020-11-05T15:53:50.580+0800][gc,heap      ] GC(130) Eden regions: 71->0(133)
[2020-11-05T15:53:50.580+0800][gc,heap      ] GC(130) Survivor regions: 4->3(10)
[2020-11-05T15:53:50.580+0800][gc,heap      ] GC(130) Old regions: 174->174
[2020-11-05T15:53:50.580+0800][gc,heap      ] GC(130) Archive regions: 2->2
[2020-11-05T15:53:50.580+0800][gc,heap      ] GC(130) Humongous regions: 130->130
[2020-11-05T15:53:50.580+0800][gc,metaspace ] GC(130) Metaspace: 27645K->27645K(1075200K)
[2020-11-05T15:53:50.580+0800][gc           ] GC(130) Pause Young (Normal) (G1 Evacuation Pause) 378M->306M(1024M) 3.393ms
[2020-11-05T15:53:50.580+0800][gc,cpu       ] GC(130) User=0.02s Sys=0.00s Real=0.01s
[2020-11-05T15:56:57.026+0800][gc,start     ] GC(131) Pause Young (Normal) (G1 Evacuation Pause)
[2020-11-05T15:56:57.027+0800][gc,task      ] GC(131) Using 8 workers of 8 for evacuation
[2020-11-05T15:56:57.041+0800][gc,phases    ] GC(131)   Pre Evacuate Collection Set: 0.1ms
[2020-11-05T15:56:57.041+0800][gc,phases    ] GC(131)   Evacuate Collection Set: 5.5ms
[2020-11-05T15:56:57.041+0800][gc,phases    ] GC(131)   Post Evacuate Collection Set: 4.5ms
[2020-11-05T15:56:57.041+0800][gc,phases    ] GC(131)   Other: 5.5ms
[2020-11-05T15:56:57.041+0800][gc,heap      ] GC(131) Eden regions: 133->0(139)
[2020-11-05T15:56:57.041+0800][gc,heap      ] GC(131) Survivor regions: 3->3(17)
[2020-11-05T15:56:57.041+0800][gc,heap      ] GC(131) Old regions: 174->174
[2020-11-05T15:56:57.041+0800][gc,heap      ] GC(131) Archive regions: 2->2
[2020-11-05T15:56:57.041+0800][gc,heap      ] GC(131) Humongous regions: 130->130
[2020-11-05T15:56:57.042+0800][gc,metaspace ] GC(131) Metaspace: 27664K->27664K(1075200K)
[2020-11-05T15:56:57.042+0800][gc           ] GC(131) Pause Young (Normal) (G1 Evacuation Pause) 439M->306M(1024M) 15.640ms
[2020-11-05T15:56:57.042+0800][gc,cpu       ] GC(131) User=0.02s Sys=0.01s Real=0.02s
[2020-11-05T16:00:12.198+0800][gc,start     ] GC(132) Pause Young (Normal) (G1 Evacuation Pause)
[2020-11-05T16:00:12.198+0800][gc,task      ] GC(132) Using 8 workers of 8 for evacuation
[2020-11-05T16:00:12.211+0800][gc,phases    ] GC(132)   Pre Evacuate Collection Set: 0.1ms
[2020-11-05T16:00:12.211+0800][gc,phases    ] GC(132)   Evacuate Collection Set: 10.6ms
[2020-11-05T16:00:12.211+0800][gc,phases    ] GC(132)   Post Evacuate Collection Set: 0.8ms
[2020-11-05T16:00:12.211+0800][gc,phases    ] GC(132)   Other: 1.2ms
[2020-11-05T16:00:12.211+0800][gc,heap      ] GC(132) Eden regions: 139->0(145)
[2020-11-05T16:00:12.211+0800][gc,heap      ] GC(132) Survivor regions: 3->4(18)
[2020-11-05T16:00:12.211+0800][gc,heap      ] GC(132) Old regions: 174->174
[2020-11-05T16:00:12.211+0800][gc,heap      ] GC(132) Archive regions: 2->2
[2020-11-05T16:00:12.211+0800][gc,heap      ] GC(132) Humongous regions: 130->130
[2020-11-05T16:00:12.211+0800][gc,metaspace ] GC(132) Metaspace: 27666K->27666K(1075200K)
[2020-11-05T16:00:12.211+0800][gc           ] GC(132) Pause Young (Normal) (G1 Evacuation Pause) 445M->307M(1024M) 12.776ms
[2020-11-05T16:00:12.211+0800][gc,cpu       ] GC(132) User=0.02s Sys=0.01s Real=0.02s
[2020-11-05T16:03:35.972+0800][gc,start     ] GC(133) Pause Young (Normal) (G1 Evacuation Pause)
[2020-11-05T16:03:35.972+0800][gc,task      ] GC(133) Using 8 workers of 8 for evacuation
[2020-11-05T16:03:35.982+0800][gc,phases    ] GC(133)   Pre Evacuate Collection Set: 0.1ms
[2020-11-05T16:03:35.983+0800][gc,phases    ] GC(133)   Evacuate Collection Set: 8.7ms
[2020-11-05T16:03:35.983+0800][gc,phases    ] GC(133)   Post Evacuate Collection Set: 0.5ms
[2020-11-05T16:03:35.983+0800][gc,phases    ] GC(133)   Other: 1.5ms
[2020-11-05T16:03:35.983+0800][gc,heap      ] GC(133) Eden regions: 145->0(172)
[2020-11-05T16:03:35.983+0800][gc,heap      ] GC(133) Survivor regions: 4->4(19)
[2020-11-05T16:03:35.983+0800][gc,heap      ] GC(133) Old regions: 174->174
[2020-11-05T16:03:35.983+0800][gc,heap      ] GC(133) Archive regions: 2->2
[2020-11-05T16:03:35.983+0800][gc,heap      ] GC(133) Humongous regions: 130->130
[2020-11-05T16:03:35.983+0800][gc,metaspace ] GC(133) Metaspace: 27667K->27667K(1075200K)
[2020-11-05T16:03:35.983+0800][gc           ] GC(133) Pause Young (Normal) (G1 Evacuation Pause) 452M->307M(1024M) 10.871ms
[2020-11-05T16:03:35.983+0800][gc,cpu       ] GC(133) User=0.04s Sys=0.02s Real=0.01s
[2020-11-05T16:07:37.573+0800][gc,start     ] GC(134) Pause Young (Normal) (G1 Evacuation Pause)
[2020-11-05T16:07:37.575+0800][gc,task      ] GC(134) Using 8 workers of 8 for evacuation
[2020-11-05T16:07:37.593+0800][gc,phases    ] GC(134)   Pre Evacuate Collection Set: 0.1ms
[2020-11-05T16:07:37.593+0800][gc,phases    ] GC(134)   Evacuate Collection Set: 11.0ms
[2020-11-05T16:07:37.593+0800][gc,phases    ] GC(134)   Post Evacuate Collection Set: 1.5ms
[2020-11-05T16:07:37.593+0800][gc,phases    ] GC(134)   Other: 7.2ms
[2020-11-05T16:07:37.593+0800][gc,heap      ] GC(134) Eden regions: 172->0(220)
[2020-11-05T16:07:37.593+0800][gc,heap      ] GC(134) Survivor regions: 4->3(22)
[2020-11-05T16:07:37.593+0800][gc,heap      ] GC(134) Old regions: 174->174
[2020-11-05T16:07:37.593+0800][gc,heap      ] GC(134) Archive regions: 2->2
[2020-11-05T16:07:37.593+0800][gc,heap      ] GC(134) Humongous regions: 130->130
[2020-11-05T16:07:37.593+0800][gc,metaspace ] GC(134) Metaspace: 27688K->27688K(1075200K)
[2020-11-05T16:07:37.593+0800][gc           ] GC(134) Pause Young (Normal) (G1 Evacuation Pause) 479M->306M(1024M) 19.758ms
[2020-11-05T16:07:37.593+0800][gc,cpu       ] GC(134) User=0.03s Sys=0.05s Real=0.02s
[2020-11-05T16:12:47.124+0800][gc,start     ] GC(135) Pause Young (Normal) (G1 Evacuation Pause)
[2020-11-05T16:12:47.125+0800][gc,task      ] GC(135) Using 8 workers of 8 for evacuation
[2020-11-05T16:12:47.138+0800][gc,phases    ] GC(135)   Pre Evacuate Collection Set: 0.2ms
[2020-11-05T16:12:47.138+0800][gc,phases    ] GC(135)   Evacuate Collection Set: 9.0ms
[2020-11-05T16:12:47.139+0800][gc,phases    ] GC(135)   Post Evacuate Collection Set: 0.6ms
[2020-11-05T16:12:47.139+0800][gc,phases    ] GC(135)   Other: 4.3ms
[2020-11-05T16:12:47.139+0800][gc,heap      ] GC(135) Eden regions: 220->0(224)
[2020-11-05T16:12:47.139+0800][gc,heap      ] GC(135) Survivor regions: 3->4(28)
[2020-11-05T16:12:47.139+0800][gc,heap      ] GC(135) Old regions: 174->174
[2020-11-05T16:12:47.139+0800][gc,heap      ] GC(135) Archive regions: 2->2
[2020-11-05T16:12:47.139+0800][gc,heap      ] GC(135) Humongous regions: 130->130
[2020-11-05T16:12:47.139+0800][gc,metaspace ] GC(135) Metaspace: 27693K->27693K(1075200K)
[2020-11-05T16:12:47.139+0800][gc           ] GC(135) Pause Young (Normal) (G1 Evacuation Pause) 526M->307M(1024M) 15.020ms
[2020-11-05T16:12:47.140+0800][gc,cpu       ] GC(135) User=0.03s Sys=0.02s Real=0.02s
[2020-11-05T16:18:03.236+0800][gc,start     ] GC(136) Pause Young (Normal) (G1 Evacuation Pause)
[2020-11-05T16:18:03.237+0800][gc,task      ] GC(136) Using 8 workers of 8 for evacuation
[2020-11-05T16:18:03.245+0800][gc,phases    ] GC(136)   Pre Evacuate Collection Set: 0.1ms
[2020-11-05T16:18:03.245+0800][gc,phases    ] GC(136)   Evacuate Collection Set: 7.3ms
[2020-11-05T16:18:03.245+0800][gc,phases    ] GC(136)   Post Evacuate Collection Set: 0.5ms
[2020-11-05T16:18:03.245+0800][gc,phases    ] GC(136)   Other: 1.2ms
[2020-11-05T16:18:03.246+0800][gc,heap      ] GC(136) Eden regions: 224->0(251)
[2020-11-05T16:18:03.246+0800][gc,heap      ] GC(136) Survivor regions: 4->4(29)
[2020-11-05T16:18:03.246+0800][gc,heap      ] GC(136) Old regions: 174->174
[2020-11-05T16:18:03.246+0800][gc,heap      ] GC(136) Archive regions: 2->2
[2020-11-05T16:18:03.246+0800][gc,heap      ] GC(136) Humongous regions: 130->130
[2020-11-05T16:18:03.246+0800][gc,metaspace ] GC(136) Metaspace: 27694K->27694K(1075200K)
[2020-11-05T16:18:03.246+0800][gc           ] GC(136) Pause Young (Normal) (G1 Evacuation Pause) 531M->308M(1024M) 9.297ms
[2020-11-05T16:18:03.246+0800][gc,cpu       ] GC(136) User=0.03s Sys=0.01s Real=0.01s
[2020-11-05T16:23:54.718+0800][gc,start     ] GC(137) Pause Young (Normal) (G1 Evacuation Pause)
[2020-11-05T16:23:54.718+0800][gc,task      ] GC(137) Using 8 workers of 8 for evacuation
[2020-11-05T16:23:54.729+0800][gc,phases    ] GC(137)   Pre Evacuate Collection Set: 0.1ms
[2020-11-05T16:23:54.729+0800][gc,phases    ] GC(137)   Evacuate Collection Set: 8.3ms
[2020-11-05T16:23:54.729+0800][gc,phases    ] GC(137)   Post Evacuate Collection Set: 1.4ms
[2020-11-05T16:23:54.729+0800][gc,phases    ] GC(137)   Other: 0.6ms
[2020-11-05T16:23:54.729+0800][gc,heap      ] GC(137) Eden regions: 251->0(260)
[2020-11-05T16:23:54.729+0800][gc,heap      ] GC(137) Survivor regions: 4->5(32)
[2020-11-05T16:23:54.729+0800][gc,heap      ] GC(137) Old regions: 174->174
[2020-11-05T16:23:54.729+0800][gc,heap      ] GC(137) Archive regions: 2->2
[2020-11-05T16:23:54.729+0800][gc,heap      ] GC(137) Humongous regions: 130->130
[2020-11-05T16:23:54.729+0800][gc,metaspace ] GC(137) Metaspace: 27705K->27705K(1075200K)
[2020-11-05T16:23:54.730+0800][gc           ] GC(137) Pause Young (Normal) (G1 Evacuation Pause) 559M->308M(1024M) 11.539ms
[2020-11-05T16:23:54.730+0800][gc,cpu       ] GC(137) User=0.04s Sys=0.01s Real=0.02s
[2020-11-05T16:30:01.020+0800][gc,start     ] GC(138) Pause Young (Normal) (G1 Evacuation Pause)
[2020-11-05T16:30:01.022+0800][gc,task      ] GC(138) Using 8 workers of 8 for evacuation
[2020-11-05T16:30:01.042+0800][gc,mmu       ] GC(138) MMU target violated: 20.3ms (20.0ms/21.0ms)
[2020-11-05T16:30:01.042+0800][gc,phases    ] GC(138)   Pre Evacuate Collection Set: 0.1ms
[2020-11-05T16:30:01.042+0800][gc,phases    ] GC(138)   Evacuate Collection Set: 12.7ms
[2020-11-05T16:30:01.042+0800][gc,phases    ] GC(138)   Post Evacuate Collection Set: 1.1ms
[2020-11-05T16:30:01.042+0800][gc,phases    ] GC(138)   Other: 8.1ms
[2020-11-05T16:30:01.042+0800][gc,heap      ] GC(138) Eden regions: 260->0(291)
[2020-11-05T16:30:01.042+0800][gc,heap      ] GC(138) Survivor regions: 5->5(34)
[2020-11-05T16:30:01.042+0800][gc,heap      ] GC(138) Old regions: 174->174
[2020-11-05T16:30:01.042+0800][gc,heap      ] GC(138) Archive regions: 2->2
[2020-11-05T16:30:01.042+0800][gc,heap      ] GC(138) Humongous regions: 130->130
[2020-11-05T16:30:01.042+0800][gc,metaspace ] GC(138) Metaspace: 27707K->27707K(1075200K)
[2020-11-05T16:30:01.042+0800][gc           ] GC(138) Pause Young (Normal) (G1 Evacuation Pause) 568M->309M(1024M) 22.115ms
[2020-11-05T16:30:01.042+0800][gc,cpu       ] GC(138) User=0.03s Sys=0.03s Real=0.02s
[2020-11-05T16:36:52.443+0800][gc,start     ] GC(139) Pause Young (Normal) (G1 Evacuation Pause)
[2020-11-05T16:36:52.443+0800][gc,task      ] GC(139) Using 8 workers of 8 for evacuation
[2020-11-05T16:36:52.484+0800][gc,mmu       ] GC(139) MMU target violated: 21.0ms (20.0ms/21.0ms)
[2020-11-05T16:36:52.484+0800][gc,phases    ] GC(139)   Pre Evacuate Collection Set: 0.1ms
[2020-11-05T16:36:52.484+0800][gc,phases    ] GC(139)   Evacuate Collection Set: 38.5ms
[2020-11-05T16:36:52.484+0800][gc,phases    ] GC(139)   Post Evacuate Collection Set: 1.4ms
[2020-11-05T16:36:52.484+0800][gc,phases    ] GC(139)   Other: 1.2ms
[2020-11-05T16:36:52.484+0800][gc,heap      ] GC(139) Eden regions: 291->0(46)
[2020-11-05T16:36:52.484+0800][gc,heap      ] GC(139) Survivor regions: 5->5(37)
[2020-11-05T16:36:52.484+0800][gc,heap      ] GC(139) Old regions: 174->174
[2020-11-05T16:36:52.484+0800][gc,heap      ] GC(139) Archive regions: 2->2
[2020-11-05T16:36:52.484+0800][gc,heap      ] GC(139) Humongous regions: 130->130
[2020-11-05T16:36:52.484+0800][gc,metaspace ] GC(139) Metaspace: 27712K->27712K(1075200K)
[2020-11-05T16:36:52.485+0800][gc           ] GC(139) Pause Young (Normal) (G1 Evacuation Pause) 600M->309M(1024M) 41.952ms
[2020-11-05T16:36:52.485+0800][gc,cpu       ] GC(139) User=0.03s Sys=0.07s Real=0.04s
[2020-11-05T16:37:55.978+0800][gc,start     ] GC(140) Pause Young (Normal) (G1 Evacuation Pause)
[2020-11-05T16:37:55.979+0800][gc,task      ] GC(140) Using 8 workers of 8 for evacuation
[2020-11-05T16:37:56.018+0800][gc,mmu       ] GC(140) MMU target violated: 21.0ms (20.0ms/21.0ms)
[2020-11-05T16:37:56.018+0800][gc,phases    ] GC(140)   Pre Evacuate Collection Set: 0.1ms
[2020-11-05T16:37:56.018+0800][gc,phases    ] GC(140)   Evacuate Collection Set: 12.3ms
[2020-11-05T16:37:56.018+0800][gc,phases    ] GC(140)   Post Evacuate Collection Set: 10.9ms
[2020-11-05T16:37:56.018+0800][gc,phases    ] GC(140)   Other: 17.7ms
[2020-11-05T16:37:56.018+0800][gc,heap      ] GC(140) Eden regions: 46->0(47)
[2020-11-05T16:37:56.018+0800][gc,heap      ] GC(140) Survivor regions: 5->4(7)
[2020-11-05T16:37:56.018+0800][gc,heap      ] GC(140) Old regions: 174->175
[2020-11-05T16:37:56.018+0800][gc,heap      ] GC(140) Archive regions: 2->2
[2020-11-05T16:37:56.018+0800][gc,heap      ] GC(140) Humongous regions: 130->130
[2020-11-05T16:37:56.018+0800][gc,metaspace ] GC(140) Metaspace: 27712K->27712K(1075200K)
[2020-11-05T16:37:56.018+0800][gc           ] GC(140) Pause Young (Normal) (G1 Evacuation Pause) 355M->309M(1024M) 40.494ms
[2020-11-05T16:37:56.018+0800][gc,cpu       ] GC(140) User=0.02s Sys=0.04s Real=0.04s
[2020-11-05T16:39:00.232+0800][gc,start     ] GC(141) Pause Young (Normal) (G1 Evacuation Pause)
[2020-11-05T16:39:00.233+0800][gc,task      ] GC(141) Using 8 workers of 8 for evacuation
[2020-11-05T16:39:00.242+0800][gc,phases    ] GC(141)   Pre Evacuate Collection Set: 0.0ms
[2020-11-05T16:39:00.242+0800][gc,phases    ] GC(141)   Evacuate Collection Set: 8.0ms
[2020-11-05T16:39:00.242+0800][gc,phases    ] GC(141)   Post Evacuate Collection Set: 0.9ms
[2020-11-05T16:39:00.242+0800][gc,phases    ] GC(141)   Other: 1.2ms
[2020-11-05T16:39:00.242+0800][gc,heap      ] GC(141) Eden regions: 47->0(49)
[2020-11-05T16:39:00.242+0800][gc,heap      ] GC(141) Survivor regions: 4->4(7)
[2020-11-05T16:39:00.242+0800][gc,heap      ] GC(141) Old regions: 175->175
[2020-11-05T16:39:00.242+0800][gc,heap      ] GC(141) Archive regions: 2->2
[2020-11-05T16:39:00.242+0800][gc,heap      ] GC(141) Humongous regions: 130->130
[2020-11-05T16:39:00.242+0800][gc,metaspace ] GC(141) Metaspace: 27712K->27712K(1075200K)
[2020-11-05T16:39:00.242+0800][gc           ] GC(141) Pause Young (Normal) (G1 Evacuation Pause) 356M->308M(1024M) 10.238ms
[2020-11-05T16:39:00.243+0800][gc,cpu       ] GC(141) User=0.01s Sys=0.02s Real=0.01s
[2020-11-05T16:40:07.388+0800][gc,start     ] GC(142) Pause Young (Normal) (G1 Evacuation Pause)
[2020-11-05T16:40:07.388+0800][gc,task      ] GC(142) Using 8 workers of 8 for evacuation
[2020-11-05T16:40:07.401+0800][gc,phases    ] GC(142)   Pre Evacuate Collection Set: 0.0ms
[2020-11-05T16:40:07.401+0800][gc,phases    ] GC(142)   Evacuate Collection Set: 10.6ms
[2020-11-05T16:40:07.401+0800][gc,phases    ] GC(142)   Post Evacuate Collection Set: 1.2ms
[2020-11-05T16:40:07.401+0800][gc,phases    ] GC(142)   Other: 1.2ms
[2020-11-05T16:40:07.401+0800][gc,heap      ] GC(142) Eden regions: 49->0(60)
[2020-11-05T16:40:07.401+0800][gc,heap      ] GC(142) Survivor regions: 4->4(7)
[2020-11-05T16:40:07.401+0800][gc,heap      ] GC(142) Old regions: 175->175
[2020-11-05T16:40:07.401+0800][gc,heap      ] GC(142) Archive regions: 2->2
[2020-11-05T16:40:07.401+0800][gc,heap      ] GC(142) Humongous regions: 130->130
[2020-11-05T16:40:07.401+0800][gc,metaspace ] GC(142) Metaspace: 27712K->27712K(1075200K)
[2020-11-05T16:40:07.401+0800][gc           ] GC(142) Pause Young (Normal) (G1 Evacuation Pause) 357M->308M(1024M) 13.127ms
[2020-11-05T16:40:07.401+0800][gc,cpu       ] GC(142) User=0.03s Sys=0.02s Real=0.02s
[2020-11-05T16:41:31.449+0800][gc,start     ] GC(143) Pause Young (Normal) (G1 Evacuation Pause)
[2020-11-05T16:41:31.449+0800][gc,task      ] GC(143) Using 8 workers of 8 for evacuation
[2020-11-05T16:41:31.462+0800][gc,phases    ] GC(143)   Pre Evacuate Collection Set: 0.0ms
[2020-11-05T16:41:31.462+0800][gc,phases    ] GC(143)   Evacuate Collection Set: 9.0ms
[2020-11-05T16:41:31.462+0800][gc,phases    ] GC(143)   Post Evacuate Collection Set: 1.6ms
[2020-11-05T16:41:31.462+0800][gc,phases    ] GC(143)   Other: 2.2ms
[2020-11-05T16:41:31.462+0800][gc,heap      ] GC(143) Eden regions: 60->0(80)
[2020-11-05T16:41:31.462+0800][gc,heap      ] GC(143) Survivor regions: 4->4(8)
[2020-11-05T16:41:31.462+0800][gc,heap      ] GC(143) Old regions: 175->175
[2020-11-05T16:41:31.462+0800][gc,heap      ] GC(143) Archive regions: 2->2
[2020-11-05T16:41:31.462+0800][gc,heap      ] GC(143) Humongous regions: 130->130
[2020-11-05T16:41:31.462+0800][gc,metaspace ] GC(143) Metaspace: 27712K->27712K(1075200K)
[2020-11-05T16:41:31.463+0800][gc           ] GC(143) Pause Young (Normal) (G1 Evacuation Pause) 368M->308M(1024M) 13.597ms
[2020-11-05T16:41:31.463+0800][gc,cpu       ] GC(143) User=0.01s Sys=0.03s Real=0.02s
[2020-11-05T16:43:23.568+0800][gc,start     ] GC(144) Pause Young (Normal) (G1 Evacuation Pause)
[2020-11-05T16:43:23.569+0800][gc,task      ] GC(144) Using 8 workers of 8 for evacuation
[2020-11-05T16:43:23.587+0800][gc,phases    ] GC(144)   Pre Evacuate Collection Set: 0.1ms
[2020-11-05T16:43:23.587+0800][gc,phases    ] GC(144)   Evacuate Collection Set: 17.1ms
[2020-11-05T16:43:23.587+0800][gc,phases    ] GC(144)   Post Evacuate Collection Set: 0.4ms
[2020-11-05T16:43:23.587+0800][gc,phases    ] GC(144)   Other: 1.8ms
[2020-11-05T16:43:23.587+0800][gc,heap      ] GC(144) Eden regions: 80->0(68)
[2020-11-05T16:43:23.587+0800][gc,heap      ] GC(144) Survivor regions: 4->4(11)
[2020-11-05T16:43:23.587+0800][gc,heap      ] GC(144) Old regions: 175->175
[2020-11-05T16:43:23.587+0800][gc,heap      ] GC(144) Archive regions: 2->2
[2020-11-05T16:43:23.587+0800][gc,heap      ] GC(144) Humongous regions: 130->130
[2020-11-05T16:43:23.587+0800][gc,metaspace ] GC(144) Metaspace: 27712K->27712K(1075200K)
[2020-11-05T16:43:23.587+0800][gc           ] GC(144) Pause Young (Normal) (G1 Evacuation Pause) 388M->309M(1024M) 19.490ms
[2020-11-05T16:43:23.587+0800][gc,cpu       ] GC(144) User=0.03s Sys=0.05s Real=0.02s
[2020-11-05T16:44:59.165+0800][gc,start     ] GC(145) Pause Young (Normal) (G1 Evacuation Pause)
[2020-11-05T16:44:59.166+0800][gc,task      ] GC(145) Using 8 workers of 8 for evacuation
[2020-11-05T16:44:59.173+0800][gc,phases    ] GC(145)   Pre Evacuate Collection Set: 0.1ms
[2020-11-05T16:44:59.173+0800][gc,phases    ] GC(145)   Evacuate Collection Set: 4.5ms
[2020-11-05T16:44:59.173+0800][gc,phases    ] GC(145)   Post Evacuate Collection Set: 1.7ms
[2020-11-05T16:44:59.173+0800][gc,phases    ] GC(145)   Other: 1.2ms
[2020-11-05T16:44:59.173+0800][gc,heap      ] GC(145) Eden regions: 68->0(100)
[2020-11-05T16:44:59.173+0800][gc,heap      ] GC(145) Survivor regions: 4->4(9)
[2020-11-05T16:44:59.173+0800][gc,heap      ] GC(145) Old regions: 175->175
[2020-11-05T16:44:59.173+0800][gc,heap      ] GC(145) Archive regions: 2->2
[2020-11-05T16:44:59.173+0800][gc,heap      ] GC(145) Humongous regions: 130->130
[2020-11-05T16:44:59.173+0800][gc,metaspace ] GC(145) Metaspace: 27713K->27713K(1075200K)
[2020-11-05T16:44:59.174+0800][gc           ] GC(145) Pause Young (Normal) (G1 Evacuation Pause) 377M->308M(1024M) 8.597ms
[2020-11-05T16:44:59.174+0800][gc,cpu       ] GC(145) User=0.03s Sys=0.01s Real=0.01s
[2020-11-05T16:47:18.845+0800][gc,start     ] GC(146) Pause Young (Normal) (G1 Evacuation Pause)
[2020-11-05T16:47:18.846+0800][gc,task      ] GC(146) Using 8 workers of 8 for evacuation
[2020-11-05T16:47:18.866+0800][gc,phases    ] GC(146)   Pre Evacuate Collection Set: 0.2ms
[2020-11-05T16:47:18.866+0800][gc,phases    ] GC(146)   Evacuate Collection Set: 13.6ms
[2020-11-05T16:47:18.866+0800][gc,phases    ] GC(146)   Post Evacuate Collection Set: 2.6ms
[2020-11-05T16:47:18.866+0800][gc,phases    ] GC(146)   Other: 5.3ms
[2020-11-05T16:47:18.866+0800][gc,heap      ] GC(146) Eden regions: 100->0(99)
[2020-11-05T16:47:18.866+0800][gc,heap      ] GC(146) Survivor regions: 4->4(13)
[2020-11-05T16:47:18.866+0800][gc,heap      ] GC(146) Old regions: 175->175
[2020-11-05T16:47:18.867+0800][gc,heap      ] GC(146) Archive regions: 2->2
[2020-11-05T16:47:18.867+0800][gc,heap      ] GC(146) Humongous regions: 130->130
[2020-11-05T16:47:18.867+0800][gc,metaspace ] GC(146) Metaspace: 27713K->27713K(1075200K)
[2020-11-05T16:47:18.867+0800][gc           ] GC(146) Pause Young (Normal) (G1 Evacuation Pause) 408M->308M(1024M) 21.783ms
[2020-11-05T16:47:18.867+0800][gc,cpu       ] GC(146) User=0.02s Sys=0.05s Real=0.02s
[2020-11-05T16:49:38.351+0800][gc,start     ] GC(147) Pause Young (Normal) (G1 Evacuation Pause)
[2020-11-05T16:49:38.352+0800][gc,task      ] GC(147) Using 8 workers of 8 for evacuation
[2020-11-05T16:49:38.358+0800][gc,phases    ] GC(147)   Pre Evacuate Collection Set: 0.1ms
[2020-11-05T16:49:38.358+0800][gc,phases    ] GC(147)   Evacuate Collection Set: 5.7ms
[2020-11-05T16:49:38.358+0800][gc,phases    ] GC(147)   Post Evacuate Collection Set: 0.4ms
[2020-11-05T16:49:38.358+0800][gc,phases    ] GC(147)   Other: 1.6ms
[2020-11-05T16:49:38.359+0800][gc,heap      ] GC(147) Eden regions: 99->0(134)
[2020-11-05T16:49:38.359+0800][gc,heap      ] GC(147) Survivor regions: 4->4(13)
[2020-11-05T16:49:38.359+0800][gc,heap      ] GC(147) Old regions: 175->175
[2020-11-05T16:49:38.359+0800][gc,heap      ] GC(147) Archive regions: 2->2
[2020-11-05T16:49:38.359+0800][gc,heap      ] GC(147) Humongous regions: 130->130
[2020-11-05T16:49:38.359+0800][gc,metaspace ] GC(147) Metaspace: 27718K->27718K(1075200K)
[2020-11-05T16:49:38.359+0800][gc           ] GC(147) Pause Young (Normal) (G1 Evacuation Pause) 407M->308M(1024M) 8.814ms
[2020-11-05T16:49:38.359+0800][gc,cpu       ] GC(147) User=0.03s Sys=0.01s Real=0.00s
[2020-11-05T16:52:47.000+0800][gc,start     ] GC(148) Pause Young (Normal) (G1 Evacuation Pause)
[2020-11-05T16:52:47.000+0800][gc,task      ] GC(148) Using 8 workers of 8 for evacuation
[2020-11-05T16:52:47.019+0800][gc,phases    ] GC(148)   Pre Evacuate Collection Set: 0.0ms
[2020-11-05T16:52:47.019+0800][gc,phases    ] GC(148)   Evacuate Collection Set: 18.1ms
[2020-11-05T16:52:47.019+0800][gc,phases    ] GC(148)   Post Evacuate Collection Set: 0.4ms
[2020-11-05T16:52:47.019+0800][gc,phases    ] GC(148)   Other: 0.8ms
[2020-11-05T16:52:47.019+0800][gc,heap      ] GC(148) Eden regions: 134->0(109)
[2020-11-05T16:52:47.019+0800][gc,heap      ] GC(148) Survivor regions: 4->4(18)
[2020-11-05T16:52:47.019+0800][gc,heap      ] GC(148) Old regions: 175->175
[2020-11-05T16:52:47.019+0800][gc,heap      ] GC(148) Archive regions: 2->2
[2020-11-05T16:52:47.019+0800][gc,heap      ] GC(148) Humongous regions: 130->130
[2020-11-05T16:52:47.019+0800][gc,metaspace ] GC(148) Metaspace: 27722K->27722K(1075200K)
[2020-11-05T16:52:47.019+0800][gc           ] GC(148) Pause Young (Normal) (G1 Evacuation Pause) 442M->309M(1024M) 19.410ms
[2020-11-05T16:52:47.019+0800][gc,cpu       ] GC(148) User=0.02s Sys=0.05s Real=0.01s
[2020-11-05T16:55:19.814+0800][gc,start     ] GC(149) Pause Young (Normal) (G1 Evacuation Pause)
[2020-11-05T16:55:19.815+0800][gc,task      ] GC(149) Using 8 workers of 8 for evacuation
[2020-11-05T16:55:19.823+0800][gc,phases    ] GC(149)   Pre Evacuate Collection Set: 0.1ms
[2020-11-05T16:55:19.823+0800][gc,phases    ] GC(149)   Evacuate Collection Set: 6.9ms
[2020-11-05T16:55:19.823+0800][gc,phases    ] GC(149)   Post Evacuate Collection Set: 0.5ms
[2020-11-05T16:55:19.823+0800][gc,phases    ] GC(149)   Other: 1.5ms
[2020-11-05T16:55:19.823+0800][gc,heap      ] GC(149) Eden regions: 109->0(145)
[2020-11-05T16:55:19.823+0800][gc,heap      ] GC(149) Survivor regions: 4->4(15)
[2020-11-05T16:55:19.823+0800][gc,heap      ] GC(149) Old regions: 175->175
[2020-11-05T16:55:19.823+0800][gc,heap      ] GC(149) Archive regions: 2->2
[2020-11-05T16:55:19.823+0800][gc,heap      ] GC(149) Humongous regions: 130->130
[2020-11-05T16:55:19.823+0800][gc,metaspace ] GC(149) Metaspace: 27722K->27722K(1075200K)
[2020-11-05T16:55:19.823+0800][gc           ] GC(149) Pause Young (Normal) (G1 Evacuation Pause) 418M->308M(1024M) 9.170ms
[2020-11-05T16:55:19.823+0800][gc,cpu       ] GC(149) User=0.04s Sys=0.01s Real=0.01s
[2020-11-05T16:58:44.041+0800][gc,start     ] GC(150) Pause Young (Normal) (G1 Evacuation Pause)
[2020-11-05T16:58:44.042+0800][gc,task      ] GC(150) Using 8 workers of 8 for evacuation
[2020-11-05T16:58:44.061+0800][gc,phases    ] GC(150)   Pre Evacuate Collection Set: 0.1ms
[2020-11-05T16:58:44.061+0800][gc,phases    ] GC(150)   Evacuate Collection Set: 18.8ms
[2020-11-05T16:58:44.061+0800][gc,phases    ] GC(150)   Post Evacuate Collection Set: 0.3ms
[2020-11-05T16:58:44.061+0800][gc,phases    ] GC(150)   Other: 0.9ms
[2020-11-05T16:58:44.061+0800][gc,heap      ] GC(150) Eden regions: 145->0(129)
[2020-11-05T16:58:44.061+0800][gc,heap      ] GC(150) Survivor regions: 4->4(19)
[2020-11-05T16:58:44.061+0800][gc,heap      ] GC(150) Old regions: 175->176
[2020-11-05T16:58:44.061+0800][gc,heap      ] GC(150) Archive regions: 2->2
[2020-11-05T16:58:44.061+0800][gc,heap      ] GC(150) Humongous regions: 130->130
[2020-11-05T16:58:44.061+0800][gc,metaspace ] GC(150) Metaspace: 27722K->27722K(1075200K)
[2020-11-05T16:58:44.061+0800][gc           ] GC(150) Pause Young (Normal) (G1 Evacuation Pause) 453M->308M(1024M) 20.183ms
[2020-11-05T16:58:44.061+0800][gc,cpu       ] GC(150) User=0.02s Sys=0.05s Real=0.02s
[2020-11-05T17:01:46.182+0800][gc,start     ] GC(151) Pause Young (Normal) (G1 Evacuation Pause)
[2020-11-05T17:01:46.182+0800][gc,task      ] GC(151) Using 8 workers of 8 for evacuation
[2020-11-05T17:01:46.185+0800][gc,phases    ] GC(151)   Pre Evacuate Collection Set: 0.0ms
[2020-11-05T17:01:46.185+0800][gc,phases    ] GC(151)   Evacuate Collection Set: 2.9ms
[2020-11-05T17:01:46.186+0800][gc,phases    ] GC(151)   Post Evacuate Collection Set: 0.3ms
[2020-11-05T17:01:46.186+0800][gc,phases    ] GC(151)   Other: 1.6ms
[2020-11-05T17:01:46.186+0800][gc,heap      ] GC(151) Eden regions: 129->0(178)
[2020-11-05T17:01:46.186+0800][gc,heap      ] GC(151) Survivor regions: 4->3(17)
[2020-11-05T17:01:46.186+0800][gc,heap      ] GC(151) Old regions: 176->176
[2020-11-05T17:01:46.186+0800][gc,heap      ] GC(151) Archive regions: 2->2
[2020-11-05T17:01:46.186+0800][gc,heap      ] GC(151) Humongous regions: 130->130
[2020-11-05T17:01:46.186+0800][gc,metaspace ] GC(151) Metaspace: 27722K->27722K(1075200K)
[2020-11-05T17:01:46.186+0800][gc           ] GC(151) Pause Young (Normal) (G1 Evacuation Pause) 437M->308M(1024M) 4.506ms
[2020-11-05T17:01:46.186+0800][gc,cpu       ] GC(151) User=0.01s Sys=0.01s Real=0.00s
[2020-11-05T17:05:57.796+0800][gc,start     ] GC(152) Pause Young (Normal) (G1 Evacuation Pause)
[2020-11-05T17:05:57.796+0800][gc,task      ] GC(152) Using 8 workers of 8 for evacuation
[2020-11-05T17:05:57.811+0800][gc,phases    ] GC(152)   Pre Evacuate Collection Set: 0.1ms
[2020-11-05T17:05:57.811+0800][gc,phases    ] GC(152)   Evacuate Collection Set: 14.8ms
[2020-11-05T17:05:57.811+0800][gc,phases    ] GC(152)   Post Evacuate Collection Set: 0.5ms
[2020-11-05T17:05:57.811+0800][gc,phases    ] GC(152)   Other: 0.5ms
[2020-11-05T17:05:57.811+0800][gc,heap      ] GC(152) Eden regions: 178->0(173)
[2020-11-05T17:05:57.811+0800][gc,heap      ] GC(152) Survivor regions: 3->3(23)
[2020-11-05T17:05:57.811+0800][gc,heap      ] GC(152) Old regions: 176->176
[2020-11-05T17:05:57.811+0800][gc,heap      ] GC(152) Archive regions: 2->2
[2020-11-05T17:05:57.811+0800][gc,heap      ] GC(152) Humongous regions: 130->130
[2020-11-05T17:05:57.811+0800][gc,metaspace ] GC(152) Metaspace: 27722K->27722K(1075200K)
[2020-11-05T17:05:57.812+0800][gc           ] GC(152) Pause Young (Normal) (G1 Evacuation Pause) 486M->309M(1024M) 15.973ms
[2020-11-05T17:05:57.812+0800][gc,cpu       ] GC(152) User=0.03s Sys=0.05s Real=0.02s
[2020-11-05T17:10:02.538+0800][gc,start     ] GC(153) Pause Young (Normal) (G1 Evacuation Pause)
[2020-11-05T17:10:02.539+0800][gc,task      ] GC(153) Using 8 workers of 8 for evacuation
[2020-11-05T17:10:02.543+0800][gc,phases    ] GC(153)   Pre Evacuate Collection Set: 0.0ms
[2020-11-05T17:10:02.543+0800][gc,phases    ] GC(153)   Evacuate Collection Set: 2.9ms
[2020-11-05T17:10:02.543+0800][gc,phases    ] GC(153)   Post Evacuate Collection Set: 0.4ms
[2020-11-05T17:10:02.543+0800][gc,phases    ] GC(153)   Other: 1.2ms
[2020-11-05T17:10:02.543+0800][gc,heap      ] GC(153) Eden regions: 173->0(265)
[2020-11-05T17:10:02.543+0800][gc,heap      ] GC(153) Survivor regions: 3->3(22)
[2020-11-05T17:10:02.543+0800][gc,heap      ] GC(153) Old regions: 176->176
[2020-11-05T17:10:02.543+0800][gc,heap      ] GC(153) Archive regions: 2->2
[2020-11-05T17:10:02.543+0800][gc,heap      ] GC(153) Humongous regions: 130->130
[2020-11-05T17:10:02.543+0800][gc,metaspace ] GC(153) Metaspace: 27722K->27722K(1075200K)
[2020-11-05T17:10:02.543+0800][gc           ] GC(153) Pause Young (Normal) (G1 Evacuation Pause) 482M->308M(1024M) 5.301ms
[2020-11-05T17:10:02.543+0800][gc,cpu       ] GC(153) User=0.02s Sys=0.00s Real=0.01s
[2020-11-05T17:16:16.637+0800][gc,start     ] GC(154) Pause Young (Normal) (G1 Evacuation Pause)
[2020-11-05T17:16:16.638+0800][gc,task      ] GC(154) Using 8 workers of 8 for evacuation
[2020-11-05T17:16:16.657+0800][gc,phases    ] GC(154)   Pre Evacuate Collection Set: 0.1ms
[2020-11-05T17:16:16.657+0800][gc,phases    ] GC(154)   Evacuate Collection Set: 11.3ms
[2020-11-05T17:16:16.657+0800][gc,phases    ] GC(154)   Post Evacuate Collection Set: 1.4ms
[2020-11-05T17:16:16.657+0800][gc,phases    ] GC(154)   Other: 8.7ms
[2020-11-05T17:16:16.657+0800][gc,heap      ] GC(154) Eden regions: 265->0(225)
[2020-11-05T17:16:16.657+0800][gc,heap      ] GC(154) Survivor regions: 3->2(34)
[2020-11-05T17:16:16.657+0800][gc,heap      ] GC(154) Old regions: 176->176
[2020-11-05T17:16:16.657+0800][gc,heap      ] GC(154) Archive regions: 2->2
[2020-11-05T17:16:16.657+0800][gc,heap      ] GC(154) Humongous regions: 130->130
[2020-11-05T17:16:16.657+0800][gc,metaspace ] GC(154) Metaspace: 27722K->27722K(1075200K)
[2020-11-05T17:16:16.658+0800][gc           ] GC(154) Pause Young (Normal) (G1 Evacuation Pause) 573M->308M(1024M) 20.762ms
[2020-11-05T17:16:16.658+0800][gc,cpu       ] GC(154) User=0.02s Sys=0.04s Real=0.02s
[2020-11-05T17:21:28.544+0800][gc,start     ] GC(155) Pause Young (Normal) (G1 Evacuation Pause)
[2020-11-05T17:21:28.545+0800][gc,task      ] GC(155) Using 8 workers of 8 for evacuation
[2020-11-05T17:21:28.576+0800][gc,mmu       ] GC(155) MMU target violated: 21.0ms (20.0ms/21.0ms)
[2020-11-05T17:21:28.576+0800][gc,phases    ] GC(155)   Pre Evacuate Collection Set: 0.1ms
[2020-11-05T17:21:28.576+0800][gc,phases    ] GC(155)   Evacuate Collection Set: 13.9ms
[2020-11-05T17:21:28.576+0800][gc,phases    ] GC(155)   Post Evacuate Collection Set: 4.9ms
[2020-11-05T17:21:28.576+0800][gc,phases    ] GC(155)   Other: 14.2ms
[2020-11-05T17:21:28.576+0800][gc,heap      ] GC(155) Eden regions: 225->0(124)
[2020-11-05T17:21:28.576+0800][gc,heap      ] GC(155) Survivor regions: 2->3(29)
[2020-11-05T17:21:28.576+0800][gc,heap      ] GC(155) Old regions: 176->176
[2020-11-05T17:21:28.576+0800][gc,heap      ] GC(155) Archive regions: 2->2
[2020-11-05T17:21:28.576+0800][gc,heap      ] GC(155) Humongous regions: 130->130
[2020-11-05T17:21:28.576+0800][gc,metaspace ] GC(155) Metaspace: 27722K->27722K(1075200K)
[2020-11-05T17:21:28.576+0800][gc           ] GC(155) Pause Young (Normal) (G1 Evacuation Pause) 533M->308M(1024M) 32.204ms
[2020-11-05T17:21:28.576+0800][gc,cpu       ] GC(155) User=0.02s Sys=0.05s Real=0.03s
[2020-11-05T17:24:22.424+0800][gc,start     ] GC(156) Pause Young (Normal) (G1 Evacuation Pause)
[2020-11-05T17:24:22.425+0800][gc,task      ] GC(156) Using 8 workers of 8 for evacuation
[2020-11-05T17:24:22.436+0800][gc,phases    ] GC(156)   Pre Evacuate Collection Set: 0.1ms
[2020-11-05T17:24:22.436+0800][gc,phases    ] GC(156)   Evacuate Collection Set: 5.4ms
[2020-11-05T17:24:22.436+0800][gc,phases    ] GC(156)   Post Evacuate Collection Set: 2.9ms
[2020-11-05T17:24:22.436+0800][gc,phases    ] GC(156)   Other: 3.3ms
[2020-11-05T17:24:22.436+0800][gc,heap      ] GC(156) Eden regions: 124->0(224)
[2020-11-05T17:24:22.436+0800][gc,heap      ] GC(156) Survivor regions: 3->3(16)
[2020-11-05T17:24:22.436+0800][gc,heap      ] GC(156) Old regions: 176->176
[2020-11-05T17:24:22.436+0800][gc,heap      ] GC(156) Archive regions: 2->2
[2020-11-05T17:24:22.436+0800][gc,heap      ] GC(156) Humongous regions: 130->130
[2020-11-05T17:24:22.436+0800][gc,metaspace ] GC(156) Metaspace: 27725K->27725K(1075200K)
[2020-11-05T17:24:22.436+0800][gc           ] GC(156) Pause Young (Normal) (G1 Evacuation Pause) 432M->308M(1024M) 12.039ms
[2020-11-05T17:24:22.436+0800][gc,cpu       ] GC(156) User=0.02s Sys=0.01s Real=0.01s
[2020-11-05T17:29:39.629+0800][gc,start     ] GC(157) Pause Young (Normal) (G1 Evacuation Pause)
[2020-11-05T17:29:39.630+0800][gc,task      ] GC(157) Using 8 workers of 8 for evacuation
[2020-11-05T17:29:39.647+0800][gc,phases    ] GC(157)   Pre Evacuate Collection Set: 0.1ms
[2020-11-05T17:29:39.647+0800][gc,phases    ] GC(157)   Evacuate Collection Set: 16.4ms
[2020-11-05T17:29:39.647+0800][gc,phases    ] GC(157)   Post Evacuate Collection Set: 0.4ms
[2020-11-05T17:29:39.647+0800][gc,phases    ] GC(157)   Other: 1.1ms
[2020-11-05T17:29:39.647+0800][gc,heap      ] GC(157) Eden regions: 224->0(205)
[2020-11-05T17:29:39.647+0800][gc,heap      ] GC(157) Survivor regions: 3->3(29)
[2020-11-05T17:29:39.647+0800][gc,heap      ] GC(157) Old regions: 176->176
[2020-11-05T17:29:39.647+0800][gc,heap      ] GC(157) Archive regions: 2->2
[2020-11-05T17:29:39.647+0800][gc,heap      ] GC(157) Humongous regions: 130->130
[2020-11-05T17:29:39.647+0800][gc,metaspace ] GC(157) Metaspace: 27725K->27725K(1075200K)
[2020-11-05T17:29:39.648+0800][gc           ] GC(157) Pause Young (Normal) (G1 Evacuation Pause) 532M->309M(1024M) 18.740ms
[2020-11-05T17:29:39.648+0800][gc,cpu       ] GC(157) User=0.02s Sys=0.05s Real=0.02s
[2020-11-05T17:34:28.972+0800][gc,start     ] GC(158) Pause Young (Normal) (G1 Evacuation Pause)
[2020-11-05T17:34:28.974+0800][gc,task      ] GC(158) Using 8 workers of 8 for evacuation
[2020-11-05T17:34:28.994+0800][gc,mmu       ] GC(158) MMU target violated: 20.4ms (20.0ms/21.0ms)
[2020-11-05T17:34:28.994+0800][gc,phases    ] GC(158)   Pre Evacuate Collection Set: 0.1ms
[2020-11-05T17:34:28.994+0800][gc,phases    ] GC(158)   Evacuate Collection Set: 15.7ms
[2020-11-05T17:34:28.994+0800][gc,phases    ] GC(158)   Post Evacuate Collection Set: 1.2ms
[2020-11-05T17:34:28.994+0800][gc,phases    ] GC(158)   Other: 6.1ms
[2020-11-05T17:34:28.994+0800][gc,heap      ] GC(158) Eden regions: 205->0(196)
[2020-11-05T17:34:28.994+0800][gc,heap      ] GC(158) Survivor regions: 3->3(26)
[2020-11-05T17:34:28.994+0800][gc,heap      ] GC(158) Old regions: 176->176
[2020-11-05T17:34:28.994+0800][gc,heap      ] GC(158) Archive regions: 2->2
[2020-11-05T17:34:28.995+0800][gc,heap      ] GC(158) Humongous regions: 130->130
[2020-11-05T17:34:28.995+0800][gc,metaspace ] GC(158) Metaspace: 27725K->27725K(1075200K)
[2020-11-05T17:34:28.995+0800][gc           ] GC(158) Pause Young (Normal) (G1 Evacuation Pause) 514M->309M(1024M) 23.199ms
[2020-11-05T17:34:28.995+0800][gc,cpu       ] GC(158) User=0.02s Sys=0.02s Real=0.02s
[2020-11-05T17:39:03.081+0800][gc,start     ] GC(159) Pause Young (Normal) (G1 Evacuation Pause)
[2020-11-05T17:39:03.086+0800][gc,task      ] GC(159) Using 8 workers of 8 for evacuation
[2020-11-05T17:39:03.133+0800][gc,mmu       ] GC(159) MMU target violated: 21.0ms (20.0ms/21.0ms)
[2020-11-05T17:39:03.133+0800][gc,phases    ] GC(159)   Pre Evacuate Collection Set: 0.1ms
[2020-11-05T17:39:03.133+0800][gc,phases    ] GC(159)   Evacuate Collection Set: 25.5ms
[2020-11-05T17:39:03.133+0800][gc,phases    ] GC(159)   Post Evacuate Collection Set: 3.5ms
[2020-11-05T17:39:03.134+0800][gc,phases    ] GC(159)   Other: 28.6ms
[2020-11-05T17:39:03.134+0800][gc,heap      ] GC(159) Eden regions: 196->0(48)
[2020-11-05T17:39:03.134+0800][gc,heap      ] GC(159) Survivor regions: 3->3(25)
[2020-11-05T17:39:03.134+0800][gc,heap      ] GC(159) Old regions: 176->176
[2020-11-05T17:39:03.134+0800][gc,heap      ] GC(159) Archive regions: 2->2
[2020-11-05T17:39:03.134+0800][gc,heap      ] GC(159) Humongous regions: 130->130
[2020-11-05T17:39:03.134+0800][gc,metaspace ] GC(159) Metaspace: 27737K->27737K(1075200K)
[2020-11-05T17:39:03.134+0800][gc           ] GC(159) Pause Young (Normal) (G1 Evacuation Pause) 505M->309M(1024M) 53.892ms
[2020-11-05T17:39:03.134+0800][gc,cpu       ] GC(159) User=0.02s Sys=0.07s Real=0.05s
[2020-11-05T17:40:10.168+0800][gc,start     ] GC(160) Pause Young (Normal) (G1 Evacuation Pause)
[2020-11-05T17:40:10.168+0800][gc,task      ] GC(160) Using 8 workers of 8 for evacuation
[2020-11-05T17:40:10.182+0800][gc,phases    ] GC(160)   Pre Evacuate Collection Set: 0.1ms
[2020-11-05T17:40:10.182+0800][gc,phases    ] GC(160)   Evacuate Collection Set: 13.7ms
[2020-11-05T17:40:10.182+0800][gc,phases    ] GC(160)   Post Evacuate Collection Set: 0.4ms
[2020-11-05T17:40:10.183+0800][gc,phases    ] GC(160)   Other: 0.4ms
[2020-11-05T17:40:10.183+0800][gc,heap      ] GC(160) Eden regions: 48->0(48)
[2020-11-05T17:40:10.183+0800][gc,heap      ] GC(160) Survivor regions: 3->3(7)
[2020-11-05T17:40:10.183+0800][gc,heap      ] GC(160) Old regions: 176->176
[2020-11-05T17:40:10.183+0800][gc,heap      ] GC(160) Archive regions: 2->2
[2020-11-05T17:40:10.183+0800][gc,heap      ] GC(160) Humongous regions: 130->130
[2020-11-05T17:40:10.183+0800][gc,metaspace ] GC(160) Metaspace: 27737K->27737K(1075200K)
[2020-11-05T17:40:10.183+0800][gc           ] GC(160) Pause Young (Normal) (G1 Evacuation Pause) 357M->309M(1024M) 14.777ms
[2020-11-05T17:40:10.183+0800][gc,cpu       ] GC(160) User=0.03s Sys=0.04s Real=0.02s
[2020-11-05T17:41:17.743+0800][gc,start     ] GC(161) Pause Young (Normal) (G1 Evacuation Pause)
[2020-11-05T17:41:17.743+0800][gc,task      ] GC(161) Using 8 workers of 8 for evacuation
[2020-11-05T17:41:17.754+0800][gc,phases    ] GC(161)   Pre Evacuate Collection Set: 0.1ms
[2020-11-05T17:41:17.754+0800][gc,phases    ] GC(161)   Evacuate Collection Set: 10.4ms
[2020-11-05T17:41:17.754+0800][gc,phases    ] GC(161)   Post Evacuate Collection Set: 0.3ms
[2020-11-05T17:41:17.754+0800][gc,phases    ] GC(161)   Other: 0.4ms
[2020-11-05T17:41:17.754+0800][gc,heap      ] GC(161) Eden regions: 48->0(57)
[2020-11-05T17:41:17.754+0800][gc,heap      ] GC(161) Survivor regions: 3->3(7)
[2020-11-05T17:41:17.754+0800][gc,heap      ] GC(161) Old regions: 176->176
[2020-11-05T17:41:17.754+0800][gc,heap      ] GC(161) Archive regions: 2->2
[2020-11-05T17:41:17.754+0800][gc,heap      ] GC(161) Humongous regions: 130->130
[2020-11-05T17:41:17.754+0800][gc,metaspace ] GC(161) Metaspace: 27737K->27737K(1075200K)
[2020-11-05T17:41:17.754+0800][gc           ] GC(161) Pause Young (Normal) (G1 Evacuation Pause) 357M->309M(1024M) 11.183ms
[2020-11-05T17:41:17.754+0800][gc,cpu       ] GC(161) User=0.02s Sys=0.03s Real=0.01s
[2020-11-05T17:42:37.178+0800][gc,start     ] GC(162) Pause Young (Normal) (G1 Evacuation Pause)
[2020-11-05T17:42:37.179+0800][gc,task      ] GC(162) Using 8 workers of 8 for evacuation
[2020-11-05T17:42:37.192+0800][gc,phases    ] GC(162)   Pre Evacuate Collection Set: 0.1ms
[2020-11-05T17:42:37.192+0800][gc,phases    ] GC(162)   Evacuate Collection Set: 10.0ms
[2020-11-05T17:42:37.192+0800][gc,phases    ] GC(162)   Post Evacuate Collection Set: 2.1ms
[2020-11-05T17:42:37.192+0800][gc,phases    ] GC(162)   Other: 1.8ms
[2020-11-05T17:42:37.192+0800][gc,heap      ] GC(162) Eden regions: 57->0(73)
[2020-11-05T17:42:37.192+0800][gc,heap      ] GC(162) Survivor regions: 3->3(8)
[2020-11-05T17:42:37.192+0800][gc,heap      ] GC(162) Old regions: 176->176
[2020-11-05T17:42:37.192+0800][gc,heap      ] GC(162) Archive regions: 2->2
[2020-11-05T17:42:37.192+0800][gc,heap      ] GC(162) Humongous regions: 130->130
[2020-11-05T17:42:37.192+0800][gc,metaspace ] GC(162) Metaspace: 27737K->27737K(1075200K)
[2020-11-05T17:42:37.192+0800][gc           ] GC(162) Pause Young (Normal) (G1 Evacuation Pause) 366M->308M(1024M) 14.163ms
[2020-11-05T17:42:37.193+0800][gc,cpu       ] GC(162) User=0.02s Sys=0.03s Real=0.02s
[2020-11-05T17:49:28.047+0800][gc,start     ] GC(163) Pause Young (Normal) (G1 Evacuation Pause)
[2020-11-05T17:49:28.052+0800][gc,task      ] GC(163) Using 8 workers of 8 for evacuation
[2020-11-05T17:49:28.140+0800][gc,mmu       ] GC(163) MMU target violated: 21.0ms (20.0ms/21.0ms)
[2020-11-05T17:49:28.140+0800][gc,phases    ] GC(163)   Pre Evacuate Collection Set: 0.1ms
[2020-11-05T17:49:28.140+0800][gc,phases    ] GC(163)   Evacuate Collection Set: 51.1ms
[2020-11-05T17:49:28.140+0800][gc,phases    ] GC(163)   Post Evacuate Collection Set: 10.3ms
[2020-11-05T17:49:28.140+0800][gc,phases    ] GC(163)   Other: 36.5ms
[2020-11-05T17:49:28.141+0800][gc,heap      ] GC(163) Eden regions: 73->0(48)
[2020-11-05T17:49:28.141+0800][gc,heap      ] GC(163) Survivor regions: 3->3(10)
[2020-11-05T17:49:28.141+0800][gc,heap      ] GC(163) Old regions: 176->176
[2020-11-05T17:49:28.141+0800][gc,heap      ] GC(163) Archive regions: 2->2
[2020-11-05T17:49:28.141+0800][gc,heap      ] GC(163) Humongous regions: 130->130
[2020-11-05T17:49:28.141+0800][gc,metaspace ] GC(163) Metaspace: 27762K->27762K(1075200K)
[2020-11-05T17:49:28.141+0800][gc           ] GC(163) Pause Young (Normal) (G1 Evacuation Pause) 381M->309M(1024M) 95.005ms
[2020-11-05T17:49:28.141+0800][gc,cpu       ] GC(163) User=0.02s Sys=0.10s Real=0.10s
[2020-11-05T17:50:33.402+0800][gc,start     ] GC(164) Pause Young (Normal) (G1 Evacuation Pause)
[2020-11-05T17:50:33.402+0800][gc,task      ] GC(164) Using 8 workers of 8 for evacuation
