[2020-11-05T13:07:42.283+0800][gc,heap] Heap region size: 1M
[2020-11-05T13:07:42.294+0800][gc     ] Using G1
[2020-11-05T13:07:42.294+0800][gc,heap,coops] Heap address: 0x00000007c0000000, size: 1024 MB, Compressed Oops mode: Zero based, Oop shift amount: 3
[2020-11-05T13:07:42.294+0800][gc,cds       ] Mark closed archive regions in map: [0x00000007fff00000, 0x00000007fff76ff8]
[2020-11-05T13:07:42.294+0800][gc,cds       ] Mark open archive regions in map: [0x00000007ffe00000, 0x00000007ffe46ff8]
[2020-11-05T13:07:42.312+0800][gc           ] Periodic GC disabled
[2020-11-05T13:07:56.534+0800][gc,start     ] GC(0) Pause Young (Normal) (GCLocker Initiated GC)
[2020-11-05T13:07:56.538+0800][gc,task      ] GC(0) Using 8 workers of 8 for evacuation
[2020-11-05T13:07:56.583+0800][gc,mmu       ] GC(0) MMU target violated: 21.0ms (20.0ms/21.0ms)
[2020-11-05T13:07:56.586+0800][gc,phases    ] GC(0)   Pre Evacuate Collection Set: 0.1ms
[2020-11-05T13:07:56.588+0800][gc,phases    ] GC(0)   Evacuate Collection Set: 34.5ms
[2020-11-05T13:07:56.588+0800][gc,phases    ] GC(0)   Post Evacuate Collection Set: 0.8ms
[2020-11-05T13:07:56.595+0800][gc,phases    ] GC(0)   Other: 18.3ms
[2020-11-05T13:07:56.595+0800][gc,heap      ] GC(0) Eden regions: 51->0(45)
[2020-11-05T13:07:56.595+0800][gc,heap      ] GC(0) Survivor regions: 0->6(7)
[2020-11-05T13:07:56.595+0800][gc,heap      ] GC(0) Old regions: 0->0
[2020-11-05T13:07:56.595+0800][gc,heap      ] GC(0) Archive regions: 2->2
[2020-11-05T13:07:56.595+0800][gc,heap      ] GC(0) Humongous regions: 1->1
[2020-11-05T13:07:56.595+0800][gc,metaspace ] GC(0) Metaspace: 16260K->16260K(1064960K)
[2020-11-05T13:07:56.595+0800][gc           ] GC(0) Pause Young (Normal) (GCLocker Initiated GC) 52M->7M(1024M) 61.422ms
[2020-11-05T13:07:56.595+0800][gc,cpu       ] GC(0) User=0.03s Sys=0.04s Real=0.06s
[2020-11-05T13:07:59.074+0800][gc,start     ] GC(1) Pause Young (Concurrent Start) (Metadata GC Threshold)
[2020-11-05T13:07:59.074+0800][gc,task      ] GC(1) Using 8 workers of 8 for evacuation
[2020-11-05T13:07:59.110+0800][gc,mmu       ] GC(1) MMU target violated: 21.0ms (20.0ms/21.0ms)
[2020-11-05T13:07:59.110+0800][gc,phases    ] GC(1)   Pre Evacuate Collection Set: 0.1ms
[2020-11-05T13:07:59.110+0800][gc,phases    ] GC(1)   Evacuate Collection Set: 19.1ms
[2020-11-05T13:07:59.110+0800][gc,phases    ] GC(1)   Post Evacuate Collection Set: 0.6ms
[2020-11-05T13:07:59.110+0800][gc,phases    ] GC(1)   Other: 16.6ms
[2020-11-05T13:07:59.110+0800][gc,heap      ] GC(1) Eden regions: 29->0(48)
[2020-11-05T13:07:59.110+0800][gc,heap      ] GC(1) Survivor regions: 6->3(7)
[2020-11-05T13:07:59.111+0800][gc,heap      ] GC(1) Old regions: 0->6
[2020-11-05T13:07:59.111+0800][gc,heap      ] GC(1) Archive regions: 2->2
[2020-11-05T13:07:59.111+0800][gc,heap      ] GC(1) Humongous regions: 130->130
[2020-11-05T13:07:59.111+0800][gc,metaspace ] GC(1) Metaspace: 20644K->20644K(1067008K)
[2020-11-05T13:07:59.111+0800][gc           ] GC(1) Pause Young (Concurrent Start) (Metadata GC Threshold) 165M->138M(1024M) 36.450ms
[2020-11-05T13:07:59.111+0800][gc,cpu       ] GC(1) User=0.03s Sys=0.03s Real=0.04s
[2020-11-05T13:07:59.111+0800][gc           ] GC(2) Concurrent Cycle
[2020-11-05T13:07:59.111+0800][gc,marking   ] GC(2) Concurrent Clear Claimed Marks
[2020-11-05T13:07:59.111+0800][gc,marking   ] GC(2) Concurrent Clear Claimed Marks 0.032ms
[2020-11-05T13:07:59.111+0800][gc,marking   ] GC(2) Concurrent Scan Root Regions
[2020-11-05T13:07:59.115+0800][gc,marking   ] GC(2) Concurrent Scan Root Regions 3.546ms
[2020-11-05T13:07:59.121+0800][gc,marking   ] GC(2) Concurrent Mark (16.872s)
[2020-11-05T13:07:59.121+0800][gc,marking   ] GC(2) Concurrent Mark From Roots
[2020-11-05T13:07:59.121+0800][gc,task      ] GC(2) Using 2 workers of 2 for marking
[2020-11-05T13:07:59.129+0800][gc,marking   ] GC(2) Concurrent Mark From Roots 7.464ms
[2020-11-05T13:07:59.129+0800][gc,marking   ] GC(2) Concurrent Preclean
[2020-11-05T13:07:59.129+0800][gc,marking   ] GC(2) Concurrent Preclean 0.034ms
[2020-11-05T13:07:59.129+0800][gc,marking   ] GC(2) Concurrent Mark (16.872s, 16.886s) 14.051ms
[2020-11-05T13:07:59.129+0800][gc,start     ] GC(2) Pause Remark
[2020-11-05T13:07:59.132+0800][gc           ] GC(2) Pause Remark 139M->139M(1024M) 2.329ms
[2020-11-05T13:07:59.132+0800][gc,cpu       ] GC(2) User=0.01s Sys=0.00s Real=0.01s
[2020-11-05T13:07:59.132+0800][gc,marking   ] GC(2) Concurrent Rebuild Remembered Sets
[2020-11-05T13:07:59.134+0800][gc,marking   ] GC(2) Concurrent Rebuild Remembered Sets 2.632ms
[2020-11-05T13:07:59.138+0800][gc,start     ] GC(2) Pause Cleanup
[2020-11-05T13:07:59.139+0800][gc           ] GC(2) Pause Cleanup 139M->139M(1024M) 0.211ms
[2020-11-05T13:07:59.139+0800][gc,cpu       ] GC(2) User=0.00s Sys=0.00s Real=0.00s
[2020-11-05T13:07:59.139+0800][gc,marking   ] GC(2) Concurrent Cleanup for Next Mark
[2020-11-05T13:07:59.145+0800][gc,marking   ] GC(2) Concurrent Cleanup for Next Mark 5.984ms
[2020-11-05T13:07:59.145+0800][gc           ] GC(2) Concurrent Cycle 33.581ms
[2020-11-05T13:13:22.091+0800][gc,start     ] GC(3) Pause Young (Normal) (G1 Evacuation Pause)
[2020-11-05T13:13:22.102+0800][gc,task      ] GC(3) Using 8 workers of 8 for evacuation
[2020-11-05T13:13:22.300+0800][gc,mmu       ] GC(3) MMU target violated: 21.0ms (20.0ms/21.0ms)
[2020-11-05T13:13:22.300+0800][gc,phases    ] GC(3)   Pre Evacuate Collection Set: 0.1ms
[2020-11-05T13:13:22.300+0800][gc,phases    ] GC(3)   Evacuate Collection Set: 98.8ms
[2020-11-05T13:13:22.300+0800][gc,phases    ] GC(3)   Post Evacuate Collection Set: 1.6ms
[2020-11-05T13:13:22.300+0800][gc,phases    ] GC(3)   Other: 111.5ms
[2020-11-05T13:13:22.300+0800][gc,heap      ] GC(3) Eden regions: 48->0(45)
[2020-11-05T13:13:22.300+0800][gc,heap      ] GC(3) Survivor regions: 3->6(7)
[2020-11-05T13:13:22.300+0800][gc,heap      ] GC(3) Old regions: 6->6
[2020-11-05T13:13:22.300+0800][gc,heap      ] GC(3) Archive regions: 2->2
[2020-11-05T13:13:22.300+0800][gc,heap      ] GC(3) Humongous regions: 130->130
[2020-11-05T13:13:22.300+0800][gc,metaspace ] GC(3) Metaspace: 26261K->26261K(1073152K)
[2020-11-05T13:13:22.300+0800][gc           ] GC(3) Pause Young (Normal) (G1 Evacuation Pause) 186M->142M(1024M) 208.824ms
[2020-11-05T13:13:22.300+0800][gc,cpu       ] GC(3) User=0.04s Sys=0.13s Real=0.21s
[2020-11-05T13:14:23.747+0800][gc,start     ] GC(4) Pause Young (Normal) (G1 Evacuation Pause)
[2020-11-05T13:14:23.748+0800][gc,task      ] GC(4) Using 8 workers of 8 for evacuation
[2020-11-05T13:14:23.792+0800][gc,mmu       ] GC(4) MMU target violated: 21.0ms (20.0ms/21.0ms)
[2020-11-05T13:14:23.792+0800][gc,phases    ] GC(4)   Pre Evacuate Collection Set: 0.5ms
[2020-11-05T13:14:23.792+0800][gc,phases    ] GC(4)   Evacuate Collection Set: 27.4ms
[2020-11-05T13:14:23.792+0800][gc,phases    ] GC(4)   Post Evacuate Collection Set: 2.8ms
[2020-11-05T13:14:23.792+0800][gc,phases    ] GC(4)   Other: 14.9ms
[2020-11-05T13:14:23.792+0800][gc,heap      ] GC(4) Eden regions: 45->0(47)
[2020-11-05T13:14:23.792+0800][gc,heap      ] GC(4) Survivor regions: 6->4(7)
[2020-11-05T13:14:23.792+0800][gc,heap      ] GC(4) Old regions: 6->8
[2020-11-05T13:14:23.792+0800][gc,heap      ] GC(4) Archive regions: 2->2
[2020-11-05T13:14:23.792+0800][gc,heap      ] GC(4) Humongous regions: 130->130
[2020-11-05T13:14:23.793+0800][gc,metaspace ] GC(4) Metaspace: 26322K->26322K(1073152K)
[2020-11-05T13:14:23.793+0800][gc           ] GC(4) Pause Young (Normal) (G1 Evacuation Pause) 187M->142M(1024M) 45.474ms
[2020-11-05T13:14:23.793+0800][gc,cpu       ] GC(4) User=0.03s Sys=0.05s Real=0.05s
[2020-11-05T13:15:30.683+0800][gc,start     ] GC(5) Pause Young (Normal) (G1 Evacuation Pause)
[2020-11-05T13:15:30.685+0800][gc,task      ] GC(5) Using 8 workers of 8 for evacuation
[2020-11-05T13:15:30.732+0800][gc,mmu       ] GC(5) MMU target violated: 21.0ms (20.0ms/21.0ms)
[2020-11-05T13:15:30.732+0800][gc,phases    ] GC(5)   Pre Evacuate Collection Set: 0.1ms
[2020-11-05T13:15:30.732+0800][gc,phases    ] GC(5)   Evacuate Collection Set: 35.8ms
[2020-11-05T13:15:30.732+0800][gc,phases    ] GC(5)   Post Evacuate Collection Set: 5.3ms
[2020-11-05T13:15:30.732+0800][gc,phases    ] GC(5)   Other: 9.9ms
[2020-11-05T13:15:30.732+0800][gc,heap      ] GC(5) Eden regions: 47->0(48)
[2020-11-05T13:15:30.732+0800][gc,heap      ] GC(5) Survivor regions: 4->3(7)
[2020-11-05T13:15:30.732+0800][gc,heap      ] GC(5) Old regions: 8->8
[2020-11-05T13:15:30.732+0800][gc,heap      ] GC(5) Archive regions: 2->2
[2020-11-05T13:15:30.732+0800][gc,heap      ] GC(5) Humongous regions: 130->130
[2020-11-05T13:15:30.732+0800][gc,metaspace ] GC(5) Metaspace: 26850K->26850K(1073152K)
[2020-11-05T13:15:30.733+0800][gc           ] GC(5) Pause Young (Normal) (G1 Evacuation Pause) 189M->141M(1024M) 50.617ms
[2020-11-05T13:15:30.733+0800][gc,cpu       ] GC(5) User=0.02s Sys=0.04s Real=0.05s
[2020-11-05T13:16:36.163+0800][gc,start     ] GC(6) Pause Young (Normal) (G1 Evacuation Pause)
[2020-11-05T13:16:36.164+0800][gc,task      ] GC(6) Using 8 workers of 8 for evacuation
[2020-11-05T13:16:36.180+0800][gc,phases    ] GC(6)   Pre Evacuate Collection Set: 0.1ms
[2020-11-05T13:16:36.180+0800][gc,phases    ] GC(6)   Evacuate Collection Set: 14.1ms
[2020-11-05T13:16:36.180+0800][gc,phases    ] GC(6)   Post Evacuate Collection Set: 0.5ms
[2020-11-05T13:16:36.180+0800][gc,phases    ] GC(6)   Other: 2.6ms
[2020-11-05T13:16:36.180+0800][gc,heap      ] GC(6) Eden regions: 48->0(48)
[2020-11-05T13:16:36.180+0800][gc,heap      ] GC(6) Survivor regions: 3->3(7)
[2020-11-05T13:16:36.180+0800][gc,heap      ] GC(6) Old regions: 8->8
[2020-11-05T13:16:36.180+0800][gc,heap      ] GC(6) Archive regions: 2->2
[2020-11-05T13:16:36.180+0800][gc,heap      ] GC(6) Humongous regions: 130->130
[2020-11-05T13:16:36.180+0800][gc,metaspace ] GC(6) Metaspace: 26905K->26905K(1073152K)
[2020-11-05T13:16:36.180+0800][gc           ] GC(6) Pause Young (Normal) (G1 Evacuation Pause) 189M->141M(1024M) 17.350ms
[2020-11-05T13:16:36.180+0800][gc,cpu       ] GC(6) User=0.01s Sys=0.03s Real=0.02s
[2020-11-05T13:17:42.614+0800][gc,start     ] GC(7) Pause Young (Normal) (G1 Evacuation Pause)
[2020-11-05T13:17:42.615+0800][gc,task      ] GC(7) Using 8 workers of 8 for evacuation
[2020-11-05T13:17:42.659+0800][gc,mmu       ] GC(7) MMU target violated: 21.0ms (20.0ms/21.0ms)
[2020-11-05T13:17:42.660+0800][gc,phases    ] GC(7)   Pre Evacuate Collection Set: 0.1ms
[2020-11-05T13:17:42.660+0800][gc,phases    ] GC(7)   Evacuate Collection Set: 36.9ms
[2020-11-05T13:17:42.660+0800][gc,phases    ] GC(7)   Post Evacuate Collection Set: 1.6ms
[2020-11-05T13:17:42.660+0800][gc,phases    ] GC(7)   Other: 7.3ms
[2020-11-05T13:17:42.660+0800][gc,heap      ] GC(7) Eden regions: 48->0(47)
[2020-11-05T13:17:42.660+0800][gc,heap      ] GC(7) Survivor regions: 3->4(7)
[2020-11-05T13:17:42.660+0800][gc,heap      ] GC(7) Old regions: 8->8
[2020-11-05T13:17:42.660+0800][gc,heap      ] GC(7) Archive regions: 2->2
[2020-11-05T13:17:42.660+0800][gc,heap      ] GC(7) Humongous regions: 130->130
[2020-11-05T13:17:42.660+0800][gc,metaspace ] GC(7) Metaspace: 26961K->26961K(1073152K)
[2020-11-05T13:17:42.660+0800][gc           ] GC(7) Pause Young (Normal) (G1 Evacuation Pause) 189M->142M(1024M) 45.488ms
[2020-11-05T13:17:42.660+0800][gc,cpu       ] GC(7) User=0.03s Sys=0.08s Real=0.05s
[2020-11-05T13:18:47.659+0800][gc,start     ] GC(8) Pause Young (Normal) (G1 Evacuation Pause)
[2020-11-05T13:18:47.661+0800][gc,task      ] GC(8) Using 8 workers of 8 for evacuation
[2020-11-05T13:18:47.696+0800][gc,mmu       ] GC(8) MMU target violated: 21.0ms (20.0ms/21.0ms)
[2020-11-05T13:18:47.696+0800][gc,phases    ] GC(8)   Pre Evacuate Collection Set: 1.0ms
[2020-11-05T13:18:47.696+0800][gc,phases    ] GC(8)   Evacuate Collection Set: 24.4ms
[2020-11-05T13:18:47.696+0800][gc,phases    ] GC(8)   Post Evacuate Collection Set: 1.3ms
[2020-11-05T13:18:47.697+0800][gc,phases    ] GC(8)   Other: 11.2ms
[2020-11-05T13:18:47.697+0800][gc,heap      ] GC(8) Eden regions: 47->0(48)
[2020-11-05T13:18:47.697+0800][gc,heap      ] GC(8) Survivor regions: 4->3(7)
[2020-11-05T13:18:47.697+0800][gc,heap      ] GC(8) Old regions: 8->9
[2020-11-05T13:18:47.697+0800][gc,heap      ] GC(8) Archive regions: 2->2
[2020-11-05T13:18:47.697+0800][gc,heap      ] GC(8) Humongous regions: 130->130
[2020-11-05T13:18:47.697+0800][gc,metaspace ] GC(8) Metaspace: 27011K->27011K(1073152K)
[2020-11-05T13:18:47.697+0800][gc           ] GC(8) Pause Young (Normal) (G1 Evacuation Pause) 189M->142M(1024M) 37.777ms
[2020-11-05T13:18:47.697+0800][gc,cpu       ] GC(8) User=0.04s Sys=0.08s Real=0.04s
[2020-11-05T13:19:54.773+0800][gc,start     ] GC(9) Pause Young (Normal) (G1 Evacuation Pause)
[2020-11-05T13:19:54.773+0800][gc,task      ] GC(9) Using 8 workers of 8 for evacuation
[2020-11-05T13:19:54.798+0800][gc,mmu       ] GC(9) MMU target violated: 21.0ms (20.0ms/21.0ms)
[2020-11-05T13:19:54.798+0800][gc,phases    ] GC(9)   Pre Evacuate Collection Set: 0.1ms
[2020-11-05T13:19:54.798+0800][gc,phases    ] GC(9)   Evacuate Collection Set: 14.8ms
[2020-11-05T13:19:54.798+0800][gc,phases    ] GC(9)   Post Evacuate Collection Set: 2.0ms
[2020-11-05T13:19:54.798+0800][gc,phases    ] GC(9)   Other: 8.6ms
[2020-11-05T13:19:54.798+0800][gc,heap      ] GC(9) Eden regions: 48->0(48)
[2020-11-05T13:19:54.798+0800][gc,heap      ] GC(9) Survivor regions: 3->3(7)
[2020-11-05T13:19:54.798+0800][gc,heap      ] GC(9) Old regions: 9->9
[2020-11-05T13:19:54.798+0800][gc,heap      ] GC(9) Archive regions: 2->2
[2020-11-05T13:19:54.798+0800][gc,heap      ] GC(9) Humongous regions: 130->130
[2020-11-05T13:19:54.798+0800][gc,metaspace ] GC(9) Metaspace: 27019K->27019K(1073152K)
[2020-11-05T13:19:54.799+0800][gc           ] GC(9) Pause Young (Normal) (G1 Evacuation Pause) 190M->142M(1024M) 26.175ms
[2020-11-05T13:19:54.799+0800][gc,cpu       ] GC(9) User=0.02s Sys=0.03s Real=0.02s
[2020-11-05T13:21:01.706+0800][gc,start     ] GC(10) Pause Young (Normal) (G1 Evacuation Pause)
[2020-11-05T13:21:01.707+0800][gc,task      ] GC(10) Using 8 workers of 8 for evacuation
[2020-11-05T13:21:01.738+0800][gc,mmu       ] GC(10) MMU target violated: 21.0ms (20.0ms/21.0ms)
[2020-11-05T13:21:01.738+0800][gc,phases    ] GC(10)   Pre Evacuate Collection Set: 0.1ms
[2020-11-05T13:21:01.738+0800][gc,phases    ] GC(10)   Evacuate Collection Set: 27.1ms
[2020-11-05T13:21:01.738+0800][gc,phases    ] GC(10)   Post Evacuate Collection Set: 2.7ms
[2020-11-05T13:21:01.738+0800][gc,phases    ] GC(10)   Other: 2.4ms
[2020-11-05T13:21:01.738+0800][gc,heap      ] GC(10) Eden regions: 48->0(47)
[2020-11-05T13:21:01.738+0800][gc,heap      ] GC(10) Survivor regions: 3->4(7)
[2020-11-05T13:21:01.738+0800][gc,heap      ] GC(10) Old regions: 9->9
[2020-11-05T13:21:01.738+0800][gc,heap      ] GC(10) Archive regions: 2->2
[2020-11-05T13:21:01.739+0800][gc,heap      ] GC(10) Humongous regions: 130->130
[2020-11-05T13:21:01.739+0800][gc,metaspace ] GC(10) Metaspace: 27024K->27024K(1073152K)
[2020-11-05T13:21:01.739+0800][gc           ] GC(10) Pause Young (Normal) (G1 Evacuation Pause) 190M->143M(1024M) 32.513ms
[2020-11-05T13:21:01.739+0800][gc,cpu       ] GC(10) User=0.02s Sys=0.05s Real=0.03s
[2020-11-05T13:22:07.407+0800][gc,start     ] GC(11) Pause Young (Normal) (G1 Evacuation Pause)
[2020-11-05T13:22:07.407+0800][gc,task      ] GC(11) Using 8 workers of 8 for evacuation
[2020-11-05T13:22:07.437+0800][gc,mmu       ] GC(11) MMU target violated: 21.0ms (20.0ms/21.0ms)
[2020-11-05T13:22:07.437+0800][gc,phases    ] GC(11)   Pre Evacuate Collection Set: 0.1ms
[2020-11-05T13:22:07.437+0800][gc,phases    ] GC(11)   Evacuate Collection Set: 29.1ms
[2020-11-05T13:22:07.437+0800][gc,phases    ] GC(11)   Post Evacuate Collection Set: 0.3ms
[2020-11-05T13:22:07.437+0800][gc,phases    ] GC(11)   Other: 1.5ms
[2020-11-05T13:22:07.437+0800][gc,heap      ] GC(11) Eden regions: 47->0(46)
[2020-11-05T13:22:07.437+0800][gc,heap      ] GC(11) Survivor regions: 4->5(7)
[2020-11-05T13:22:07.437+0800][gc,heap      ] GC(11) Old regions: 9->10
[2020-11-05T13:22:07.437+0800][gc,heap      ] GC(11) Archive regions: 2->2
[2020-11-05T13:22:07.437+0800][gc,heap      ] GC(11) Humongous regions: 130->130
[2020-11-05T13:22:07.437+0800][gc,metaspace ] GC(11) Metaspace: 27028K->27028K(1073152K)
[2020-11-05T13:22:07.438+0800][gc           ] GC(11) Pause Young (Normal) (G1 Evacuation Pause) 190M->144M(1024M) 30.630ms
[2020-11-05T13:22:07.438+0800][gc,cpu       ] GC(11) User=0.03s Sys=0.03s Real=0.03s
[2020-11-05T13:23:11.912+0800][gc,start     ] GC(12) Pause Young (Normal) (G1 Evacuation Pause)
[2020-11-05T13:23:11.913+0800][gc,task      ] GC(12) Using 8 workers of 8 for evacuation
[2020-11-05T13:23:11.921+0800][gc,phases    ] GC(12)   Pre Evacuate Collection Set: 0.1ms
[2020-11-05T13:23:11.921+0800][gc,phases    ] GC(12)   Evacuate Collection Set: 6.9ms
[2020-11-05T13:23:11.921+0800][gc,phases    ] GC(12)   Post Evacuate Collection Set: 0.4ms
[2020-11-05T13:23:11.921+0800][gc,phases    ] GC(12)   Other: 1.2ms
[2020-11-05T13:23:11.921+0800][gc,heap      ] GC(12) Eden regions: 46->0(46)
[2020-11-05T13:23:11.921+0800][gc,heap      ] GC(12) Survivor regions: 5->5(7)
[2020-11-05T13:23:11.921+0800][gc,heap      ] GC(12) Old regions: 10->11
[2020-11-05T13:23:11.921+0800][gc,heap      ] GC(12) Archive regions: 2->2
[2020-11-05T13:23:11.921+0800][gc,heap      ] GC(12) Humongous regions: 130->130
[2020-11-05T13:23:11.921+0800][gc,metaspace ] GC(12) Metaspace: 27039K->27039K(1073152K)
[2020-11-05T13:23:11.921+0800][gc           ] GC(12) Pause Young (Normal) (G1 Evacuation Pause) 190M->145M(1024M) 8.830ms
[2020-11-05T13:23:11.921+0800][gc,cpu       ] GC(12) User=0.05s Sys=0.00s Real=0.01s
[2020-11-05T13:24:15.531+0800][gc,start     ] GC(13) Pause Young (Normal) (G1 Evacuation Pause)
[2020-11-05T13:24:15.532+0800][gc,task      ] GC(13) Using 8 workers of 8 for evacuation
[2020-11-05T13:24:15.545+0800][gc,phases    ] GC(13)   Pre Evacuate Collection Set: 0.6ms
[2020-11-05T13:24:15.545+0800][gc,phases    ] GC(13)   Evacuate Collection Set: 11.5ms
[2020-11-05T13:24:15.545+0800][gc,phases    ] GC(13)   Post Evacuate Collection Set: 0.3ms
[2020-11-05T13:24:15.545+0800][gc,phases    ] GC(13)   Other: 1.0ms
[2020-11-05T13:24:15.545+0800][gc,heap      ] GC(13) Eden regions: 46->0(45)
[2020-11-05T13:24:15.545+0800][gc,heap      ] GC(13) Survivor regions: 5->6(7)
[2020-11-05T13:24:15.545+0800][gc,heap      ] GC(13) Old regions: 11->12
[2020-11-05T13:24:15.545+0800][gc,heap      ] GC(13) Archive regions: 2->2
[2020-11-05T13:24:15.545+0800][gc,heap      ] GC(13) Humongous regions: 130->130
[2020-11-05T13:24:15.545+0800][gc,metaspace ] GC(13) Metaspace: 27046K->27046K(1073152K)
[2020-11-05T13:24:15.546+0800][gc           ] GC(13) Pause Young (Normal) (G1 Evacuation Pause) 191M->148M(1024M) 14.171ms
[2020-11-05T13:24:15.546+0800][gc,cpu       ] GC(13) User=0.03s Sys=0.01s Real=0.01s
[2020-11-05T13:25:18.409+0800][gc,start     ] GC(14) Pause Young (Normal) (G1 Evacuation Pause)
[2020-11-05T13:25:18.410+0800][gc,task      ] GC(14) Using 8 workers of 8 for evacuation
[2020-11-05T13:25:18.422+0800][gc,phases    ] GC(14)   Pre Evacuate Collection Set: 0.1ms
[2020-11-05T13:25:18.423+0800][gc,phases    ] GC(14)   Evacuate Collection Set: 11.2ms
[2020-11-05T13:25:18.423+0800][gc,phases    ] GC(14)   Post Evacuate Collection Set: 0.5ms
[2020-11-05T13:25:18.423+0800][gc,phases    ] GC(14)   Other: 1.6ms
[2020-11-05T13:25:18.423+0800][gc,heap      ] GC(14) Eden regions: 45->0(47)
[2020-11-05T13:25:18.423+0800][gc,heap      ] GC(14) Survivor regions: 6->4(7)
[2020-11-05T13:25:18.423+0800][gc,heap      ] GC(14) Old regions: 12->15
[2020-11-05T13:25:18.423+0800][gc,heap      ] GC(14) Archive regions: 2->2
[2020-11-05T13:25:18.423+0800][gc,heap      ] GC(14) Humongous regions: 130->130
[2020-11-05T13:25:18.423+0800][gc,metaspace ] GC(14) Metaspace: 27060K->27060K(1073152K)
[2020-11-05T13:25:18.423+0800][gc           ] GC(14) Pause Young (Normal) (G1 Evacuation Pause) 193M->149M(1024M) 13.574ms
[2020-11-05T13:25:18.423+0800][gc,cpu       ] GC(14) User=0.06s Sys=0.02s Real=0.02s
[2020-11-05T13:26:23.765+0800][gc,start     ] GC(15) Pause Young (Normal) (G1 Evacuation Pause)
[2020-11-05T13:26:23.766+0800][gc,task      ] GC(15) Using 8 workers of 8 for evacuation
[2020-11-05T13:26:23.786+0800][gc,phases    ] GC(15)   Pre Evacuate Collection Set: 0.1ms
[2020-11-05T13:26:23.786+0800][gc,phases    ] GC(15)   Evacuate Collection Set: 14.7ms
[2020-11-05T13:26:23.786+0800][gc,phases    ] GC(15)   Post Evacuate Collection Set: 0.7ms
[2020-11-05T13:26:23.786+0800][gc,phases    ] GC(15)   Other: 5.2ms
[2020-11-05T13:26:23.786+0800][gc,heap      ] GC(15) Eden regions: 47->0(47)
[2020-11-05T13:26:23.786+0800][gc,heap      ] GC(15) Survivor regions: 4->4(7)
[2020-11-05T13:26:23.786+0800][gc,heap      ] GC(15) Old regions: 15->17
[2020-11-05T13:26:23.786+0800][gc,heap      ] GC(15) Archive regions: 2->2
[2020-11-05T13:26:23.786+0800][gc,heap      ] GC(15) Humongous regions: 130->130
[2020-11-05T13:26:23.786+0800][gc,metaspace ] GC(15) Metaspace: 27088K->27088K(1073152K)
[2020-11-05T13:26:23.787+0800][gc           ] GC(15) Pause Young (Normal) (G1 Evacuation Pause) 196M->150M(1024M) 21.511ms
[2020-11-05T13:26:23.787+0800][gc,cpu       ] GC(15) User=0.05s Sys=0.05s Real=0.02s
[2020-11-05T13:27:29.799+0800][gc,start     ] GC(16) Pause Young (Normal) (G1 Evacuation Pause)
[2020-11-05T13:27:29.799+0800][gc,task      ] GC(16) Using 8 workers of 8 for evacuation
[2020-11-05T13:27:29.809+0800][gc,phases    ] GC(16)   Pre Evacuate Collection Set: 0.1ms
[2020-11-05T13:27:29.809+0800][gc,phases    ] GC(16)   Evacuate Collection Set: 8.6ms
[2020-11-05T13:27:29.809+0800][gc,phases    ] GC(16)   Post Evacuate Collection Set: 0.4ms
[2020-11-05T13:27:29.809+0800][gc,phases    ] GC(16)   Other: 0.5ms
[2020-11-05T13:27:29.809+0800][gc,heap      ] GC(16) Eden regions: 47->0(45)
[2020-11-05T13:27:29.809+0800][gc,heap      ] GC(16) Survivor regions: 4->6(7)
[2020-11-05T13:27:29.809+0800][gc,heap      ] GC(16) Old regions: 17->17
[2020-11-05T13:27:29.809+0800][gc,heap      ] GC(16) Archive regions: 2->2
[2020-11-05T13:27:29.809+0800][gc,heap      ] GC(16) Humongous regions: 130->130
[2020-11-05T13:27:29.809+0800][gc,metaspace ] GC(16) Metaspace: 27093K->27093K(1073152K)
[2020-11-05T13:27:29.809+0800][gc           ] GC(16) Pause Young (Normal) (G1 Evacuation Pause) 197M->152M(1024M) 9.660ms
[2020-11-05T13:27:29.809+0800][gc,cpu       ] GC(16) User=0.05s Sys=0.01s Real=0.01s
[2020-11-05T13:28:33.164+0800][gc,start     ] GC(17) Pause Young (Normal) (G1 Evacuation Pause)
[2020-11-05T13:28:33.165+0800][gc,task      ] GC(17) Using 8 workers of 8 for evacuation
[2020-11-05T13:28:33.177+0800][gc,phases    ] GC(17)   Pre Evacuate Collection Set: 0.1ms
[2020-11-05T13:28:33.177+0800][gc,phases    ] GC(17)   Evacuate Collection Set: 10.4ms
[2020-11-05T13:28:33.177+0800][gc,phases    ] GC(17)   Post Evacuate Collection Set: 1.3ms
[2020-11-05T13:28:33.177+0800][gc,phases    ] GC(17)   Other: 0.8ms
[2020-11-05T13:28:33.177+0800][gc,heap      ] GC(17) Eden regions: 45->0(46)
[2020-11-05T13:28:33.177+0800][gc,heap      ] GC(17) Survivor regions: 6->7(7)
[2020-11-05T13:28:33.177+0800][gc,heap      ] GC(17) Old regions: 17->18
[2020-11-05T13:28:33.177+0800][gc,heap      ] GC(17) Archive regions: 2->2
[2020-11-05T13:28:33.177+0800][gc,heap      ] GC(17) Humongous regions: 130->130
[2020-11-05T13:28:33.177+0800][gc,metaspace ] GC(17) Metaspace: 27098K->27098K(1073152K)
[2020-11-05T13:28:33.177+0800][gc           ] GC(17) Pause Young (Normal) (G1 Evacuation Pause) 197M->154M(1024M) 12.826ms
[2020-11-05T13:28:33.177+0800][gc,cpu       ] GC(17) User=0.06s Sys=0.01s Real=0.01s
[2020-11-05T13:29:34.985+0800][gc,start     ] GC(18) Pause Young (Normal) (G1 Evacuation Pause)
[2020-11-05T13:29:34.985+0800][gc,task      ] GC(18) Using 8 workers of 8 for evacuation
[2020-11-05T13:29:34.991+0800][gc,phases    ] GC(18)   Pre Evacuate Collection Set: 0.0ms
[2020-11-05T13:29:35.025+0800][gc,phases    ] GC(18)   Evacuate Collection Set: 5.1ms
[2020-11-05T13:29:35.025+0800][gc,phases    ] GC(18)   Post Evacuate Collection Set: 0.3ms
[2020-11-05T13:29:35.025+0800][gc,phases    ] GC(18)   Other: 0.4ms
[2020-11-05T13:29:35.026+0800][gc,heap      ] GC(18) Eden regions: 44->0(54)
[2020-11-05T13:29:35.026+0800][gc,heap      ] GC(18) Survivor regions: 7->4(7)
[2020-11-05T13:29:35.026+0800][gc,heap      ] GC(18) Old regions: 18->21
[2020-11-05T13:29:35.026+0800][gc,heap      ] GC(18) Archive regions: 2->2
[2020-11-05T13:29:35.026+0800][gc,heap      ] GC(18) Humongous regions: 130->130
[2020-11-05T13:29:35.026+0800][gc,metaspace ] GC(18) Metaspace: 27103K->27103K(1073152K)
[2020-11-05T13:29:35.026+0800][gc           ] GC(18) Pause Young (Normal) (G1 Evacuation Pause) 198M->155M(1024M) 40.364ms
[2020-11-05T13:29:35.026+0800][gc,cpu       ] GC(18) User=0.03s Sys=0.00s Real=0.04s
[2020-11-05T13:30:50.273+0800][gc,start     ] GC(19) Pause Young (Normal) (G1 Evacuation Pause)
[2020-11-05T13:30:50.274+0800][gc,task      ] GC(19) Using 8 workers of 8 for evacuation
[2020-11-05T13:30:50.284+0800][gc,phases    ] GC(19)   Pre Evacuate Collection Set: 0.1ms
[2020-11-05T13:30:50.285+0800][gc,phases    ] GC(19)   Evacuate Collection Set: 9.8ms
[2020-11-05T13:30:50.285+0800][gc,phases    ] GC(19)   Post Evacuate Collection Set: 0.4ms
[2020-11-05T13:30:50.285+0800][gc,phases    ] GC(19)   Other: 1.2ms
[2020-11-05T13:30:50.285+0800][gc,heap      ] GC(19) Eden regions: 54->0(54)
[2020-11-05T13:30:50.285+0800][gc,heap      ] GC(19) Survivor regions: 4->7(8)
[2020-11-05T13:30:50.285+0800][gc,heap      ] GC(19) Old regions: 21->21
[2020-11-05T13:30:50.285+0800][gc,heap      ] GC(19) Archive regions: 2->2
[2020-11-05T13:30:50.285+0800][gc,heap      ] GC(19) Humongous regions: 130->130
[2020-11-05T13:30:50.285+0800][gc,metaspace ] GC(19) Metaspace: 27103K->27103K(1073152K)
[2020-11-05T13:30:50.286+0800][gc           ] GC(19) Pause Young (Normal) (G1 Evacuation Pause) 209M->157M(1024M) 12.604ms
[2020-11-05T13:30:50.286+0800][gc,cpu       ] GC(19) User=0.07s Sys=0.01s Real=0.01s
[2020-11-05T13:32:05.688+0800][gc,start     ] GC(20) Pause Young (Normal) (G1 Evacuation Pause)
[2020-11-05T13:32:05.688+0800][gc,task      ] GC(20) Using 8 workers of 8 for evacuation
[2020-11-05T13:32:05.697+0800][gc,phases    ] GC(20)   Pre Evacuate Collection Set: 0.1ms
[2020-11-05T13:32:05.697+0800][gc,phases    ] GC(20)   Evacuate Collection Set: 8.9ms
[2020-11-05T13:32:05.697+0800][gc,phases    ] GC(20)   Post Evacuate Collection Set: 0.3ms
[2020-11-05T13:32:05.698+0800][gc,phases    ] GC(20)   Other: 0.4ms
[2020-11-05T13:32:05.698+0800][gc,heap      ] GC(20) Eden regions: 54->0(57)
[2020-11-05T13:32:05.698+0800][gc,heap      ] GC(20) Survivor regions: 7->5(8)
[2020-11-05T13:32:05.698+0800][gc,heap      ] GC(20) Old regions: 21->24
[2020-11-05T13:32:05.698+0800][gc,heap      ] GC(20) Archive regions: 2->2
[2020-11-05T13:32:05.698+0800][gc,heap      ] GC(20) Humongous regions: 130->130
[2020-11-05T13:32:05.698+0800][gc,metaspace ] GC(20) Metaspace: 27105K->27105K(1073152K)
[2020-11-05T13:32:05.698+0800][gc           ] GC(20) Pause Young (Normal) (G1 Evacuation Pause) 211M->158M(1024M) 9.813ms
[2020-11-05T13:32:05.698+0800][gc,cpu       ] GC(20) User=0.05s Sys=0.01s Real=0.01s
[2020-11-05T13:33:25.496+0800][gc,start     ] GC(21) Pause Young (Normal) (G1 Evacuation Pause)
[2020-11-05T13:33:25.497+0800][gc,task      ] GC(21) Using 8 workers of 8 for evacuation
[2020-11-05T13:33:25.507+0800][gc,phases    ] GC(21)   Pre Evacuate Collection Set: 0.1ms
[2020-11-05T13:33:25.507+0800][gc,phases    ] GC(21)   Evacuate Collection Set: 9.7ms
[2020-11-05T13:33:25.507+0800][gc,phases    ] GC(21)   Post Evacuate Collection Set: 0.3ms
[2020-11-05T13:33:25.507+0800][gc,phases    ] GC(21)   Other: 2.2ms
[2020-11-05T13:33:25.507+0800][gc,heap      ] GC(21) Eden regions: 57->0(63)
[2020-11-05T13:33:25.507+0800][gc,heap      ] GC(21) Survivor regions: 5->7(8)
[2020-11-05T13:33:25.507+0800][gc,heap      ] GC(21) Old regions: 24->24
[2020-11-05T13:33:25.507+0800][gc,heap      ] GC(21) Archive regions: 2->2
[2020-11-05T13:33:25.507+0800][gc,heap      ] GC(21) Humongous regions: 130->130
[2020-11-05T13:33:25.507+0800][gc,metaspace ] GC(21) Metaspace: 27106K->27106K(1073152K)
[2020-11-05T13:33:25.508+0800][gc           ] GC(21) Pause Young (Normal) (G1 Evacuation Pause) 215M->161M(1024M) 12.172ms
[2020-11-05T13:33:25.508+0800][gc,cpu       ] GC(21) User=0.07s Sys=0.01s Real=0.01s
[2020-11-05T13:34:54.009+0800][gc,start     ] GC(22) Pause Young (Normal) (G1 Evacuation Pause)
[2020-11-05T13:34:54.010+0800][gc,task      ] GC(22) Using 8 workers of 8 for evacuation
[2020-11-05T13:34:54.023+0800][gc,phases    ] GC(22)   Pre Evacuate Collection Set: 0.1ms
[2020-11-05T13:34:54.023+0800][gc,phases    ] GC(22)   Evacuate Collection Set: 11.9ms
[2020-11-05T13:34:54.023+0800][gc,phases    ] GC(22)   Post Evacuate Collection Set: 0.4ms
[2020-11-05T13:34:54.023+0800][gc,phases    ] GC(22)   Other: 1.8ms
[2020-11-05T13:34:54.023+0800][gc,heap      ] GC(22) Eden regions: 63->0(72)
[2020-11-05T13:34:54.023+0800][gc,heap      ] GC(22) Survivor regions: 7->5(9)
[2020-11-05T13:34:54.023+0800][gc,heap      ] GC(22) Old regions: 24->28
[2020-11-05T13:34:54.023+0800][gc,heap      ] GC(22) Archive regions: 2->2
[2020-11-05T13:34:54.023+0800][gc,heap      ] GC(22) Humongous regions: 130->130
[2020-11-05T13:34:54.023+0800][gc,metaspace ] GC(22) Metaspace: 27110K->27110K(1073152K)
[2020-11-05T13:34:54.023+0800][gc           ] GC(22) Pause Young (Normal) (G1 Evacuation Pause) 224M->162M(1024M) 14.255ms
[2020-11-05T13:34:54.023+0800][gc,cpu       ] GC(22) User=0.08s Sys=0.02s Real=0.02s
[2020-11-05T13:36:35.589+0800][gc,start     ] GC(23) Pause Young (Normal) (G1 Evacuation Pause)
[2020-11-05T13:36:35.589+0800][gc,task      ] GC(23) Using 8 workers of 8 for evacuation
[2020-11-05T13:36:35.602+0800][gc,phases    ] GC(23)   Pre Evacuate Collection Set: 0.1ms
[2020-11-05T13:36:35.602+0800][gc,phases    ] GC(23)   Evacuate Collection Set: 10.7ms
[2020-11-05T13:36:35.602+0800][gc,phases    ] GC(23)   Post Evacuate Collection Set: 0.4ms
[2020-11-05T13:36:35.602+0800][gc,phases    ] GC(23)   Other: 1.8ms
[2020-11-05T13:36:35.602+0800][gc,heap      ] GC(23) Eden regions: 72->0(75)
[2020-11-05T13:36:35.602+0800][gc,heap      ] GC(23) Survivor regions: 5->7(10)
[2020-11-05T13:36:35.602+0800][gc,heap      ] GC(23) Old regions: 28->28
[2020-11-05T13:36:35.602+0800][gc,heap      ] GC(23) Archive regions: 2->2
[2020-11-05T13:36:35.602+0800][gc,heap      ] GC(23) Humongous regions: 130->130
[2020-11-05T13:36:35.602+0800][gc,metaspace ] GC(23) Metaspace: 27131K->27131K(1073152K)
[2020-11-05T13:36:35.602+0800][gc           ] GC(23) Pause Young (Normal) (G1 Evacuation Pause) 234M->164M(1024M) 13.191ms
[2020-11-05T13:36:35.602+0800][gc,cpu       ] GC(23) User=0.06s Sys=0.01s Real=0.02s
[2020-11-05T13:38:20.341+0800][gc,start     ] GC(24) Pause Young (Normal) (G1 Evacuation Pause)
[2020-11-05T13:38:20.341+0800][gc,task      ] GC(24) Using 8 workers of 8 for evacuation
[2020-11-05T13:38:20.423+0800][gc,mmu       ] GC(24) MMU target violated: 21.0ms (20.0ms/21.0ms)
[2020-11-05T13:38:20.423+0800][gc,phases    ] GC(24)   Pre Evacuate Collection Set: 0.1ms
[2020-11-05T13:38:20.423+0800][gc,phases    ] GC(24)   Evacuate Collection Set: 73.9ms
[2020-11-05T13:38:20.423+0800][gc,phases    ] GC(24)   Post Evacuate Collection Set: 4.5ms
[2020-11-05T13:38:20.423+0800][gc,phases    ] GC(24)   Other: 5.0ms
[2020-11-05T13:38:20.423+0800][gc,heap      ] GC(24) Eden regions: 75->0(43)
[2020-11-05T13:38:20.423+0800][gc,heap      ] GC(24) Survivor regions: 7->8(11)
[2020-11-05T13:38:20.423+0800][gc,heap      ] GC(24) Old regions: 28->30
[2020-11-05T13:38:20.423+0800][gc,heap      ] GC(24) Archive regions: 2->2
[2020-11-05T13:38:20.423+0800][gc,heap      ] GC(24) Humongous regions: 130->130
[2020-11-05T13:38:20.423+0800][gc,metaspace ] GC(24) Metaspace: 27134K->27134K(1073152K)
[2020-11-05T13:38:20.423+0800][gc           ] GC(24) Pause Young (Normal) (G1 Evacuation Pause) 239M->167M(1024M) 82.809ms
[2020-11-05T13:38:20.423+0800][gc,cpu       ] GC(24) User=0.05s Sys=0.09s Real=0.08s
[2020-11-05T13:39:20.646+0800][gc,start     ] GC(25) Pause Young (Normal) (G1 Evacuation Pause)
[2020-11-05T13:39:20.647+0800][gc,task      ] GC(25) Using 8 workers of 8 for evacuation
[2020-11-05T13:39:20.782+0800][gc,mmu       ] GC(25) MMU target violated: 21.0ms (20.0ms/21.0ms)
[2020-11-05T13:39:20.782+0800][gc,phases    ] GC(25)   Pre Evacuate Collection Set: 0.1ms
[2020-11-05T13:39:20.782+0800][gc,phases    ] GC(25)   Evacuate Collection Set: 116.2ms
[2020-11-05T13:39:20.782+0800][gc,phases    ] GC(25)   Post Evacuate Collection Set: 5.9ms
[2020-11-05T13:39:20.783+0800][gc,phases    ] GC(25)   Other: 15.1ms
[2020-11-05T13:39:20.783+0800][gc,heap      ] GC(25) Eden regions: 43->0(45)
[2020-11-05T13:39:20.783+0800][gc,heap      ] GC(25) Survivor regions: 8->6(7)
[2020-11-05T13:39:20.783+0800][gc,heap      ] GC(25) Old regions: 30->34
[2020-11-05T13:39:20.783+0800][gc,heap      ] GC(25) Archive regions: 2->2
[2020-11-05T13:39:20.783+0800][gc,heap      ] GC(25) Humongous regions: 130->130
[2020-11-05T13:39:20.783+0800][gc,metaspace ] GC(25) Metaspace: 27135K->27135K(1073152K)
[2020-11-05T13:39:20.783+0800][gc           ] GC(25) Pause Young (Normal) (G1 Evacuation Pause) 210M->169M(1024M) 137.698ms
[2020-11-05T13:39:20.783+0800][gc,cpu       ] GC(25) User=0.06s Sys=0.16s Real=0.14s
[2020-11-05T13:40:23.114+0800][gc,start     ] GC(26) Pause Young (Normal) (G1 Evacuation Pause)
[2020-11-05T13:40:23.115+0800][gc,task      ] GC(26) Using 8 workers of 8 for evacuation
[2020-11-05T13:40:23.179+0800][gc,mmu       ] GC(26) MMU target violated: 21.0ms (20.0ms/21.0ms)
[2020-11-05T13:40:23.179+0800][gc,phases    ] GC(26)   Pre Evacuate Collection Set: 0.2ms
[2020-11-05T13:40:23.179+0800][gc,phases    ] GC(26)   Evacuate Collection Set: 43.5ms
[2020-11-05T13:40:23.179+0800][gc,phases    ] GC(26)   Post Evacuate Collection Set: 3.0ms
[2020-11-05T13:40:23.179+0800][gc,phases    ] GC(26)   Other: 19.9ms
[2020-11-05T13:40:23.179+0800][gc,heap      ] GC(26) Eden regions: 45->0(47)
[2020-11-05T13:40:23.179+0800][gc,heap      ] GC(26) Survivor regions: 6->4(7)
[2020-11-05T13:40:23.179+0800][gc,heap      ] GC(26) Old regions: 34->37
[2020-11-05T13:40:23.179+0800][gc,heap      ] GC(26) Archive regions: 2->2
[2020-11-05T13:40:23.179+0800][gc,heap      ] GC(26) Humongous regions: 130->130
[2020-11-05T13:40:23.179+0800][gc,metaspace ] GC(26) Metaspace: 27140K->27140K(1073152K)
[2020-11-05T13:40:23.179+0800][gc           ] GC(26) Pause Young (Normal) (G1 Evacuation Pause) 214M->171M(1024M) 65.357ms
[2020-11-05T13:40:23.179+0800][gc,cpu       ] GC(26) User=0.03s Sys=0.12s Real=0.06s
[2020-11-05T13:41:28.779+0800][gc,start     ] GC(27) Pause Young (Normal) (G1 Evacuation Pause)
[2020-11-05T13:41:28.780+0800][gc,task      ] GC(27) Using 8 workers of 8 for evacuation
[2020-11-05T13:41:28.822+0800][gc,mmu       ] GC(27) MMU target violated: 21.0ms (20.0ms/21.0ms)
[2020-11-05T13:41:28.822+0800][gc,phases    ] GC(27)   Pre Evacuate Collection Set: 0.1ms
[2020-11-05T13:41:28.822+0800][gc,phases    ] GC(27)   Evacuate Collection Set: 41.1ms
[2020-11-05T13:41:28.822+0800][gc,phases    ] GC(27)   Post Evacuate Collection Set: 0.2ms
[2020-11-05T13:41:28.822+0800][gc,phases    ] GC(27)   Other: 1.7ms
[2020-11-05T13:41:28.822+0800][gc,heap      ] GC(27) Eden regions: 47->0(46)
[2020-11-05T13:41:28.822+0800][gc,heap      ] GC(27) Survivor regions: 4->5(7)
[2020-11-05T13:41:28.822+0800][gc,heap      ] GC(27) Old regions: 37->37
[2020-11-05T13:41:28.822+0800][gc,heap      ] GC(27) Archive regions: 2->2
[2020-11-05T13:41:28.822+0800][gc,heap      ] GC(27) Humongous regions: 130->130
[2020-11-05T13:41:28.822+0800][gc,metaspace ] GC(27) Metaspace: 27144K->27144K(1073152K)
[2020-11-05T13:41:28.822+0800][gc           ] GC(27) Pause Young (Normal) (G1 Evacuation Pause) 218M->172M(1024M) 43.143ms
[2020-11-05T13:41:28.822+0800][gc,cpu       ] GC(27) User=0.04s Sys=0.08s Real=0.05s
[2020-11-05T13:42:33.062+0800][gc,start     ] GC(28) Pause Young (Normal) (G1 Evacuation Pause)
[2020-11-05T13:42:33.063+0800][gc,task      ] GC(28) Using 8 workers of 8 for evacuation
[2020-11-05T13:42:33.089+0800][gc,mmu       ] GC(28) MMU target violated: 21.0ms (20.0ms/21.0ms)
[2020-11-05T13:42:33.089+0800][gc,phases    ] GC(28)   Pre Evacuate Collection Set: 0.1ms
[2020-11-05T13:42:33.090+0800][gc,phases    ] GC(28)   Evacuate Collection Set: 24.9ms
[2020-11-05T13:42:33.090+0800][gc,phases    ] GC(28)   Post Evacuate Collection Set: 1.3ms
[2020-11-05T13:42:33.090+0800][gc,phases    ] GC(28)   Other: 1.0ms
[2020-11-05T13:42:33.090+0800][gc,heap      ] GC(28) Eden regions: 46->0(45)
[2020-11-05T13:42:33.090+0800][gc,heap      ] GC(28) Survivor regions: 5->6(7)
[2020-11-05T13:42:33.090+0800][gc,heap      ] GC(28) Old regions: 37->39
[2020-11-05T13:42:33.090+0800][gc,heap      ] GC(28) Archive regions: 2->2
[2020-11-05T13:42:33.090+0800][gc,heap      ] GC(28) Humongous regions: 130->130
[2020-11-05T13:42:33.090+0800][gc,metaspace ] GC(28) Metaspace: 27146K->27146K(1073152K)
[2020-11-05T13:42:33.090+0800][gc           ] GC(28) Pause Young (Normal) (G1 Evacuation Pause) 218M->174M(1024M) 27.456ms
[2020-11-05T13:42:33.090+0800][gc,cpu       ] GC(28) User=0.05s Sys=0.05s Real=0.03s
[2020-11-05T13:43:36.117+0800][gc,start     ] GC(29) Pause Young (Normal) (G1 Evacuation Pause)
[2020-11-05T13:43:36.118+0800][gc,task      ] GC(29) Using 8 workers of 8 for evacuation
[2020-11-05T13:43:36.132+0800][gc,phases    ] GC(29)   Pre Evacuate Collection Set: 0.1ms
[2020-11-05T13:43:36.132+0800][gc,phases    ] GC(29)   Evacuate Collection Set: 13.1ms
[2020-11-05T13:43:36.132+0800][gc,phases    ] GC(29)   Post Evacuate Collection Set: 0.4ms
[2020-11-05T13:43:36.132+0800][gc,phases    ] GC(29)   Other: 1.2ms
[2020-11-05T13:43:36.132+0800][gc,heap      ] GC(29) Eden regions: 45->0(47)
[2020-11-05T13:43:36.132+0800][gc,heap      ] GC(29) Survivor regions: 6->4(7)
[2020-11-05T13:43:36.132+0800][gc,heap      ] GC(29) Old regions: 39->42
[2020-11-05T13:43:36.132+0800][gc,heap      ] GC(29) Archive regions: 2->2
[2020-11-05T13:43:36.132+0800][gc,heap      ] GC(29) Humongous regions: 130->130
[2020-11-05T13:43:36.132+0800][gc,metaspace ] GC(29) Metaspace: 27160K->27160K(1073152K)
[2020-11-05T13:43:36.132+0800][gc           ] GC(29) Pause Young (Normal) (G1 Evacuation Pause) 219M->175M(1024M) 14.982ms
[2020-11-05T13:43:36.132+0800][gc,cpu       ] GC(29) User=0.07s Sys=0.01s Real=0.02s
[2020-11-05T13:44:42.757+0800][gc,start     ] GC(30) Pause Young (Normal) (G1 Evacuation Pause)
[2020-11-05T13:44:42.757+0800][gc,task      ] GC(30) Using 8 workers of 8 for evacuation
[2020-11-05T13:44:42.766+0800][gc,phases    ] GC(30)   Pre Evacuate Collection Set: 0.1ms
[2020-11-05T13:44:42.766+0800][gc,phases    ] GC(30)   Evacuate Collection Set: 8.4ms
[2020-11-05T13:44:42.766+0800][gc,phases    ] GC(30)   Post Evacuate Collection Set: 0.3ms
[2020-11-05T13:44:42.766+0800][gc,phases    ] GC(30)   Other: 0.5ms
[2020-11-05T13:44:42.766+0800][gc,heap      ] GC(30) Eden regions: 47->0(47)
[2020-11-05T13:44:42.766+0800][gc,heap      ] GC(30) Survivor regions: 4->4(7)
[2020-11-05T13:44:42.766+0800][gc,heap      ] GC(30) Old regions: 42->43
[2020-11-05T13:44:42.766+0800][gc,heap      ] GC(30) Archive regions: 2->2
[2020-11-05T13:44:42.766+0800][gc,heap      ] GC(30) Humongous regions: 130->130
[2020-11-05T13:44:42.766+0800][gc,metaspace ] GC(30) Metaspace: 27179K->27179K(1073152K)
[2020-11-05T13:44:42.766+0800][gc           ] GC(30) Pause Young (Normal) (G1 Evacuation Pause) 222M->177M(1024M) 9.415ms
[2020-11-05T13:44:42.766+0800][gc,cpu       ] GC(30) User=0.05s Sys=0.00s Real=0.01s
[2020-11-05T13:45:48.851+0800][gc,start     ] GC(31) Pause Young (Normal) (G1 Evacuation Pause)
[2020-11-05T13:45:48.852+0800][gc,task      ] GC(31) Using 8 workers of 8 for evacuation
[2020-11-05T13:45:48.864+0800][gc,phases    ] GC(31)   Pre Evacuate Collection Set: 0.1ms
[2020-11-05T13:45:48.864+0800][gc,phases    ] GC(31)   Evacuate Collection Set: 11.5ms
[2020-11-05T13:45:48.864+0800][gc,phases    ] GC(31)   Post Evacuate Collection Set: 0.3ms
[2020-11-05T13:45:48.864+0800][gc,phases    ] GC(31)   Other: 2.7ms
[2020-11-05T13:45:48.864+0800][gc,heap      ] GC(31) Eden regions: 47->0(45)
[2020-11-05T13:45:48.864+0800][gc,heap      ] GC(31) Survivor regions: 4->6(7)
[2020-11-05T13:45:48.864+0800][gc,heap      ] GC(31) Old regions: 43->43
[2020-11-05T13:45:48.864+0800][gc,heap      ] GC(31) Archive regions: 2->2
[2020-11-05T13:45:48.864+0800][gc,heap      ] GC(31) Humongous regions: 130->130
[2020-11-05T13:45:48.864+0800][gc,metaspace ] GC(31) Metaspace: 27184K->27184K(1073152K)
[2020-11-05T13:45:48.864+0800][gc           ] GC(31) Pause Young (Normal) (G1 Evacuation Pause) 224M->179M(1024M) 13.117ms
[2020-11-05T13:45:48.865+0800][gc,cpu       ] GC(31) User=0.05s Sys=0.02s Real=0.01s
[2020-11-05T13:46:51.987+0800][gc,start     ] GC(32) Pause Young (Normal) (G1 Evacuation Pause)
[2020-11-05T13:46:51.988+0800][gc,task      ] GC(32) Using 8 workers of 8 for evacuation
[2020-11-05T13:46:52.027+0800][gc,mmu       ] GC(32) MMU target violated: 21.0ms (20.0ms/21.0ms)
[2020-11-05T13:46:52.027+0800][gc,phases    ] GC(32)   Pre Evacuate Collection Set: 0.2ms
[2020-11-05T13:46:52.027+0800][gc,phases    ] GC(32)   Evacuate Collection Set: 28.6ms
[2020-11-05T13:46:52.027+0800][gc,phases    ] GC(32)   Post Evacuate Collection Set: 1.5ms
[2020-11-05T13:46:52.027+0800][gc,phases    ] GC(32)   Other: 9.4ms
[2020-11-05T13:46:52.027+0800][gc,heap      ] GC(32) Eden regions: 45->0(45)
[2020-11-05T13:46:52.027+0800][gc,heap      ] GC(32) Survivor regions: 6->6(7)
[2020-11-05T13:46:52.027+0800][gc,heap      ] GC(32) Old regions: 43->45
[2020-11-05T13:46:52.027+0800][gc,heap      ] GC(32) Archive regions: 2->2
[2020-11-05T13:46:52.027+0800][gc,heap      ] GC(32) Humongous regions: 130->130
[2020-11-05T13:46:52.027+0800][gc,metaspace ] GC(32) Metaspace: 27185K->27185K(1073152K)
[2020-11-05T13:46:52.027+0800][gc           ] GC(32) Pause Young (Normal) (G1 Evacuation Pause) 224M->181M(1024M) 39.706ms
[2020-11-05T13:46:52.027+0800][gc,cpu       ] GC(32) User=0.05s Sys=0.10s Real=0.04s
[2020-11-05T13:47:54.978+0800][gc,start     ] GC(33) Pause Young (Normal) (G1 Evacuation Pause)
[2020-11-05T13:47:54.978+0800][gc,task      ] GC(33) Using 8 workers of 8 for evacuation
[2020-11-05T13:47:54.989+0800][gc,phases    ] GC(33)   Pre Evacuate Collection Set: 0.1ms
[2020-11-05T13:47:54.989+0800][gc,phases    ] GC(33)   Evacuate Collection Set: 10.0ms
[2020-11-05T13:47:54.989+0800][gc,phases    ] GC(33)   Post Evacuate Collection Set: 0.4ms
[2020-11-05T13:47:54.989+0800][gc,phases    ] GC(33)   Other: 0.5ms
[2020-11-05T13:47:54.989+0800][gc,heap      ] GC(33) Eden regions: 45->0(46)
[2020-11-05T13:47:54.989+0800][gc,heap      ] GC(33) Survivor regions: 6->5(7)
[2020-11-05T13:47:54.989+0800][gc,heap      ] GC(33) Old regions: 45->48
[2020-11-05T13:47:54.989+0800][gc,heap      ] GC(33) Archive regions: 2->2
[2020-11-05T13:47:54.989+0800][gc,heap      ] GC(33) Humongous regions: 130->130
[2020-11-05T13:47:54.989+0800][gc,metaspace ] GC(33) Metaspace: 27188K->27188K(1073152K)
[2020-11-05T13:47:54.990+0800][gc           ] GC(33) Pause Young (Normal) (G1 Evacuation Pause) 226M->182M(1024M) 11.927ms
[2020-11-05T13:47:54.990+0800][gc,cpu       ] GC(33) User=0.07s Sys=0.01s Real=0.02s
[2020-11-05T13:48:59.419+0800][gc,start     ] GC(34) Pause Young (Normal) (G1 Evacuation Pause)
[2020-11-05T13:48:59.419+0800][gc,task      ] GC(34) Using 8 workers of 8 for evacuation
[2020-11-05T13:48:59.428+0800][gc,phases    ] GC(34)   Pre Evacuate Collection Set: 0.1ms
[2020-11-05T13:48:59.429+0800][gc,phases    ] GC(34)   Evacuate Collection Set: 9.0ms
[2020-11-05T13:48:59.429+0800][gc,phases    ] GC(34)   Post Evacuate Collection Set: 0.4ms
[2020-11-05T13:48:59.429+0800][gc,phases    ] GC(34)   Other: 0.5ms
[2020-11-05T13:48:59.429+0800][gc,heap      ] GC(34) Eden regions: 46->0(47)
[2020-11-05T13:48:59.429+0800][gc,heap      ] GC(34) Survivor regions: 5->4(7)
[2020-11-05T13:48:59.429+0800][gc,heap      ] GC(34) Old regions: 48->50
[2020-11-05T13:48:59.429+0800][gc,heap      ] GC(34) Archive regions: 2->2
[2020-11-05T13:48:59.429+0800][gc,heap      ] GC(34) Humongous regions: 130->130
[2020-11-05T13:48:59.429+0800][gc,metaspace ] GC(34) Metaspace: 27188K->27188K(1073152K)
[2020-11-05T13:48:59.429+0800][gc           ] GC(34) Pause Young (Normal) (G1 Evacuation Pause) 228M->183M(1024M) 10.154ms
[2020-11-05T13:48:59.429+0800][gc,cpu       ] GC(34) User=0.05s Sys=0.01s Real=0.01s
[2020-11-05T13:50:05.640+0800][gc,start     ] GC(35) Pause Young (Normal) (G1 Evacuation Pause)
[2020-11-05T13:50:05.640+0800][gc,task      ] GC(35) Using 8 workers of 8 for evacuation
[2020-11-05T13:50:05.650+0800][gc,phases    ] GC(35)   Pre Evacuate Collection Set: 0.1ms
[2020-11-05T13:50:05.650+0800][gc,phases    ] GC(35)   Evacuate Collection Set: 9.3ms
[2020-11-05T13:50:05.650+0800][gc,phases    ] GC(35)   Post Evacuate Collection Set: 0.4ms
[2020-11-05T13:50:05.650+0800][gc,phases    ] GC(35)   Other: 0.5ms
[2020-11-05T13:50:05.650+0800][gc,heap      ] GC(35) Eden regions: 47->0(48)
[2020-11-05T13:50:05.650+0800][gc,heap      ] GC(35) Survivor regions: 4->6(7)
[2020-11-05T13:50:05.650+0800][gc,heap      ] GC(35) Old regions: 50->50
[2020-11-05T13:50:05.650+0800][gc,heap      ] GC(35) Archive regions: 2->2
[2020-11-05T13:50:05.650+0800][gc,heap      ] GC(35) Humongous regions: 130->130
[2020-11-05T13:50:05.650+0800][gc,metaspace ] GC(35) Metaspace: 27192K->27192K(1073152K)
[2020-11-05T13:50:05.650+0800][gc           ] GC(35) Pause Young (Normal) (G1 Evacuation Pause) 230M->185M(1024M) 10.498ms
[2020-11-05T13:50:05.650+0800][gc,cpu       ] GC(35) User=0.06s Sys=0.01s Real=0.01s
[2020-11-05T13:51:13.529+0800][gc,start     ] GC(36) Pause Young (Normal) (G1 Evacuation Pause)
[2020-11-05T13:51:13.529+0800][gc,task      ] GC(36) Using 8 workers of 8 for evacuation
[2020-11-05T13:51:13.546+0800][gc,phases    ] GC(36)   Pre Evacuate Collection Set: 0.1ms
[2020-11-05T13:51:13.546+0800][gc,phases    ] GC(36)   Evacuate Collection Set: 16.7ms
[2020-11-05T13:51:13.546+0800][gc,phases    ] GC(36)   Post Evacuate Collection Set: 0.2ms
[2020-11-05T13:51:13.546+0800][gc,phases    ] GC(36)   Other: 0.4ms
[2020-11-05T13:51:13.546+0800][gc,heap      ] GC(36) Eden regions: 48->0(49)
[2020-11-05T13:51:13.546+0800][gc,heap      ] GC(36) Survivor regions: 6->6(7)
[2020-11-05T13:51:13.546+0800][gc,heap      ] GC(36) Old regions: 50->51
[2020-11-05T13:51:13.546+0800][gc,heap      ] GC(36) Archive regions: 2->2
[2020-11-05T13:51:13.546+0800][gc,heap      ] GC(36) Humongous regions: 130->130
[2020-11-05T13:51:13.546+0800][gc,metaspace ] GC(36) Metaspace: 27199K->27199K(1073152K)
[2020-11-05T13:51:13.546+0800][gc           ] GC(36) Pause Young (Normal) (G1 Evacuation Pause) 233M->187M(1024M) 17.442ms
[2020-11-05T13:51:13.546+0800][gc,cpu       ] GC(36) User=0.05s Sys=0.03s Real=0.02s
[2020-11-05T13:52:22.731+0800][gc,start     ] GC(37) Pause Young (Normal) (G1 Evacuation Pause)
[2020-11-05T13:52:22.732+0800][gc,task      ] GC(37) Using 8 workers of 8 for evacuation
[2020-11-05T13:52:22.753+0800][gc,mmu       ] GC(37) MMU target violated: 20.1ms (20.0ms/21.0ms)
[2020-11-05T13:52:22.753+0800][gc,phases    ] GC(37)   Pre Evacuate Collection Set: 0.1ms
[2020-11-05T13:52:22.753+0800][gc,phases    ] GC(37)   Evacuate Collection Set: 19.4ms
[2020-11-05T13:52:22.753+0800][gc,phases    ] GC(37)   Post Evacuate Collection Set: 0.3ms
[2020-11-05T13:52:22.753+0800][gc,phases    ] GC(37)   Other: 1.7ms
[2020-11-05T13:52:22.753+0800][gc,heap      ] GC(37) Eden regions: 49->0(48)
[2020-11-05T13:52:22.753+0800][gc,heap      ] GC(37) Survivor regions: 6->6(7)
[2020-11-05T13:52:22.753+0800][gc,heap      ] GC(37) Old regions: 51->53
[2020-11-05T13:52:22.753+0800][gc,heap      ] GC(37) Archive regions: 2->2
[2020-11-05T13:52:22.753+0800][gc,heap      ] GC(37) Humongous regions: 130->130
[2020-11-05T13:52:22.753+0800][gc,metaspace ] GC(37) Metaspace: 27204K->27204K(1073152K)
[2020-11-05T13:52:22.754+0800][gc           ] GC(37) Pause Young (Normal) (G1 Evacuation Pause) 236M->188M(1024M) 22.249ms
[2020-11-05T13:52:22.754+0800][gc,cpu       ] GC(37) User=0.06s Sys=0.03s Real=0.02s
[2020-11-05T13:53:25.883+0800][gc,start     ] GC(38) Pause Young (Normal) (G1 Evacuation Pause)
[2020-11-05T13:53:25.883+0800][gc,task      ] GC(38) Using 8 workers of 8 for evacuation
[2020-11-05T13:53:25.895+0800][gc,phases    ] GC(38)   Pre Evacuate Collection Set: 0.1ms
[2020-11-05T13:53:25.895+0800][gc,phases    ] GC(38)   Evacuate Collection Set: 10.6ms
[2020-11-05T13:53:25.895+0800][gc,phases    ] GC(38)   Post Evacuate Collection Set: 1.3ms
[2020-11-05T13:53:25.895+0800][gc,phases    ] GC(38)   Other: 0.7ms
[2020-11-05T13:53:25.895+0800][gc,heap      ] GC(38) Eden regions: 45->0(55)
[2020-11-05T13:53:25.895+0800][gc,heap      ] GC(38) Survivor regions: 6->7(7)
[2020-11-05T13:53:25.895+0800][gc,heap      ] GC(38) Old regions: 53->55
[2020-11-05T13:53:25.895+0800][gc,heap      ] GC(38) Archive regions: 2->2
[2020-11-05T13:53:25.895+0800][gc,heap      ] GC(38) Humongous regions: 130->130
[2020-11-05T13:53:25.895+0800][gc,metaspace ] GC(38) Metaspace: 27204K->27204K(1073152K)
[2020-11-05T13:53:25.895+0800][gc           ] GC(38) Pause Young (Normal) (G1 Evacuation Pause) 233M->191M(1024M) 12.708ms
[2020-11-05T13:53:25.895+0800][gc,cpu       ] GC(38) User=0.07s Sys=0.00s Real=0.01s
[2020-11-05T13:54:36.685+0800][gc,start     ] GC(39) Pause Young (Normal) (G1 Evacuation Pause)
[2020-11-05T13:54:36.685+0800][gc,task      ] GC(39) Using 8 workers of 8 for evacuation
[2020-11-05T13:54:36.703+0800][gc,phases    ] GC(39)   Pre Evacuate Collection Set: 0.1ms
[2020-11-05T13:54:36.703+0800][gc,phases    ] GC(39)   Evacuate Collection Set: 17.2ms
[2020-11-05T13:54:36.703+0800][gc,phases    ] GC(39)   Post Evacuate Collection Set: 0.3ms
[2020-11-05T13:54:36.703+0800][gc,phases    ] GC(39)   Other: 0.5ms
[2020-11-05T13:54:36.703+0800][gc,heap      ] GC(39) Eden regions: 51->0(64)
[2020-11-05T13:54:36.703+0800][gc,heap      ] GC(39) Survivor regions: 7->4(8)
[2020-11-05T13:54:36.703+0800][gc,heap      ] GC(39) Old regions: 55->58
[2020-11-05T13:54:36.703+0800][gc,heap      ] GC(39) Archive regions: 2->2
[2020-11-05T13:54:36.703+0800][gc,heap      ] GC(39) Humongous regions: 130->130
[2020-11-05T13:54:36.703+0800][gc,metaspace ] GC(39) Metaspace: 27208K->27208K(1073152K)
[2020-11-05T13:54:36.703+0800][gc           ] GC(39) Pause Young (Normal) (G1 Evacuation Pause) 242M->191M(1024M) 18.260ms
[2020-11-05T13:54:36.703+0800][gc,cpu       ] GC(39) User=0.07s Sys=0.03s Real=0.02s
[2020-11-05T13:56:06.813+0800][gc,start     ] GC(40) Pause Young (Normal) (G1 Evacuation Pause)
[2020-11-05T13:56:06.813+0800][gc,task      ] GC(40) Using 8 workers of 8 for evacuation
[2020-11-05T13:56:06.839+0800][gc,mmu       ] GC(40) MMU target violated: 21.0ms (20.0ms/21.0ms)
[2020-11-05T13:56:06.839+0800][gc,phases    ] GC(40)   Pre Evacuate Collection Set: 0.1ms
[2020-11-05T13:56:06.839+0800][gc,phases    ] GC(40)   Evacuate Collection Set: 26.0ms
[2020-11-05T13:56:06.839+0800][gc,phases    ] GC(40)   Post Evacuate Collection Set: 0.3ms
[2020-11-05T13:56:06.839+0800][gc,phases    ] GC(40)   Other: 0.5ms
[2020-11-05T13:56:06.839+0800][gc,heap      ] GC(40) Eden regions: 64->0(45)
[2020-11-05T13:56:06.839+0800][gc,heap      ] GC(40) Survivor regions: 4->6(9)
[2020-11-05T13:56:06.839+0800][gc,heap      ] GC(40) Old regions: 58->58
[2020-11-05T13:56:06.839+0800][gc,heap      ] GC(40) Archive regions: 2->2
[2020-11-05T13:56:06.839+0800][gc,heap      ] GC(40) Humongous regions: 130->130
[2020-11-05T13:56:06.839+0800][gc,metaspace ] GC(40) Metaspace: 27210K->27210K(1073152K)
[2020-11-05T13:56:06.839+0800][gc           ] GC(40) Pause Young (Normal) (G1 Evacuation Pause) 255M->194M(1024M) 26.971ms
[2020-11-05T13:56:06.839+0800][gc,cpu       ] GC(40) User=0.04s Sys=0.07s Real=0.02s
[2020-11-05T13:57:09.858+0800][gc,start     ] GC(41) Pause Young (Normal) (G1 Evacuation Pause)
[2020-11-05T13:57:09.858+0800][gc,task      ] GC(41) Using 8 workers of 8 for evacuation
[2020-11-05T13:57:09.870+0800][gc,phases    ] GC(41)   Pre Evacuate Collection Set: 0.1ms
[2020-11-05T13:57:09.871+0800][gc,phases    ] GC(41)   Evacuate Collection Set: 11.5ms
[2020-11-05T13:57:09.871+0800][gc,phases    ] GC(41)   Post Evacuate Collection Set: 0.3ms
[2020-11-05T13:57:09.871+0800][gc,phases    ] GC(41)   Other: 0.5ms
[2020-11-05T13:57:09.871+0800][gc,heap      ] GC(41) Eden regions: 45->0(45)
[2020-11-05T13:57:09.871+0800][gc,heap      ] GC(41) Survivor regions: 6->6(7)
[2020-11-05T13:57:09.871+0800][gc,heap      ] GC(41) Old regions: 58->61
[2020-11-05T13:57:09.871+0800][gc,heap      ] GC(41) Archive regions: 2->2
[2020-11-05T13:57:09.871+0800][gc,heap      ] GC(41) Humongous regions: 130->130
[2020-11-05T13:57:09.871+0800][gc,metaspace ] GC(41) Metaspace: 27210K->27210K(1073152K)
[2020-11-05T13:57:09.871+0800][gc           ] GC(41) Pause Young (Normal) (G1 Evacuation Pause) 239M->196M(1024M) 12.581ms
[2020-11-05T13:57:09.871+0800][gc,cpu       ] GC(41) User=0.08s Sys=0.01s Real=0.02s
[2020-11-05T13:58:13.337+0800][gc,start     ] GC(42) Pause Young (Normal) (G1 Evacuation Pause)
[2020-11-05T13:58:13.338+0800][gc,task      ] GC(42) Using 8 workers of 8 for evacuation
[2020-11-05T13:58:13.348+0800][gc,phases    ] GC(42)   Pre Evacuate Collection Set: 0.1ms
[2020-11-05T13:58:13.348+0800][gc,phases    ] GC(42)   Evacuate Collection Set: 9.7ms
[2020-11-05T13:58:13.348+0800][gc,phases    ] GC(42)   Post Evacuate Collection Set: 0.4ms
[2020-11-05T13:58:13.348+0800][gc,phases    ] GC(42)   Other: 0.6ms
[2020-11-05T13:58:13.348+0800][gc,heap      ] GC(42) Eden regions: 45->0(51)
[2020-11-05T13:58:13.348+0800][gc,heap      ] GC(42) Survivor regions: 6->4(7)
[2020-11-05T13:58:13.348+0800][gc,heap      ] GC(42) Old regions: 61->63
[2020-11-05T13:58:13.348+0800][gc,heap      ] GC(42) Archive regions: 2->2
[2020-11-05T13:58:13.348+0800][gc,heap      ] GC(42) Humongous regions: 130->130
[2020-11-05T13:58:13.348+0800][gc,metaspace ] GC(42) Metaspace: 27215K->27215K(1073152K)
[2020-11-05T13:58:13.348+0800][gc           ] GC(42) Pause Young (Normal) (G1 Evacuation Pause) 241M->197M(1024M) 10.914ms
[2020-11-05T13:58:13.348+0800][gc,cpu       ] GC(42) User=0.07s Sys=0.00s Real=0.01s
[2020-11-05T13:59:24.793+0800][gc,start     ] GC(43) Pause Young (Normal) (G1 Evacuation Pause)
[2020-11-05T13:59:24.794+0800][gc,task      ] GC(43) Using 8 workers of 8 for evacuation
[2020-11-05T13:59:24.802+0800][gc,phases    ] GC(43)   Pre Evacuate Collection Set: 0.0ms
[2020-11-05T13:59:24.802+0800][gc,phases    ] GC(43)   Evacuate Collection Set: 7.4ms
[2020-11-05T13:59:24.802+0800][gc,phases    ] GC(43)   Post Evacuate Collection Set: 0.5ms
[2020-11-05T13:59:24.802+0800][gc,phases    ] GC(43)   Other: 0.4ms
[2020-11-05T13:59:24.802+0800][gc,heap      ] GC(43) Eden regions: 51->0(54)
[2020-11-05T13:59:24.802+0800][gc,heap      ] GC(43) Survivor regions: 4->5(7)
[2020-11-05T13:59:24.802+0800][gc,heap      ] GC(43) Old regions: 63->65
[2020-11-05T13:59:24.802+0800][gc,heap      ] GC(43) Archive regions: 2->2
[2020-11-05T13:59:24.802+0800][gc,heap      ] GC(43) Humongous regions: 130->130
[2020-11-05T13:59:24.802+0800][gc,metaspace ] GC(43) Metaspace: 27217K->27217K(1073152K)
[2020-11-05T13:59:24.802+0800][gc           ] GC(43) Pause Young (Normal) (G1 Evacuation Pause) 248M->199M(1024M) 8.571ms
[2020-11-05T13:59:24.802+0800][gc,cpu       ] GC(43) User=0.04s Sys=0.00s Real=0.01s
[2020-11-05T14:00:40.645+0800][gc,start     ] GC(44) Pause Young (Normal) (G1 Evacuation Pause)
[2020-11-05T14:00:40.646+0800][gc,task      ] GC(44) Using 8 workers of 8 for evacuation
[2020-11-05T14:00:40.661+0800][gc,phases    ] GC(44)   Pre Evacuate Collection Set: 0.1ms
[2020-11-05T14:00:40.661+0800][gc,phases    ] GC(44)   Evacuate Collection Set: 14.2ms
[2020-11-05T14:00:40.661+0800][gc,phases    ] GC(44)   Post Evacuate Collection Set: 0.4ms
[2020-11-05T14:00:40.661+0800][gc,phases    ] GC(44)   Other: 1.4ms
[2020-11-05T14:00:40.661+0800][gc,heap      ] GC(44) Eden regions: 54->0(56)
[2020-11-05T14:00:40.661+0800][gc,heap      ] GC(44) Survivor regions: 5->5(8)
[2020-11-05T14:00:40.661+0800][gc,heap      ] GC(44) Old regions: 65->67
[2020-11-05T14:00:40.661+0800][gc,heap      ] GC(44) Archive regions: 2->2
[2020-11-05T14:00:40.661+0800][gc,heap      ] GC(44) Humongous regions: 130->130
[2020-11-05T14:00:40.661+0800][gc,metaspace ] GC(44) Metaspace: 27221K->27221K(1073152K)
[2020-11-05T14:00:40.661+0800][gc           ] GC(44) Pause Young (Normal) (G1 Evacuation Pause) 253M->201M(1024M) 16.224ms
[2020-11-05T14:00:40.661+0800][gc,cpu       ] GC(44) User=0.06s Sys=0.02s Real=0.02s
[2020-11-05T14:01:59.677+0800][gc,start     ] GC(45) Pause Young (Normal) (G1 Evacuation Pause)
[2020-11-05T14:01:59.678+0800][gc,task      ] GC(45) Using 8 workers of 8 for evacuation
[2020-11-05T14:01:59.688+0800][gc,phases    ] GC(45)   Pre Evacuate Collection Set: 0.1ms
[2020-11-05T14:01:59.688+0800][gc,phases    ] GC(45)   Evacuate Collection Set: 9.0ms
[2020-11-05T14:01:59.688+0800][gc,phases    ] GC(45)   Post Evacuate Collection Set: 0.9ms
[2020-11-05T14:01:59.688+0800][gc,phases    ] GC(45)   Other: 0.8ms
[2020-11-05T14:01:59.688+0800][gc,heap      ] GC(45) Eden regions: 56->0(62)
[2020-11-05T14:01:59.688+0800][gc,heap      ] GC(45) Survivor regions: 5->7(8)
[2020-11-05T14:01:59.688+0800][gc,heap      ] GC(45) Old regions: 67->67
[2020-11-05T14:01:59.688+0800][gc,heap      ] GC(45) Archive regions: 2->2
[2020-11-05T14:01:59.688+0800][gc,heap      ] GC(45) Humongous regions: 130->130
[2020-11-05T14:01:59.688+0800][gc,metaspace ] GC(45) Metaspace: 27223K->27223K(1073152K)
[2020-11-05T14:01:59.688+0800][gc           ] GC(45) Pause Young (Normal) (G1 Evacuation Pause) 257M->203M(1024M) 11.008ms
[2020-11-05T14:01:59.688+0800][gc,cpu       ] GC(45) User=0.05s Sys=0.00s Real=0.01s
[2020-11-05T14:03:26.638+0800][gc,start     ] GC(46) Pause Young (Normal) (G1 Evacuation Pause)
[2020-11-05T14:03:26.639+0800][gc,task      ] GC(46) Using 8 workers of 8 for evacuation
[2020-11-05T14:03:26.660+0800][gc,mmu       ] GC(46) MMU target violated: 21.0ms (20.0ms/21.0ms)
[2020-11-05T14:03:26.660+0800][gc,phases    ] GC(46)   Pre Evacuate Collection Set: 0.0ms
[2020-11-05T14:03:26.660+0800][gc,phases    ] GC(46)   Evacuate Collection Set: 19.2ms
[2020-11-05T14:03:26.660+0800][gc,phases    ] GC(46)   Post Evacuate Collection Set: 1.8ms
[2020-11-05T14:03:26.660+0800][gc,phases    ] GC(46)   Other: 0.9ms
[2020-11-05T14:03:26.660+0800][gc,heap      ] GC(46) Eden regions: 62->0(59)
[2020-11-05T14:03:26.660+0800][gc,heap      ] GC(46) Survivor regions: 7->6(9)
[2020-11-05T14:03:26.660+0800][gc,heap      ] GC(46) Old regions: 67->70
[2020-11-05T14:03:26.660+0800][gc,heap      ] GC(46) Archive regions: 2->2
[2020-11-05T14:03:26.660+0800][gc,heap      ] GC(46) Humongous regions: 130->130
[2020-11-05T14:03:26.660+0800][gc,metaspace ] GC(46) Metaspace: 27228K->27228K(1073152K)
[2020-11-05T14:03:26.660+0800][gc           ] GC(46) Pause Young (Normal) (G1 Evacuation Pause) 265M->205M(1024M) 22.043ms
[2020-11-05T14:03:26.661+0800][gc,cpu       ] GC(46) User=0.05s Sys=0.02s Real=0.03s
[2020-11-05T14:04:48.457+0800][gc,start     ] GC(47) Pause Young (Normal) (G1 Evacuation Pause)
[2020-11-05T14:04:48.459+0800][gc,task      ] GC(47) Using 8 workers of 8 for evacuation
[2020-11-05T14:04:48.538+0800][gc,mmu       ] GC(47) MMU target violated: 21.0ms (20.0ms/21.0ms)
[2020-11-05T14:04:48.538+0800][gc,phases    ] GC(47)   Pre Evacuate Collection Set: 0.1ms
[2020-11-05T14:04:48.538+0800][gc,phases    ] GC(47)   Evacuate Collection Set: 63.8ms
[2020-11-05T14:04:48.538+0800][gc,phases    ] GC(47)   Post Evacuate Collection Set: 4.5ms
[2020-11-05T14:04:48.539+0800][gc,phases    ] GC(47)   Other: 14.0ms
[2020-11-05T14:04:48.539+0800][gc,heap      ] GC(47) Eden regions: 59->0(45)
[2020-11-05T14:04:48.539+0800][gc,heap      ] GC(47) Survivor regions: 6->6(9)
[2020-11-05T14:04:48.539+0800][gc,heap      ] GC(47) Old regions: 70->72
[2020-11-05T14:04:48.539+0800][gc,heap      ] GC(47) Archive regions: 2->2
[2020-11-05T14:04:48.539+0800][gc,heap      ] GC(47) Humongous regions: 130->130
[2020-11-05T14:04:48.539+0800][gc,metaspace ] GC(47) Metaspace: 27228K->27228K(1073152K)
[2020-11-05T14:04:48.539+0800][gc           ] GC(47) Pause Young (Normal) (G1 Evacuation Pause) 264M->207M(1024M) 82.181ms
[2020-11-05T14:04:48.539+0800][gc,cpu       ] GC(47) User=0.04s Sys=0.10s Real=0.08s
[2020-11-05T14:05:51.178+0800][gc,start     ] GC(48) Pause Young (Normal) (G1 Evacuation Pause)
[2020-11-05T14:05:51.179+0800][gc,task      ] GC(48) Using 8 workers of 8 for evacuation
[2020-11-05T14:05:51.226+0800][gc,mmu       ] GC(48) MMU target violated: 21.0ms (20.0ms/21.0ms)
[2020-11-05T14:05:51.226+0800][gc,phases    ] GC(48)   Pre Evacuate Collection Set: 0.2ms
[2020-11-05T14:05:51.226+0800][gc,phases    ] GC(48)   Evacuate Collection Set: 35.2ms
[2020-11-05T14:05:51.226+0800][gc,phases    ] GC(48)   Post Evacuate Collection Set: 1.2ms
[2020-11-05T14:05:51.226+0800][gc,phases    ] GC(48)   Other: 12.3ms
[2020-11-05T14:05:51.226+0800][gc,heap      ] GC(48) Eden regions: 45->0(46)
[2020-11-05T14:05:51.226+0800][gc,heap      ] GC(48) Survivor regions: 6->5(7)
[2020-11-05T14:05:51.226+0800][gc,heap      ] GC(48) Old regions: 72->75
[2020-11-05T14:05:51.226+0800][gc,heap      ] GC(48) Archive regions: 2->2
[2020-11-05T14:05:51.226+0800][gc,heap      ] GC(48) Humongous regions: 130->130
[2020-11-05T14:05:51.226+0800][gc,metaspace ] GC(48) Metaspace: 27231K->27231K(1073152K)
[2020-11-05T14:05:51.226+0800][gc           ] GC(48) Pause Young (Normal) (G1 Evacuation Pause) 252M->209M(1024M) 48.914ms
[2020-11-05T14:05:51.226+0800][gc,cpu       ] GC(48) User=0.06s Sys=0.12s Real=0.05s
[2020-11-05T14:06:55.479+0800][gc,start     ] GC(49) Pause Young (Normal) (G1 Evacuation Pause)
[2020-11-05T14:06:55.480+0800][gc,task      ] GC(49) Using 8 workers of 8 for evacuation
[2020-11-05T14:06:55.500+0800][gc,mmu       ] GC(49) MMU target violated: 20.1ms (20.0ms/21.0ms)
[2020-11-05T14:06:55.500+0800][gc,phases    ] GC(49)   Pre Evacuate Collection Set: 0.1ms
[2020-11-05T14:06:55.500+0800][gc,phases    ] GC(49)   Evacuate Collection Set: 18.2ms
[2020-11-05T14:06:55.500+0800][gc,phases    ] GC(49)   Post Evacuate Collection Set: 1.0ms
[2020-11-05T14:06:55.500+0800][gc,phases    ] GC(49)   Other: 1.8ms
[2020-11-05T14:06:55.500+0800][gc,heap      ] GC(49) Eden regions: 46->0(47)
[2020-11-05T14:06:55.500+0800][gc,heap      ] GC(49) Survivor regions: 5->4(7)
[2020-11-05T14:06:55.500+0800][gc,heap      ] GC(49) Old regions: 75->77
[2020-11-05T14:06:55.500+0800][gc,heap      ] GC(49) Archive regions: 2->2
[2020-11-05T14:06:55.500+0800][gc,heap      ] GC(49) Humongous regions: 130->130
[2020-11-05T14:06:55.500+0800][gc,metaspace ] GC(49) Metaspace: 27232K->27232K(1073152K)
[2020-11-05T14:06:55.501+0800][gc           ] GC(49) Pause Young (Normal) (G1 Evacuation Pause) 255M->210M(1024M) 21.920ms
[2020-11-05T14:06:55.501+0800][gc,cpu       ] GC(49) User=0.05s Sys=0.05s Real=0.03s
[2020-11-05T14:08:00.730+0800][gc,start     ] GC(50) Pause Young (Normal) (G1 Evacuation Pause)
[2020-11-05T14:08:00.732+0800][gc,task      ] GC(50) Using 8 workers of 8 for evacuation
[2020-11-05T14:08:00.756+0800][gc,mmu       ] GC(50) MMU target violated: 21.0ms (20.0ms/21.0ms)
[2020-11-05T14:08:00.756+0800][gc,phases    ] GC(50)   Pre Evacuate Collection Set: 0.1ms
[2020-11-05T14:08:00.756+0800][gc,phases    ] GC(50)   Evacuate Collection Set: 21.1ms
[2020-11-05T14:08:00.756+0800][gc,phases    ] GC(50)   Post Evacuate Collection Set: 0.5ms
[2020-11-05T14:08:00.756+0800][gc,phases    ] GC(50)   Other: 3.6ms
[2020-11-05T14:08:00.756+0800][gc,heap      ] GC(50) Eden regions: 47->0(44)
[2020-11-05T14:08:00.756+0800][gc,heap      ] GC(50) Survivor regions: 4->7(7)
[2020-11-05T14:08:00.756+0800][gc,heap      ] GC(50) Old regions: 77->77
[2020-11-05T14:08:00.756+0800][gc,heap      ] GC(50) Archive regions: 2->2
[2020-11-05T14:08:00.756+0800][gc,heap      ] GC(50) Humongous regions: 130->130
[2020-11-05T14:08:00.756+0800][gc,metaspace ] GC(50) Metaspace: 27249K->27249K(1073152K)
[2020-11-05T14:08:00.756+0800][gc           ] GC(50) Pause Young (Normal) (G1 Evacuation Pause) 257M->214M(1024M) 25.339ms
[2020-11-05T14:08:00.756+0800][gc,cpu       ] GC(50) User=0.04s Sys=0.05s Real=0.02s
[2020-11-05T14:08:59.617+0800][gc,start     ] GC(51) Pause Young (Normal) (G1 Evacuation Pause)
[2020-11-05T14:08:59.617+0800][gc,task      ] GC(51) Using 8 workers of 8 for evacuation
[2020-11-05T14:08:59.644+0800][gc,mmu       ] GC(51) MMU target violated: 21.0ms (20.0ms/21.0ms)
[2020-11-05T14:08:59.644+0800][gc,phases    ] GC(51)   Pre Evacuate Collection Set: 0.1ms
[2020-11-05T14:08:59.644+0800][gc,phases    ] GC(51)   Evacuate Collection Set: 24.6ms
[2020-11-05T14:08:59.644+0800][gc,phases    ] GC(51)   Post Evacuate Collection Set: 1.1ms
[2020-11-05T14:08:59.644+0800][gc,phases    ] GC(51)   Other: 2.1ms
[2020-11-05T14:08:59.644+0800][gc,heap      ] GC(51) Eden regions: 44->0(48)
[2020-11-05T14:08:59.644+0800][gc,heap      ] GC(51) Survivor regions: 7->3(7)
[2020-11-05T14:08:59.644+0800][gc,heap      ] GC(51) Old regions: 77->82
[2020-11-05T14:08:59.644+0800][gc,heap      ] GC(51) Archive regions: 2->2
[2020-11-05T14:08:59.644+0800][gc,heap      ] GC(51) Humongous regions: 130->130
[2020-11-05T14:08:59.644+0800][gc,metaspace ] GC(51) Metaspace: 27287K->27287K(1073152K)
[2020-11-05T14:08:59.644+0800][gc           ] GC(51) Pause Young (Normal) (G1 Evacuation Pause) 258M->214M(1024M) 27.494ms
[2020-11-05T14:08:59.644+0800][gc,cpu       ] GC(51) User=0.06s Sys=0.05s Real=0.03s
[2020-11-05T14:10:07.166+0800][gc,start     ] GC(52) Pause Young (Normal) (G1 Evacuation Pause)
[2020-11-05T14:10:07.167+0800][gc,task      ] GC(52) Using 8 workers of 8 for evacuation
[2020-11-05T14:10:07.208+0800][gc,mmu       ] GC(52) MMU target violated: 21.0ms (20.0ms/21.0ms)
[2020-11-05T14:10:07.208+0800][gc,phases    ] GC(52)   Pre Evacuate Collection Set: 0.1ms
[2020-11-05T14:10:07.208+0800][gc,phases    ] GC(52)   Evacuate Collection Set: 30.9ms
[2020-11-05T14:10:07.208+0800][gc,phases    ] GC(52)   Post Evacuate Collection Set: 2.0ms
[2020-11-05T14:10:07.208+0800][gc,phases    ] GC(52)   Other: 9.0ms
[2020-11-05T14:10:07.208+0800][gc,heap      ] GC(52) Eden regions: 48->0(47)
[2020-11-05T14:10:07.208+0800][gc,heap      ] GC(52) Survivor regions: 3->4(7)
[2020-11-05T14:10:07.208+0800][gc,heap      ] GC(52) Old regions: 82->82
[2020-11-05T14:10:07.208+0800][gc,heap      ] GC(52) Archive regions: 2->2
[2020-11-05T14:10:07.208+0800][gc,heap      ] GC(52) Humongous regions: 130->130
[2020-11-05T14:10:07.208+0800][gc,metaspace ] GC(52) Metaspace: 27289K->27289K(1073152K)
[2020-11-05T14:10:07.208+0800][gc           ] GC(52) Pause Young (Normal) (G1 Evacuation Pause) 262M->216M(1024M) 42.025ms
[2020-11-05T14:10:07.208+0800][gc,cpu       ] GC(52) User=0.03s Sys=0.08s Real=0.04s
[2020-11-05T14:11:12.296+0800][gc,start     ] GC(53) Pause Young (Normal) (G1 Evacuation Pause)
[2020-11-05T14:11:12.296+0800][gc,task      ] GC(53) Using 8 workers of 8 for evacuation
[2020-11-05T14:11:12.309+0800][gc,phases    ] GC(53)   Pre Evacuate Collection Set: 0.1ms
[2020-11-05T14:11:12.309+0800][gc,phases    ] GC(53)   Evacuate Collection Set: 11.5ms
[2020-11-05T14:11:12.309+0800][gc,phases    ] GC(53)   Post Evacuate Collection Set: 0.3ms
[2020-11-05T14:11:12.309+0800][gc,phases    ] GC(53)   Other: 1.1ms
[2020-11-05T14:11:12.309+0800][gc,heap      ] GC(53) Eden regions: 47->0(45)
[2020-11-05T14:11:12.309+0800][gc,heap      ] GC(53) Survivor regions: 4->6(7)
[2020-11-05T14:11:12.309+0800][gc,heap      ] GC(53) Old regions: 82->82
[2020-11-05T14:11:12.309+0800][gc,heap      ] GC(53) Archive regions: 2->2
[2020-11-05T14:11:12.309+0800][gc,heap      ] GC(53) Humongous regions: 130->130
[2020-11-05T14:11:12.309+0800][gc,metaspace ] GC(53) Metaspace: 27292K->27292K(1073152K)
[2020-11-05T14:11:12.310+0800][gc           ] GC(53) Pause Young (Normal) (G1 Evacuation Pause) 263M->218M(1024M) 13.914ms
[2020-11-05T14:11:12.310+0800][gc,cpu       ] GC(53) User=0.05s Sys=0.02s Real=0.02s
[2020-11-05T14:12:16.306+0800][gc,start     ] GC(54) Pause Young (Normal) (G1 Evacuation Pause)
[2020-11-05T14:12:16.307+0800][gc,task      ] GC(54) Using 8 workers of 8 for evacuation
[2020-11-05T14:12:16.320+0800][gc,phases    ] GC(54)   Pre Evacuate Collection Set: 0.1ms
[2020-11-05T14:12:16.320+0800][gc,phases    ] GC(54)   Evacuate Collection Set: 12.1ms
[2020-11-05T14:12:16.320+0800][gc,phases    ] GC(54)   Post Evacuate Collection Set: 0.4ms
[2020-11-05T14:12:16.320+0800][gc,phases    ] GC(54)   Other: 1.3ms
[2020-11-05T14:12:16.320+0800][gc,heap      ] GC(54) Eden regions: 45->0(46)
[2020-11-05T14:12:16.320+0800][gc,heap      ] GC(54) Survivor regions: 6->5(7)
[2020-11-05T14:12:16.320+0800][gc,heap      ] GC(54) Old regions: 82->85
[2020-11-05T14:12:16.320+0800][gc,heap      ] GC(54) Archive regions: 2->2
[2020-11-05T14:12:16.320+0800][gc,heap      ] GC(54) Humongous regions: 130->130
[2020-11-05T14:12:16.320+0800][gc,metaspace ] GC(54) Metaspace: 27315K->27315K(1073152K)
[2020-11-05T14:12:16.320+0800][gc           ] GC(54) Pause Young (Normal) (G1 Evacuation Pause) 263M->219M(1024M) 14.037ms
[2020-11-05T14:12:16.320+0800][gc,cpu       ] GC(54) User=0.07s Sys=0.01s Real=0.02s
[2020-11-05T14:13:20.151+0800][gc,start     ] GC(55) Pause Young (Normal) (G1 Evacuation Pause)
[2020-11-05T14:13:20.151+0800][gc,task      ] GC(55) Using 8 workers of 8 for evacuation
[2020-11-05T14:13:20.161+0800][gc,phases    ] GC(55)   Pre Evacuate Collection Set: 0.0ms
[2020-11-05T14:13:20.161+0800][gc,phases    ] GC(55)   Evacuate Collection Set: 9.7ms
[2020-11-05T14:13:20.161+0800][gc,phases    ] GC(55)   Post Evacuate Collection Set: 0.3ms
[2020-11-05T14:13:20.161+0800][gc,phases    ] GC(55)   Other: 0.6ms
[2020-11-05T14:13:20.161+0800][gc,heap      ] GC(55) Eden regions: 46->0(47)
[2020-11-05T14:13:20.161+0800][gc,heap      ] GC(55) Survivor regions: 5->4(7)
[2020-11-05T14:13:20.162+0800][gc,heap      ] GC(55) Old regions: 85->87
[2020-11-05T14:13:20.162+0800][gc,heap      ] GC(55) Archive regions: 2->2
[2020-11-05T14:13:20.162+0800][gc,heap      ] GC(55) Humongous regions: 130->130
[2020-11-05T14:13:20.162+0800][gc,metaspace ] GC(55) Metaspace: 27315K->27315K(1073152K)
[2020-11-05T14:13:20.162+0800][gc           ] GC(55) Pause Young (Normal) (G1 Evacuation Pause) 265M->221M(1024M) 11.340ms
[2020-11-05T14:13:20.162+0800][gc,cpu       ] GC(55) User=0.03s Sys=0.02s Real=0.01s
[2020-11-05T14:14:25.528+0800][gc,start     ] GC(56) Pause Young (Normal) (G1 Evacuation Pause)
[2020-11-05T14:14:25.528+0800][gc,task      ] GC(56) Using 8 workers of 8 for evacuation
[2020-11-05T14:14:25.541+0800][gc,phases    ] GC(56)   Pre Evacuate Collection Set: 0.0ms
[2020-11-05T14:14:25.541+0800][gc,phases    ] GC(56)   Evacuate Collection Set: 10.4ms
[2020-11-05T14:14:25.541+0800][gc,phases    ] GC(56)   Post Evacuate Collection Set: 2.2ms
[2020-11-05T14:14:25.541+0800][gc,phases    ] GC(56)   Other: 0.6ms
[2020-11-05T14:14:25.541+0800][gc,heap      ] GC(56) Eden regions: 47->0(46)
[2020-11-05T14:14:25.541+0800][gc,heap      ] GC(56) Survivor regions: 4->5(7)
[2020-11-05T14:14:25.541+0800][gc,heap      ] GC(56) Old regions: 87->87
[2020-11-05T14:14:25.541+0800][gc,heap      ] GC(56) Archive regions: 2->2
[2020-11-05T14:14:25.541+0800][gc,heap      ] GC(56) Humongous regions: 130->130
[2020-11-05T14:14:25.541+0800][gc,metaspace ] GC(56) Metaspace: 27316K->27316K(1073152K)
[2020-11-05T14:14:25.541+0800][gc           ] GC(56) Pause Young (Normal) (G1 Evacuation Pause) 268M->222M(1024M) 13.363ms
[2020-11-05T14:14:25.541+0800][gc,cpu       ] GC(56) User=0.03s Sys=0.01s Real=0.02s
[2020-11-05T14:15:29.223+0800][gc,start     ] GC(57) Pause Young (Normal) (G1 Evacuation Pause)
[2020-11-05T14:15:29.224+0800][gc,task      ] GC(57) Using 8 workers of 8 for evacuation
[2020-11-05T14:15:29.257+0800][gc,mmu       ] GC(57) MMU target violated: 21.0ms (20.0ms/21.0ms)
[2020-11-05T14:15:29.257+0800][gc,phases    ] GC(57)   Pre Evacuate Collection Set: 0.1ms
[2020-11-05T14:15:29.257+0800][gc,phases    ] GC(57)   Evacuate Collection Set: 27.9ms
[2020-11-05T14:15:29.257+0800][gc,phases    ] GC(57)   Post Evacuate Collection Set: 1.3ms
[2020-11-05T14:15:29.257+0800][gc,phases    ] GC(57)   Other: 4.9ms
[2020-11-05T14:15:29.257+0800][gc,heap      ] GC(57) Eden regions: 46->0(44)
[2020-11-05T14:15:29.257+0800][gc,heap      ] GC(57) Survivor regions: 5->7(7)
[2020-11-05T14:15:29.257+0800][gc,heap      ] GC(57) Old regions: 87->89
[2020-11-05T14:15:29.257+0800][gc,heap      ] GC(57) Archive regions: 2->2
[2020-11-05T14:15:29.257+0800][gc,heap      ] GC(57) Humongous regions: 130->130
[2020-11-05T14:15:29.257+0800][gc,metaspace ] GC(57) Metaspace: 27316K->27316K(1073152K)
[2020-11-05T14:15:29.258+0800][gc           ] GC(57) Pause Young (Normal) (G1 Evacuation Pause) 268M->225M(1024M) 34.777ms
[2020-11-05T14:15:29.258+0800][gc,cpu       ] GC(57) User=0.05s Sys=0.07s Real=0.03s
[2020-11-05T14:16:29.890+0800][gc,start     ] GC(58) Pause Young (Normal) (G1 Evacuation Pause)
[2020-11-05T14:16:29.890+0800][gc,task      ] GC(58) Using 8 workers of 8 for evacuation
[2020-11-05T14:16:29.906+0800][gc,phases    ] GC(58)   Pre Evacuate Collection Set: 0.1ms
[2020-11-05T14:16:29.907+0800][gc,phases    ] GC(58)   Evacuate Collection Set: 14.8ms
[2020-11-05T14:16:29.907+0800][gc,phases    ] GC(58)   Post Evacuate Collection Set: 0.4ms
[2020-11-05T14:16:29.907+0800][gc,phases    ] GC(58)   Other: 1.6ms
[2020-11-05T14:16:29.907+0800][gc,heap      ] GC(58) Eden regions: 44->0(47)
[2020-11-05T14:16:29.907+0800][gc,heap      ] GC(58) Survivor regions: 7->4(7)
[2020-11-05T14:16:29.907+0800][gc,heap      ] GC(58) Old regions: 89->92
[2020-11-05T14:16:29.907+0800][gc,heap      ] GC(58) Archive regions: 2->2
[2020-11-05T14:16:29.907+0800][gc,heap      ] GC(58) Humongous regions: 130->130
[2020-11-05T14:16:29.907+0800][gc,metaspace ] GC(58) Metaspace: 27325K->27325K(1073152K)
[2020-11-05T14:16:29.907+0800][gc           ] GC(58) Pause Young (Normal) (G1 Evacuation Pause) 269M->226M(1024M) 17.022ms
[2020-11-05T14:16:29.907+0800][gc,cpu       ] GC(58) User=0.05s Sys=0.04s Real=0.01s
[2020-11-05T14:17:34.485+0800][gc,start     ] GC(59) Pause Young (Normal) (G1 Evacuation Pause)
[2020-11-05T14:17:34.486+0800][gc,task      ] GC(59) Using 8 workers of 8 for evacuation
[2020-11-05T14:17:34.497+0800][gc,phases    ] GC(59)   Pre Evacuate Collection Set: 0.0ms
[2020-11-05T14:17:34.497+0800][gc,phases    ] GC(59)   Evacuate Collection Set: 11.1ms
[2020-11-05T14:17:34.497+0800][gc,phases    ] GC(59)   Post Evacuate Collection Set: 0.3ms
[2020-11-05T14:17:34.497+0800][gc,phases    ] GC(59)   Other: 0.7ms
[2020-11-05T14:17:34.497+0800][gc,heap      ] GC(59) Eden regions: 47->0(46)
[2020-11-05T14:17:34.497+0800][gc,heap      ] GC(59) Survivor regions: 4->5(7)
[2020-11-05T14:17:34.497+0800][gc,heap      ] GC(59) Old regions: 92->92
[2020-11-05T14:17:34.497+0800][gc,heap      ] GC(59) Archive regions: 2->2
[2020-11-05T14:17:34.497+0800][gc,heap      ] GC(59) Humongous regions: 130->130
[2020-11-05T14:17:34.497+0800][gc,metaspace ] GC(59) Metaspace: 27327K->27327K(1073152K)
[2020-11-05T14:17:34.498+0800][gc           ] GC(59) Pause Young (Normal) (G1 Evacuation Pause) 273M->227M(1024M) 12.789ms
[2020-11-05T14:17:34.498+0800][gc,cpu       ] GC(59) User=0.02s Sys=0.02s Real=0.01s
[2020-11-05T14:18:37.694+0800][gc,start     ] GC(60) Pause Young (Normal) (G1 Evacuation Pause)
[2020-11-05T14:18:37.696+0800][gc,task      ] GC(60) Using 8 workers of 8 for evacuation
[2020-11-05T14:18:37.714+0800][gc,phases    ] GC(60)   Pre Evacuate Collection Set: 0.1ms
[2020-11-05T14:18:37.714+0800][gc,phases    ] GC(60)   Evacuate Collection Set: 14.8ms
[2020-11-05T14:18:37.714+0800][gc,phases    ] GC(60)   Post Evacuate Collection Set: 0.4ms
[2020-11-05T14:18:37.714+0800][gc,phases    ] GC(60)   Other: 4.3ms
[2020-11-05T14:18:37.714+0800][gc,heap      ] GC(60) Eden regions: 46->0(46)
[2020-11-05T14:18:37.714+0800][gc,heap      ] GC(60) Survivor regions: 5->6(7)
[2020-11-05T14:18:37.714+0800][gc,heap      ] GC(60) Old regions: 92->93
[2020-11-05T14:18:37.714+0800][gc,heap      ] GC(60) Archive regions: 2->2
[2020-11-05T14:18:37.714+0800][gc,heap      ] GC(60) Humongous regions: 130->130
[2020-11-05T14:18:37.714+0800][gc,metaspace ] GC(60) Metaspace: 27332K->27332K(1073152K)
[2020-11-05T14:18:37.714+0800][gc           ] GC(60) Pause Young (Normal) (G1 Evacuation Pause) 273M->229M(1024M) 19.732ms
[2020-11-05T14:18:37.714+0800][gc,cpu       ] GC(60) User=0.07s Sys=0.02s Real=0.02s
[2020-11-05T14:19:41.733+0800][gc,start     ] GC(61) Pause Young (Normal) (G1 Evacuation Pause)
[2020-11-05T14:19:41.733+0800][gc,task      ] GC(61) Using 8 workers of 8 for evacuation
[2020-11-05T14:19:41.746+0800][gc,phases    ] GC(61)   Pre Evacuate Collection Set: 0.1ms
[2020-11-05T14:19:41.746+0800][gc,phases    ] GC(61)   Evacuate Collection Set: 11.5ms
[2020-11-05T14:19:41.746+0800][gc,phases    ] GC(61)   Post Evacuate Collection Set: 1.2ms
[2020-11-05T14:19:41.746+0800][gc,phases    ] GC(61)   Other: 1.5ms
[2020-11-05T14:19:41.746+0800][gc,heap      ] GC(61) Eden regions: 46->0(52)
[2020-11-05T14:19:41.746+0800][gc,heap      ] GC(61) Survivor regions: 6->5(7)
[2020-11-05T14:19:41.746+0800][gc,heap      ] GC(61) Old regions: 93->96
[2020-11-05T14:19:41.746+0800][gc,heap      ] GC(61) Archive regions: 2->2
[2020-11-05T14:19:41.747+0800][gc,heap      ] GC(61) Humongous regions: 130->130
[2020-11-05T14:19:41.747+0800][gc,metaspace ] GC(61) Metaspace: 27332K->27332K(1073152K)
[2020-11-05T14:19:41.748+0800][gc           ] GC(61) Pause Young (Normal) (G1 Evacuation Pause) 275M->230M(1024M) 14.409ms
[2020-11-05T14:19:41.748+0800][gc,cpu       ] GC(61) User=0.07s Sys=0.01s Real=0.01s
[2020-11-05T14:20:54.312+0800][gc,start     ] GC(62) Pause Young (Normal) (G1 Evacuation Pause)
[2020-11-05T14:20:54.313+0800][gc,task      ] GC(62) Using 8 workers of 8 for evacuation
[2020-11-05T14:20:54.349+0800][gc,mmu       ] GC(62) MMU target violated: 21.0ms (20.0ms/21.0ms)
[2020-11-05T14:20:54.349+0800][gc,phases    ] GC(62)   Pre Evacuate Collection Set: 0.0ms
[2020-11-05T14:20:54.349+0800][gc,phases    ] GC(62)   Evacuate Collection Set: 33.9ms
[2020-11-05T14:20:54.349+0800][gc,phases    ] GC(62)   Post Evacuate Collection Set: 0.2ms
[2020-11-05T14:20:54.349+0800][gc,phases    ] GC(62)   Other: 2.3ms
[2020-11-05T14:20:54.349+0800][gc,heap      ] GC(62) Eden regions: 52->0(44)
[2020-11-05T14:20:54.349+0800][gc,heap      ] GC(62) Survivor regions: 5->7(8)
[2020-11-05T14:20:54.349+0800][gc,heap      ] GC(62) Old regions: 96->96
[2020-11-05T14:20:54.349+0800][gc,heap      ] GC(62) Archive regions: 2->2
[2020-11-05T14:20:54.349+0800][gc,heap      ] GC(62) Humongous regions: 130->130
[2020-11-05T14:20:54.349+0800][gc,metaspace ] GC(62) Metaspace: 27332K->27332K(1073152K)
[2020-11-05T14:20:54.349+0800][gc           ] GC(62) Pause Young (Normal) (G1 Evacuation Pause) 282M->232M(1024M) 36.615ms
[2020-11-05T14:20:54.349+0800][gc,cpu       ] GC(62) User=0.03s Sys=0.06s Real=0.03s
[2020-11-05T14:21:55.670+0800][gc,start     ] GC(63) Pause Young (Normal) (G1 Evacuation Pause)
[2020-11-05T14:21:55.671+0800][gc,task      ] GC(63) Using 8 workers of 8 for evacuation
[2020-11-05T14:21:55.683+0800][gc,phases    ] GC(63)   Pre Evacuate Collection Set: 0.1ms
[2020-11-05T14:21:55.683+0800][gc,phases    ] GC(63)   Evacuate Collection Set: 11.1ms
[2020-11-05T14:21:55.683+0800][gc,phases    ] GC(63)   Post Evacuate Collection Set: 0.4ms
[2020-11-05T14:21:55.683+0800][gc,phases    ] GC(63)   Other: 1.5ms
[2020-11-05T14:21:55.683+0800][gc,heap      ] GC(63) Eden regions: 44->0(46)
[2020-11-05T14:21:55.683+0800][gc,heap      ] GC(63) Survivor regions: 7->5(7)
[2020-11-05T14:21:55.683+0800][gc,heap      ] GC(63) Old regions: 96->99
[2020-11-05T14:21:55.683+0800][gc,heap      ] GC(63) Archive regions: 2->2
[2020-11-05T14:21:55.683+0800][gc,heap      ] GC(63) Humongous regions: 130->130
[2020-11-05T14:21:55.683+0800][gc,metaspace ] GC(63) Metaspace: 27340K->27340K(1073152K)
[2020-11-05T14:21:55.683+0800][gc           ] GC(63) Pause Young (Normal) (G1 Evacuation Pause) 276M->234M(1024M) 13.271ms
[2020-11-05T14:21:55.684+0800][gc,cpu       ] GC(63) User=0.06s Sys=0.01s Real=0.01s
[2020-11-05T14:23:00.214+0800][gc,start     ] GC(64) Pause Young (Normal) (G1 Evacuation Pause)
[2020-11-05T14:23:00.215+0800][gc,task      ] GC(64) Using 8 workers of 8 for evacuation
[2020-11-05T14:23:00.225+0800][gc,phases    ] GC(64)   Pre Evacuate Collection Set: 0.1ms
[2020-11-05T14:23:00.225+0800][gc,phases    ] GC(64)   Evacuate Collection Set: 8.9ms
[2020-11-05T14:23:00.225+0800][gc,phases    ] GC(64)   Post Evacuate Collection Set: 0.4ms
[2020-11-05T14:23:00.225+0800][gc,phases    ] GC(64)   Other: 1.2ms
[2020-11-05T14:23:00.225+0800][gc,heap      ] GC(64) Eden regions: 46->0(53)
[2020-11-05T14:23:00.225+0800][gc,heap      ] GC(64) Survivor regions: 5->4(7)
[2020-11-05T14:23:00.225+0800][gc,heap      ] GC(64) Old regions: 99->101
[2020-11-05T14:23:00.225+0800][gc,heap      ] GC(64) Archive regions: 2->2
[2020-11-05T14:23:00.225+0800][gc,heap      ] GC(64) Humongous regions: 130->130
[2020-11-05T14:23:00.225+0800][gc,metaspace ] GC(64) Metaspace: 27342K->27342K(1073152K)
[2020-11-05T14:23:00.225+0800][gc           ] GC(64) Pause Young (Normal) (G1 Evacuation Pause) 280M->235M(1024M) 10.724ms
[2020-11-05T14:23:00.225+0800][gc,cpu       ] GC(64) User=0.05s Sys=0.01s Real=0.01s
[2020-11-05T14:24:13.332+0800][gc,start     ] GC(65) Pause Young (Normal) (G1 Evacuation Pause)
[2020-11-05T14:24:13.333+0800][gc,task      ] GC(65) Using 8 workers of 8 for evacuation
[2020-11-05T14:24:13.348+0800][gc,phases    ] GC(65)   Pre Evacuate Collection Set: 0.1ms
[2020-11-05T14:24:13.348+0800][gc,phases    ] GC(65)   Evacuate Collection Set: 13.2ms
[2020-11-05T14:24:13.348+0800][gc,phases    ] GC(65)   Post Evacuate Collection Set: 1.6ms
[2020-11-05T14:24:13.348+0800][gc,phases    ] GC(65)   Other: 1.0ms
[2020-11-05T14:24:13.348+0800][gc,heap      ] GC(65) Eden regions: 53->0(52)
[2020-11-05T14:24:13.348+0800][gc,heap      ] GC(65) Survivor regions: 4->6(8)
[2020-11-05T14:24:13.348+0800][gc,heap      ] GC(65) Old regions: 101->101
[2020-11-05T14:24:13.348+0800][gc,heap      ] GC(65) Archive regions: 2->2
[2020-11-05T14:24:13.348+0800][gc,heap      ] GC(65) Humongous regions: 130->130
[2020-11-05T14:24:13.348+0800][gc,metaspace ] GC(65) Metaspace: 27347K->27347K(1073152K)
[2020-11-05T14:24:13.349+0800][gc           ] GC(65) Pause Young (Normal) (G1 Evacuation Pause) 288M->237M(1024M) 16.999ms
[2020-11-05T14:24:13.350+0800][gc,cpu       ] GC(65) User=0.06s Sys=0.03s Real=0.01s
[2020-11-05T14:25:26.032+0800][gc,start     ] GC(66) Pause Young (Normal) (G1 Evacuation Pause)
[2020-11-05T14:25:26.033+0800][gc,task      ] GC(66) Using 8 workers of 8 for evacuation
[2020-11-05T14:25:26.053+0800][gc,phases    ] GC(66)   Pre Evacuate Collection Set: 0.1ms
[2020-11-05T14:25:26.053+0800][gc,phases    ] GC(66)   Evacuate Collection Set: 19.1ms
[2020-11-05T14:25:26.053+0800][gc,phases    ] GC(66)   Post Evacuate Collection Set: 0.3ms
[2020-11-05T14:25:26.053+0800][gc,phases    ] GC(66)   Other: 1.2ms
[2020-11-05T14:25:26.053+0800][gc,heap      ] GC(66) Eden regions: 52->0(51)
[2020-11-05T14:25:26.053+0800][gc,heap      ] GC(66) Survivor regions: 6->7(8)
[2020-11-05T14:25:26.053+0800][gc,heap      ] GC(66) Old regions: 101->103
[2020-11-05T14:25:26.053+0800][gc,heap      ] GC(66) Archive regions: 2->2
[2020-11-05T14:25:26.053+0800][gc,heap      ] GC(66) Humongous regions: 130->130
[2020-11-05T14:25:26.053+0800][gc,metaspace ] GC(66) Metaspace: 27349K->27349K(1073152K)
[2020-11-05T14:25:26.053+0800][gc           ] GC(66) Pause Young (Normal) (G1 Evacuation Pause) 289M->239M(1024M) 20.869ms
[2020-11-05T14:25:26.053+0800][gc,cpu       ] GC(66) User=0.06s Sys=0.03s Real=0.02s
[2020-11-05T14:26:35.827+0800][gc,start     ] GC(67) Pause Young (Normal) (G1 Evacuation Pause)
[2020-11-05T14:26:35.828+0800][gc,task      ] GC(67) Using 8 workers of 8 for evacuation
[2020-11-05T14:26:35.842+0800][gc,phases    ] GC(67)   Pre Evacuate Collection Set: 0.1ms
[2020-11-05T14:26:35.842+0800][gc,phases    ] GC(67)   Evacuate Collection Set: 11.9ms
[2020-11-05T14:26:35.842+0800][gc,phases    ] GC(67)   Post Evacuate Collection Set: 1.3ms
[2020-11-05T14:26:35.842+0800][gc,phases    ] GC(67)   Other: 1.2ms
[2020-11-05T14:26:35.842+0800][gc,heap      ] GC(67) Eden regions: 50->0(55)
[2020-11-05T14:26:35.842+0800][gc,heap      ] GC(67) Survivor regions: 7->5(8)
[2020-11-05T14:26:35.842+0800][gc,heap      ] GC(67) Old regions: 103->106
[2020-11-05T14:26:35.842+0800][gc,heap      ] GC(67) Archive regions: 2->2
[2020-11-05T14:26:35.842+0800][gc,heap      ] GC(67) Humongous regions: 130->130
[2020-11-05T14:26:35.842+0800][gc,metaspace ] GC(67) Metaspace: 27349K->27349K(1073152K)
[2020-11-05T14:26:35.843+0800][gc           ] GC(67) Pause Young (Normal) (G1 Evacuation Pause) 289M->241M(1024M) 15.506ms
[2020-11-05T14:26:35.843+0800][gc,cpu       ] GC(67) User=0.07s Sys=0.01s Real=0.02s
[2020-11-05T14:27:52.639+0800][gc,start     ] GC(68) Pause Young (Normal) (G1 Evacuation Pause)
[2020-11-05T14:27:52.645+0800][gc,task      ] GC(68) Using 8 workers of 8 for evacuation
[2020-11-05T14:27:52.690+0800][gc,mmu       ] GC(68) MMU target violated: 21.0ms (20.0ms/21.0ms)
[2020-11-05T14:27:52.690+0800][gc,phases    ] GC(68)   Pre Evacuate Collection Set: 0.2ms
[2020-11-05T14:27:52.690+0800][gc,phases    ] GC(68)   Evacuate Collection Set: 33.1ms
[2020-11-05T14:27:52.690+0800][gc,phases    ] GC(68)   Post Evacuate Collection Set: 2.8ms
[2020-11-05T14:27:52.691+0800][gc,phases    ] GC(68)   Other: 22.3ms
[2020-11-05T14:27:52.691+0800][gc,heap      ] GC(68) Eden regions: 55->0(46)
[2020-11-05T14:27:52.691+0800][gc,heap      ] GC(68) Survivor regions: 5->5(8)
[2020-11-05T14:27:52.691+0800][gc,heap      ] GC(68) Old regions: 106->108
[2020-11-05T14:27:52.691+0800][gc,heap      ] GC(68) Archive regions: 2->2
[2020-11-05T14:27:52.691+0800][gc,heap      ] GC(68) Humongous regions: 130->130
[2020-11-05T14:27:52.691+0800][gc,metaspace ] GC(68) Metaspace: 27351K->27351K(1073152K)
[2020-11-05T14:27:52.692+0800][gc           ] GC(68) Pause Young (Normal) (G1 Evacuation Pause) 296M->242M(1024M) 53.847ms
[2020-11-05T14:27:52.692+0800][gc,cpu       ] GC(68) User=0.05s Sys=0.12s Real=0.06s
[2020-11-05T14:41:13.506+0800][gc,start     ] GC(69) Pause Young (Normal) (G1 Evacuation Pause)
[2020-11-05T14:41:13.511+0800][gc,task      ] GC(69) Using 8 workers of 8 for evacuation
[2020-11-05T14:41:13.573+0800][gc,mmu       ] GC(69) MMU target violated: 21.0ms (20.0ms/21.0ms)
[2020-11-05T14:41:13.573+0800][gc,phases    ] GC(69)   Pre Evacuate Collection Set: 1.1ms
[2020-11-05T14:41:13.573+0800][gc,phases    ] GC(69)   Evacuate Collection Set: 36.6ms
[2020-11-05T14:41:13.573+0800][gc,phases    ] GC(69)   Post Evacuate Collection Set: 3.2ms
[2020-11-05T14:41:13.574+0800][gc,phases    ] GC(69)   Other: 31.0ms
[2020-11-05T14:41:13.574+0800][gc,heap      ] GC(69) Eden regions: 46->0(44)
[2020-11-05T14:41:13.574+0800][gc,heap      ] GC(69) Survivor regions: 5->7(7)
[2020-11-05T14:41:13.574+0800][gc,heap      ] GC(69) Old regions: 108->110
[2020-11-05T14:41:13.574+0800][gc,heap      ] GC(69) Archive regions: 2->2
[2020-11-05T14:41:13.574+0800][gc,heap      ] GC(69) Humongous regions: 130->130
[2020-11-05T14:41:13.574+0800][gc,metaspace ] GC(69) Metaspace: 27572K->27572K(1075200K)
[2020-11-05T14:41:13.574+0800][gc           ] GC(69) Pause Young (Normal) (G1 Evacuation Pause) 288M->246M(1024M) 69.421ms
[2020-11-05T14:41:13.574+0800][gc,cpu       ] GC(69) User=0.05s Sys=0.12s Real=0.07s
[2020-11-05T14:42:14.581+0800][gc,start     ] GC(70) Pause Young (Normal) (G1 Evacuation Pause)
[2020-11-05T14:42:14.581+0800][gc,task      ] GC(70) Using 8 workers of 8 for evacuation
[2020-11-05T14:42:14.595+0800][gc,phases    ] GC(70)   Pre Evacuate Collection Set: 0.1ms
[2020-11-05T14:42:14.595+0800][gc,phases    ] GC(70)   Evacuate Collection Set: 12.4ms
[2020-11-05T14:42:14.595+0800][gc,phases    ] GC(70)   Post Evacuate Collection Set: 0.5ms
[2020-11-05T14:42:14.595+0800][gc,phases    ] GC(70)   Other: 0.5ms
[2020-11-05T14:42:14.595+0800][gc,heap      ] GC(70) Eden regions: 44->0(48)
[2020-11-05T14:42:14.595+0800][gc,heap      ] GC(70) Survivor regions: 7->3(7)
[2020-11-05T14:42:14.595+0800][gc,heap      ] GC(70) Old regions: 110->115
[2020-11-05T14:42:14.595+0800][gc,heap      ] GC(70) Archive regions: 2->2
[2020-11-05T14:42:14.595+0800][gc,heap      ] GC(70) Humongous regions: 130->130
[2020-11-05T14:42:14.595+0800][gc,metaspace ] GC(70) Metaspace: 27572K->27572K(1075200K)
[2020-11-05T14:42:14.595+0800][gc           ] GC(70) Pause Young (Normal) (G1 Evacuation Pause) 290M->248M(1024M) 13.627ms
[2020-11-05T14:42:14.595+0800][gc,cpu       ] GC(70) User=0.07s Sys=0.02s Real=0.01s
[2020-11-05T14:43:21.345+0800][gc,start     ] GC(71) Pause Young (Normal) (G1 Evacuation Pause)
[2020-11-05T14:43:21.346+0800][gc,task      ] GC(71) Using 8 workers of 8 for evacuation
[2020-11-05T14:43:21.365+0800][gc,phases    ] GC(71)   Pre Evacuate Collection Set: 0.1ms
[2020-11-05T14:43:21.365+0800][gc,phases    ] GC(71)   Evacuate Collection Set: 16.8ms
[2020-11-05T14:43:21.365+0800][gc,phases    ] GC(71)   Post Evacuate Collection Set: 1.5ms
[2020-11-05T14:43:21.365+0800][gc,phases    ] GC(71)   Other: 0.9ms
[2020-11-05T14:43:21.365+0800][gc,heap      ] GC(71) Eden regions: 48->0(46)
[2020-11-05T14:43:21.365+0800][gc,heap      ] GC(71) Survivor regions: 3->5(7)
[2020-11-05T14:43:21.365+0800][gc,heap      ] GC(71) Old regions: 115->115
[2020-11-05T14:43:21.365+0800][gc,heap      ] GC(71) Archive regions: 2->2
[2020-11-05T14:43:21.365+0800][gc,heap      ] GC(71) Humongous regions: 130->130
[2020-11-05T14:43:21.365+0800][gc,metaspace ] GC(71) Metaspace: 27572K->27572K(1075200K)
[2020-11-05T14:43:21.365+0800][gc           ] GC(71) Pause Young (Normal) (G1 Evacuation Pause) 296M->249M(1024M) 19.998ms
[2020-11-05T14:43:21.365+0800][gc,cpu       ] GC(71) User=0.03s Sys=0.04s Real=0.02s
[2020-11-05T14:44:25.745+0800][gc,start     ] GC(72) Pause Young (Normal) (G1 Evacuation Pause)
[2020-11-05T14:44:25.746+0800][gc,task      ] GC(72) Using 8 workers of 8 for evacuation
[2020-11-05T14:44:25.772+0800][gc,mmu       ] GC(72) MMU target violated: 21.0ms (20.0ms/21.0ms)
[2020-11-05T14:44:25.772+0800][gc,phases    ] GC(72)   Pre Evacuate Collection Set: 0.1ms
[2020-11-05T14:44:25.772+0800][gc,phases    ] GC(72)   Evacuate Collection Set: 24.8ms
[2020-11-05T14:44:25.772+0800][gc,phases    ] GC(72)   Post Evacuate Collection Set: 0.7ms
[2020-11-05T14:44:25.772+0800][gc,phases    ] GC(72)   Other: 1.8ms
[2020-11-05T14:44:25.772+0800][gc,heap      ] GC(72) Eden regions: 46->0(46)
[2020-11-05T14:44:25.772+0800][gc,heap      ] GC(72) Survivor regions: 5->5(7)
[2020-11-05T14:44:25.772+0800][gc,heap      ] GC(72) Old regions: 115->117
[2020-11-05T14:44:25.772+0800][gc,heap      ] GC(72) Archive regions: 2->2
[2020-11-05T14:44:25.772+0800][gc,heap      ] GC(72) Humongous regions: 130->130
[2020-11-05T14:44:25.772+0800][gc,metaspace ] GC(72) Metaspace: 27572K->27572K(1075200K)
[2020-11-05T14:44:25.772+0800][gc           ] GC(72) Pause Young (Normal) (G1 Evacuation Pause) 295M->252M(1024M) 27.374ms
[2020-11-05T14:44:25.772+0800][gc,cpu       ] GC(72) User=0.06s Sys=0.06s Real=0.03s
[2020-11-05T14:45:30.194+0800][gc,start     ] GC(73) Pause Young (Normal) (G1 Evacuation Pause)
[2020-11-05T14:45:30.196+0800][gc,task      ] GC(73) Using 8 workers of 8 for evacuation
[2020-11-05T14:45:30.203+0800][gc,phases    ] GC(73)   Pre Evacuate Collection Set: 0.0ms
[2020-11-05T14:45:30.203+0800][gc,phases    ] GC(73)   Evacuate Collection Set: 6.7ms
[2020-11-05T14:45:30.203+0800][gc,phases    ] GC(73)   Post Evacuate Collection Set: 0.2ms
[2020-11-05T14:45:30.203+0800][gc,phases    ] GC(73)   Other: 2.3ms
[2020-11-05T14:45:30.203+0800][gc,heap      ] GC(73) Eden regions: 46->0(46)
[2020-11-05T14:45:30.203+0800][gc,heap      ] GC(73) Survivor regions: 5->5(7)
[2020-11-05T14:45:30.203+0800][gc,heap      ] GC(73) Old regions: 117->119
[2020-11-05T14:45:30.203+0800][gc,heap      ] GC(73) Archive regions: 2->2
[2020-11-05T14:45:30.203+0800][gc,heap      ] GC(73) Humongous regions: 130->130
[2020-11-05T14:45:30.203+0800][gc,metaspace ] GC(73) Metaspace: 27574K->27574K(1075200K)
[2020-11-05T14:45:30.204+0800][gc           ] GC(73) Pause Young (Normal) (G1 Evacuation Pause) 298M->253M(1024M) 10.165ms
[2020-11-05T14:45:30.204+0800][gc,cpu       ] GC(73) User=0.04s Sys=0.01s Real=0.01s
[2020-11-05T14:46:34.863+0800][gc,start     ] GC(74) Pause Young (Normal) (G1 Evacuation Pause)
[2020-11-05T14:46:34.864+0800][gc,task      ] GC(74) Using 8 workers of 8 for evacuation
[2020-11-05T14:46:34.900+0800][gc,mmu       ] GC(74) MMU target violated: 21.0ms (20.0ms/21.0ms)
[2020-11-05T14:46:34.900+0800][gc,phases    ] GC(74)   Pre Evacuate Collection Set: 0.1ms
[2020-11-05T14:46:34.900+0800][gc,phases    ] GC(74)   Evacuate Collection Set: 28.0ms
[2020-11-05T14:46:34.900+0800][gc,phases    ] GC(74)   Post Evacuate Collection Set: 2.4ms
[2020-11-05T14:46:34.900+0800][gc,phases    ] GC(74)   Other: 6.2ms
[2020-11-05T14:46:34.900+0800][gc,heap      ] GC(74) Eden regions: 46->0(47)
[2020-11-05T14:46:34.900+0800][gc,heap      ] GC(74) Survivor regions: 5->4(7)
[2020-11-05T14:46:34.900+0800][gc,heap      ] GC(74) Old regions: 119->121
[2020-11-05T14:46:34.900+0800][gc,heap      ] GC(74) Archive regions: 2->2
[2020-11-05T14:46:34.900+0800][gc,heap      ] GC(74) Humongous regions: 130->130
[2020-11-05T14:46:34.900+0800][gc,metaspace ] GC(74) Metaspace: 27574K->27574K(1075200K)
[2020-11-05T14:46:34.900+0800][gc           ] GC(74) Pause Young (Normal) (G1 Evacuation Pause) 299M->255M(1024M) 36.871ms
[2020-11-05T14:46:34.900+0800][gc,cpu       ] GC(74) User=0.04s Sys=0.08s Real=0.04s
[2020-11-05T14:47:39.169+0800][gc,start     ] GC(75) Pause Young (Normal) (G1 Evacuation Pause)
[2020-11-05T14:47:39.172+0800][gc,task      ] GC(75) Using 8 workers of 8 for evacuation
[2020-11-05T14:47:39.264+0800][gc,mmu       ] GC(75) MMU target violated: 21.0ms (20.0ms/21.0ms)
[2020-11-05T14:47:39.266+0800][gc,phases    ] GC(75)   Pre Evacuate Collection Set: 0.1ms
[2020-11-05T14:47:39.266+0800][gc,phases    ] GC(75)   Evacuate Collection Set: 59.2ms
[2020-11-05T14:47:39.266+0800][gc,phases    ] GC(75)   Post Evacuate Collection Set: 11.0ms
[2020-11-05T14:47:39.269+0800][gc,phases    ] GC(75)   Other: 40.3ms
[2020-11-05T14:47:39.273+0800][gc,heap      ] GC(75) Eden regions: 47->0(45)
[2020-11-05T14:47:39.273+0800][gc,heap      ] GC(75) Survivor regions: 4->6(7)
[2020-11-05T14:47:39.273+0800][gc,heap      ] GC(75) Old regions: 121->121
[2020-11-05T14:47:39.273+0800][gc,heap      ] GC(75) Archive regions: 2->2
[2020-11-05T14:47:39.273+0800][gc,heap      ] GC(75) Humongous regions: 130->130
[2020-11-05T14:47:39.273+0800][gc,metaspace ] GC(75) Metaspace: 27574K->27574K(1075200K)
[2020-11-05T14:47:39.276+0800][gc           ] GC(75) Pause Young (Normal) (G1 Evacuation Pause) 302M->256M(1024M) 108.517ms
[2020-11-05T14:47:39.276+0800][gc,cpu       ] GC(75) User=0.05s Sys=0.09s Real=0.11s
[2020-11-05T14:48:41.407+0800][gc,start     ] GC(76) Pause Young (Normal) (G1 Evacuation Pause)
[2020-11-05T14:48:41.409+0800][gc,task      ] GC(76) Using 8 workers of 8 for evacuation
[2020-11-05T14:48:41.455+0800][gc,mmu       ] GC(76) MMU target violated: 21.0ms (20.0ms/21.0ms)
[2020-11-05T14:48:41.456+0800][gc,phases    ] GC(76)   Pre Evacuate Collection Set: 0.1ms
[2020-11-05T14:48:41.456+0800][gc,phases    ] GC(76)   Evacuate Collection Set: 29.0ms
[2020-11-05T14:48:41.456+0800][gc,phases    ] GC(76)   Post Evacuate Collection Set: 4.3ms
[2020-11-05T14:48:41.456+0800][gc,phases    ] GC(76)   Other: 18.6ms
[2020-11-05T14:48:41.456+0800][gc,heap      ] GC(76) Eden regions: 45->0(45)
[2020-11-05T14:48:41.456+0800][gc,heap      ] GC(76) Survivor regions: 6->6(7)
[2020-11-05T14:48:41.456+0800][gc,heap      ] GC(76) Old regions: 121->123
[2020-11-05T14:48:41.456+0800][gc,heap      ] GC(76) Archive regions: 2->2
[2020-11-05T14:48:41.456+0800][gc,heap      ] GC(76) Humongous regions: 130->130
[2020-11-05T14:48:41.456+0800][gc,metaspace ] GC(76) Metaspace: 27575K->27575K(1075200K)
[2020-11-05T14:48:41.457+0800][gc           ] GC(76) Pause Young (Normal) (G1 Evacuation Pause) 301M->258M(1024M) 49.777ms
[2020-11-05T14:48:41.457+0800][gc,cpu       ] GC(76) User=0.03s Sys=0.08s Real=0.05s
[2020-11-05T14:49:43.646+0800][gc,start     ] GC(77) Pause Young (Normal) (G1 Evacuation Pause)
[2020-11-05T14:49:43.648+0800][gc,task      ] GC(77) Using 8 workers of 8 for evacuation
[2020-11-05T14:49:43.694+0800][gc,mmu       ] GC(77) MMU target violated: 21.0ms (20.0ms/21.0ms)
[2020-11-05T14:49:43.694+0800][gc,phases    ] GC(77)   Pre Evacuate Collection Set: 0.1ms
[2020-11-05T14:49:43.694+0800][gc,phases    ] GC(77)   Evacuate Collection Set: 37.0ms
[2020-11-05T14:49:43.694+0800][gc,phases    ] GC(77)   Post Evacuate Collection Set: 0.7ms
[2020-11-05T14:49:43.694+0800][gc,phases    ] GC(77)   Other: 9.8ms
[2020-11-05T14:49:43.694+0800][gc,heap      ] GC(77) Eden regions: 45->0(47)
[2020-11-05T14:49:43.694+0800][gc,heap      ] GC(77) Survivor regions: 6->4(7)
[2020-11-05T14:49:43.694+0800][gc,heap      ] GC(77) Old regions: 123->126
[2020-11-05T14:49:43.694+0800][gc,heap      ] GC(77) Archive regions: 2->2
[2020-11-05T14:49:43.694+0800][gc,heap      ] GC(77) Humongous regions: 130->130
[2020-11-05T14:49:43.694+0800][gc,metaspace ] GC(77) Metaspace: 27576K->27576K(1075200K)
[2020-11-05T14:49:43.695+0800][gc           ] GC(77) Pause Young (Normal) (G1 Evacuation Pause) 303M->259M(1024M) 48.234ms
[2020-11-05T14:49:43.695+0800][gc,cpu       ] GC(77) User=0.04s Sys=0.11s Real=0.05s
[2020-11-05T14:50:48.564+0800][gc,start     ] GC(78) Pause Young (Normal) (G1 Evacuation Pause)
[2020-11-05T14:50:48.565+0800][gc,task      ] GC(78) Using 8 workers of 8 for evacuation
[2020-11-05T14:50:48.595+0800][gc,mmu       ] GC(78) MMU target violated: 21.0ms (20.0ms/21.0ms)
[2020-11-05T14:50:48.595+0800][gc,phases    ] GC(78)   Pre Evacuate Collection Set: 0.1ms
[2020-11-05T14:50:48.595+0800][gc,phases    ] GC(78)   Evacuate Collection Set: 26.5ms
[2020-11-05T14:50:48.595+0800][gc,phases    ] GC(78)   Post Evacuate Collection Set: 1.1ms
[2020-11-05T14:50:48.595+0800][gc,phases    ] GC(78)   Other: 3.5ms
[2020-11-05T14:50:48.595+0800][gc,heap      ] GC(78) Eden regions: 47->0(46)
[2020-11-05T14:50:48.595+0800][gc,heap      ] GC(78) Survivor regions: 4->5(7)
[2020-11-05T14:50:48.595+0800][gc,heap      ] GC(78) Old regions: 126->126
[2020-11-05T14:50:48.595+0800][gc,heap      ] GC(78) Archive regions: 2->2
[2020-11-05T14:50:48.595+0800][gc,heap      ] GC(78) Humongous regions: 130->130
[2020-11-05T14:50:48.595+0800][gc,metaspace ] GC(78) Metaspace: 27581K->27581K(1075200K)
[2020-11-05T14:50:48.595+0800][gc           ] GC(78) Pause Young (Normal) (G1 Evacuation Pause) 306M->260M(1024M) 31.198ms
[2020-11-05T14:50:48.595+0800][gc,cpu       ] GC(78) User=0.03s Sys=0.08s Real=0.03s
[2020-11-05T14:51:52.096+0800][gc,start     ] GC(79) Pause Young (Normal) (G1 Evacuation Pause)
[2020-11-05T14:51:52.097+0800][gc,task      ] GC(79) Using 8 workers of 8 for evacuation
[2020-11-05T14:51:52.108+0800][gc,phases    ] GC(79)   Pre Evacuate Collection Set: 0.0ms
[2020-11-05T14:51:52.108+0800][gc,phases    ] GC(79)   Evacuate Collection Set: 11.0ms
[2020-11-05T14:51:52.108+0800][gc,phases    ] GC(79)   Post Evacuate Collection Set: 0.2ms
[2020-11-05T14:51:52.108+0800][gc,phases    ] GC(79)   Other: 0.6ms
[2020-11-05T14:51:52.108+0800][gc,heap      ] GC(79) Eden regions: 46->0(45)
[2020-11-05T14:51:52.108+0800][gc,heap      ] GC(79) Survivor regions: 5->6(7)
[2020-11-05T14:51:52.108+0800][gc,heap      ] GC(79) Old regions: 126->127
[2020-11-05T14:51:52.108+0800][gc,heap      ] GC(79) Archive regions: 2->2
[2020-11-05T14:51:52.108+0800][gc,heap      ] GC(79) Humongous regions: 130->130
[2020-11-05T14:51:52.108+0800][gc,metaspace ] GC(79) Metaspace: 27583K->27583K(1075200K)
[2020-11-05T14:51:52.109+0800][gc           ] GC(79) Pause Young (Normal) (G1 Evacuation Pause) 306M->263M(1024M) 12.585ms
[2020-11-05T14:51:52.109+0800][gc,cpu       ] GC(79) User=0.03s Sys=0.01s Real=0.01s
[2020-11-05T14:52:54.756+0800][gc,start     ] GC(80) Pause Young (Normal) (G1 Evacuation Pause)
[2020-11-05T14:52:54.756+0800][gc,task      ] GC(80) Using 8 workers of 8 for evacuation
[2020-11-05T14:52:54.767+0800][gc,phases    ] GC(80)   Pre Evacuate Collection Set: 0.0ms
[2020-11-05T14:52:54.767+0800][gc,phases    ] GC(80)   Evacuate Collection Set: 10.0ms
[2020-11-05T14:52:54.767+0800][gc,phases    ] GC(80)   Post Evacuate Collection Set: 1.1ms
[2020-11-05T14:52:54.767+0800][gc,phases    ] GC(80)   Other: 0.4ms
[2020-11-05T14:52:54.767+0800][gc,heap      ] GC(80) Eden regions: 45->0(47)
[2020-11-05T14:52:54.767+0800][gc,heap      ] GC(80) Survivor regions: 6->4(7)
[2020-11-05T14:52:54.767+0800][gc,heap      ] GC(80) Old regions: 127->130
[2020-11-05T14:52:54.767+0800][gc,heap      ] GC(80) Archive regions: 2->2
[2020-11-05T14:52:54.767+0800][gc,heap      ] GC(80) Humongous regions: 130->130
[2020-11-05T14:52:54.767+0800][gc,metaspace ] GC(80) Metaspace: 27583K->27583K(1075200K)
[2020-11-05T14:52:54.767+0800][gc           ] GC(80) Pause Young (Normal) (G1 Evacuation Pause) 308M->264M(1024M) 11.721ms
[2020-11-05T14:52:54.767+0800][gc,cpu       ] GC(80) User=0.06s Sys=0.01s Real=0.01s
[2020-11-05T14:54:01.009+0800][gc,start     ] GC(81) Pause Young (Normal) (G1 Evacuation Pause)
[2020-11-05T14:54:01.010+0800][gc,task      ] GC(81) Using 8 workers of 8 for evacuation
[2020-11-05T14:54:01.021+0800][gc,phases    ] GC(81)   Pre Evacuate Collection Set: 0.1ms
[2020-11-05T14:54:01.021+0800][gc,phases    ] GC(81)   Evacuate Collection Set: 10.3ms
[2020-11-05T14:54:01.021+0800][gc,phases    ] GC(81)   Post Evacuate Collection Set: 0.3ms
