[2020-11-07T15:18:04.598+0800][gc,phases    ] GC(329)   Evacuate Collection Set: 86.8ms
[2020-11-07T15:18:04.601+0800][gc,phases    ] GC(329)   Post Evacuate Collection Set: 46.2ms
[2020-11-07T15:18:04.601+0800][gc,phases    ] GC(329)   Other: 8.3ms
[2020-11-07T15:18:04.601+0800][gc,heap      ] GC(329) Eden regions: 47->0(47)
[2020-11-07T15:18:04.601+0800][gc,heap      ] GC(329) Survivor regions: 4->4(7)
[2020-11-07T15:18:04.601+0800][gc,heap      ] GC(329) Old regions: 121->121
[2020-11-07T15:18:04.601+0800][gc,heap      ] GC(329) Archive regions: 2->2
[2020-11-07T15:18:04.601+0800][gc,heap      ] GC(329) Humongous regions: 130->130
[2020-11-07T15:18:04.601+0800][gc,metaspace ] GC(329) Metaspace: 28655K->28655K(1075200K)
[2020-11-07T15:18:04.601+0800][gc           ] GC(329) Pause Young (Normal) (G1 Evacuation Pause) 301M->254M(1024M) 161.175ms
[2020-11-07T15:18:04.601+0800][gc,cpu       ] GC(329) User=0.03s Sys=0.12s Real=0.16s
[2020-11-07T15:18:59.890+0800][gc,start     ] GC(330) Pause Young (Normal) (G1 Evacuation Pause)
[2020-11-07T15:18:59.891+0800][gc,task      ] GC(330) Using 8 workers of 8 for evacuation
[2020-11-07T15:18:59.931+0800][gc,mmu       ] GC(330) MMU target violated: 21.0ms (20.0ms/21.0ms)
[2020-11-07T15:18:59.931+0800][gc,phases    ] GC(330)   Pre Evacuate Collection Set: 0.1ms
[2020-11-07T15:18:59.931+0800][gc,phases    ] GC(330)   Evacuate Collection Set: 30.8ms
[2020-11-07T15:18:59.931+0800][gc,phases    ] GC(330)   Post Evacuate Collection Set: 4.3ms
[2020-11-07T15:18:59.932+0800][gc,phases    ] GC(330)   Other: 6.3ms
[2020-11-07T15:18:59.932+0800][gc,heap      ] GC(330) Eden regions: 47->0(48)
[2020-11-07T15:18:59.932+0800][gc,heap      ] GC(330) Survivor regions: 4->3(7)
[2020-11-07T15:18:59.932+0800][gc,heap      ] GC(330) Old regions: 121->121
[2020-11-07T15:18:59.932+0800][gc,heap      ] GC(330) Archive regions: 2->2
[2020-11-07T15:18:59.932+0800][gc,heap      ] GC(330) Humongous regions: 130->130
[2020-11-07T15:18:59.932+0800][gc,metaspace ] GC(330) Metaspace: 28655K->28655K(1075200K)
[2020-11-07T15:18:59.932+0800][gc           ] GC(330) Pause Young (Normal) (G1 Evacuation Pause) 301M->254M(1024M) 42.791ms
[2020-11-07T15:18:59.932+0800][gc,cpu       ] GC(330) User=0.01s Sys=0.05s Real=0.04s
[2020-11-07T15:19:54.296+0800][gc,start     ] GC(331) Pause Young (Normal) (G1 Evacuation Pause)
[2020-11-07T15:19:54.297+0800][gc,task      ] GC(331) Using 8 workers of 8 for evacuation
[2020-11-07T15:19:54.352+0800][gc,mmu       ] GC(331) MMU target violated: 21.0ms (20.0ms/21.0ms)
[2020-11-07T15:19:54.352+0800][gc,phases    ] GC(331)   Pre Evacuate Collection Set: 0.1ms
[2020-11-07T15:19:54.352+0800][gc,phases    ] GC(331)   Evacuate Collection Set: 35.2ms
[2020-11-07T15:19:54.352+0800][gc,phases    ] GC(331)   Post Evacuate Collection Set: 2.2ms
[2020-11-07T15:19:54.352+0800][gc,phases    ] GC(331)   Other: 18.5ms
[2020-11-07T15:19:54.352+0800][gc,heap      ] GC(331) Eden regions: 48->0(47)
[2020-11-07T15:19:54.352+0800][gc,heap      ] GC(331) Survivor regions: 3->4(7)
[2020-11-07T15:19:54.353+0800][gc,heap      ] GC(331) Old regions: 121->121
[2020-11-07T15:19:54.353+0800][gc,heap      ] GC(331) Archive regions: 2->2
[2020-11-07T15:19:54.353+0800][gc,heap      ] GC(331) Humongous regions: 130->130
[2020-11-07T15:19:54.353+0800][gc,metaspace ] GC(331) Metaspace: 28655K->28655K(1075200K)
[2020-11-07T15:19:54.353+0800][gc           ] GC(331) Pause Young (Normal) (G1 Evacuation Pause) 302M->255M(1024M) 56.749ms
[2020-11-07T15:19:54.353+0800][gc,cpu       ] GC(331) User=0.03s Sys=0.06s Real=0.06s
[2020-11-07T15:20:48.795+0800][gc,start     ] GC(332) Pause Young (Normal) (G1 Evacuation Pause)
[2020-11-07T15:20:48.796+0800][gc,task      ] GC(332) Using 8 workers of 8 for evacuation
[2020-11-07T15:20:48.835+0800][gc,mmu       ] GC(332) MMU target violated: 21.0ms (20.0ms/21.0ms)
[2020-11-07T15:20:48.835+0800][gc,phases    ] GC(332)   Pre Evacuate Collection Set: 0.1ms
[2020-11-07T15:20:48.835+0800][gc,phases    ] GC(332)   Evacuate Collection Set: 32.7ms
[2020-11-07T15:20:48.835+0800][gc,phases    ] GC(332)   Post Evacuate Collection Set: 2.4ms
[2020-11-07T15:20:48.835+0800][gc,phases    ] GC(332)   Other: 4.8ms
[2020-11-07T15:20:48.836+0800][gc,heap      ] GC(332) Eden regions: 47->0(47)
[2020-11-07T15:20:48.836+0800][gc,heap      ] GC(332) Survivor regions: 4->4(7)
[2020-11-07T15:20:48.836+0800][gc,heap      ] GC(332) Old regions: 121->121
[2020-11-07T15:20:48.836+0800][gc,heap      ] GC(332) Archive regions: 2->2
[2020-11-07T15:20:48.836+0800][gc,heap      ] GC(332) Humongous regions: 130->130
[2020-11-07T15:20:48.836+0800][gc,metaspace ] GC(332) Metaspace: 28655K->28655K(1075200K)
[2020-11-07T15:20:48.836+0800][gc           ] GC(332) Pause Young (Normal) (G1 Evacuation Pause) 302M->255M(1024M) 40.918ms
[2020-11-07T15:20:48.836+0800][gc,cpu       ] GC(332) User=0.03s Sys=0.07s Real=0.04s
[2020-11-07T15:21:44.077+0800][gc,start     ] GC(333) Pause Young (Normal) (G1 Evacuation Pause)
[2020-11-07T15:21:44.078+0800][gc,task      ] GC(333) Using 8 workers of 8 for evacuation
[2020-11-07T15:21:44.139+0800][gc,mmu       ] GC(333) MMU target violated: 21.0ms (20.0ms/21.0ms)
[2020-11-07T15:21:44.139+0800][gc,phases    ] GC(333)   Pre Evacuate Collection Set: 0.4ms
[2020-11-07T15:21:44.139+0800][gc,phases    ] GC(333)   Evacuate Collection Set: 32.0ms
[2020-11-07T15:21:44.139+0800][gc,phases    ] GC(333)   Post Evacuate Collection Set: 2.4ms
[2020-11-07T15:21:44.139+0800][gc,phases    ] GC(333)   Other: 27.7ms
[2020-11-07T15:21:44.139+0800][gc,heap      ] GC(333) Eden regions: 47->0(47)
[2020-11-07T15:21:44.139+0800][gc,heap      ] GC(333) Survivor regions: 4->4(7)
[2020-11-07T15:21:44.139+0800][gc,heap      ] GC(333) Old regions: 121->121
[2020-11-07T15:21:44.139+0800][gc,heap      ] GC(333) Archive regions: 2->2
[2020-11-07T15:21:44.139+0800][gc,heap      ] GC(333) Humongous regions: 130->130
[2020-11-07T15:21:44.139+0800][gc,metaspace ] GC(333) Metaspace: 28655K->28655K(1075200K)
[2020-11-07T15:21:44.139+0800][gc           ] GC(333) Pause Young (Normal) (G1 Evacuation Pause) 302M->255M(1024M) 62.334ms
[2020-11-07T15:21:44.139+0800][gc,cpu       ] GC(333) User=0.02s Sys=0.05s Real=0.06s
[2020-11-07T15:22:39.410+0800][gc,start     ] GC(334) Pause Young (Normal) (G1 Evacuation Pause)
[2020-11-07T15:22:39.411+0800][gc,task      ] GC(334) Using 8 workers of 8 for evacuation
[2020-11-07T15:22:39.431+0800][gc,mmu       ] GC(334) MMU target violated: 20.7ms (20.0ms/21.0ms)
[2020-11-07T15:22:39.432+0800][gc,phases    ] GC(334)   Pre Evacuate Collection Set: 0.1ms
[2020-11-07T15:22:39.432+0800][gc,phases    ] GC(334)   Evacuate Collection Set: 17.9ms
[2020-11-07T15:22:39.432+0800][gc,phases    ] GC(334)   Post Evacuate Collection Set: 1.2ms
[2020-11-07T15:22:39.432+0800][gc,phases    ] GC(334)   Other: 2.8ms
[2020-11-07T15:22:39.432+0800][gc,heap      ] GC(334) Eden regions: 47->0(47)
[2020-11-07T15:22:39.432+0800][gc,heap      ] GC(334) Survivor regions: 4->4(7)
[2020-11-07T15:22:39.432+0800][gc,heap      ] GC(334) Old regions: 121->121
[2020-11-07T15:22:39.432+0800][gc,heap      ] GC(334) Archive regions: 2->2
[2020-11-07T15:22:39.432+0800][gc,heap      ] GC(334) Humongous regions: 130->130
[2020-11-07T15:22:39.432+0800][gc,metaspace ] GC(334) Metaspace: 28655K->28655K(1075200K)
[2020-11-07T15:22:39.432+0800][gc           ] GC(334) Pause Young (Normal) (G1 Evacuation Pause) 302M->255M(1024M) 22.624ms
[2020-11-07T15:22:39.432+0800][gc,cpu       ] GC(334) User=0.02s Sys=0.03s Real=0.02s
[2020-11-07T15:23:33.987+0800][gc,start     ] GC(335) Pause Young (Normal) (G1 Evacuation Pause)
[2020-11-07T15:23:33.987+0800][gc,task      ] GC(335) Using 8 workers of 8 for evacuation
[2020-11-07T15:23:34.039+0800][gc,mmu       ] GC(335) MMU target violated: 21.0ms (20.0ms/21.0ms)
[2020-11-07T15:23:34.040+0800][gc,phases    ] GC(335)   Pre Evacuate Collection Set: 0.1ms
[2020-11-07T15:23:34.040+0800][gc,phases    ] GC(335)   Evacuate Collection Set: 38.4ms
[2020-11-07T15:23:34.040+0800][gc,phases    ] GC(335)   Post Evacuate Collection Set: 6.0ms
[2020-11-07T15:23:34.040+0800][gc,phases    ] GC(335)   Other: 9.2ms
[2020-11-07T15:23:34.040+0800][gc,heap      ] GC(335) Eden regions: 47->0(46)
[2020-11-07T15:23:34.040+0800][gc,heap      ] GC(335) Survivor regions: 4->5(7)
[2020-11-07T15:23:34.040+0800][gc,heap      ] GC(335) Old regions: 121->121
[2020-11-07T15:23:34.040+0800][gc,heap      ] GC(335) Archive regions: 2->2
[2020-11-07T15:23:34.040+0800][gc,heap      ] GC(335) Humongous regions: 130->130
[2020-11-07T15:23:34.040+0800][gc,metaspace ] GC(335) Metaspace: 28655K->28655K(1075200K)
[2020-11-07T15:23:34.040+0800][gc           ] GC(335) Pause Young (Normal) (G1 Evacuation Pause) 302M->255M(1024M) 53.122ms
[2020-11-07T15:23:34.040+0800][gc,cpu       ] GC(335) User=0.03s Sys=0.03s Real=0.06s
[2020-11-07T15:24:28.427+0800][gc,start     ] GC(336) Pause Young (Normal) (G1 Evacuation Pause)
[2020-11-07T15:24:28.428+0800][gc,task      ] GC(336) Using 8 workers of 8 for evacuation
[2020-11-07T15:24:28.474+0800][gc,mmu       ] GC(336) MMU target violated: 21.0ms (20.0ms/21.0ms)
[2020-11-07T15:24:28.475+0800][gc,phases    ] GC(336)   Pre Evacuate Collection Set: 0.1ms
[2020-11-07T15:24:28.475+0800][gc,phases    ] GC(336)   Evacuate Collection Set: 36.2ms
[2020-11-07T15:24:28.475+0800][gc,phases    ] GC(336)   Post Evacuate Collection Set: 4.3ms
[2020-11-07T15:24:28.475+0800][gc,phases    ] GC(336)   Other: 6.9ms
[2020-11-07T15:24:28.475+0800][gc,heap      ] GC(336) Eden regions: 46->0(47)
[2020-11-07T15:24:28.475+0800][gc,heap      ] GC(336) Survivor regions: 5->4(7)
[2020-11-07T15:24:28.475+0800][gc,heap      ] GC(336) Old regions: 121->122
[2020-11-07T15:24:28.475+0800][gc,heap      ] GC(336) Archive regions: 2->2
[2020-11-07T15:24:28.475+0800][gc,heap      ] GC(336) Humongous regions: 130->130
[2020-11-07T15:24:28.475+0800][gc,metaspace ] GC(336) Metaspace: 28655K->28655K(1075200K)
[2020-11-07T15:24:28.475+0800][gc           ] GC(336) Pause Young (Normal) (G1 Evacuation Pause) 301M->255M(1024M) 48.267ms
[2020-11-07T15:24:28.475+0800][gc,cpu       ] GC(336) User=0.03s Sys=0.04s Real=0.05s
[2020-11-07T15:25:23.461+0800][gc,start     ] GC(337) Pause Young (Normal) (G1 Evacuation Pause)
[2020-11-07T15:25:23.462+0800][gc,task      ] GC(337) Using 8 workers of 8 for evacuation
[2020-11-07T15:25:23.482+0800][gc,mmu       ] GC(337) MMU target violated: 20.5ms (20.0ms/21.0ms)
[2020-11-07T15:25:23.482+0800][gc,phases    ] GC(337)   Pre Evacuate Collection Set: 0.1ms
[2020-11-07T15:25:23.482+0800][gc,phases    ] GC(337)   Evacuate Collection Set: 16.8ms
[2020-11-07T15:25:23.482+0800][gc,phases    ] GC(337)   Post Evacuate Collection Set: 1.5ms
[2020-11-07T15:25:23.482+0800][gc,phases    ] GC(337)   Other: 3.8ms
[2020-11-07T15:25:23.482+0800][gc,heap      ] GC(337) Eden regions: 47->0(47)
[2020-11-07T15:25:23.482+0800][gc,heap      ] GC(337) Survivor regions: 4->4(7)
[2020-11-07T15:25:23.482+0800][gc,heap      ] GC(337) Old regions: 122->122
[2020-11-07T15:25:23.482+0800][gc,heap      ] GC(337) Archive regions: 2->2
[2020-11-07T15:25:23.482+0800][gc,heap      ] GC(337) Humongous regions: 130->130
[2020-11-07T15:25:23.482+0800][gc,metaspace ] GC(337) Metaspace: 28655K->28655K(1075200K)
[2020-11-07T15:25:23.483+0800][gc           ] GC(337) Pause Young (Normal) (G1 Evacuation Pause) 302M->255M(1024M) 21.560ms
[2020-11-07T15:25:23.483+0800][gc,cpu       ] GC(337) User=0.02s Sys=0.05s Real=0.02s
[2020-11-07T15:26:18.308+0800][gc,start     ] GC(338) Pause Young (Normal) (G1 Evacuation Pause)
[2020-11-07T15:26:18.309+0800][gc,task      ] GC(338) Using 8 workers of 8 for evacuation
[2020-11-07T15:26:18.329+0800][gc,mmu       ] GC(338) MMU target violated: 20.0ms (20.0ms/21.0ms)
[2020-11-07T15:26:18.329+0800][gc,phases    ] GC(338)   Pre Evacuate Collection Set: 0.1ms
[2020-11-07T15:26:18.329+0800][gc,phases    ] GC(338)   Evacuate Collection Set: 16.5ms
[2020-11-07T15:26:18.329+0800][gc,phases    ] GC(338)   Post Evacuate Collection Set: 1.8ms
[2020-11-07T15:26:18.329+0800][gc,phases    ] GC(338)   Other: 3.0ms
[2020-11-07T15:26:18.329+0800][gc,heap      ] GC(338) Eden regions: 47->0(48)
[2020-11-07T15:26:18.329+0800][gc,heap      ] GC(338) Survivor regions: 4->3(7)
[2020-11-07T15:26:18.329+0800][gc,heap      ] GC(338) Old regions: 122->122
[2020-11-07T15:26:18.329+0800][gc,heap      ] GC(338) Archive regions: 2->2
[2020-11-07T15:26:18.329+0800][gc,heap      ] GC(338) Humongous regions: 130->130
[2020-11-07T15:26:18.329+0800][gc,metaspace ] GC(338) Metaspace: 28656K->28656K(1075200K)
[2020-11-07T15:26:18.330+0800][gc           ] GC(338) Pause Young (Normal) (G1 Evacuation Pause) 302M->255M(1024M) 22.172ms
[2020-11-07T15:26:18.330+0800][gc,cpu       ] GC(338) User=0.02s Sys=0.06s Real=0.03s
[2020-11-07T15:27:14.945+0800][gc,start     ] GC(339) Pause Young (Normal) (G1 Evacuation Pause)
[2020-11-07T15:27:14.947+0800][gc,task      ] GC(339) Using 8 workers of 8 for evacuation
[2020-11-07T15:27:14.983+0800][gc,mmu       ] GC(339) MMU target violated: 21.0ms (20.0ms/21.0ms)
[2020-11-07T15:27:14.983+0800][gc,phases    ] GC(339)   Pre Evacuate Collection Set: 0.1ms
[2020-11-07T15:27:14.983+0800][gc,phases    ] GC(339)   Evacuate Collection Set: 30.9ms
[2020-11-07T15:27:14.983+0800][gc,phases    ] GC(339)   Post Evacuate Collection Set: 2.8ms
[2020-11-07T15:27:14.983+0800][gc,phases    ] GC(339)   Other: 4.5ms
[2020-11-07T15:27:14.983+0800][gc,heap      ] GC(339) Eden regions: 48->0(48)
[2020-11-07T15:27:14.983+0800][gc,heap      ] GC(339) Survivor regions: 3->3(7)
[2020-11-07T15:27:14.984+0800][gc,heap      ] GC(339) Old regions: 122->122
[2020-11-07T15:27:14.984+0800][gc,heap      ] GC(339) Archive regions: 2->2
[2020-11-07T15:27:14.984+0800][gc,heap      ] GC(339) Humongous regions: 130->130
[2020-11-07T15:27:14.984+0800][gc,metaspace ] GC(339) Metaspace: 28656K->28656K(1075200K)
[2020-11-07T15:27:14.984+0800][gc           ] GC(339) Pause Young (Normal) (G1 Evacuation Pause) 303M->255M(1024M) 38.327ms
[2020-11-07T15:27:14.984+0800][gc,cpu       ] GC(339) User=0.02s Sys=0.06s Real=0.04s
[2020-11-07T15:28:11.398+0800][gc,start     ] GC(340) Pause Young (Normal) (G1 Evacuation Pause)
[2020-11-07T15:28:11.399+0800][gc,task      ] GC(340) Using 8 workers of 8 for evacuation
[2020-11-07T15:28:11.426+0800][gc,mmu       ] GC(340) MMU target violated: 21.0ms (20.0ms/21.0ms)
[2020-11-07T15:28:11.426+0800][gc,phases    ] GC(340)   Pre Evacuate Collection Set: 0.1ms
[2020-11-07T15:28:11.426+0800][gc,phases    ] GC(340)   Evacuate Collection Set: 20.5ms
[2020-11-07T15:28:11.426+0800][gc,phases    ] GC(340)   Post Evacuate Collection Set: 3.2ms
[2020-11-07T15:28:11.426+0800][gc,phases    ] GC(340)   Other: 4.1ms
[2020-11-07T15:28:11.426+0800][gc,heap      ] GC(340) Eden regions: 48->0(46)
[2020-11-07T15:28:11.426+0800][gc,heap      ] GC(340) Survivor regions: 3->5(7)
[2020-11-07T15:28:11.426+0800][gc,heap      ] GC(340) Old regions: 122->122
[2020-11-07T15:28:11.426+0800][gc,heap      ] GC(340) Archive regions: 2->2
[2020-11-07T15:28:11.426+0800][gc,heap      ] GC(340) Humongous regions: 130->130
[2020-11-07T15:28:11.426+0800][gc,metaspace ] GC(340) Metaspace: 28656K->28656K(1075200K)
[2020-11-07T15:28:11.426+0800][gc           ] GC(340) Pause Young (Normal) (G1 Evacuation Pause) 303M->256M(1024M) 27.915ms
[2020-11-07T15:28:11.426+0800][gc,cpu       ] GC(340) User=0.02s Sys=0.06s Real=0.03s
[2020-11-07T15:29:05.650+0800][gc,start     ] GC(341) Pause Young (Normal) (G1 Evacuation Pause)
[2020-11-07T15:29:05.651+0800][gc,task      ] GC(341) Using 8 workers of 8 for evacuation
[2020-11-07T15:29:05.702+0800][gc,mmu       ] GC(341) MMU target violated: 21.0ms (20.0ms/21.0ms)
[2020-11-07T15:29:05.702+0800][gc,phases    ] GC(341)   Pre Evacuate Collection Set: 0.1ms
[2020-11-07T15:29:05.702+0800][gc,phases    ] GC(341)   Evacuate Collection Set: 47.1ms
[2020-11-07T15:29:05.702+0800][gc,phases    ] GC(341)   Post Evacuate Collection Set: 2.2ms
[2020-11-07T15:29:05.702+0800][gc,phases    ] GC(341)   Other: 2.6ms
[2020-11-07T15:29:05.702+0800][gc,heap      ] GC(341) Eden regions: 46->0(48)
[2020-11-07T15:29:05.702+0800][gc,heap      ] GC(341) Survivor regions: 5->3(7)
[2020-11-07T15:29:05.702+0800][gc,heap      ] GC(341) Old regions: 122->123
[2020-11-07T15:29:05.702+0800][gc,heap      ] GC(341) Archive regions: 2->2
[2020-11-07T15:29:05.702+0800][gc,heap      ] GC(341) Humongous regions: 130->130
[2020-11-07T15:29:05.702+0800][gc,metaspace ] GC(341) Metaspace: 28656K->28656K(1075200K)
[2020-11-07T15:29:05.702+0800][gc           ] GC(341) Pause Young (Normal) (G1 Evacuation Pause) 302M->256M(1024M) 52.244ms
[2020-11-07T15:29:05.702+0800][gc,cpu       ] GC(341) User=0.02s Sys=0.05s Real=0.05s
[2020-11-07T15:30:02.219+0800][gc,start     ] GC(342) Pause Young (Normal) (G1 Evacuation Pause)
[2020-11-07T15:30:02.224+0800][gc,task      ] GC(342) Using 8 workers of 8 for evacuation
[2020-11-07T15:30:02.261+0800][gc,mmu       ] GC(342) MMU target violated: 21.0ms (20.0ms/21.0ms)
[2020-11-07T15:30:02.261+0800][gc,phases    ] GC(342)   Pre Evacuate Collection Set: 0.1ms
[2020-11-07T15:30:02.261+0800][gc,phases    ] GC(342)   Evacuate Collection Set: 30.0ms
[2020-11-07T15:30:02.261+0800][gc,phases    ] GC(342)   Post Evacuate Collection Set: 2.3ms
[2020-11-07T15:30:02.261+0800][gc,phases    ] GC(342)   Other: 11.7ms
[2020-11-07T15:30:02.261+0800][gc,heap      ] GC(342) Eden regions: 48->0(48)
[2020-11-07T15:30:02.261+0800][gc,heap      ] GC(342) Survivor regions: 3->3(7)
[2020-11-07T15:30:02.261+0800][gc,heap      ] GC(342) Old regions: 123->123
[2020-11-07T15:30:02.261+0800][gc,heap      ] GC(342) Archive regions: 2->2
[2020-11-07T15:30:02.261+0800][gc,heap      ] GC(342) Humongous regions: 130->130
[2020-11-07T15:30:02.261+0800][gc,metaspace ] GC(342) Metaspace: 28656K->28656K(1075200K)
[2020-11-07T15:30:02.262+0800][gc           ] GC(342) Pause Young (Normal) (G1 Evacuation Pause) 304M->256M(1024M) 42.470ms
[2020-11-07T15:30:02.262+0800][gc,cpu       ] GC(342) User=0.02s Sys=0.04s Real=0.05s
[2020-11-07T15:30:58.419+0800][gc,start     ] GC(343) Pause Young (Normal) (G1 Evacuation Pause)
[2020-11-07T15:30:58.420+0800][gc,task      ] GC(343) Using 8 workers of 8 for evacuation
[2020-11-07T15:30:58.440+0800][gc,mmu       ] GC(343) MMU target violated: 20.2ms (20.0ms/21.0ms)
[2020-11-07T15:30:58.440+0800][gc,phases    ] GC(343)   Pre Evacuate Collection Set: 0.1ms
[2020-11-07T15:30:58.440+0800][gc,phases    ] GC(343)   Evacuate Collection Set: 16.6ms
[2020-11-07T15:30:58.440+0800][gc,phases    ] GC(343)   Post Evacuate Collection Set: 1.9ms
[2020-11-07T15:30:58.440+0800][gc,phases    ] GC(343)   Other: 2.5ms
[2020-11-07T15:30:58.440+0800][gc,heap      ] GC(343) Eden regions: 48->0(48)
[2020-11-07T15:30:58.440+0800][gc,heap      ] GC(343) Survivor regions: 3->3(7)
[2020-11-07T15:30:58.440+0800][gc,heap      ] GC(343) Old regions: 123->123
[2020-11-07T15:30:58.440+0800][gc,heap      ] GC(343) Archive regions: 2->2
[2020-11-07T15:30:58.440+0800][gc,heap      ] GC(343) Humongous regions: 130->130
[2020-11-07T15:30:58.440+0800][gc,metaspace ] GC(343) Metaspace: 28656K->28656K(1075200K)
[2020-11-07T15:30:58.440+0800][gc           ] GC(343) Pause Young (Normal) (G1 Evacuation Pause) 304M->256M(1024M) 21.149ms
[2020-11-07T15:30:58.440+0800][gc,cpu       ] GC(343) User=0.01s Sys=0.03s Real=0.03s
[2020-11-07T15:31:54.911+0800][gc,start     ] GC(344) Pause Young (Normal) (G1 Evacuation Pause)
[2020-11-07T15:31:54.911+0800][gc,task      ] GC(344) Using 8 workers of 8 for evacuation
[2020-11-07T15:31:54.922+0800][gc,phases    ] GC(344)   Pre Evacuate Collection Set: 0.0ms
[2020-11-07T15:31:54.922+0800][gc,phases    ] GC(344)   Evacuate Collection Set: 8.7ms
[2020-11-07T15:31:54.922+0800][gc,phases    ] GC(344)   Post Evacuate Collection Set: 0.8ms
[2020-11-07T15:31:54.922+0800][gc,phases    ] GC(344)   Other: 1.0ms
[2020-11-07T15:31:54.922+0800][gc,heap      ] GC(344) Eden regions: 48->0(47)
[2020-11-07T15:31:54.922+0800][gc,heap      ] GC(344) Survivor regions: 3->4(7)
[2020-11-07T15:31:54.922+0800][gc,heap      ] GC(344) Old regions: 123->123
[2020-11-07T15:31:54.922+0800][gc,heap      ] GC(344) Archive regions: 2->2
[2020-11-07T15:31:54.922+0800][gc,heap      ] GC(344) Humongous regions: 130->130
[2020-11-07T15:31:54.922+0800][gc,metaspace ] GC(344) Metaspace: 28656K->28656K(1075200K)
[2020-11-07T15:31:54.922+0800][gc           ] GC(344) Pause Young (Normal) (G1 Evacuation Pause) 304M->256M(1024M) 10.795ms
[2020-11-07T15:31:54.922+0800][gc,cpu       ] GC(344) User=0.01s Sys=0.01s Real=0.01s
[2020-11-07T15:32:50.834+0800][gc,start     ] GC(345) Pause Young (Normal) (G1 Evacuation Pause)
[2020-11-07T15:32:50.834+0800][gc,task      ] GC(345) Using 8 workers of 8 for evacuation
[2020-11-07T15:32:50.839+0800][gc,phases    ] GC(345)   Pre Evacuate Collection Set: 0.0ms
[2020-11-07T15:32:50.839+0800][gc,phases    ] GC(345)   Evacuate Collection Set: 4.0ms
[2020-11-07T15:32:50.839+0800][gc,phases    ] GC(345)   Post Evacuate Collection Set: 0.9ms
[2020-11-07T15:32:50.839+0800][gc,phases    ] GC(345)   Other: 0.7ms
[2020-11-07T15:32:50.839+0800][gc,heap      ] GC(345) Eden regions: 47->0(48)
[2020-11-07T15:32:50.839+0800][gc,heap      ] GC(345) Survivor regions: 4->4(7)
[2020-11-07T15:32:50.839+0800][gc,heap      ] GC(345) Old regions: 123->123
[2020-11-07T15:32:50.839+0800][gc,heap      ] GC(345) Archive regions: 2->2
[2020-11-07T15:32:50.840+0800][gc,heap      ] GC(345) Humongous regions: 130->130
[2020-11-07T15:32:50.840+0800][gc,metaspace ] GC(345) Metaspace: 28656K->28656K(1075200K)
[2020-11-07T15:32:50.840+0800][gc           ] GC(345) Pause Young (Normal) (G1 Evacuation Pause) 303M->256M(1024M) 5.788ms
[2020-11-07T15:32:50.840+0800][gc,cpu       ] GC(345) User=0.01s Sys=0.01s Real=0.01s
[2020-11-07T15:33:47.561+0800][gc,start     ] GC(346) Pause Young (Normal) (G1 Evacuation Pause)
[2020-11-07T15:33:47.562+0800][gc,task      ] GC(346) Using 8 workers of 8 for evacuation
[2020-11-07T15:33:47.619+0800][gc,mmu       ] GC(346) MMU target violated: 21.0ms (20.0ms/21.0ms)
[2020-11-07T15:33:47.619+0800][gc,phases    ] GC(346)   Pre Evacuate Collection Set: 0.1ms
[2020-11-07T15:33:47.619+0800][gc,phases    ] GC(346)   Evacuate Collection Set: 46.1ms
[2020-11-07T15:33:47.619+0800][gc,phases    ] GC(346)   Post Evacuate Collection Set: 8.3ms
[2020-11-07T15:33:47.619+0800][gc,phases    ] GC(346)   Other: 4.2ms
[2020-11-07T15:33:47.619+0800][gc,heap      ] GC(346) Eden regions: 48->0(46)
[2020-11-07T15:33:47.619+0800][gc,heap      ] GC(346) Survivor regions: 4->5(7)
[2020-11-07T15:33:47.619+0800][gc,heap      ] GC(346) Old regions: 123->123
[2020-11-07T15:33:47.619+0800][gc,heap      ] GC(346) Archive regions: 2->2
[2020-11-07T15:33:47.619+0800][gc,heap      ] GC(346) Humongous regions: 130->130
[2020-11-07T15:33:47.619+0800][gc,metaspace ] GC(346) Metaspace: 28656K->28656K(1075200K)
[2020-11-07T15:33:47.620+0800][gc           ] GC(346) Pause Young (Normal) (G1 Evacuation Pause) 304M->257M(1024M) 59.209ms
[2020-11-07T15:33:47.620+0800][gc,cpu       ] GC(346) User=0.02s Sys=0.05s Real=0.06s
[2020-11-07T15:34:41.855+0800][gc,start     ] GC(347) Pause Young (Normal) (G1 Evacuation Pause)
[2020-11-07T15:34:41.855+0800][gc,task      ] GC(347) Using 8 workers of 8 for evacuation
[2020-11-07T15:34:41.877+0800][gc,mmu       ] GC(347) MMU target violated: 21.0ms (20.0ms/21.0ms)
[2020-11-07T15:34:41.877+0800][gc,phases    ] GC(347)   Pre Evacuate Collection Set: 0.1ms
[2020-11-07T15:34:41.877+0800][gc,phases    ] GC(347)   Evacuate Collection Set: 19.4ms
[2020-11-07T15:34:41.877+0800][gc,phases    ] GC(347)   Post Evacuate Collection Set: 1.0ms
[2020-11-07T15:34:41.877+0800][gc,phases    ] GC(347)   Other: 1.9ms
[2020-11-07T15:34:41.877+0800][gc,heap      ] GC(347) Eden regions: 46->0(47)
[2020-11-07T15:34:41.877+0800][gc,heap      ] GC(347) Survivor regions: 5->4(7)
[2020-11-07T15:34:41.877+0800][gc,heap      ] GC(347) Old regions: 123->124
[2020-11-07T15:34:41.877+0800][gc,heap      ] GC(347) Archive regions: 2->2
[2020-11-07T15:34:41.877+0800][gc,heap      ] GC(347) Humongous regions: 130->130
[2020-11-07T15:34:41.877+0800][gc,metaspace ] GC(347) Metaspace: 28656K->28656K(1075200K)
[2020-11-07T15:34:41.877+0800][gc           ] GC(347) Pause Young (Normal) (G1 Evacuation Pause) 303M->257M(1024M) 22.400ms
[2020-11-07T15:34:41.877+0800][gc,cpu       ] GC(347) User=0.02s Sys=0.04s Real=0.02s
[2020-11-07T15:35:37.116+0800][gc,start     ] GC(348) Pause Young (Normal) (G1 Evacuation Pause)
[2020-11-07T15:35:37.117+0800][gc,task      ] GC(348) Using 8 workers of 8 for evacuation
[2020-11-07T15:35:37.122+0800][gc,phases    ] GC(348)   Pre Evacuate Collection Set: 0.0ms
[2020-11-07T15:35:37.122+0800][gc,phases    ] GC(348)   Evacuate Collection Set: 4.4ms
[2020-11-07T15:35:37.122+0800][gc,phases    ] GC(348)   Post Evacuate Collection Set: 0.3ms
[2020-11-07T15:35:37.122+0800][gc,phases    ] GC(348)   Other: 1.0ms
[2020-11-07T15:35:37.122+0800][gc,heap      ] GC(348) Eden regions: 47->0(46)
[2020-11-07T15:35:37.122+0800][gc,heap      ] GC(348) Survivor regions: 4->5(7)
[2020-11-07T15:35:37.122+0800][gc,heap      ] GC(348) Old regions: 124->124
[2020-11-07T15:35:37.122+0800][gc,heap      ] GC(348) Archive regions: 2->2
[2020-11-07T15:35:37.122+0800][gc,heap      ] GC(348) Humongous regions: 130->130
[2020-11-07T15:35:37.122+0800][gc,metaspace ] GC(348) Metaspace: 28656K->28656K(1075200K)
[2020-11-07T15:35:37.122+0800][gc           ] GC(348) Pause Young (Normal) (G1 Evacuation Pause) 304M->258M(1024M) 5.908ms
[2020-11-07T15:35:37.122+0800][gc,cpu       ] GC(348) User=0.02s Sys=0.00s Real=0.01s
[2020-11-07T15:36:31.138+0800][gc,start     ] GC(349) Pause Young (Normal) (G1 Evacuation Pause)
[2020-11-07T15:36:31.139+0800][gc,task      ] GC(349) Using 8 workers of 8 for evacuation
[2020-11-07T15:36:31.146+0800][gc,phases    ] GC(349)   Pre Evacuate Collection Set: 0.0ms
[2020-11-07T15:36:31.146+0800][gc,phases    ] GC(349)   Evacuate Collection Set: 6.6ms
[2020-11-07T15:36:31.146+0800][gc,phases    ] GC(349)   Post Evacuate Collection Set: 0.2ms
[2020-11-07T15:36:31.146+0800][gc,phases    ] GC(349)   Other: 0.9ms
[2020-11-07T15:36:31.146+0800][gc,heap      ] GC(349) Eden regions: 46->0(48)
[2020-11-07T15:36:31.146+0800][gc,heap      ] GC(349) Survivor regions: 5->5(7)
[2020-11-07T15:36:31.146+0800][gc,heap      ] GC(349) Old regions: 124->124
[2020-11-07T15:36:31.146+0800][gc,heap      ] GC(349) Archive regions: 2->2
[2020-11-07T15:36:31.146+0800][gc,heap      ] GC(349) Humongous regions: 130->130
[2020-11-07T15:36:31.146+0800][gc,metaspace ] GC(349) Metaspace: 28656K->28656K(1075200K)
[2020-11-07T15:36:31.146+0800][gc           ] GC(349) Pause Young (Normal) (G1 Evacuation Pause) 304M->259M(1024M) 7.883ms
[2020-11-07T15:36:31.146+0800][gc,cpu       ] GC(349) User=0.02s Sys=0.01s Real=0.01s
[2020-11-07T15:37:28.047+0800][gc,start     ] GC(350) Pause Young (Normal) (G1 Evacuation Pause)
[2020-11-07T15:37:28.048+0800][gc,task      ] GC(350) Using 8 workers of 8 for evacuation
[2020-11-07T15:37:28.058+0800][gc,phases    ] GC(350)   Pre Evacuate Collection Set: 0.0ms
[2020-11-07T15:37:28.059+0800][gc,phases    ] GC(350)   Evacuate Collection Set: 9.0ms
[2020-11-07T15:37:28.059+0800][gc,phases    ] GC(350)   Post Evacuate Collection Set: 0.3ms
[2020-11-07T15:37:28.059+0800][gc,phases    ] GC(350)   Other: 1.8ms
[2020-11-07T15:37:28.059+0800][gc,heap      ] GC(350) Eden regions: 48->0(50)
[2020-11-07T15:37:28.059+0800][gc,heap      ] GC(350) Survivor regions: 5->5(7)
[2020-11-07T15:37:28.059+0800][gc,heap      ] GC(350) Old regions: 124->125
[2020-11-07T15:37:28.059+0800][gc,heap      ] GC(350) Archive regions: 2->2
[2020-11-07T15:37:28.059+0800][gc,heap      ] GC(350) Humongous regions: 130->130
[2020-11-07T15:37:28.059+0800][gc,metaspace ] GC(350) Metaspace: 28656K->28656K(1075200K)
[2020-11-07T15:37:28.059+0800][gc           ] GC(350) Pause Young (Normal) (G1 Evacuation Pause) 307M->260M(1024M) 11.255ms
[2020-11-07T15:37:28.059+0800][gc,cpu       ] GC(350) User=0.02s Sys=0.02s Real=0.01s
[2020-11-07T15:38:26.920+0800][gc,start     ] GC(351) Pause Young (Normal) (G1 Evacuation Pause)
[2020-11-07T15:38:26.920+0800][gc,task      ] GC(351) Using 8 workers of 8 for evacuation
[2020-11-07T15:38:26.933+0800][gc,phases    ] GC(351)   Pre Evacuate Collection Set: 0.0ms
[2020-11-07T15:38:26.933+0800][gc,phases    ] GC(351)   Evacuate Collection Set: 12.9ms
[2020-11-07T15:38:26.933+0800][gc,phases    ] GC(351)   Post Evacuate Collection Set: 0.2ms
[2020-11-07T15:38:26.933+0800][gc,phases    ] GC(351)   Other: 0.3ms
[2020-11-07T15:38:26.933+0800][gc,heap      ] GC(351) Eden regions: 50->0(51)
[2020-11-07T15:38:26.933+0800][gc,heap      ] GC(351) Survivor regions: 5->5(7)
[2020-11-07T15:38:26.933+0800][gc,heap      ] GC(351) Old regions: 125->127
[2020-11-07T15:38:26.933+0800][gc,heap      ] GC(351) Archive regions: 2->2
[2020-11-07T15:38:26.933+0800][gc,heap      ] GC(351) Humongous regions: 130->130
[2020-11-07T15:38:26.933+0800][gc,metaspace ] GC(351) Metaspace: 28656K->28656K(1075200K)
[2020-11-07T15:38:26.933+0800][gc           ] GC(351) Pause Young (Normal) (G1 Evacuation Pause) 310M->261M(1024M) 13.627ms
[2020-11-07T15:38:26.933+0800][gc,cpu       ] GC(351) User=0.03s Sys=0.02s Real=0.01s
[2020-11-07T15:39:26.078+0800][gc,start     ] GC(352) Pause Young (Normal) (G1 Evacuation Pause)
[2020-11-07T15:39:26.078+0800][gc,task      ] GC(352) Using 8 workers of 8 for evacuation
[2020-11-07T15:39:26.089+0800][gc,phases    ] GC(352)   Pre Evacuate Collection Set: 0.0ms
[2020-11-07T15:39:26.089+0800][gc,phases    ] GC(352)   Evacuate Collection Set: 10.2ms
[2020-11-07T15:39:26.089+0800][gc,phases    ] GC(352)   Post Evacuate Collection Set: 0.3ms
[2020-11-07T15:39:26.089+0800][gc,phases    ] GC(352)   Other: 0.4ms
[2020-11-07T15:39:26.089+0800][gc,heap      ] GC(352) Eden regions: 51->0(54)
[2020-11-07T15:39:26.089+0800][gc,heap      ] GC(352) Survivor regions: 5->5(7)
[2020-11-07T15:39:26.089+0800][gc,heap      ] GC(352) Old regions: 127->128
[2020-11-07T15:39:26.089+0800][gc,heap      ] GC(352) Archive regions: 2->2
[2020-11-07T15:39:26.089+0800][gc,heap      ] GC(352) Humongous regions: 130->130
[2020-11-07T15:39:26.089+0800][gc,metaspace ] GC(352) Metaspace: 28656K->28656K(1075200K)
[2020-11-07T15:39:26.089+0800][gc           ] GC(352) Pause Young (Normal) (G1 Evacuation Pause) 312M->263M(1024M) 11.043ms
[2020-11-07T15:39:26.089+0800][gc,cpu       ] GC(352) User=0.02s Sys=0.01s Real=0.01s
[2020-11-07T15:40:28.774+0800][gc,start     ] GC(353) Pause Young (Normal) (G1 Evacuation Pause)
[2020-11-07T15:40:28.774+0800][gc,task      ] GC(353) Using 8 workers of 8 for evacuation
[2020-11-07T15:40:28.792+0800][gc,phases    ] GC(353)   Pre Evacuate Collection Set: 0.1ms
[2020-11-07T15:40:28.792+0800][gc,phases    ] GC(353)   Evacuate Collection Set: 16.2ms
[2020-11-07T15:40:28.792+0800][gc,phases    ] GC(353)   Post Evacuate Collection Set: 0.5ms
[2020-11-07T15:40:28.792+0800][gc,phases    ] GC(353)   Other: 1.3ms
[2020-11-07T15:40:28.792+0800][gc,heap      ] GC(353) Eden regions: 54->0(55)
[2020-11-07T15:40:28.792+0800][gc,heap      ] GC(353) Survivor regions: 5->6(8)
[2020-11-07T15:40:28.792+0800][gc,heap      ] GC(353) Old regions: 128->130
[2020-11-07T15:40:28.792+0800][gc,heap      ] GC(353) Archive regions: 2->2
[2020-11-07T15:40:28.792+0800][gc,heap      ] GC(353) Humongous regions: 130->130
[2020-11-07T15:40:28.792+0800][gc,metaspace ] GC(353) Metaspace: 28656K->28656K(1075200K)
[2020-11-07T15:40:28.792+0800][gc           ] GC(353) Pause Young (Normal) (G1 Evacuation Pause) 317M->265M(1024M) 18.092ms
[2020-11-07T15:40:28.792+0800][gc,cpu       ] GC(353) User=0.03s Sys=0.03s Real=0.02s
[2020-11-07T15:41:32.559+0800][gc,start     ] GC(354) Pause Young (Normal) (G1 Evacuation Pause)
[2020-11-07T15:41:32.559+0800][gc,task      ] GC(354) Using 8 workers of 8 for evacuation
[2020-11-07T15:41:32.571+0800][gc,phases    ] GC(354)   Pre Evacuate Collection Set: 0.0ms
[2020-11-07T15:41:32.571+0800][gc,phases    ] GC(354)   Evacuate Collection Set: 11.7ms
[2020-11-07T15:41:32.571+0800][gc,phases    ] GC(354)   Post Evacuate Collection Set: 0.3ms
[2020-11-07T15:41:32.571+0800][gc,phases    ] GC(354)   Other: 0.3ms
[2020-11-07T15:41:32.571+0800][gc,heap      ] GC(354) Eden regions: 55->0(56)
[2020-11-07T15:41:32.571+0800][gc,heap      ] GC(354) Survivor regions: 6->6(8)
[2020-11-07T15:41:32.571+0800][gc,heap      ] GC(354) Old regions: 130->131
[2020-11-07T15:41:32.571+0800][gc,heap      ] GC(354) Archive regions: 2->2
[2020-11-07T15:41:32.571+0800][gc,heap      ] GC(354) Humongous regions: 130->130
[2020-11-07T15:41:32.571+0800][gc,metaspace ] GC(354) Metaspace: 28656K->28656K(1075200K)
[2020-11-07T15:41:32.571+0800][gc           ] GC(354) Pause Young (Normal) (G1 Evacuation Pause) 320M->267M(1024M) 12.408ms
[2020-11-07T15:41:32.571+0800][gc,cpu       ] GC(354) User=0.03s Sys=0.02s Real=0.02s
[2020-11-07T15:42:38.744+0800][gc,start     ] GC(355) Pause Young (Normal) (G1 Evacuation Pause)
[2020-11-07T15:42:38.744+0800][gc,task      ] GC(355) Using 8 workers of 8 for evacuation
[2020-11-07T15:42:38.755+0800][gc,phases    ] GC(355)   Pre Evacuate Collection Set: 0.0ms
[2020-11-07T15:42:38.755+0800][gc,phases    ] GC(355)   Evacuate Collection Set: 10.3ms
[2020-11-07T15:42:38.755+0800][gc,phases    ] GC(355)   Post Evacuate Collection Set: 0.3ms
[2020-11-07T15:42:38.755+0800][gc,phases    ] GC(355)   Other: 0.3ms
[2020-11-07T15:42:38.755+0800][gc,heap      ] GC(355) Eden regions: 56->0(61)
[2020-11-07T15:42:38.755+0800][gc,heap      ] GC(355) Survivor regions: 6->6(8)
[2020-11-07T15:42:38.755+0800][gc,heap      ] GC(355) Old regions: 131->133
[2020-11-07T15:42:38.755+0800][gc,heap      ] GC(355) Archive regions: 2->2
[2020-11-07T15:42:38.755+0800][gc,heap      ] GC(355) Humongous regions: 130->130
[2020-11-07T15:42:38.755+0800][gc,metaspace ] GC(355) Metaspace: 28656K->28656K(1075200K)
[2020-11-07T15:42:38.755+0800][gc           ] GC(355) Pause Young (Normal) (G1 Evacuation Pause) 323M->268M(1024M) 10.967ms
[2020-11-07T15:42:38.755+0800][gc,cpu       ] GC(355) User=0.03s Sys=0.02s Real=0.01s
[2020-11-07T15:43:50.912+0800][gc,start     ] GC(356) Pause Young (Normal) (G1 Evacuation Pause)
[2020-11-07T15:43:50.913+0800][gc,task      ] GC(356) Using 8 workers of 8 for evacuation
[2020-11-07T15:43:50.934+0800][gc,mmu       ] GC(356) MMU target violated: 20.8ms (20.0ms/21.0ms)
[2020-11-07T15:43:50.934+0800][gc,phases    ] GC(356)   Pre Evacuate Collection Set: 0.1ms
[2020-11-07T15:43:50.934+0800][gc,phases    ] GC(356)   Evacuate Collection Set: 18.4ms
[2020-11-07T15:43:50.934+0800][gc,phases    ] GC(356)   Post Evacuate Collection Set: 1.0ms
[2020-11-07T15:43:50.934+0800][gc,phases    ] GC(356)   Other: 2.7ms
[2020-11-07T15:43:50.934+0800][gc,heap      ] GC(356) Eden regions: 61->0(59)
[2020-11-07T15:43:50.934+0800][gc,heap      ] GC(356) Survivor regions: 6->6(9)
[2020-11-07T15:43:50.934+0800][gc,heap      ] GC(356) Old regions: 133->134
[2020-11-07T15:43:50.934+0800][gc,heap      ] GC(356) Archive regions: 2->2
[2020-11-07T15:43:50.934+0800][gc,heap      ] GC(356) Humongous regions: 130->130
[2020-11-07T15:43:50.934+0800][gc,metaspace ] GC(356) Metaspace: 28656K->28656K(1075200K)
[2020-11-07T15:43:50.934+0800][gc           ] GC(356) Pause Young (Normal) (G1 Evacuation Pause) 329M->270M(1024M) 22.201ms
[2020-11-07T15:43:50.934+0800][gc,cpu       ] GC(356) User=0.04s Sys=0.04s Real=0.02s
[2020-11-07T15:45:00.807+0800][gc,start     ] GC(357) Pause Young (Normal) (G1 Evacuation Pause)
[2020-11-07T15:45:00.807+0800][gc,task      ] GC(357) Using 8 workers of 8 for evacuation
[2020-11-07T15:45:00.821+0800][gc,phases    ] GC(357)   Pre Evacuate Collection Set: 0.0ms
[2020-11-07T15:45:00.821+0800][gc,phases    ] GC(357)   Evacuate Collection Set: 13.4ms
[2020-11-07T15:45:00.821+0800][gc,phases    ] GC(357)   Post Evacuate Collection Set: 0.3ms
[2020-11-07T15:45:00.821+0800][gc,phases    ] GC(357)   Other: 1.0ms
[2020-11-07T15:45:00.821+0800][gc,heap      ] GC(357) Eden regions: 59->0(64)
[2020-11-07T15:45:00.821+0800][gc,heap      ] GC(357) Survivor regions: 6->6(9)
[2020-11-07T15:45:00.821+0800][gc,heap      ] GC(357) Old regions: 134->136
[2020-11-07T15:45:00.821+0800][gc,heap      ] GC(357) Archive regions: 2->2
[2020-11-07T15:45:00.821+0800][gc,heap      ] GC(357) Humongous regions: 130->130
[2020-11-07T15:45:00.821+0800][gc,metaspace ] GC(357) Metaspace: 28656K->28656K(1075200K)
[2020-11-07T15:45:00.821+0800][gc           ] GC(357) Pause Young (Normal) (G1 Evacuation Pause) 329M->272M(1024M) 14.781ms
[2020-11-07T15:45:00.821+0800][gc,cpu       ] GC(357) User=0.03s Sys=0.02s Real=0.02s
[2020-11-07T15:46:19.408+0800][gc,start     ] GC(358) Pause Young (Normal) (G1 Evacuation Pause)
[2020-11-07T15:46:19.409+0800][gc,task      ] GC(358) Using 8 workers of 8 for evacuation
[2020-11-07T15:46:19.438+0800][gc,mmu       ] GC(358) MMU target violated: 21.0ms (20.0ms/21.0ms)
[2020-11-07T15:46:19.438+0800][gc,phases    ] GC(358)   Pre Evacuate Collection Set: 0.0ms
[2020-11-07T15:46:19.438+0800][gc,phases    ] GC(358)   Evacuate Collection Set: 28.7ms
[2020-11-07T15:46:19.438+0800][gc,phases    ] GC(358)   Post Evacuate Collection Set: 0.3ms
[2020-11-07T15:46:19.439+0800][gc,phases    ] GC(358)   Other: 1.9ms
[2020-11-07T15:46:19.439+0800][gc,heap      ] GC(358) Eden regions: 64->0(53)
[2020-11-07T15:46:19.439+0800][gc,heap      ] GC(358) Survivor regions: 6->7(9)
[2020-11-07T15:46:19.439+0800][gc,heap      ] GC(358) Old regions: 136->138
[2020-11-07T15:46:19.439+0800][gc,heap      ] GC(358) Archive regions: 2->2
[2020-11-07T15:46:19.439+0800][gc,heap      ] GC(358) Humongous regions: 130->130
[2020-11-07T15:46:19.439+0800][gc,metaspace ] GC(358) Metaspace: 28658K->28658K(1075200K)
[2020-11-07T15:46:19.439+0800][gc           ] GC(358) Pause Young (Normal) (G1 Evacuation Pause) 336M->274M(1024M) 31.044ms
[2020-11-07T15:46:19.439+0800][gc,cpu       ] GC(358) User=0.03s Sys=0.05s Real=0.03s
[2020-11-07T15:47:30.671+0800][gc,start     ] GC(359) Pause Young (Normal) (G1 Evacuation Pause)
[2020-11-07T15:47:30.671+0800][gc,task      ] GC(359) Using 8 workers of 8 for evacuation
[2020-11-07T15:47:30.697+0800][gc,mmu       ] GC(359) MMU target violated: 21.0ms (20.0ms/21.0ms)
[2020-11-07T15:47:30.697+0800][gc,phases    ] GC(359)   Pre Evacuate Collection Set: 0.0ms
[2020-11-07T15:47:30.697+0800][gc,phases    ] GC(359)   Evacuate Collection Set: 25.1ms
[2020-11-07T15:47:30.697+0800][gc,phases    ] GC(359)   Post Evacuate Collection Set: 0.2ms
[2020-11-07T15:47:30.697+0800][gc,phases    ] GC(359)   Other: 1.0ms
[2020-11-07T15:47:30.697+0800][gc,heap      ] GC(359) Eden regions: 53->0(46)
[2020-11-07T15:47:30.697+0800][gc,heap      ] GC(359) Survivor regions: 7->5(8)
[2020-11-07T15:47:30.697+0800][gc,heap      ] GC(359) Old regions: 138->141
[2020-11-07T15:47:30.697+0800][gc,heap      ] GC(359) Archive regions: 2->2
[2020-11-07T15:47:30.697+0800][gc,heap      ] GC(359) Humongous regions: 130->130
[2020-11-07T15:47:30.697+0800][gc,metaspace ] GC(359) Metaspace: 28663K->28663K(1075200K)
[2020-11-07T15:47:30.697+0800][gc           ] GC(359) Pause Young (Normal) (G1 Evacuation Pause) 327M->276M(1024M) 26.448ms
[2020-11-07T15:47:30.697+0800][gc,cpu       ] GC(359) User=0.03s Sys=0.03s Real=0.02s
[2020-11-07T15:48:24.106+0800][gc,start     ] GC(360) Pause Young (Normal) (G1 Evacuation Pause)
[2020-11-07T15:48:24.107+0800][gc,task      ] GC(360) Using 8 workers of 8 for evacuation
[2020-11-07T15:48:24.121+0800][gc,phases    ] GC(360)   Pre Evacuate Collection Set: 0.0ms
[2020-11-07T15:48:24.121+0800][gc,phases    ] GC(360)   Evacuate Collection Set: 12.8ms
[2020-11-07T15:48:24.121+0800][gc,phases    ] GC(360)   Post Evacuate Collection Set: 0.2ms
[2020-11-07T15:48:24.121+0800][gc,phases    ] GC(360)   Other: 1.8ms
[2020-11-07T15:48:24.121+0800][gc,heap      ] GC(360) Eden regions: 46->0(58)
[2020-11-07T15:48:24.121+0800][gc,heap      ] GC(360) Survivor regions: 5->4(7)
[2020-11-07T15:48:24.121+0800][gc,heap      ] GC(360) Old regions: 141->143
[2020-11-07T15:48:24.121+0800][gc,heap      ] GC(360) Archive regions: 2->2
[2020-11-07T15:48:24.121+0800][gc,heap      ] GC(360) Humongous regions: 130->130
[2020-11-07T15:48:24.121+0800][gc,metaspace ] GC(360) Metaspace: 28663K->28663K(1075200K)
[2020-11-07T15:48:24.121+0800][gc           ] GC(360) Pause Young (Normal) (G1 Evacuation Pause) 322M->277M(1024M) 14.985ms
[2020-11-07T15:48:24.121+0800][gc,cpu       ] GC(360) User=0.02s Sys=0.01s Real=0.02s
[2020-11-07T15:49:32.765+0800][gc,start     ] GC(361) Pause Young (Normal) (G1 Evacuation Pause)
[2020-11-07T15:49:32.765+0800][gc,task      ] GC(361) Using 8 workers of 8 for evacuation
[2020-11-07T15:49:32.771+0800][gc,phases    ] GC(361)   Pre Evacuate Collection Set: 0.0ms
[2020-11-07T15:49:32.771+0800][gc,phases    ] GC(361)   Evacuate Collection Set: 4.7ms
[2020-11-07T15:49:32.771+0800][gc,phases    ] GC(361)   Post Evacuate Collection Set: 0.4ms
[2020-11-07T15:49:32.771+0800][gc,phases    ] GC(361)   Other: 0.9ms
[2020-11-07T15:49:32.771+0800][gc,heap      ] GC(361) Eden regions: 58->0(63)
[2020-11-07T15:49:32.771+0800][gc,heap      ] GC(361) Survivor regions: 4->5(8)
[2020-11-07T15:49:32.771+0800][gc,heap      ] GC(361) Old regions: 143->143
[2020-11-07T15:49:32.771+0800][gc,heap      ] GC(361) Archive regions: 2->2
[2020-11-07T15:49:32.771+0800][gc,heap      ] GC(361) Humongous regions: 130->130
[2020-11-07T15:49:32.771+0800][gc,metaspace ] GC(361) Metaspace: 28663K->28663K(1075200K)
[2020-11-07T15:49:32.771+0800][gc           ] GC(361) Pause Young (Normal) (G1 Evacuation Pause) 335M->278M(1024M) 6.233ms
[2020-11-07T15:49:32.771+0800][gc,cpu       ] GC(361) User=0.03s Sys=0.01s Real=0.01s
[2020-11-07T15:50:47.785+0800][gc,start     ] GC(362) Pause Young (Normal) (G1 Evacuation Pause)
[2020-11-07T15:50:47.785+0800][gc,task      ] GC(362) Using 8 workers of 8 for evacuation
[2020-11-07T15:50:47.805+0800][gc,phases    ] GC(362)   Pre Evacuate Collection Set: 0.0ms
[2020-11-07T15:50:47.805+0800][gc,phases    ] GC(362)   Evacuate Collection Set: 18.7ms
[2020-11-07T15:50:47.805+0800][gc,phases    ] GC(362)   Post Evacuate Collection Set: 0.3ms
[2020-11-07T15:50:47.805+0800][gc,phases    ] GC(362)   Other: 1.6ms
[2020-11-07T15:50:47.805+0800][gc,heap      ] GC(362) Eden regions: 63->0(62)
[2020-11-07T15:50:47.805+0800][gc,heap      ] GC(362) Survivor regions: 5->6(9)
[2020-11-07T15:50:47.805+0800][gc,heap      ] GC(362) Old regions: 143->145
[2020-11-07T15:50:47.805+0800][gc,heap      ] GC(362) Archive regions: 2->2
[2020-11-07T15:50:47.805+0800][gc,heap      ] GC(362) Humongous regions: 130->130
[2020-11-07T15:50:47.805+0800][gc,metaspace ] GC(362) Metaspace: 28663K->28663K(1075200K)
[2020-11-07T15:50:47.805+0800][gc           ] GC(362) Pause Young (Normal) (G1 Evacuation Pause) 341M->280M(1024M) 20.670ms
[2020-11-07T15:50:47.805+0800][gc,cpu       ] GC(362) User=0.03s Sys=0.04s Real=0.02s
[2020-11-07T15:52:01.427+0800][gc,start     ] GC(363) Pause Young (Normal) (G1 Evacuation Pause)
[2020-11-07T15:52:01.428+0800][gc,task      ] GC(363) Using 8 workers of 8 for evacuation
[2020-11-07T15:52:01.445+0800][gc,phases    ] GC(363)   Pre Evacuate Collection Set: 0.0ms
[2020-11-07T15:52:01.445+0800][gc,phases    ] GC(363)   Evacuate Collection Set: 16.5ms
[2020-11-07T15:52:01.445+0800][gc,phases    ] GC(363)   Post Evacuate Collection Set: 0.2ms
[2020-11-07T15:52:01.445+0800][gc,phases    ] GC(363)   Other: 0.9ms
[2020-11-07T15:52:01.445+0800][gc,heap      ] GC(363) Eden regions: 62->0(62)
[2020-11-07T15:52:01.445+0800][gc,heap      ] GC(363) Survivor regions: 6->6(9)
[2020-11-07T15:52:01.445+0800][gc,heap      ] GC(363) Old regions: 145->147
[2020-11-07T15:52:01.445+0800][gc,heap      ] GC(363) Archive regions: 2->2
[2020-11-07T15:52:01.445+0800][gc,heap      ] GC(363) Humongous regions: 130->130
[2020-11-07T15:52:01.445+0800][gc,metaspace ] GC(363) Metaspace: 28663K->28663K(1075200K)
[2020-11-07T15:52:01.445+0800][gc           ] GC(363) Pause Young (Normal) (G1 Evacuation Pause) 342M->282M(1024M) 17.702ms
[2020-11-07T15:52:01.445+0800][gc,cpu       ] GC(363) User=0.03s Sys=0.02s Real=0.02s
[2020-11-07T15:53:15.369+0800][gc,start     ] GC(364) Pause Young (Normal) (G1 Evacuation Pause)
[2020-11-07T15:53:15.370+0800][gc,task      ] GC(364) Using 8 workers of 8 for evacuation
[2020-11-07T15:53:15.381+0800][gc,phases    ] GC(364)   Pre Evacuate Collection Set: 0.0ms
[2020-11-07T15:53:15.381+0800][gc,phases    ] GC(364)   Evacuate Collection Set: 10.4ms
[2020-11-07T15:53:15.381+0800][gc,phases    ] GC(364)   Post Evacuate Collection Set: 0.2ms
[2020-11-07T15:53:15.381+0800][gc,phases    ] GC(364)   Other: 1.4ms
[2020-11-07T15:53:15.381+0800][gc,heap      ] GC(364) Eden regions: 62->0(66)
[2020-11-07T15:53:15.381+0800][gc,heap      ] GC(364) Survivor regions: 6->7(9)
[2020-11-07T15:53:15.381+0800][gc,heap      ] GC(364) Old regions: 147->148
[2020-11-07T15:53:15.381+0800][gc,heap      ] GC(364) Archive regions: 2->2
[2020-11-07T15:53:15.381+0800][gc,heap      ] GC(364) Humongous regions: 130->130
[2020-11-07T15:53:15.381+0800][gc,metaspace ] GC(364) Metaspace: 28663K->28663K(1075200K)
[2020-11-07T15:53:15.381+0800][gc           ] GC(364) Pause Young (Normal) (G1 Evacuation Pause) 344M->284M(1024M) 12.182ms
[2020-11-07T15:53:15.381+0800][gc,cpu       ] GC(364) User=0.03s Sys=0.01s Real=0.02s
[2020-11-07T15:54:34.122+0800][gc,start     ] GC(365) Pause Young (Normal) (G1 Evacuation Pause)
[2020-11-07T15:54:34.123+0800][gc,task      ] GC(365) Using 8 workers of 8 for evacuation
[2020-11-07T15:54:34.149+0800][gc,mmu       ] GC(365) MMU target violated: 21.0ms (20.0ms/21.0ms)
[2020-11-07T15:54:34.150+0800][gc,phases    ] GC(365)   Pre Evacuate Collection Set: 0.0ms
[2020-11-07T15:54:34.150+0800][gc,phases    ] GC(365)   Evacuate Collection Set: 26.2ms
[2020-11-07T15:54:34.150+0800][gc,phases    ] GC(365)   Post Evacuate Collection Set: 0.3ms
[2020-11-07T15:54:34.150+0800][gc,phases    ] GC(365)   Other: 1.1ms
[2020-11-07T15:54:34.150+0800][gc,heap      ] GC(365) Eden regions: 66->0(56)
[2020-11-07T15:54:34.150+0800][gc,heap      ] GC(365) Survivor regions: 7->7(10)
[2020-11-07T15:54:34.150+0800][gc,heap      ] GC(365) Old regions: 148->150
[2020-11-07T15:54:34.150+0800][gc,heap      ] GC(365) Archive regions: 2->2
[2020-11-07T15:54:34.150+0800][gc,heap      ] GC(365) Humongous regions: 130->130
[2020-11-07T15:54:34.150+0800][gc,metaspace ] GC(365) Metaspace: 28663K->28663K(1075200K)
[2020-11-07T15:54:34.150+0800][gc           ] GC(365) Pause Young (Normal) (G1 Evacuation Pause) 350M->287M(1024M) 27.650ms
[2020-11-07T15:54:34.150+0800][gc,cpu       ] GC(365) User=0.03s Sys=0.05s Real=0.03s
[2020-11-07T15:55:40.554+0800][gc,start     ] GC(366) Pause Young (Normal) (G1 Evacuation Pause)
[2020-11-07T15:55:40.555+0800][gc,task      ] GC(366) Using 8 workers of 8 for evacuation
[2020-11-07T15:55:40.579+0800][gc,mmu       ] GC(366) MMU target violated: 21.0ms (20.0ms/21.0ms)
[2020-11-07T15:55:40.579+0800][gc,phases    ] GC(366)   Pre Evacuate Collection Set: 0.0ms
[2020-11-07T15:55:40.579+0800][gc,phases    ] GC(366)   Evacuate Collection Set: 23.3ms
[2020-11-07T15:55:40.579+0800][gc,phases    ] GC(366)   Post Evacuate Collection Set: 0.2ms
[2020-11-07T15:55:40.579+0800][gc,phases    ] GC(366)   Other: 1.0ms
[2020-11-07T15:55:40.579+0800][gc,heap      ] GC(366) Eden regions: 56->0(61)
[2020-11-07T15:55:40.579+0800][gc,heap      ] GC(366) Survivor regions: 7->5(8)
[2020-11-07T15:55:40.579+0800][gc,heap      ] GC(366) Old regions: 150->154
[2020-11-07T15:55:40.579+0800][gc,heap      ] GC(366) Archive regions: 2->2
[2020-11-07T15:55:40.579+0800][gc,heap      ] GC(366) Humongous regions: 130->130
[2020-11-07T15:55:40.579+0800][gc,metaspace ] GC(366) Metaspace: 28663K->28663K(1075200K)
[2020-11-07T15:55:40.579+0800][gc           ] GC(366) Pause Young (Normal) (G1 Evacuation Pause) 343M->288M(1024M) 24.728ms
[2020-11-07T15:55:40.579+0800][gc,cpu       ] GC(366) User=0.02s Sys=0.03s Real=0.02s
[2020-11-07T16:54:50.874+0800][gc,start     ] GC(367) Pause Young (Normal) (G1 Evacuation Pause)
[2020-11-07T16:54:50.875+0800][gc,task      ] GC(367) Using 8 workers of 8 for evacuation
[2020-11-07T16:54:51.682+0800][gc,mmu       ] GC(367) MMU target violated: 21.0ms (20.0ms/21.0ms)
[2020-11-07T16:54:51.682+0800][gc,phases    ] GC(367)   Pre Evacuate Collection Set: 0.5ms
[2020-11-07T16:54:51.682+0800][gc,phases    ] GC(367)   Evacuate Collection Set: 759.1ms
[2020-11-07T16:54:51.682+0800][gc,phases    ] GC(367)   Post Evacuate Collection Set: 20.8ms
[2020-11-07T16:54:51.683+0800][gc,phases    ] GC(367)   Other: 28.4ms
[2020-11-07T16:54:51.683+0800][gc,heap      ] GC(367) Eden regions: 61->0(45)
[2020-11-07T16:54:51.683+0800][gc,heap      ] GC(367) Survivor regions: 5->6(9)
[2020-11-07T16:54:51.683+0800][gc,heap      ] GC(367) Old regions: 154->154
[2020-11-07T16:54:51.683+0800][gc,heap      ] GC(367) Archive regions: 2->2
[2020-11-07T16:54:51.683+0800][gc,heap      ] GC(367) Humongous regions: 130->130
[2020-11-07T16:54:51.683+0800][gc,metaspace ] GC(367) Metaspace: 28743K->28743K(1075200K)
[2020-11-07T16:54:51.684+0800][gc           ] GC(367) Pause Young (Normal) (G1 Evacuation Pause) 349M->289M(1024M) 810.141ms
[2020-11-07T16:54:51.684+0800][gc,cpu       ] GC(367) User=0.38s Sys=1.22s Real=0.81s
[2020-11-07T17:07:38.714+0800][gc,start     ] GC(368) Pause Young (Normal) (G1 Evacuation Pause)
[2020-11-07T17:07:38.715+0800][gc,task      ] GC(368) Using 8 workers of 8 for evacuation
[2020-11-07T17:07:38.738+0800][gc,mmu       ] GC(368) MMU target violated: 21.0ms (20.0ms/21.0ms)
[2020-11-07T17:07:38.738+0800][gc,phases    ] GC(368)   Pre Evacuate Collection Set: 0.1ms
[2020-11-07T17:07:38.738+0800][gc,phases    ] GC(368)   Evacuate Collection Set: 20.1ms
[2020-11-07T17:07:38.738+0800][gc,phases    ] GC(368)   Post Evacuate Collection Set: 1.0ms
[2020-11-07T17:07:38.738+0800][gc,phases    ] GC(368)   Other: 3.2ms
[2020-11-07T17:07:38.738+0800][gc,heap      ] GC(368) Eden regions: 45->0(47)
[2020-11-07T17:07:38.738+0800][gc,heap      ] GC(368) Survivor regions: 6->4(7)
[2020-11-07T17:07:38.738+0800][gc,heap      ] GC(368) Old regions: 154->156
[2020-11-07T17:07:38.738+0800][gc,heap      ] GC(368) Archive regions: 2->2
[2020-11-07T17:07:38.738+0800][gc,heap      ] GC(368) Humongous regions: 130->130
[2020-11-07T17:07:38.738+0800][gc,metaspace ] GC(368) Metaspace: 28840K->28840K(1075200K)
[2020-11-07T17:07:38.738+0800][gc           ] GC(368) Pause Young (Normal) (G1 Evacuation Pause) 334M->289M(1024M) 24.442ms
[2020-11-07T17:07:38.738+0800][gc,cpu       ] GC(368) User=0.03s Sys=0.07s Real=0.02s
[2020-11-07T17:48:52.959+0800][gc,start     ] GC(369) Pause Young (Normal) (G1 Evacuation Pause)
[2020-11-07T17:48:52.959+0800][gc,task      ] GC(369) Using 8 workers of 8 for evacuation
[2020-11-07T17:48:52.985+0800][gc,mmu       ] GC(369) MMU target violated: 21.0ms (20.0ms/21.0ms)
[2020-11-07T17:48:52.985+0800][gc,phases    ] GC(369)   Pre Evacuate Collection Set: 0.1ms
[2020-11-07T17:48:52.985+0800][gc,phases    ] GC(369)   Evacuate Collection Set: 20.8ms
[2020-11-07T17:48:52.985+0800][gc,phases    ] GC(369)   Post Evacuate Collection Set: 2.3ms
[2020-11-07T17:48:52.985+0800][gc,phases    ] GC(369)   Other: 3.1ms
[2020-11-07T17:48:52.985+0800][gc,heap      ] GC(369) Eden regions: 47->0(47)
[2020-11-07T17:48:52.985+0800][gc,heap      ] GC(369) Survivor regions: 4->4(7)
[2020-11-07T17:48:52.985+0800][gc,heap      ] GC(369) Old regions: 156->156
[2020-11-07T17:48:52.985+0800][gc,heap      ] GC(369) Archive regions: 2->2
[2020-11-07T17:48:52.985+0800][gc,heap      ] GC(369) Humongous regions: 130->130
[2020-11-07T17:48:52.985+0800][gc,metaspace ] GC(369) Metaspace: 28840K->28840K(1075200K)
[2020-11-07T17:48:52.985+0800][gc           ] GC(369) Pause Young (Normal) (G1 Evacuation Pause) 336M->289M(1024M) 26.354ms
[2020-11-07T17:48:52.985+0800][gc,cpu       ] GC(369) User=0.03s Sys=0.06s Real=0.03s
[2020-11-07T17:54:40.527+0800][gc,heap,exit ] Heap
[2020-11-07T17:54:40.527+0800][gc,heap,exit ]  garbage-first heap   total 1048576K, used 313853K [0x00000007c0000000, 0x0000000800000000)
[2020-11-07T17:54:40.527+0800][gc,heap,exit ]   region size 1024K, 23 young (23552K), 4 survivors (4096K)
[2020-11-07T17:54:40.527+0800][gc,heap,exit ]  Metaspace       used 29249K, capacity 29550K, committed 30000K, reserved 1075200K
[2020-11-07T17:54:40.527+0800][gc,heap,exit ]   class space    used 3788K, capacity 3902K, committed 3968K, reserved 1048576K
