[2020-11-07T17:55:00.035+0800][gc,heap] Heap region size: 1M
[2020-11-07T17:55:00.044+0800][gc     ] Using G1
[2020-11-07T17:55:00.044+0800][gc,heap,coops] Heap address: 0x00000007c0000000, size: 1024 MB, Compressed Oops mode: Zero based, Oop shift amount: 3
[2020-11-07T17:55:00.044+0800][gc,cds       ] Mark closed archive regions in map: [0x00000007fff00000, 0x00000007fff76ff8]
[2020-11-07T17:55:00.044+0800][gc,cds       ] Mark open archive regions in map: [0x00000007ffe00000, 0x00000007ffe46ff8]
[2020-11-07T17:55:00.059+0800][gc           ] Periodic GC disabled
[2020-11-07T17:55:01.063+0800][gc,start     ] GC(0) Pause Young (Normal) (G1 Evacuation Pause)
[2020-11-07T17:55:01.064+0800][gc,task      ] GC(0) Using 8 workers of 8 for evacuation
[2020-11-07T17:55:01.073+0800][gc,phases    ] GC(0)   Pre Evacuate Collection Set: 0.0ms
[2020-11-07T17:55:01.073+0800][gc,phases    ] GC(0)   Evacuate Collection Set: 8.4ms
[2020-11-07T17:55:01.073+0800][gc,phases    ] GC(0)   Post Evacuate Collection Set: 0.3ms
[2020-11-07T17:55:01.073+0800][gc,phases    ] GC(0)   Other: 0.5ms
[2020-11-07T17:55:01.073+0800][gc,heap      ] GC(0) Eden regions: 51->0(45)
[2020-11-07T17:55:01.073+0800][gc,heap      ] GC(0) Survivor regions: 0->6(7)
[2020-11-07T17:55:01.073+0800][gc,heap      ] GC(0) Old regions: 0->0
[2020-11-07T17:55:01.073+0800][gc,heap      ] GC(0) Archive regions: 2->2
[2020-11-07T17:55:01.073+0800][gc,heap      ] GC(0) Humongous regions: 1->1
[2020-11-07T17:55:01.073+0800][gc,metaspace ] GC(0) Metaspace: 16242K->16242K(1064960K)
[2020-11-07T17:55:01.073+0800][gc           ] GC(0) Pause Young (Normal) (G1 Evacuation Pause) 52M->7M(1024M) 9.341ms
[2020-11-07T17:55:01.073+0800][gc,cpu       ] GC(0) User=0.02s Sys=0.01s Real=0.01s
[2020-11-07T17:55:01.521+0800][gc,start     ] GC(1) Pause Young (Concurrent Start) (Metadata GC Threshold)
[2020-11-07T17:55:01.521+0800][gc,task      ] GC(1) Using 8 workers of 8 for evacuation
[2020-11-07T17:55:01.530+0800][gc,phases    ] GC(1)   Pre Evacuate Collection Set: 0.0ms
[2020-11-07T17:55:01.530+0800][gc,phases    ] GC(1)   Evacuate Collection Set: 7.8ms
[2020-11-07T17:55:01.530+0800][gc,phases    ] GC(1)   Post Evacuate Collection Set: 0.3ms
[2020-11-07T17:55:01.530+0800][gc,phases    ] GC(1)   Other: 0.2ms
[2020-11-07T17:55:01.530+0800][gc,heap      ] GC(1) Eden regions: 26->0(48)
[2020-11-07T17:55:01.530+0800][gc,heap      ] GC(1) Survivor regions: 6->3(7)
[2020-11-07T17:55:01.530+0800][gc,heap      ] GC(1) Old regions: 0->6
[2020-11-07T17:55:01.530+0800][gc,heap      ] GC(1) Archive regions: 2->2
[2020-11-07T17:55:01.530+0800][gc,heap      ] GC(1) Humongous regions: 130->130
[2020-11-07T17:55:01.530+0800][gc,metaspace ] GC(1) Metaspace: 20625K->20625K(1067008K)
[2020-11-07T17:55:01.530+0800][gc           ] GC(1) Pause Young (Concurrent Start) (Metadata GC Threshold) 162M->138M(1024M) 8.484ms
[2020-11-07T17:55:01.530+0800][gc,cpu       ] GC(1) User=0.04s Sys=0.01s Real=0.01s
[2020-11-07T17:55:01.530+0800][gc           ] GC(2) Concurrent Cycle
[2020-11-07T17:55:01.530+0800][gc,marking   ] GC(2) Concurrent Clear Claimed Marks
[2020-11-07T17:55:01.530+0800][gc,marking   ] GC(2) Concurrent Clear Claimed Marks 0.020ms
[2020-11-07T17:55:01.530+0800][gc,marking   ] GC(2) Concurrent Scan Root Regions
[2020-11-07T17:55:01.533+0800][gc,marking   ] GC(2) Concurrent Scan Root Regions 2.744ms
[2020-11-07T17:55:01.533+0800][gc,marking   ] GC(2) Concurrent Mark (1.533s)
[2020-11-07T17:55:01.533+0800][gc,marking   ] GC(2) Concurrent Mark From Roots
[2020-11-07T17:55:01.533+0800][gc,task      ] GC(2) Using 2 workers of 2 for marking
[2020-11-07T17:55:01.535+0800][gc,marking   ] GC(2) Concurrent Mark From Roots 1.441ms
[2020-11-07T17:55:01.535+0800][gc,marking   ] GC(2) Concurrent Preclean
[2020-11-07T17:55:01.535+0800][gc,marking   ] GC(2) Concurrent Preclean 0.041ms
[2020-11-07T17:55:01.535+0800][gc,marking   ] GC(2) Concurrent Mark (1.533s, 1.535s) 1.995ms
[2020-11-07T17:55:01.535+0800][gc,start     ] GC(2) Pause Remark
[2020-11-07T17:55:01.536+0800][gc           ] GC(2) Pause Remark 139M->139M(1024M) 0.972ms
[2020-11-07T17:55:01.536+0800][gc,cpu       ] GC(2) User=0.01s Sys=0.00s Real=0.00s
[2020-11-07T17:55:01.536+0800][gc,marking   ] GC(2) Concurrent Rebuild Remembered Sets
[2020-11-07T17:55:01.538+0800][gc,marking   ] GC(2) Concurrent Rebuild Remembered Sets 1.743ms
[2020-11-07T17:55:01.538+0800][gc,start     ] GC(2) Pause Cleanup
[2020-11-07T17:55:01.538+0800][gc           ] GC(2) Pause Cleanup 139M->139M(1024M) 0.121ms
[2020-11-07T17:55:01.538+0800][gc,cpu       ] GC(2) User=0.00s Sys=0.00s Real=0.00s
[2020-11-07T17:55:01.538+0800][gc,marking   ] GC(2) Concurrent Cleanup for Next Mark
[2020-11-07T17:55:01.544+0800][gc,marking   ] GC(2) Concurrent Cleanup for Next Mark 5.450ms
[2020-11-07T17:55:01.544+0800][gc           ] GC(2) Concurrent Cycle 13.680ms
[2020-11-07T17:59:08.402+0800][gc,start     ] GC(3) Pause Young (Normal) (G1 Evacuation Pause)
[2020-11-07T17:59:08.402+0800][gc,task      ] GC(3) Using 8 workers of 8 for evacuation
[2020-11-07T17:59:08.409+0800][gc,phases    ] GC(3)   Pre Evacuate Collection Set: 0.1ms
[2020-11-07T17:59:08.409+0800][gc,phases    ] GC(3)   Evacuate Collection Set: 4.8ms
[2020-11-07T17:59:08.409+0800][gc,phases    ] GC(3)   Post Evacuate Collection Set: 0.5ms
[2020-11-07T17:59:08.409+0800][gc,phases    ] GC(3)   Other: 1.6ms
[2020-11-07T17:59:08.409+0800][gc,heap      ] GC(3) Eden regions: 48->0(46)
[2020-11-07T17:59:08.409+0800][gc,heap      ] GC(3) Survivor regions: 3->5(7)
[2020-11-07T17:59:08.409+0800][gc,heap      ] GC(3) Old regions: 6->6
[2020-11-07T17:59:08.409+0800][gc,heap      ] GC(3) Archive regions: 2->2
[2020-11-07T17:59:08.409+0800][gc,heap      ] GC(3) Humongous regions: 130->130
[2020-11-07T17:59:08.409+0800][gc,metaspace ] GC(3) Metaspace: 26064K->26064K(1073152K)
[2020-11-07T17:59:08.409+0800][gc           ] GC(3) Pause Young (Normal) (G1 Evacuation Pause) 186M->141M(1024M) 7.170ms
[2020-11-07T17:59:08.409+0800][gc,cpu       ] GC(3) User=0.02s Sys=0.00s Real=0.00s
[2020-11-07T17:59:56.121+0800][gc,start     ] GC(4) Pause Young (Normal) (G1 Evacuation Pause)
[2020-11-07T17:59:56.121+0800][gc,task      ] GC(4) Using 8 workers of 8 for evacuation
[2020-11-07T17:59:56.125+0800][gc,phases    ] GC(4)   Pre Evacuate Collection Set: 0.0ms
[2020-11-07T17:59:56.125+0800][gc,phases    ] GC(4)   Evacuate Collection Set: 3.2ms
[2020-11-07T17:59:56.125+0800][gc,phases    ] GC(4)   Post Evacuate Collection Set: 0.4ms
[2020-11-07T17:59:56.125+0800][gc,phases    ] GC(4)   Other: 0.9ms
[2020-11-07T17:59:56.125+0800][gc,heap      ] GC(4) Eden regions: 46->0(48)
[2020-11-07T17:59:56.125+0800][gc,heap      ] GC(4) Survivor regions: 5->3(7)
[2020-11-07T17:59:56.125+0800][gc,heap      ] GC(4) Old regions: 6->8
[2020-11-07T17:59:56.125+0800][gc,heap      ] GC(4) Archive regions: 2->2
[2020-11-07T17:59:56.125+0800][gc,heap      ] GC(4) Humongous regions: 130->130
[2020-11-07T17:59:56.125+0800][gc,metaspace ] GC(4) Metaspace: 26629K->26629K(1073152K)
[2020-11-07T17:59:56.125+0800][gc           ] GC(4) Pause Young (Normal) (G1 Evacuation Pause) 187M->141M(1024M) 4.690ms
[2020-11-07T17:59:56.125+0800][gc,cpu       ] GC(4) User=0.02s Sys=0.00s Real=0.00s
[2020-11-07T18:00:50.030+0800][gc,start     ] GC(5) Pause Young (Normal) (G1 Evacuation Pause)
[2020-11-07T18:00:50.031+0800][gc,task      ] GC(5) Using 8 workers of 8 for evacuation
[2020-11-07T18:00:50.034+0800][gc,phases    ] GC(5)   Pre Evacuate Collection Set: 0.0ms
[2020-11-07T18:00:50.034+0800][gc,phases    ] GC(5)   Evacuate Collection Set: 3.1ms
[2020-11-07T18:00:50.034+0800][gc,phases    ] GC(5)   Post Evacuate Collection Set: 0.3ms
[2020-11-07T18:00:50.034+0800][gc,phases    ] GC(5)   Other: 1.2ms
[2020-11-07T18:00:50.034+0800][gc,heap      ] GC(5) Eden regions: 48->0(47)
[2020-11-07T18:00:50.034+0800][gc,heap      ] GC(5) Survivor regions: 3->4(7)
[2020-11-07T18:00:50.034+0800][gc,heap      ] GC(5) Old regions: 8->8
[2020-11-07T18:00:50.034+0800][gc,heap      ] GC(5) Archive regions: 2->2
[2020-11-07T18:00:50.034+0800][gc,heap      ] GC(5) Humongous regions: 130->130
[2020-11-07T18:00:50.034+0800][gc,metaspace ] GC(5) Metaspace: 26704K->26704K(1073152K)
[2020-11-07T18:00:50.034+0800][gc           ] GC(5) Pause Young (Normal) (G1 Evacuation Pause) 189M->142M(1024M) 4.686ms
[2020-11-07T18:00:50.034+0800][gc,cpu       ] GC(5) User=0.02s Sys=0.00s Real=0.00s
[2020-11-07T18:01:54.938+0800][gc,start     ] GC(6) Pause Young (Normal) (G1 Evacuation Pause)
[2020-11-07T18:01:54.938+0800][gc,task      ] GC(6) Using 8 workers of 8 for evacuation
[2020-11-07T18:01:54.941+0800][gc,phases    ] GC(6)   Pre Evacuate Collection Set: 0.0ms
[2020-11-07T18:01:54.942+0800][gc,phases    ] GC(6)   Evacuate Collection Set: 2.5ms
[2020-11-07T18:01:54.942+0800][gc,phases    ] GC(6)   Post Evacuate Collection Set: 0.3ms
[2020-11-07T18:01:54.942+0800][gc,phases    ] GC(6)   Other: 0.3ms
[2020-11-07T18:01:54.942+0800][gc,heap      ] GC(6) Eden regions: 47->0(47)
[2020-11-07T18:01:54.942+0800][gc,heap      ] GC(6) Survivor regions: 4->4(7)
[2020-11-07T18:01:54.942+0800][gc,heap      ] GC(6) Old regions: 8->8
[2020-11-07T18:01:54.942+0800][gc,heap      ] GC(6) Archive regions: 2->2
[2020-11-07T18:01:54.942+0800][gc,heap      ] GC(6) Humongous regions: 130->130
[2020-11-07T18:01:54.942+0800][gc,metaspace ] GC(6) Metaspace: 26752K->26752K(1073152K)
[2020-11-07T18:01:54.942+0800][gc           ] GC(6) Pause Young (Normal) (G1 Evacuation Pause) 189M->141M(1024M) 3.296ms
[2020-11-07T18:01:54.942+0800][gc,cpu       ] GC(6) User=0.01s Sys=0.00s Real=0.01s
[2020-11-07T18:02:59.530+0800][gc,start     ] GC(7) Pause Young (Normal) (G1 Evacuation Pause)
[2020-11-07T18:02:59.531+0800][gc,task      ] GC(7) Using 8 workers of 8 for evacuation
[2020-11-07T18:02:59.535+0800][gc,phases    ] GC(7)   Pre Evacuate Collection Set: 0.1ms
[2020-11-07T18:02:59.535+0800][gc,phases    ] GC(7)   Evacuate Collection Set: 3.3ms
[2020-11-07T18:02:59.535+0800][gc,phases    ] GC(7)   Post Evacuate Collection Set: 0.3ms
[2020-11-07T18:02:59.535+0800][gc,phases    ] GC(7)   Other: 1.9ms
[2020-11-07T18:02:59.535+0800][gc,heap      ] GC(7) Eden regions: 47->0(47)
[2020-11-07T18:02:59.535+0800][gc,heap      ] GC(7) Survivor regions: 4->4(7)
[2020-11-07T18:02:59.535+0800][gc,heap      ] GC(7) Old regions: 8->8
[2020-11-07T18:02:59.535+0800][gc,heap      ] GC(7) Archive regions: 2->2
[2020-11-07T18:02:59.535+0800][gc,heap      ] GC(7) Humongous regions: 130->130
[2020-11-07T18:02:59.535+0800][gc,metaspace ] GC(7) Metaspace: 26805K->26805K(1073152K)
[2020-11-07T18:02:59.535+0800][gc           ] GC(7) Pause Young (Normal) (G1 Evacuation Pause) 188M->141M(1024M) 5.727ms
[2020-11-07T18:02:59.535+0800][gc,cpu       ] GC(7) User=0.02s Sys=0.01s Real=0.00s
[2020-11-07T18:04:03.971+0800][gc,start     ] GC(8) Pause Young (Normal) (G1 Evacuation Pause)
[2020-11-07T18:04:03.971+0800][gc,task      ] GC(8) Using 8 workers of 8 for evacuation
[2020-11-07T18:04:03.974+0800][gc,phases    ] GC(8)   Pre Evacuate Collection Set: 0.0ms
[2020-11-07T18:04:03.974+0800][gc,phases    ] GC(8)   Evacuate Collection Set: 2.7ms
[2020-11-07T18:04:03.974+0800][gc,phases    ] GC(8)   Post Evacuate Collection Set: 0.2ms
[2020-11-07T18:04:03.974+0800][gc,phases    ] GC(8)   Other: 0.3ms
[2020-11-07T18:04:03.974+0800][gc,heap      ] GC(8) Eden regions: 47->0(59)
[2020-11-07T18:04:03.974+0800][gc,heap      ] GC(8) Survivor regions: 4->3(7)
[2020-11-07T18:04:03.974+0800][gc,heap      ] GC(8) Old regions: 8->8
[2020-11-07T18:04:03.974+0800][gc,heap      ] GC(8) Archive regions: 2->2
[2020-11-07T18:04:03.974+0800][gc,heap      ] GC(8) Humongous regions: 130->130
[2020-11-07T18:04:03.974+0800][gc,metaspace ] GC(8) Metaspace: 26812K->26812K(1073152K)
[2020-11-07T18:04:03.974+0800][gc           ] GC(8) Pause Young (Normal) (G1 Evacuation Pause) 188M->141M(1024M) 3.402ms
[2020-11-07T18:04:03.974+0800][gc,cpu       ] GC(8) User=0.02s Sys=0.00s Real=0.00s
[2020-11-07T18:05:24.952+0800][gc,start     ] GC(9) Pause Young (Normal) (G1 Evacuation Pause)
[2020-11-07T18:05:24.952+0800][gc,task      ] GC(9) Using 8 workers of 8 for evacuation
[2020-11-07T18:05:24.957+0800][gc,phases    ] GC(9)   Pre Evacuate Collection Set: 0.0ms
[2020-11-07T18:05:24.957+0800][gc,phases    ] GC(9)   Evacuate Collection Set: 4.4ms
[2020-11-07T18:05:24.957+0800][gc,phases    ] GC(9)   Post Evacuate Collection Set: 0.3ms
[2020-11-07T18:05:24.957+0800][gc,phases    ] GC(9)   Other: 0.7ms
[2020-11-07T18:05:24.957+0800][gc,heap      ] GC(9) Eden regions: 59->0(63)
[2020-11-07T18:05:24.957+0800][gc,heap      ] GC(9) Survivor regions: 3->5(8)
[2020-11-07T18:05:24.957+0800][gc,heap      ] GC(9) Old regions: 8->8
[2020-11-07T18:05:24.957+0800][gc,heap      ] GC(9) Archive regions: 2->2
[2020-11-07T18:05:24.957+0800][gc,heap      ] GC(9) Humongous regions: 130->130
[2020-11-07T18:05:24.957+0800][gc,metaspace ] GC(9) Metaspace: 26865K->26865K(1073152K)
[2020-11-07T18:05:24.957+0800][gc           ] GC(9) Pause Young (Normal) (G1 Evacuation Pause) 200M->142M(1024M) 5.707ms
[2020-11-07T18:05:24.957+0800][gc,cpu       ] GC(9) User=0.02s Sys=0.01s Real=0.00s
[2020-11-07T18:06:51.490+0800][gc,start     ] GC(10) Pause Young (Normal) (G1 Evacuation Pause)
[2020-11-07T18:06:51.491+0800][gc,task      ] GC(10) Using 8 workers of 8 for evacuation
[2020-11-07T18:06:51.496+0800][gc,phases    ] GC(10)   Pre Evacuate Collection Set: 0.1ms
[2020-11-07T18:06:51.496+0800][gc,phases    ] GC(10)   Evacuate Collection Set: 4.0ms
[2020-11-07T18:06:51.496+0800][gc,phases    ] GC(10)   Post Evacuate Collection Set: 0.3ms
[2020-11-07T18:06:51.496+0800][gc,phases    ] GC(10)   Other: 1.1ms
[2020-11-07T18:06:51.496+0800][gc,heap      ] GC(10) Eden regions: 63->0(454)
[2020-11-07T18:06:51.496+0800][gc,heap      ] GC(10) Survivor regions: 5->3(9)
[2020-11-07T18:06:51.496+0800][gc,heap      ] GC(10) Old regions: 8->8
[2020-11-07T18:06:51.496+0800][gc,heap      ] GC(10) Archive regions: 2->2
[2020-11-07T18:06:51.496+0800][gc,heap      ] GC(10) Humongous regions: 130->130
[2020-11-07T18:06:51.496+0800][gc,metaspace ] GC(10) Metaspace: 26887K->26887K(1073152K)
[2020-11-07T18:06:51.496+0800][gc           ] GC(10) Pause Young (Normal) (G1 Evacuation Pause) 205M->141M(1024M) 5.762ms
[2020-11-07T18:06:51.496+0800][gc,cpu       ] GC(10) User=0.02s Sys=0.01s Real=0.00s
[2020-11-07T18:17:22.563+0800][gc,start     ] GC(11) Pause Young (Normal) (G1 Evacuation Pause)
[2020-11-07T18:17:22.564+0800][gc,task      ] GC(11) Using 8 workers of 8 for evacuation
[2020-11-07T18:17:22.575+0800][gc,phases    ] GC(11)   Pre Evacuate Collection Set: 0.1ms
[2020-11-07T18:17:22.575+0800][gc,phases    ] GC(11)   Evacuate Collection Set: 8.6ms
[2020-11-07T18:17:22.575+0800][gc,phases    ] GC(11)   Post Evacuate Collection Set: 1.3ms
[2020-11-07T18:17:22.575+0800][gc,phases    ] GC(11)   Other: 2.0ms
[2020-11-07T18:17:22.575+0800][gc,heap      ] GC(11) Eden regions: 454->0(458)
[2020-11-07T18:17:22.575+0800][gc,heap      ] GC(11) Survivor regions: 3->4(58)
[2020-11-07T18:17:22.575+0800][gc,heap      ] GC(11) Old regions: 8->8
[2020-11-07T18:17:22.575+0800][gc,heap      ] GC(11) Archive regions: 2->2
[2020-11-07T18:17:22.575+0800][gc,heap      ] GC(11) Humongous regions: 130->130
[2020-11-07T18:17:22.575+0800][gc,metaspace ] GC(11) Metaspace: 26977K->26977K(1073152K)
[2020-11-07T18:17:22.575+0800][gc           ] GC(11) Pause Young (Normal) (G1 Evacuation Pause) 595M->141M(1024M) 12.195ms
[2020-11-07T18:17:22.575+0800][gc,cpu       ] GC(11) User=0.02s Sys=0.02s Real=0.01s
[2020-11-07T18:28:00.050+0800][gc,start     ] GC(12) Pause Young (Normal) (G1 Evacuation Pause)
[2020-11-07T18:28:00.051+0800][gc,task      ] GC(12) Using 8 workers of 8 for evacuation
[2020-11-07T18:28:00.059+0800][gc,phases    ] GC(12)   Pre Evacuate Collection Set: 0.1ms
[2020-11-07T18:28:00.060+0800][gc,phases    ] GC(12)   Evacuate Collection Set: 5.8ms
[2020-11-07T18:28:00.060+0800][gc,phases    ] GC(12)   Post Evacuate Collection Set: 2.3ms
[2020-11-07T18:28:00.060+0800][gc,phases    ] GC(12)   Other: 1.2ms
[2020-11-07T18:28:00.060+0800][gc,heap      ] GC(12) Eden regions: 458->0(497)
[2020-11-07T18:28:00.060+0800][gc,heap      ] GC(12) Survivor regions: 4->4(58)
[2020-11-07T18:28:00.060+0800][gc,heap      ] GC(12) Old regions: 8->8
[2020-11-07T18:28:00.060+0800][gc,heap      ] GC(12) Archive regions: 2->2
[2020-11-07T18:28:00.060+0800][gc,heap      ] GC(12) Humongous regions: 130->130
[2020-11-07T18:28:00.060+0800][gc,metaspace ] GC(12) Metaspace: 27029K->27029K(1073152K)
[2020-11-07T18:28:00.060+0800][gc           ] GC(12) Pause Young (Normal) (G1 Evacuation Pause) 599M->142M(1024M) 9.603ms
[2020-11-07T18:28:00.060+0800][gc,cpu       ] GC(12) User=0.02s Sys=0.01s Real=0.01s
[2020-11-07T18:40:41.242+0800][gc,start     ] GC(13) Pause Young (Normal) (G1 Evacuation Pause)
[2020-11-07T18:40:41.245+0800][gc,task      ] GC(13) Using 8 workers of 8 for evacuation
[2020-11-07T18:40:41.323+0800][gc,mmu       ] GC(13) MMU target violated: 21.0ms (20.0ms/21.0ms)
[2020-11-07T18:40:41.323+0800][gc,phases    ] GC(13)   Pre Evacuate Collection Set: 0.1ms
[2020-11-07T18:40:41.324+0800][gc,phases    ] GC(13)   Evacuate Collection Set: 72.9ms
[2020-11-07T18:40:41.324+0800][gc,phases    ] GC(13)   Post Evacuate Collection Set: 3.8ms
[2020-11-07T18:40:41.324+0800][gc,phases    ] GC(13)   Other: 4.7ms
[2020-11-07T18:40:41.324+0800][gc,heap      ] GC(13) Eden regions: 497->0(47)
[2020-11-07T18:40:41.324+0800][gc,heap      ] GC(13) Survivor regions: 4->4(63)
[2020-11-07T18:40:41.325+0800][gc,heap      ] GC(13) Old regions: 8->8
[2020-11-07T18:40:41.325+0800][gc,heap      ] GC(13) Archive regions: 2->2
[2020-11-07T18:40:41.325+0800][gc,heap      ] GC(13) Humongous regions: 130->130
[2020-11-07T18:40:41.325+0800][gc,metaspace ] GC(13) Metaspace: 27354K->27354K(1073152K)
[2020-11-07T18:40:41.325+0800][gc           ] GC(13) Pause Young (Normal) (G1 Evacuation Pause) 639M->142M(1024M) 83.004ms
[2020-11-07T18:40:41.325+0800][gc,cpu       ] GC(13) User=0.16s Sys=0.10s Real=0.08s
[2020-11-07T18:41:54.005+0800][gc,start     ] GC(14) Pause Young (Normal) (G1 Evacuation Pause)
[2020-11-07T18:41:54.006+0800][gc,task      ] GC(14) Using 8 workers of 8 for evacuation
[2020-11-07T18:41:54.018+0800][gc,phases    ] GC(14)   Pre Evacuate Collection Set: 0.1ms
[2020-11-07T18:41:54.018+0800][gc,phases    ] GC(14)   Evacuate Collection Set: 10.6ms
[2020-11-07T18:41:54.018+0800][gc,phases    ] GC(14)   Post Evacuate Collection Set: 1.1ms
[2020-11-07T18:41:54.018+0800][gc,phases    ] GC(14)   Other: 1.5ms
[2020-11-07T18:41:54.018+0800][gc,heap      ] GC(14) Eden regions: 47->0(46)
[2020-11-07T18:41:54.018+0800][gc,heap      ] GC(14) Survivor regions: 4->5(7)
[2020-11-07T18:41:54.018+0800][gc,heap      ] GC(14) Old regions: 8->8
[2020-11-07T18:41:54.018+0800][gc,heap      ] GC(14) Archive regions: 2->2
[2020-11-07T18:41:54.018+0800][gc,heap      ] GC(14) Humongous regions: 130->130
[2020-11-07T18:41:54.018+0800][gc,metaspace ] GC(14) Metaspace: 27356K->27356K(1073152K)
[2020-11-07T18:41:54.018+0800][gc           ] GC(14) Pause Young (Normal) (G1 Evacuation Pause) 189M->143M(1024M) 13.640ms
[2020-11-07T18:41:54.018+0800][gc,cpu       ] GC(14) User=0.07s Sys=0.01s Real=0.01s
[2020-11-07T18:43:05.586+0800][gc,start     ] GC(15) Pause Young (Normal) (G1 Evacuation Pause)
[2020-11-07T18:43:05.587+0800][gc,task      ] GC(15) Using 8 workers of 8 for evacuation
[2020-11-07T18:43:05.626+0800][gc,mmu       ] GC(15) MMU target violated: 21.0ms (20.0ms/21.0ms)
[2020-11-07T18:43:05.627+0800][gc,phases    ] GC(15)   Pre Evacuate Collection Set: 0.2ms
[2020-11-07T18:43:05.627+0800][gc,phases    ] GC(15)   Evacuate Collection Set: 34.1ms
[2020-11-07T18:43:05.627+0800][gc,phases    ] GC(15)   Post Evacuate Collection Set: 4.2ms
[2020-11-07T18:43:05.627+0800][gc,phases    ] GC(15)   Other: 2.8ms
[2020-11-07T18:43:05.627+0800][gc,heap      ] GC(15) Eden regions: 46->0(47)
[2020-11-07T18:43:05.627+0800][gc,heap      ] GC(15) Survivor regions: 5->4(7)
[2020-11-07T18:43:05.627+0800][gc,heap      ] GC(15) Old regions: 8->9
[2020-11-07T18:43:05.627+0800][gc,heap      ] GC(15) Archive regions: 2->2
[2020-11-07T18:43:05.627+0800][gc,heap      ] GC(15) Humongous regions: 130->130
[2020-11-07T18:43:05.628+0800][gc,metaspace ] GC(15) Metaspace: 27361K->27361K(1073152K)
[2020-11-07T18:43:05.628+0800][gc           ] GC(15) Pause Young (Normal) (G1 Evacuation Pause) 189M->142M(1024M) 42.153ms
[2020-11-07T18:43:05.628+0800][gc,cpu       ] GC(15) User=0.15s Sys=0.01s Real=0.04s
[2020-11-07T18:44:19.290+0800][gc,start     ] GC(16) Pause Young (Normal) (G1 Evacuation Pause)
[2020-11-07T18:44:19.291+0800][gc,task      ] GC(16) Using 8 workers of 8 for evacuation
[2020-11-07T18:44:19.307+0800][gc,phases    ] GC(16)   Pre Evacuate Collection Set: 0.1ms
[2020-11-07T18:44:19.307+0800][gc,phases    ] GC(16)   Evacuate Collection Set: 13.8ms
[2020-11-07T18:44:19.308+0800][gc,phases    ] GC(16)   Post Evacuate Collection Set: 1.5ms
[2020-11-07T18:44:19.308+0800][gc,phases    ] GC(16)   Other: 2.3ms
[2020-11-07T18:44:19.308+0800][gc,heap      ] GC(16) Eden regions: 47->0(48)
[2020-11-07T18:44:19.308+0800][gc,heap      ] GC(16) Survivor regions: 4->3(7)
[2020-11-07T18:44:19.308+0800][gc,heap      ] GC(16) Old regions: 9->9
[2020-11-07T18:44:19.308+0800][gc,heap      ] GC(16) Archive regions: 2->2
[2020-11-07T18:44:19.308+0800][gc,heap      ] GC(16) Humongous regions: 130->130
[2020-11-07T18:44:19.308+0800][gc,metaspace ] GC(16) Metaspace: 27369K->27369K(1073152K)
[2020-11-07T18:44:19.308+0800][gc           ] GC(16) Pause Young (Normal) (G1 Evacuation Pause) 189M->142M(1024M) 18.583ms
[2020-11-07T18:44:19.308+0800][gc,cpu       ] GC(16) User=0.11s Sys=0.01s Real=0.01s
[2020-11-07T18:45:34.233+0800][gc,start     ] GC(17) Pause Young (Normal) (G1 Evacuation Pause)
[2020-11-07T18:45:34.235+0800][gc,task      ] GC(17) Using 8 workers of 8 for evacuation
[2020-11-07T18:45:34.257+0800][gc,mmu       ] GC(17) MMU target violated: 21.0ms (20.0ms/21.0ms)
[2020-11-07T18:45:34.257+0800][gc,phases    ] GC(17)   Pre Evacuate Collection Set: 0.1ms
[2020-11-07T18:45:34.258+0800][gc,phases    ] GC(17)   Evacuate Collection Set: 18.8ms
[2020-11-07T18:45:34.258+0800][gc,phases    ] GC(17)   Post Evacuate Collection Set: 2.7ms
[2020-11-07T18:45:34.258+0800][gc,phases    ] GC(17)   Other: 2.7ms
[2020-11-07T18:45:34.259+0800][gc,heap      ] GC(17) Eden regions: 48->0(48)
[2020-11-07T18:45:34.259+0800][gc,heap      ] GC(17) Survivor regions: 3->3(7)
[2020-11-07T18:45:34.259+0800][gc,heap      ] GC(17) Old regions: 9->9
[2020-11-07T18:45:34.259+0800][gc,heap      ] GC(17) Archive regions: 2->2
[2020-11-07T18:45:34.259+0800][gc,heap      ] GC(17) Humongous regions: 130->130
[2020-11-07T18:45:34.259+0800][gc,metaspace ] GC(17) Metaspace: 27371K->27371K(1073152K)
[2020-11-07T18:45:34.260+0800][gc           ] GC(17) Pause Young (Normal) (G1 Evacuation Pause) 190M->142M(1024M) 26.305ms
[2020-11-07T18:45:34.260+0800][gc,cpu       ] GC(17) User=0.10s Sys=0.01s Real=0.03s
[2020-11-07T18:46:50.786+0800][gc,start     ] GC(18) Pause Young (Normal) (G1 Evacuation Pause)
[2020-11-07T18:46:50.786+0800][gc,task      ] GC(18) Using 8 workers of 8 for evacuation
[2020-11-07T18:46:50.789+0800][gc,phases    ] GC(18)   Pre Evacuate Collection Set: 0.0ms
[2020-11-07T18:46:50.789+0800][gc,phases    ] GC(18)   Evacuate Collection Set: 1.7ms
[2020-11-07T18:46:50.789+0800][gc,phases    ] GC(18)   Post Evacuate Collection Set: 0.3ms
[2020-11-07T18:46:50.789+0800][gc,phases    ] GC(18)   Other: 1.1ms
[2020-11-07T18:46:50.789+0800][gc,heap      ] GC(18) Eden regions: 48->0(49)
[2020-11-07T18:46:50.789+0800][gc,heap      ] GC(18) Survivor regions: 3->3(7)
[2020-11-07T18:46:50.789+0800][gc,heap      ] GC(18) Old regions: 9->9
[2020-11-07T18:46:50.789+0800][gc,heap      ] GC(18) Archive regions: 2->2
[2020-11-07T18:46:50.789+0800][gc,heap      ] GC(18) Humongous regions: 130->130
[2020-11-07T18:46:50.789+0800][gc,metaspace ] GC(18) Metaspace: 27371K->27371K(1073152K)
[2020-11-07T18:46:50.789+0800][gc           ] GC(18) Pause Young (Normal) (G1 Evacuation Pause) 190M->142M(1024M) 3.177ms
[2020-11-07T18:46:50.789+0800][gc,cpu       ] GC(18) User=0.01s Sys=0.00s Real=0.00s
[2020-11-07T18:48:07.052+0800][gc,start     ] GC(19) Pause Young (Normal) (G1 Evacuation Pause)
[2020-11-07T18:48:07.054+0800][gc,task      ] GC(19) Using 8 workers of 8 for evacuation
[2020-11-07T18:48:07.078+0800][gc,mmu       ] GC(19) MMU target violated: 21.0ms (20.0ms/21.0ms)
[2020-11-07T18:48:07.078+0800][gc,phases    ] GC(19)   Pre Evacuate Collection Set: 0.1ms
[2020-11-07T18:48:07.080+0800][gc,phases    ] GC(19)   Evacuate Collection Set: 20.2ms
[2020-11-07T18:48:07.080+0800][gc,phases    ] GC(19)   Post Evacuate Collection Set: 2.0ms
[2020-11-07T18:48:07.080+0800][gc,phases    ] GC(19)   Other: 3.4ms
[2020-11-07T18:48:07.080+0800][gc,heap      ] GC(19) Eden regions: 49->0(48)
[2020-11-07T18:48:07.080+0800][gc,heap      ] GC(19) Survivor regions: 3->3(7)
[2020-11-07T18:48:07.080+0800][gc,heap      ] GC(19) Old regions: 9->9
[2020-11-07T18:48:07.080+0800][gc,heap      ] GC(19) Archive regions: 2->2
[2020-11-07T18:48:07.080+0800][gc,heap      ] GC(19) Humongous regions: 130->130
[2020-11-07T18:48:07.080+0800][gc,metaspace ] GC(19) Metaspace: 27374K->27374K(1073152K)
[2020-11-07T18:48:07.080+0800][gc           ] GC(19) Pause Young (Normal) (G1 Evacuation Pause) 191M->141M(1024M) 28.015ms
[2020-11-07T18:48:07.081+0800][gc,cpu       ] GC(19) User=0.09s Sys=0.01s Real=0.03s
[2020-11-07T18:49:22.012+0800][gc,start     ] GC(20) Pause Young (Normal) (G1 Evacuation Pause)
[2020-11-07T18:49:22.013+0800][gc,task      ] GC(20) Using 8 workers of 8 for evacuation
[2020-11-07T18:49:22.037+0800][gc,mmu       ] GC(20) MMU target violated: 21.0ms (20.0ms/21.0ms)
[2020-11-07T18:49:22.037+0800][gc,phases    ] GC(20)   Pre Evacuate Collection Set: 0.3ms
[2020-11-07T18:49:22.037+0800][gc,phases    ] GC(20)   Evacuate Collection Set: 20.6ms
[2020-11-07T18:49:22.037+0800][gc,phases    ] GC(20)   Post Evacuate Collection Set: 1.5ms
[2020-11-07T18:49:22.037+0800][gc,phases    ] GC(20)   Other: 3.3ms
[2020-11-07T18:49:22.037+0800][gc,heap      ] GC(20) Eden regions: 48->0(47)
[2020-11-07T18:49:22.038+0800][gc,heap      ] GC(20) Survivor regions: 3->4(7)
[2020-11-07T18:49:22.038+0800][gc,heap      ] GC(20) Old regions: 9->10
[2020-11-07T18:49:22.038+0800][gc,heap      ] GC(20) Archive regions: 2->2
[2020-11-07T18:49:22.038+0800][gc,heap      ] GC(20) Humongous regions: 130->130
[2020-11-07T18:49:22.038+0800][gc,metaspace ] GC(20) Metaspace: 27380K->27380K(1073152K)
[2020-11-07T18:49:22.038+0800][gc           ] GC(20) Pause Young (Normal) (G1 Evacuation Pause) 189M->142M(1024M) 26.439ms
[2020-11-07T18:49:22.038+0800][gc,cpu       ] GC(20) User=0.11s Sys=0.00s Real=0.02s
[2020-11-07T18:50:35.573+0800][gc,start     ] GC(21) Pause Young (Normal) (G1 Evacuation Pause)
[2020-11-07T18:50:35.575+0800][gc,task      ] GC(21) Using 8 workers of 8 for evacuation
[2020-11-07T18:50:35.596+0800][gc,phases    ] GC(21)   Pre Evacuate Collection Set: 0.1ms
[2020-11-07T18:50:35.596+0800][gc,phases    ] GC(21)   Evacuate Collection Set: 18.0ms
[2020-11-07T18:50:35.597+0800][gc,phases    ] GC(21)   Post Evacuate Collection Set: 1.4ms
[2020-11-07T18:50:35.597+0800][gc,phases    ] GC(21)   Other: 3.8ms
[2020-11-07T18:50:35.597+0800][gc,heap      ] GC(21) Eden regions: 47->0(48)
[2020-11-07T18:50:35.597+0800][gc,heap      ] GC(21) Survivor regions: 4->3(7)
[2020-11-07T18:50:35.597+0800][gc,heap      ] GC(21) Old regions: 10->10
[2020-11-07T18:50:35.597+0800][gc,heap      ] GC(21) Archive regions: 2->2
[2020-11-07T18:50:35.597+0800][gc,heap      ] GC(21) Humongous regions: 130->130
[2020-11-07T18:50:35.597+0800][gc,metaspace ] GC(21) Metaspace: 27380K->27380K(1073152K)
[2020-11-07T18:50:35.597+0800][gc           ] GC(21) Pause Young (Normal) (G1 Evacuation Pause) 189M->142M(1024M) 24.160ms
[2020-11-07T18:50:35.598+0800][gc,cpu       ] GC(21) User=0.10s Sys=0.01s Real=0.02s
[2020-11-07T18:51:50.298+0800][gc,start     ] GC(22) Pause Young (Normal) (G1 Evacuation Pause)
[2020-11-07T18:51:50.299+0800][gc,task      ] GC(22) Using 8 workers of 8 for evacuation
[2020-11-07T18:51:50.323+0800][gc,mmu       ] GC(22) MMU target violated: 21.0ms (20.0ms/21.0ms)
[2020-11-07T18:51:50.324+0800][gc,phases    ] GC(22)   Pre Evacuate Collection Set: 0.1ms
[2020-11-07T18:51:50.324+0800][gc,phases    ] GC(22)   Evacuate Collection Set: 17.4ms
[2020-11-07T18:51:50.324+0800][gc,phases    ] GC(22)   Post Evacuate Collection Set: 6.0ms
[2020-11-07T18:51:50.325+0800][gc,phases    ] GC(22)   Other: 2.8ms
[2020-11-07T18:51:50.325+0800][gc,heap      ] GC(22) Eden regions: 48->0(48)
[2020-11-07T18:51:50.325+0800][gc,heap      ] GC(22) Survivor regions: 3->3(7)
[2020-11-07T18:51:50.325+0800][gc,heap      ] GC(22) Old regions: 10->10
[2020-11-07T18:51:50.325+0800][gc,heap      ] GC(22) Archive regions: 2->2
[2020-11-07T18:51:50.325+0800][gc,heap      ] GC(22) Humongous regions: 130->130
[2020-11-07T18:51:50.325+0800][gc,metaspace ] GC(22) Metaspace: 27381K->27381K(1073152K)
[2020-11-07T18:51:50.325+0800][gc           ] GC(22) Pause Young (Normal) (G1 Evacuation Pause) 190M->142M(1024M) 27.550ms
[2020-11-07T18:51:50.325+0800][gc,cpu       ] GC(22) User=0.09s Sys=0.01s Real=0.03s
[2020-11-07T18:53:06.716+0800][gc,start     ] GC(23) Pause Young (Normal) (G1 Evacuation Pause)
[2020-11-07T18:53:06.716+0800][gc,task      ] GC(23) Using 8 workers of 8 for evacuation
[2020-11-07T18:53:06.718+0800][gc,phases    ] GC(23)   Pre Evacuate Collection Set: 0.0ms
[2020-11-07T18:53:06.718+0800][gc,phases    ] GC(23)   Evacuate Collection Set: 1.8ms
[2020-11-07T18:53:06.718+0800][gc,phases    ] GC(23)   Post Evacuate Collection Set: 0.2ms
[2020-11-07T18:53:06.718+0800][gc,phases    ] GC(23)   Other: 0.5ms
[2020-11-07T18:53:06.718+0800][gc,heap      ] GC(23) Eden regions: 48->0(52)
[2020-11-07T18:53:06.718+0800][gc,heap      ] GC(23) Survivor regions: 3->3(7)
[2020-11-07T18:53:06.718+0800][gc,heap      ] GC(23) Old regions: 10->10
[2020-11-07T18:53:06.718+0800][gc,heap      ] GC(23) Archive regions: 2->2
[2020-11-07T18:53:06.718+0800][gc,heap      ] GC(23) Humongous regions: 130->130
[2020-11-07T18:53:06.718+0800][gc,metaspace ] GC(23) Metaspace: 27382K->27382K(1073152K)
[2020-11-07T18:53:06.718+0800][gc           ] GC(23) Pause Young (Normal) (G1 Evacuation Pause) 190M->142M(1024M) 2.761ms
[2020-11-07T18:53:06.719+0800][gc,cpu       ] GC(23) User=0.01s Sys=0.00s Real=0.00s
[2020-11-07T18:54:26.517+0800][gc,start     ] GC(24) Pause Young (Normal) (G1 Evacuation Pause)
[2020-11-07T18:54:26.518+0800][gc,task      ] GC(24) Using 8 workers of 8 for evacuation
[2020-11-07T18:54:26.549+0800][gc,mmu       ] GC(24) MMU target violated: 21.0ms (20.0ms/21.0ms)
[2020-11-07T18:54:26.550+0800][gc,phases    ] GC(24)   Pre Evacuate Collection Set: 0.2ms
[2020-11-07T18:54:26.550+0800][gc,phases    ] GC(24)   Evacuate Collection Set: 26.3ms
[2020-11-07T18:54:26.550+0800][gc,phases    ] GC(24)   Post Evacuate Collection Set: 1.8ms
[2020-11-07T18:54:26.550+0800][gc,phases    ] GC(24)   Other: 4.6ms
[2020-11-07T18:54:26.551+0800][gc,heap      ] GC(24) Eden regions: 52->0(48)
[2020-11-07T18:54:26.551+0800][gc,heap      ] GC(24) Survivor regions: 3->3(7)
[2020-11-07T18:54:26.551+0800][gc,heap      ] GC(24) Old regions: 10->10
[2020-11-07T18:54:26.551+0800][gc,heap      ] GC(24) Archive regions: 2->2
[2020-11-07T18:54:26.551+0800][gc,heap      ] GC(24) Humongous regions: 130->130
[2020-11-07T18:54:26.551+0800][gc,metaspace ] GC(24) Metaspace: 27383K->27383K(1073152K)
[2020-11-07T18:54:26.551+0800][gc           ] GC(24) Pause Young (Normal) (G1 Evacuation Pause) 194M->142M(1024M) 34.321ms
[2020-11-07T18:54:26.552+0800][gc,cpu       ] GC(24) User=0.09s Sys=0.01s Real=0.04s
[2020-11-07T18:55:41.688+0800][gc,start     ] GC(25) Pause Young (Normal) (G1 Evacuation Pause)
[2020-11-07T18:55:41.689+0800][gc,task      ] GC(25) Using 8 workers of 8 for evacuation
[2020-11-07T18:55:43.202+0800][gc,mmu       ] GC(25) MMU target violated: 21.0ms (20.0ms/21.0ms)
[2020-11-07T18:55:43.202+0800][gc,phases    ] GC(25)   Pre Evacuate Collection Set: 0.2ms
[2020-11-07T18:55:43.202+0800][gc,phases    ] GC(25)   Evacuate Collection Set: 21.4ms
[2020-11-07T18:55:43.202+0800][gc,phases    ] GC(25)   Post Evacuate Collection Set: 10.5ms
[2020-11-07T18:55:43.202+0800][gc,phases    ] GC(25)   Other: 1462.9ms
[2020-11-07T18:55:43.202+0800][gc,heap      ] GC(25) Eden regions: 48->0(48)
[2020-11-07T18:55:43.202+0800][gc,heap      ] GC(25) Survivor regions: 3->3(7)
[2020-11-07T18:55:43.202+0800][gc,heap      ] GC(25) Old regions: 10->10
[2020-11-07T18:55:43.202+0800][gc,heap      ] GC(25) Archive regions: 2->2
[2020-11-07T18:55:43.202+0800][gc,heap      ] GC(25) Humongous regions: 130->130
[2020-11-07T18:55:43.202+0800][gc,metaspace ] GC(25) Metaspace: 27399K->27399K(1073152K)
[2020-11-07T18:55:43.202+0800][gc           ] GC(25) Pause Young (Normal) (G1 Evacuation Pause) 190M->142M(1024M) 1495.189ms
[2020-11-07T18:55:43.202+0800][gc,cpu       ] GC(25) User=0.09s Sys=0.00s Real=1.52s
[2020-11-07T18:56:52.843+0800][gc,start     ] GC(26) Pause Young (Normal) (G1 Evacuation Pause)
[2020-11-07T18:56:52.844+0800][gc,task      ] GC(26) Using 8 workers of 8 for evacuation
[2020-11-07T18:56:52.869+0800][gc,mmu       ] GC(26) MMU target violated: 21.0ms (20.0ms/21.0ms)
[2020-11-07T18:56:52.869+0800][gc,phases    ] GC(26)   Pre Evacuate Collection Set: 0.1ms
[2020-11-07T18:56:52.870+0800][gc,phases    ] GC(26)   Evacuate Collection Set: 21.2ms
[2020-11-07T18:56:52.870+0800][gc,phases    ] GC(26)   Post Evacuate Collection Set: 3.0ms
[2020-11-07T18:56:52.870+0800][gc,phases    ] GC(26)   Other: 2.5ms
[2020-11-07T18:56:52.871+0800][gc,heap      ] GC(26) Eden regions: 48->0(47)
[2020-11-07T18:56:52.871+0800][gc,heap      ] GC(26) Survivor regions: 3->4(7)
[2020-11-07T18:56:52.871+0800][gc,heap      ] GC(26) Old regions: 10->10
[2020-11-07T18:56:52.871+0800][gc,heap      ] GC(26) Archive regions: 2->2
[2020-11-07T18:56:52.872+0800][gc,heap      ] GC(26) Humongous regions: 130->130
[2020-11-07T18:56:52.872+0800][gc,metaspace ] GC(26) Metaspace: 27428K->27428K(1073152K)
[2020-11-07T18:56:52.872+0800][gc           ] GC(26) Pause Young (Normal) (G1 Evacuation Pause) 190M->143M(1024M) 28.972ms
[2020-11-07T18:56:52.872+0800][gc,cpu       ] GC(26) User=0.11s Sys=0.01s Real=0.03s
[2020-11-07T19:34:16.006+0800][gc,start     ] GC(27) Pause Young (Normal) (G1 Evacuation Pause)
[2020-11-07T19:34:16.006+0800][gc,task      ] GC(27) Using 8 workers of 8 for evacuation
[2020-11-07T19:34:16.036+0800][gc,mmu       ] GC(27) MMU target violated: 21.0ms (20.0ms/21.0ms)
[2020-11-07T19:34:16.036+0800][gc,phases    ] GC(27)   Pre Evacuate Collection Set: 0.1ms
[2020-11-07T19:34:16.036+0800][gc,phases    ] GC(27)   Evacuate Collection Set: 27.5ms
[2020-11-07T19:34:16.036+0800][gc,phases    ] GC(27)   Post Evacuate Collection Set: 0.7ms
[2020-11-07T19:34:16.036+0800][gc,phases    ] GC(27)   Other: 2.0ms
[2020-11-07T19:34:16.036+0800][gc,heap      ] GC(27) Eden regions: 47->0(48)
[2020-11-07T19:34:16.036+0800][gc,heap      ] GC(27) Survivor regions: 4->3(7)
[2020-11-07T19:34:16.036+0800][gc,heap      ] GC(27) Old regions: 10->10
[2020-11-07T19:34:16.036+0800][gc,heap      ] GC(27) Archive regions: 2->2
[2020-11-07T19:34:16.036+0800][gc,heap      ] GC(27) Humongous regions: 130->130
[2020-11-07T19:34:16.036+0800][gc,metaspace ] GC(27) Metaspace: 27565K->27565K(1075200K)
[2020-11-07T19:34:16.036+0800][gc           ] GC(27) Pause Young (Normal) (G1 Evacuation Pause) 190M->143M(1024M) 30.323ms
[2020-11-07T19:34:16.036+0800][gc,cpu       ] GC(27) User=0.02s Sys=0.10s Real=0.03s
[2020-11-07T20:43:19.699+0800][gc,start     ] GC(28) Pause Young (Normal) (G1 Evacuation Pause)
[2020-11-07T20:43:19.699+0800][gc,task      ] GC(28) Using 8 workers of 8 for evacuation
[2020-11-07T20:43:19.736+0800][gc,mmu       ] GC(28) MMU target violated: 21.0ms (20.0ms/21.0ms)
[2020-11-07T20:43:19.736+0800][gc,phases    ] GC(28)   Pre Evacuate Collection Set: 0.2ms
[2020-11-07T20:43:19.737+0800][gc,phases    ] GC(28)   Evacuate Collection Set: 30.5ms
[2020-11-07T20:43:19.737+0800][gc,phases    ] GC(28)   Post Evacuate Collection Set: 4.7ms
[2020-11-07T20:43:19.737+0800][gc,phases    ] GC(28)   Other: 2.8ms
[2020-11-07T20:43:19.737+0800][gc,heap      ] GC(28) Eden regions: 48->0(48)
[2020-11-07T20:43:19.738+0800][gc,heap      ] GC(28) Survivor regions: 3->3(7)
[2020-11-07T20:43:19.738+0800][gc,heap      ] GC(28) Old regions: 10->10
[2020-11-07T20:43:19.738+0800][gc,heap      ] GC(28) Archive regions: 2->2
[2020-11-07T20:43:19.739+0800][gc,heap      ] GC(28) Humongous regions: 130->130
[2020-11-07T20:43:19.739+0800][gc,metaspace ] GC(28) Metaspace: 27788K->27788K(1075200K)
[2020-11-07T20:43:19.739+0800][gc           ] GC(28) Pause Young (Normal) (G1 Evacuation Pause) 191M->143M(1024M) 40.587ms
[2020-11-07T20:43:19.740+0800][gc,cpu       ] GC(28) User=0.10s Sys=0.03s Real=0.05s
[2020-11-07T21:52:05.329+0800][gc,start     ] GC(29) Pause Young (Normal) (G1 Evacuation Pause)
[2020-11-07T21:52:05.330+0800][gc,task      ] GC(29) Using 8 workers of 8 for evacuation
[2020-11-07T21:52:05.348+0800][gc,phases    ] GC(29)   Pre Evacuate Collection Set: 0.1ms
[2020-11-07T21:52:05.348+0800][gc,phases    ] GC(29)   Evacuate Collection Set: 12.0ms
[2020-11-07T21:52:05.348+0800][gc,phases    ] GC(29)   Post Evacuate Collection Set: 2.5ms
[2020-11-07T21:52:05.348+0800][gc,phases    ] GC(29)   Other: 7.7ms
[2020-11-07T21:52:05.349+0800][gc,heap      ] GC(29) Eden regions: 48->0(48)
[2020-11-07T21:52:05.349+0800][gc,heap      ] GC(29) Survivor regions: 3->3(7)
[2020-11-07T21:52:05.349+0800][gc,heap      ] GC(29) Old regions: 10->10
[2020-11-07T21:52:05.349+0800][gc,heap      ] GC(29) Archive regions: 2->2
[2020-11-07T21:52:05.349+0800][gc,heap      ] GC(29) Humongous regions: 130->130
[2020-11-07T21:52:05.349+0800][gc,metaspace ] GC(29) Metaspace: 27886K->27886K(1075200K)
[2020-11-07T21:52:05.349+0800][gc           ] GC(29) Pause Young (Normal) (G1 Evacuation Pause) 191M->143M(1024M) 21.043ms
[2020-11-07T21:52:05.349+0800][gc,cpu       ] GC(29) User=0.02s Sys=0.04s Real=0.02s
[2020-11-07T22:34:40.975+0800][gc,start     ] GC(30) Pause Young (Normal) (G1 Evacuation Pause)
[2020-11-07T22:34:40.976+0800][gc,task      ] GC(30) Using 8 workers of 8 for evacuation
[2020-11-07T22:34:40.989+0800][gc,phases    ] GC(30)   Pre Evacuate Collection Set: 0.1ms
[2020-11-07T22:34:40.989+0800][gc,phases    ] GC(30)   Evacuate Collection Set: 10.3ms
[2020-11-07T22:34:40.989+0800][gc,phases    ] GC(30)   Post Evacuate Collection Set: 1.0ms
[2020-11-07T22:34:40.989+0800][gc,phases    ] GC(30)   Other: 2.5ms
[2020-11-07T22:34:40.989+0800][gc,heap      ] GC(30) Eden regions: 48->0(48)
[2020-11-07T22:34:40.989+0800][gc,heap      ] GC(30) Survivor regions: 3->3(7)
[2020-11-07T22:34:40.989+0800][gc,heap      ] GC(30) Old regions: 10->10
[2020-11-07T22:34:40.989+0800][gc,heap      ] GC(30) Archive regions: 2->2
[2020-11-07T22:34:40.989+0800][gc,heap      ] GC(30) Humongous regions: 130->130
[2020-11-07T22:34:40.989+0800][gc,metaspace ] GC(30) Metaspace: 27899K->27899K(1075200K)
[2020-11-07T22:34:40.989+0800][gc           ] GC(30) Pause Young (Normal) (G1 Evacuation Pause) 191M->143M(1024M) 13.889ms
[2020-11-07T22:34:40.989+0800][gc,cpu       ] GC(30) User=0.02s Sys=0.04s Real=0.01s
