[2020-11-04T22:59:41.960+0800][gc,start     ] GC(879) Pause Young (Normal) (G1 Evacuation Pause)
[2020-11-04T22:59:41.963+0800][gc,task      ] GC(879) Using 8 workers of 8 for evacuation
[2020-11-04T22:59:42.070+0800][gc,mmu       ] GC(879) MMU target violated: 21.0ms (20.0ms/21.0ms)
[2020-11-04T22:59:42.070+0800][gc,phases    ] GC(879)   Pre Evacuate Collection Set: 0.1ms
[2020-11-04T22:59:42.070+0800][gc,phases    ] GC(879)   Evacuate Collection Set: 95.8ms
[2020-11-04T22:59:42.070+0800][gc,phases    ] GC(879)   Post Evacuate Collection Set: 4.3ms
[2020-11-04T22:59:42.070+0800][gc,phases    ] GC(879)   Other: 9.2ms
[2020-11-04T22:59:42.070+0800][gc,heap      ] GC(879) Eden regions: 48->0(48)
[2020-11-04T22:59:42.070+0800][gc,heap      ] GC(879) Survivor regions: 3->3(7)
[2020-11-04T22:59:42.070+0800][gc,heap      ] GC(879) Old regions: 205->205
[2020-11-04T22:59:42.070+0800][gc,heap      ] GC(879) Archive regions: 2->2
[2020-11-04T22:59:42.070+0800][gc,heap      ] GC(879) Humongous regions: 130->130
[2020-11-04T22:59:42.070+0800][gc,metaspace ] GC(879) Metaspace: 29508K->29508K(1075200K)
[2020-11-04T22:59:42.070+0800][gc           ] GC(879) Pause Young (Normal) (G1 Evacuation Pause) 386M->338M(1024M) 109.481ms
[2020-11-04T22:59:42.070+0800][gc,cpu       ] GC(879) User=0.03s Sys=0.13s Real=0.11s
[2020-11-04T23:00:48.093+0800][gc,start     ] GC(880) Pause Young (Normal) (G1 Evacuation Pause)
[2020-11-04T23:00:48.108+0800][gc,task      ] GC(880) Using 8 workers of 8 for evacuation
[2020-11-04T23:00:48.339+0800][gc,mmu       ] GC(880) MMU target violated: 21.0ms (20.0ms/21.0ms)
[2020-11-04T23:00:48.343+0800][gc,phases    ] GC(880)   Pre Evacuate Collection Set: 0.2ms
[2020-11-04T23:00:48.343+0800][gc,phases    ] GC(880)   Evacuate Collection Set: 126.8ms
[2020-11-04T23:00:48.343+0800][gc,phases    ] GC(880)   Post Evacuate Collection Set: 29.4ms
[2020-11-04T23:00:48.343+0800][gc,phases    ] GC(880)   Other: 93.3ms
[2020-11-04T23:00:48.343+0800][gc,heap      ] GC(880) Eden regions: 48->0(48)
[2020-11-04T23:00:48.343+0800][gc,heap      ] GC(880) Survivor regions: 3->3(7)
[2020-11-04T23:00:48.343+0800][gc,heap      ] GC(880) Old regions: 205->205
[2020-11-04T23:00:48.343+0800][gc,heap      ] GC(880) Archive regions: 2->2
[2020-11-04T23:00:48.343+0800][gc,heap      ] GC(880) Humongous regions: 130->130
[2020-11-04T23:00:48.343+0800][gc,metaspace ] GC(880) Metaspace: 29508K->29508K(1075200K)
[2020-11-04T23:00:48.353+0800][gc           ] GC(880) Pause Young (Normal) (G1 Evacuation Pause) 386M->338M(1024M) 259.669ms
[2020-11-04T23:00:48.353+0800][gc,cpu       ] GC(880) User=0.03s Sys=0.10s Real=0.26s
[2020-11-04T23:02:00.670+0800][gc,start     ] GC(881) Pause Young (Normal) (G1 Evacuation Pause)
[2020-11-04T23:02:00.672+0800][gc,task      ] GC(881) Using 8 workers of 8 for evacuation
[2020-11-04T23:02:00.734+0800][gc,mmu       ] GC(881) MMU target violated: 21.0ms (20.0ms/21.0ms)
[2020-11-04T23:02:00.734+0800][gc,phases    ] GC(881)   Pre Evacuate Collection Set: 0.1ms
[2020-11-04T23:02:00.735+0800][gc,phases    ] GC(881)   Evacuate Collection Set: 47.3ms
[2020-11-04T23:02:00.735+0800][gc,phases    ] GC(881)   Post Evacuate Collection Set: 4.8ms
[2020-11-04T23:02:00.735+0800][gc,phases    ] GC(881)   Other: 14.2ms
[2020-11-04T23:02:00.735+0800][gc,heap      ] GC(881) Eden regions: 48->0(47)
[2020-11-04T23:02:00.735+0800][gc,heap      ] GC(881) Survivor regions: 3->4(7)
[2020-11-04T23:02:00.735+0800][gc,heap      ] GC(881) Old regions: 205->206
[2020-11-04T23:02:00.735+0800][gc,heap      ] GC(881) Archive regions: 2->2
[2020-11-04T23:02:00.735+0800][gc,heap      ] GC(881) Humongous regions: 130->130
[2020-11-04T23:02:00.735+0800][gc,metaspace ] GC(881) Metaspace: 29508K->29508K(1075200K)
[2020-11-04T23:02:00.735+0800][gc           ] GC(881) Pause Young (Normal) (G1 Evacuation Pause) 386M->339M(1024M) 64.333ms
[2020-11-04T23:02:00.735+0800][gc,cpu       ] GC(881) User=0.01s Sys=0.08s Real=0.06s
[2020-11-04T23:03:03.977+0800][gc,start     ] GC(882) Pause Young (Normal) (G1 Evacuation Pause)
[2020-11-04T23:03:03.977+0800][gc,task      ] GC(882) Using 8 workers of 8 for evacuation
[2020-11-04T23:03:03.991+0800][gc,phases    ] GC(882)   Pre Evacuate Collection Set: 0.0ms
[2020-11-04T23:03:03.991+0800][gc,phases    ] GC(882)   Evacuate Collection Set: 12.3ms
[2020-11-04T23:03:03.991+0800][gc,phases    ] GC(882)   Post Evacuate Collection Set: 0.7ms
[2020-11-04T23:03:03.991+0800][gc,phases    ] GC(882)   Other: 1.3ms
[2020-11-04T23:03:03.991+0800][gc,heap      ] GC(882) Eden regions: 47->0(47)
[2020-11-04T23:03:03.992+0800][gc,heap      ] GC(882) Survivor regions: 4->4(7)
[2020-11-04T23:03:03.992+0800][gc,heap      ] GC(882) Old regions: 206->206
[2020-11-04T23:03:03.992+0800][gc,heap      ] GC(882) Archive regions: 2->2
[2020-11-04T23:03:03.992+0800][gc,heap      ] GC(882) Humongous regions: 130->130
[2020-11-04T23:03:03.992+0800][gc,metaspace ] GC(882) Metaspace: 29508K->29508K(1075200K)
[2020-11-04T23:03:03.992+0800][gc           ] GC(882) Pause Young (Normal) (G1 Evacuation Pause) 386M->338M(1024M) 15.012ms
[2020-11-04T23:03:03.992+0800][gc,cpu       ] GC(882) User=0.01s Sys=0.02s Real=0.02s
[2020-11-04T23:04:07.482+0800][gc,start     ] GC(883) Pause Young (Normal) (G1 Evacuation Pause)
[2020-11-04T23:04:07.483+0800][gc,task      ] GC(883) Using 8 workers of 8 for evacuation
[2020-11-04T23:04:07.499+0800][gc,phases    ] GC(883)   Pre Evacuate Collection Set: 0.1ms
[2020-11-04T23:04:07.499+0800][gc,phases    ] GC(883)   Evacuate Collection Set: 11.6ms
[2020-11-04T23:04:07.499+0800][gc,phases    ] GC(883)   Post Evacuate Collection Set: 1.5ms
[2020-11-04T23:04:07.499+0800][gc,phases    ] GC(883)   Other: 3.8ms
[2020-11-04T23:04:07.499+0800][gc,heap      ] GC(883) Eden regions: 47->0(48)
[2020-11-04T23:04:07.499+0800][gc,heap      ] GC(883) Survivor regions: 4->3(7)
[2020-11-04T23:04:07.499+0800][gc,heap      ] GC(883) Old regions: 206->206
[2020-11-04T23:04:07.499+0800][gc,heap      ] GC(883) Archive regions: 2->2
[2020-11-04T23:04:07.499+0800][gc,heap      ] GC(883) Humongous regions: 130->130
[2020-11-04T23:04:07.499+0800][gc,metaspace ] GC(883) Metaspace: 29508K->29508K(1075200K)
[2020-11-04T23:04:07.499+0800][gc           ] GC(883) Pause Young (Normal) (G1 Evacuation Pause) 385M->338M(1024M) 16.532ms
[2020-11-04T23:04:07.499+0800][gc,cpu       ] GC(883) User=0.02s Sys=0.04s Real=0.01s
[2020-11-04T23:05:11.919+0800][gc,start     ] GC(884) Pause Young (Normal) (G1 Evacuation Pause)
[2020-11-04T23:05:11.919+0800][gc,task      ] GC(884) Using 8 workers of 8 for evacuation
[2020-11-04T23:05:11.932+0800][gc,phases    ] GC(884)   Pre Evacuate Collection Set: 0.0ms
[2020-11-04T23:05:11.932+0800][gc,phases    ] GC(884)   Evacuate Collection Set: 11.2ms
[2020-11-04T23:05:11.932+0800][gc,phases    ] GC(884)   Post Evacuate Collection Set: 0.9ms
[2020-11-04T23:05:11.932+0800][gc,phases    ] GC(884)   Other: 0.5ms
[2020-11-04T23:05:11.932+0800][gc,heap      ] GC(884) Eden regions: 48->0(48)
[2020-11-04T23:05:11.932+0800][gc,heap      ] GC(884) Survivor regions: 3->3(7)
[2020-11-04T23:05:11.932+0800][gc,heap      ] GC(884) Old regions: 206->206
[2020-11-04T23:05:11.932+0800][gc,heap      ] GC(884) Archive regions: 2->2
[2020-11-04T23:05:11.932+0800][gc,heap      ] GC(884) Humongous regions: 130->130
[2020-11-04T23:05:11.932+0800][gc,metaspace ] GC(884) Metaspace: 29508K->29508K(1075200K)
[2020-11-04T23:05:11.932+0800][gc           ] GC(884) Pause Young (Normal) (G1 Evacuation Pause) 386M->338M(1024M) 12.729ms
[2020-11-04T23:05:11.932+0800][gc,cpu       ] GC(884) User=0.02s Sys=0.01s Real=0.02s
[2020-11-04T23:06:16.734+0800][gc,start     ] GC(885) Pause Young (Normal) (G1 Evacuation Pause)
[2020-11-04T23:06:16.737+0800][gc,task      ] GC(885) Using 8 workers of 8 for evacuation
[2020-11-04T23:06:16.798+0800][gc,mmu       ] GC(885) MMU target violated: 21.0ms (20.0ms/21.0ms)
[2020-11-04T23:06:16.798+0800][gc,phases    ] GC(885)   Pre Evacuate Collection Set: 0.2ms
[2020-11-04T23:06:16.798+0800][gc,phases    ] GC(885)   Evacuate Collection Set: 29.7ms
[2020-11-04T23:06:16.798+0800][gc,phases    ] GC(885)   Post Evacuate Collection Set: 3.5ms
[2020-11-04T23:06:16.799+0800][gc,phases    ] GC(885)   Other: 41.0ms
[2020-11-04T23:06:16.799+0800][gc,heap      ] GC(885) Eden regions: 48->0(47)
[2020-11-04T23:06:16.799+0800][gc,heap      ] GC(885) Survivor regions: 3->4(7)
[2020-11-04T23:06:16.799+0800][gc,heap      ] GC(885) Old regions: 206->206
[2020-11-04T23:06:16.799+0800][gc,heap      ] GC(885) Archive regions: 2->2
[2020-11-04T23:06:16.799+0800][gc,heap      ] GC(885) Humongous regions: 130->130
[2020-11-04T23:06:16.799+0800][gc,metaspace ] GC(885) Metaspace: 29508K->29508K(1075200K)
[2020-11-04T23:06:16.800+0800][gc           ] GC(885) Pause Young (Normal) (G1 Evacuation Pause) 386M->339M(1024M) 68.211ms
[2020-11-04T23:06:16.800+0800][gc,cpu       ] GC(885) User=0.02s Sys=0.09s Real=0.07s
[2020-11-04T23:07:20.773+0800][gc,start     ] GC(886) Pause Young (Normal) (G1 Evacuation Pause)
[2020-11-04T23:07:20.773+0800][gc,task      ] GC(886) Using 8 workers of 8 for evacuation
[2020-11-04T23:07:20.849+0800][gc,mmu       ] GC(886) MMU target violated: 21.0ms (20.0ms/21.0ms)
[2020-11-04T23:07:20.849+0800][gc,phases    ] GC(886)   Pre Evacuate Collection Set: 0.1ms
[2020-11-04T23:07:20.849+0800][gc,phases    ] GC(886)   Evacuate Collection Set: 66.3ms
[2020-11-04T23:07:20.850+0800][gc,phases    ] GC(886)   Post Evacuate Collection Set: 2.6ms
[2020-11-04T23:07:20.850+0800][gc,phases    ] GC(886)   Other: 8.0ms
[2020-11-04T23:07:20.850+0800][gc,heap      ] GC(886) Eden regions: 47->0(47)
[2020-11-04T23:07:20.850+0800][gc,heap      ] GC(886) Survivor regions: 4->4(7)
[2020-11-04T23:07:20.850+0800][gc,heap      ] GC(886) Old regions: 206->206
[2020-11-04T23:07:20.850+0800][gc,heap      ] GC(886) Archive regions: 2->2
[2020-11-04T23:07:20.850+0800][gc,heap      ] GC(886) Humongous regions: 130->130
[2020-11-04T23:07:20.850+0800][gc,metaspace ] GC(886) Metaspace: 29508K->29508K(1075200K)
[2020-11-04T23:07:20.850+0800][gc           ] GC(886) Pause Young (Normal) (G1 Evacuation Pause) 386M->339M(1024M) 77.170ms
[2020-11-04T23:07:20.850+0800][gc,cpu       ] GC(886) User=0.03s Sys=0.13s Real=0.08s
[2020-11-04T23:08:24.987+0800][gc,start     ] GC(887) Pause Young (Normal) (G1 Evacuation Pause)
[2020-11-04T23:08:24.988+0800][gc,task      ] GC(887) Using 8 workers of 8 for evacuation
[2020-11-04T23:08:25.020+0800][gc,mmu       ] GC(887) MMU target violated: 21.0ms (20.0ms/21.0ms)
[2020-11-04T23:08:25.020+0800][gc,phases    ] GC(887)   Pre Evacuate Collection Set: 0.1ms
[2020-11-04T23:08:25.020+0800][gc,phases    ] GC(887)   Evacuate Collection Set: 22.4ms
[2020-11-04T23:08:25.020+0800][gc,phases    ] GC(887)   Post Evacuate Collection Set: 3.4ms
[2020-11-04T23:08:25.020+0800][gc,phases    ] GC(887)   Other: 7.0ms
[2020-11-04T23:08:25.020+0800][gc,heap      ] GC(887) Eden regions: 47->0(48)
[2020-11-04T23:08:25.020+0800][gc,heap      ] GC(887) Survivor regions: 4->3(7)
[2020-11-04T23:08:25.020+0800][gc,heap      ] GC(887) Old regions: 206->206
[2020-11-04T23:08:25.020+0800][gc,heap      ] GC(887) Archive regions: 2->2
[2020-11-04T23:08:25.020+0800][gc,heap      ] GC(887) Humongous regions: 130->130
[2020-11-04T23:08:25.020+0800][gc,metaspace ] GC(887) Metaspace: 29508K->29508K(1075200K)
[2020-11-04T23:08:25.020+0800][gc           ] GC(887) Pause Young (Normal) (G1 Evacuation Pause) 386M->338M(1024M) 32.570ms
[2020-11-04T23:08:25.020+0800][gc,cpu       ] GC(887) User=0.02s Sys=0.05s Real=0.04s
[2020-11-04T23:09:30.039+0800][gc,start     ] GC(888) Pause Young (Normal) (G1 Evacuation Pause)
[2020-11-04T23:09:30.039+0800][gc,task      ] GC(888) Using 8 workers of 8 for evacuation
[2020-11-04T23:09:30.085+0800][gc,mmu       ] GC(888) MMU target violated: 21.0ms (20.0ms/21.0ms)
[2020-11-04T23:09:30.085+0800][gc,phases    ] GC(888)   Pre Evacuate Collection Set: 0.1ms
[2020-11-04T23:09:30.085+0800][gc,phases    ] GC(888)   Evacuate Collection Set: 35.3ms
[2020-11-04T23:09:30.085+0800][gc,phases    ] GC(888)   Post Evacuate Collection Set: 4.7ms
[2020-11-04T23:09:30.085+0800][gc,phases    ] GC(888)   Other: 6.5ms
[2020-11-04T23:09:30.085+0800][gc,heap      ] GC(888) Eden regions: 48->0(47)
[2020-11-04T23:09:30.085+0800][gc,heap      ] GC(888) Survivor regions: 3->4(7)
[2020-11-04T23:09:30.085+0800][gc,heap      ] GC(888) Old regions: 206->206
[2020-11-04T23:09:30.085+0800][gc,heap      ] GC(888) Archive regions: 2->2
[2020-11-04T23:09:30.085+0800][gc,heap      ] GC(888) Humongous regions: 130->130
[2020-11-04T23:09:30.085+0800][gc,metaspace ] GC(888) Metaspace: 29508K->29508K(1075200K)
[2020-11-04T23:09:30.086+0800][gc           ] GC(888) Pause Young (Normal) (G1 Evacuation Pause) 386M->340M(1024M) 46.806ms
[2020-11-04T23:09:30.086+0800][gc,cpu       ] GC(888) User=0.02s Sys=0.08s Real=0.05s
[2020-11-04T23:10:33.148+0800][gc,start     ] GC(889) Pause Young (Normal) (G1 Evacuation Pause)
[2020-11-04T23:10:33.149+0800][gc,task      ] GC(889) Using 8 workers of 8 for evacuation
[2020-11-04T23:10:33.209+0800][gc,mmu       ] GC(889) MMU target violated: 21.0ms (20.0ms/21.0ms)
[2020-11-04T23:10:33.209+0800][gc,phases    ] GC(889)   Pre Evacuate Collection Set: 0.1ms
[2020-11-04T23:10:33.209+0800][gc,phases    ] GC(889)   Evacuate Collection Set: 54.8ms
[2020-11-04T23:10:33.209+0800][gc,phases    ] GC(889)   Post Evacuate Collection Set: 1.1ms
[2020-11-04T23:10:33.209+0800][gc,phases    ] GC(889)   Other: 6.1ms
[2020-11-04T23:10:33.209+0800][gc,heap      ] GC(889) Eden regions: 47->0(47)
[2020-11-04T23:10:33.209+0800][gc,heap      ] GC(889) Survivor regions: 4->4(7)
[2020-11-04T23:10:33.209+0800][gc,heap      ] GC(889) Old regions: 206->206
[2020-11-04T23:10:33.209+0800][gc,heap      ] GC(889) Archive regions: 2->2
[2020-11-04T23:10:33.210+0800][gc,heap      ] GC(889) Humongous regions: 130->130
[2020-11-04T23:10:33.210+0800][gc,metaspace ] GC(889) Metaspace: 29508K->29508K(1075200K)
[2020-11-04T23:10:33.210+0800][gc           ] GC(889) Pause Young (Normal) (G1 Evacuation Pause) 387M->339M(1024M) 61.608ms
[2020-11-04T23:10:33.210+0800][gc,cpu       ] GC(889) User=0.02s Sys=0.09s Real=0.07s
[2020-11-04T23:11:36.120+0800][gc,start     ] GC(890) Pause Young (Normal) (G1 Evacuation Pause)
[2020-11-04T23:11:36.121+0800][gc,task      ] GC(890) Using 8 workers of 8 for evacuation
[2020-11-04T23:11:36.149+0800][gc,mmu       ] GC(890) MMU target violated: 21.0ms (20.0ms/21.0ms)
[2020-11-04T23:11:36.149+0800][gc,phases    ] GC(890)   Pre Evacuate Collection Set: 0.2ms
[2020-11-04T23:11:36.149+0800][gc,phases    ] GC(890)   Evacuate Collection Set: 16.9ms
[2020-11-04T23:11:36.149+0800][gc,phases    ] GC(890)   Post Evacuate Collection Set: 2.1ms
[2020-11-04T23:11:36.149+0800][gc,phases    ] GC(890)   Other: 9.8ms
[2020-11-04T23:11:36.149+0800][gc,heap      ] GC(890) Eden regions: 47->0(48)
[2020-11-04T23:11:36.149+0800][gc,heap      ] GC(890) Survivor regions: 4->3(7)
[2020-11-04T23:11:36.149+0800][gc,heap      ] GC(890) Old regions: 206->206
[2020-11-04T23:11:36.149+0800][gc,heap      ] GC(890) Archive regions: 2->2
[2020-11-04T23:11:36.149+0800][gc,heap      ] GC(890) Humongous regions: 130->130
[2020-11-04T23:11:36.149+0800][gc,metaspace ] GC(890) Metaspace: 29508K->29508K(1075200K)
[2020-11-04T23:11:36.149+0800][gc           ] GC(890) Pause Young (Normal) (G1 Evacuation Pause) 386M->339M(1024M) 28.954ms
[2020-11-04T23:11:36.149+0800][gc,cpu       ] GC(890) User=0.03s Sys=0.06s Real=0.02s
[2020-11-04T23:12:42.294+0800][gc,start     ] GC(891) Pause Young (Normal) (G1 Evacuation Pause)
[2020-11-04T23:12:42.296+0800][gc,task      ] GC(891) Using 8 workers of 8 for evacuation
[2020-11-04T23:12:42.363+0800][gc,mmu       ] GC(891) MMU target violated: 21.0ms (20.0ms/21.0ms)
[2020-11-04T23:12:42.364+0800][gc,phases    ] GC(891)   Pre Evacuate Collection Set: 0.1ms
[2020-11-04T23:12:42.364+0800][gc,phases    ] GC(891)   Evacuate Collection Set: 50.9ms
[2020-11-04T23:12:42.364+0800][gc,phases    ] GC(891)   Post Evacuate Collection Set: 5.3ms
[2020-11-04T23:12:42.365+0800][gc,phases    ] GC(891)   Other: 17.9ms
[2020-11-04T23:12:42.366+0800][gc,heap      ] GC(891) Eden regions: 48->0(46)
[2020-11-04T23:12:42.366+0800][gc,heap      ] GC(891) Survivor regions: 3->5(7)
[2020-11-04T23:12:42.366+0800][gc,heap      ] GC(891) Old regions: 206->206
[2020-11-04T23:12:42.366+0800][gc,heap      ] GC(891) Archive regions: 2->2
[2020-11-04T23:12:42.366+0800][gc,heap      ] GC(891) Humongous regions: 130->130
[2020-11-04T23:12:42.366+0800][gc,metaspace ] GC(891) Metaspace: 29508K->29508K(1075200K)
[2020-11-04T23:12:42.367+0800][gc           ] GC(891) Pause Young (Normal) (G1 Evacuation Pause) 387M->340M(1024M) 74.583ms
[2020-11-04T23:12:42.367+0800][gc,cpu       ] GC(891) User=0.04s Sys=0.15s Real=0.07s
[2020-11-04T23:13:44.817+0800][gc,start     ] GC(892) Pause Young (Normal) (G1 Evacuation Pause)
[2020-11-04T23:13:44.819+0800][gc,task      ] GC(892) Using 8 workers of 8 for evacuation
[2020-11-04T23:13:44.865+0800][gc,mmu       ] GC(892) MMU target violated: 21.0ms (20.0ms/21.0ms)
[2020-11-04T23:13:44.866+0800][gc,phases    ] GC(892)   Pre Evacuate Collection Set: 0.1ms
[2020-11-04T23:13:44.866+0800][gc,phases    ] GC(892)   Evacuate Collection Set: 31.0ms
[2020-11-04T23:13:44.866+0800][gc,phases    ] GC(892)   Post Evacuate Collection Set: 4.6ms
[2020-11-04T23:13:44.866+0800][gc,phases    ] GC(892)   Other: 16.7ms
[2020-11-04T23:13:44.866+0800][gc,heap      ] GC(892) Eden regions: 46->0(47)
[2020-11-04T23:13:44.866+0800][gc,heap      ] GC(892) Survivor regions: 5->4(7)
[2020-11-04T23:13:44.866+0800][gc,heap      ] GC(892) Old regions: 206->206
[2020-11-04T23:13:44.866+0800][gc,heap      ] GC(892) Archive regions: 2->2
[2020-11-04T23:13:44.866+0800][gc,heap      ] GC(892) Humongous regions: 130->130
[2020-11-04T23:13:44.867+0800][gc,metaspace ] GC(892) Metaspace: 29508K->29508K(1075200K)
[2020-11-04T23:13:44.867+0800][gc           ] GC(892) Pause Young (Normal) (G1 Evacuation Pause) 386M->340M(1024M) 50.766ms
[2020-11-04T23:13:44.867+0800][gc,cpu       ] GC(892) User=0.02s Sys=0.07s Real=0.05s
[2020-11-04T23:14:55.407+0800][gc,start     ] GC(893) Pause Young (Normal) (G1 Evacuation Pause)
[2020-11-04T23:14:55.463+0800][gc,task      ] GC(893) Using 8 workers of 8 for evacuation
[2020-11-04T23:14:55.907+0800][gc,mmu       ] GC(893) MMU target violated: 21.0ms (20.0ms/21.0ms)
[2020-11-04T23:14:55.917+0800][gc,phases    ] GC(893)   Pre Evacuate Collection Set: 0.2ms
[2020-11-04T23:14:55.917+0800][gc,phases    ] GC(893)   Evacuate Collection Set: 245.7ms
[2020-11-04T23:14:55.917+0800][gc,phases    ] GC(893)   Post Evacuate Collection Set: 27.4ms
[2020-11-04T23:14:55.923+0800][gc,phases    ] GC(893)   Other: 424.3ms
[2020-11-04T23:14:55.928+0800][gc,heap      ] GC(893) Eden regions: 47->0(48)
[2020-11-04T23:14:55.928+0800][gc,heap      ] GC(893) Survivor regions: 4->3(7)
[2020-11-04T23:14:55.928+0800][gc,heap      ] GC(893) Old regions: 206->206
[2020-11-04T23:14:55.928+0800][gc,heap      ] GC(893) Archive regions: 2->2
[2020-11-04T23:14:55.928+0800][gc,heap      ] GC(893) Humongous regions: 130->130
[2020-11-04T23:14:55.938+0800][gc,metaspace ] GC(893) Metaspace: 29508K->29508K(1075200K)
[2020-11-04T23:14:55.944+0800][gc           ] GC(893) Pause Young (Normal) (G1 Evacuation Pause) 387M->339M(1024M) 689.142ms
[2020-11-04T23:14:55.944+0800][gc,cpu       ] GC(893) User=0.03s Sys=0.10s Real=0.69s
[2020-11-04T23:16:02.629+0800][gc,start     ] GC(894) Pause Young (Normal) (G1 Evacuation Pause)
[2020-11-04T23:16:02.688+0800][gc,task      ] GC(894) Using 8 workers of 8 for evacuation
[2020-11-04T23:16:03.024+0800][gc,mmu       ] GC(894) MMU target violated: 21.0ms (20.0ms/21.0ms)
[2020-11-04T23:16:03.024+0800][gc,phases    ] GC(894)   Pre Evacuate Collection Set: 0.7ms
[2020-11-04T23:16:03.024+0800][gc,phases    ] GC(894)   Evacuate Collection Set: 303.5ms
[2020-11-04T23:16:03.024+0800][gc,phases    ] GC(894)   Post Evacuate Collection Set: 20.6ms
[2020-11-04T23:16:03.027+0800][gc,phases    ] GC(894)   Other: 73.3ms
[2020-11-04T23:16:03.027+0800][gc,heap      ] GC(894) Eden regions: 48->0(47)
[2020-11-04T23:16:03.027+0800][gc,heap      ] GC(894) Survivor regions: 3->4(7)
[2020-11-04T23:16:03.027+0800][gc,heap      ] GC(894) Old regions: 206->206
[2020-11-04T23:16:03.027+0800][gc,heap      ] GC(894) Archive regions: 2->2
[2020-11-04T23:16:03.027+0800][gc,heap      ] GC(894) Humongous regions: 130->130
[2020-11-04T23:16:03.028+0800][gc,metaspace ] GC(894) Metaspace: 29508K->29508K(1075200K)
[2020-11-04T23:16:03.033+0800][gc           ] GC(894) Pause Young (Normal) (G1 Evacuation Pause) 387M->340M(1024M) 404.051ms
[2020-11-04T23:16:03.033+0800][gc,cpu       ] GC(894) User=0.04s Sys=0.12s Real=0.41s
[2020-11-04T23:17:09.490+0800][gc,start     ] GC(895) Pause Young (Normal) (G1 Evacuation Pause)
[2020-11-04T23:17:09.511+0800][gc,task      ] GC(895) Using 8 workers of 8 for evacuation
[2020-11-04T23:17:09.854+0800][gc,mmu       ] GC(895) MMU target violated: 21.0ms (20.0ms/21.0ms)
[2020-11-04T23:17:09.855+0800][gc,phases    ] GC(895)   Pre Evacuate Collection Set: 11.1ms
[2020-11-04T23:17:09.855+0800][gc,phases    ] GC(895)   Evacuate Collection Set: 182.8ms
[2020-11-04T23:17:09.855+0800][gc,phases    ] GC(895)   Post Evacuate Collection Set: 28.6ms
[2020-11-04T23:17:09.858+0800][gc,phases    ] GC(895)   Other: 188.3ms
[2020-11-04T23:17:09.862+0800][gc,heap      ] GC(895) Eden regions: 47->0(47)
[2020-11-04T23:17:09.862+0800][gc,heap      ] GC(895) Survivor regions: 4->4(7)
[2020-11-04T23:17:09.862+0800][gc,heap      ] GC(895) Old regions: 206->206
[2020-11-04T23:17:09.862+0800][gc,heap      ] GC(895) Archive regions: 2->2
[2020-11-04T23:17:09.862+0800][gc,heap      ] GC(895) Humongous regions: 130->130
[2020-11-04T23:17:09.866+0800][gc,metaspace ] GC(895) Metaspace: 29508K->29508K(1075200K)
[2020-11-04T23:17:09.866+0800][gc           ] GC(895) Pause Young (Normal) (G1 Evacuation Pause) 387M->340M(1024M) 385.999ms
[2020-11-04T23:17:09.866+0800][gc,cpu       ] GC(895) User=0.04s Sys=0.15s Real=0.38s
[2020-11-04T23:18:14.182+0800][gc,start     ] GC(896) Pause Young (Normal) (G1 Evacuation Pause)
[2020-11-04T23:18:14.186+0800][gc,task      ] GC(896) Using 8 workers of 8 for evacuation
[2020-11-04T23:18:14.292+0800][gc,mmu       ] GC(896) MMU target violated: 21.0ms (20.0ms/21.0ms)
[2020-11-04T23:18:14.292+0800][gc,phases    ] GC(896)   Pre Evacuate Collection Set: 0.1ms
[2020-11-04T23:18:14.292+0800][gc,phases    ] GC(896)   Evacuate Collection Set: 76.5ms
[2020-11-04T23:18:14.292+0800][gc,phases    ] GC(896)   Post Evacuate Collection Set: 6.8ms
[2020-11-04T23:18:14.292+0800][gc,phases    ] GC(896)   Other: 28.1ms
[2020-11-04T23:18:14.292+0800][gc,heap      ] GC(896) Eden regions: 47->0(48)
[2020-11-04T23:18:14.292+0800][gc,heap      ] GC(896) Survivor regions: 4->3(7)
[2020-11-04T23:18:14.292+0800][gc,heap      ] GC(896) Old regions: 206->207
[2020-11-04T23:18:14.292+0800][gc,heap      ] GC(896) Archive regions: 2->2
[2020-11-04T23:18:14.292+0800][gc,heap      ] GC(896) Humongous regions: 130->130
[2020-11-04T23:18:14.292+0800][gc,metaspace ] GC(896) Metaspace: 29508K->29508K(1075200K)
[2020-11-04T23:18:14.297+0800][gc           ] GC(896) Pause Young (Normal) (G1 Evacuation Pause) 387M->339M(1024M) 114.542ms
[2020-11-04T23:18:14.297+0800][gc,cpu       ] GC(896) User=0.03s Sys=0.08s Real=0.11s
[2020-11-04T23:19:20.111+0800][gc,start     ] GC(897) Pause Young (Normal) (G1 Evacuation Pause)
[2020-11-04T23:19:20.147+0800][gc,task      ] GC(897) Using 8 workers of 8 for evacuation
[2020-11-04T23:19:20.390+0800][gc,mmu       ] GC(897) MMU target violated: 21.0ms (20.0ms/21.0ms)
[2020-11-04T23:19:20.395+0800][gc,phases    ] GC(897)   Pre Evacuate Collection Set: 0.2ms
[2020-11-04T23:19:20.395+0800][gc,phases    ] GC(897)   Evacuate Collection Set: 127.1ms
[2020-11-04T23:19:20.395+0800][gc,phases    ] GC(897)   Post Evacuate Collection Set: 23.2ms
[2020-11-04T23:19:20.398+0800][gc,phases    ] GC(897)   Other: 194.1ms
[2020-11-04T23:19:20.401+0800][gc,heap      ] GC(897) Eden regions: 48->0(48)
[2020-11-04T23:19:20.401+0800][gc,heap      ] GC(897) Survivor regions: 3->3(7)
[2020-11-04T23:19:20.401+0800][gc,heap      ] GC(897) Old regions: 207->207
[2020-11-04T23:19:20.401+0800][gc,heap      ] GC(897) Archive regions: 2->2
[2020-11-04T23:19:20.401+0800][gc,heap      ] GC(897) Humongous regions: 130->130
[2020-11-04T23:19:20.406+0800][gc,metaspace ] GC(897) Metaspace: 29508K->29508K(1075200K)
[2020-11-04T23:19:20.406+0800][gc           ] GC(897) Pause Young (Normal) (G1 Evacuation Pause) 387M->339M(1024M) 305.231ms
[2020-11-04T23:19:20.406+0800][gc,cpu       ] GC(897) User=0.04s Sys=0.14s Real=0.30s
[2020-11-04T23:20:24.831+0800][gc,start     ] GC(898) Pause Young (Normal) (G1 Evacuation Pause)
[2020-11-04T23:20:24.835+0800][gc,task      ] GC(898) Using 8 workers of 8 for evacuation
[2020-11-04T23:20:24.905+0800][gc,mmu       ] GC(898) MMU target violated: 21.0ms (20.0ms/21.0ms)
[2020-11-04T23:20:24.905+0800][gc,phases    ] GC(898)   Pre Evacuate Collection Set: 0.1ms
[2020-11-04T23:20:24.905+0800][gc,phases    ] GC(898)   Evacuate Collection Set: 48.8ms
[2020-11-04T23:20:24.905+0800][gc,phases    ] GC(898)   Post Evacuate Collection Set: 10.4ms
[2020-11-04T23:20:24.905+0800][gc,phases    ] GC(898)   Other: 14.7ms
[2020-11-04T23:20:24.905+0800][gc,heap      ] GC(898) Eden regions: 48->0(47)
[2020-11-04T23:20:24.905+0800][gc,heap      ] GC(898) Survivor regions: 3->4(7)
[2020-11-04T23:20:24.905+0800][gc,heap      ] GC(898) Old regions: 207->207
[2020-11-04T23:20:24.905+0800][gc,heap      ] GC(898) Archive regions: 2->2
[2020-11-04T23:20:24.905+0800][gc,heap      ] GC(898) Humongous regions: 130->130
[2020-11-04T23:20:24.905+0800][gc,metaspace ] GC(898) Metaspace: 29508K->29508K(1075200K)
[2020-11-04T23:20:24.907+0800][gc           ] GC(898) Pause Young (Normal) (G1 Evacuation Pause) 387M->340M(1024M) 76.320ms
[2020-11-04T23:20:24.907+0800][gc,cpu       ] GC(898) User=0.03s Sys=0.13s Real=0.07s
[2020-11-04T23:21:28.000+0800][gc,start     ] GC(899) Pause Young (Normal) (G1 Evacuation Pause)
[2020-11-04T23:21:28.000+0800][gc,task      ] GC(899) Using 8 workers of 8 for evacuation
[2020-11-04T23:21:28.029+0800][gc,mmu       ] GC(899) MMU target violated: 21.0ms (20.0ms/21.0ms)
[2020-11-04T23:21:28.029+0800][gc,phases    ] GC(899)   Pre Evacuate Collection Set: 0.1ms
[2020-11-04T23:21:28.029+0800][gc,phases    ] GC(899)   Evacuate Collection Set: 21.1ms
[2020-11-04T23:21:28.029+0800][gc,phases    ] GC(899)   Post Evacuate Collection Set: 1.9ms
[2020-11-04T23:21:28.029+0800][gc,phases    ] GC(899)   Other: 7.4ms
[2020-11-04T23:21:28.029+0800][gc,heap      ] GC(899) Eden regions: 47->0(48)
[2020-11-04T23:21:28.029+0800][gc,heap      ] GC(899) Survivor regions: 4->3(7)
[2020-11-04T23:21:28.029+0800][gc,heap      ] GC(899) Old regions: 207->207
[2020-11-04T23:21:28.029+0800][gc,heap      ] GC(899) Archive regions: 2->2
[2020-11-04T23:21:28.029+0800][gc,heap      ] GC(899) Humongous regions: 130->130
[2020-11-04T23:21:28.029+0800][gc,metaspace ] GC(899) Metaspace: 29508K->29508K(1075200K)
[2020-11-04T23:21:28.029+0800][gc           ] GC(899) Pause Young (Normal) (G1 Evacuation Pause) 387M->339M(1024M) 29.654ms
[2020-11-04T23:21:28.029+0800][gc,cpu       ] GC(899) User=0.02s Sys=0.06s Real=0.02s
[2020-11-04T23:22:32.677+0800][gc,start     ] GC(900) Pause Young (Normal) (G1 Evacuation Pause)
[2020-11-04T23:22:32.678+0800][gc,task      ] GC(900) Using 8 workers of 8 for evacuation
[2020-11-04T23:22:32.708+0800][gc,mmu       ] GC(900) MMU target violated: 21.0ms (20.0ms/21.0ms)
[2020-11-04T23:22:32.708+0800][gc,phases    ] GC(900)   Pre Evacuate Collection Set: 0.1ms
[2020-11-04T23:22:32.708+0800][gc,phases    ] GC(900)   Evacuate Collection Set: 26.1ms
[2020-11-04T23:22:32.708+0800][gc,phases    ] GC(900)   Post Evacuate Collection Set: 2.6ms
[2020-11-04T23:22:32.708+0800][gc,phases    ] GC(900)   Other: 1.9ms
[2020-11-04T23:22:32.708+0800][gc,heap      ] GC(900) Eden regions: 48->0(48)
[2020-11-04T23:22:32.708+0800][gc,heap      ] GC(900) Survivor regions: 3->3(7)
[2020-11-04T23:22:32.708+0800][gc,heap      ] GC(900) Old regions: 207->207
[2020-11-04T23:22:32.708+0800][gc,heap      ] GC(900) Archive regions: 2->2
[2020-11-04T23:22:32.708+0800][gc,heap      ] GC(900) Humongous regions: 130->130
[2020-11-04T23:22:32.708+0800][gc,metaspace ] GC(900) Metaspace: 29508K->29508K(1075200K)
[2020-11-04T23:22:32.709+0800][gc           ] GC(900) Pause Young (Normal) (G1 Evacuation Pause) 387M->339M(1024M) 31.347ms
[2020-11-04T23:22:32.709+0800][gc,cpu       ] GC(900) User=0.03s Sys=0.06s Real=0.03s
[2020-11-04T23:23:37.777+0800][gc,start     ] GC(901) Pause Young (Normal) (G1 Evacuation Pause)
[2020-11-04T23:23:37.779+0800][gc,task      ] GC(901) Using 8 workers of 8 for evacuation
[2020-11-04T23:23:37.815+0800][gc,mmu       ] GC(901) MMU target violated: 21.0ms (20.0ms/21.0ms)
[2020-11-04T23:23:37.815+0800][gc,phases    ] GC(901)   Pre Evacuate Collection Set: 0.2ms
[2020-11-04T23:23:37.815+0800][gc,phases    ] GC(901)   Evacuate Collection Set: 20.4ms
[2020-11-04T23:23:37.815+0800][gc,phases    ] GC(901)   Post Evacuate Collection Set: 2.3ms
[2020-11-04T23:23:37.815+0800][gc,phases    ] GC(901)   Other: 15.2ms
[2020-11-04T23:23:37.815+0800][gc,heap      ] GC(901) Eden regions: 48->0(48)
[2020-11-04T23:23:37.815+0800][gc,heap      ] GC(901) Survivor regions: 3->3(7)
[2020-11-04T23:23:37.815+0800][gc,heap      ] GC(901) Old regions: 207->207
[2020-11-04T23:23:37.815+0800][gc,heap      ] GC(901) Archive regions: 2->2
[2020-11-04T23:23:37.815+0800][gc,heap      ] GC(901) Humongous regions: 130->130
[2020-11-04T23:23:37.815+0800][gc,metaspace ] GC(901) Metaspace: 29508K->29508K(1075200K)
[2020-11-04T23:23:37.815+0800][gc           ] GC(901) Pause Young (Normal) (G1 Evacuation Pause) 387M->339M(1024M) 38.057ms
[2020-11-04T23:23:37.815+0800][gc,cpu       ] GC(901) User=0.02s Sys=0.08s Real=0.04s
[2020-11-04T23:24:44.828+0800][gc,start     ] GC(902) Pause Young (Normal) (G1 Evacuation Pause)
[2020-11-04T23:24:44.847+0800][gc,task      ] GC(902) Using 8 workers of 8 for evacuation
[2020-11-04T23:24:45.128+0800][gc,mmu       ] GC(902) MMU target violated: 21.0ms (20.0ms/21.0ms)
[2020-11-04T23:24:45.134+0800][gc,phases    ] GC(902)   Pre Evacuate Collection Set: 0.2ms
[2020-11-04T23:24:45.134+0800][gc,phases    ] GC(902)   Evacuate Collection Set: 165.2ms
[2020-11-04T23:24:45.135+0800][gc,phases    ] GC(902)   Post Evacuate Collection Set: 21.9ms
[2020-11-04T23:24:45.143+0800][gc,phases    ] GC(902)   Other: 160.4ms
[2020-11-04T23:24:45.148+0800][gc,heap      ] GC(902) Eden regions: 48->0(47)
[2020-11-04T23:24:45.148+0800][gc,heap      ] GC(902) Survivor regions: 3->4(7)
[2020-11-04T23:24:45.148+0800][gc,heap      ] GC(902) Old regions: 207->207
[2020-11-04T23:24:45.148+0800][gc,heap      ] GC(902) Archive regions: 2->2
[2020-11-04T23:24:45.148+0800][gc,heap      ] GC(902) Humongous regions: 130->130
[2020-11-04T23:24:45.152+0800][gc,metaspace ] GC(902) Metaspace: 29508K->29508K(1075200K)
[2020-11-04T23:24:45.162+0800][gc           ] GC(902) Pause Young (Normal) (G1 Evacuation Pause) 387M->340M(1024M) 341.587ms
[2020-11-04T23:24:45.162+0800][gc,cpu       ] GC(902) User=0.03s Sys=0.11s Real=0.34s
[2020-11-04T23:25:49.907+0800][gc,start     ] GC(903) Pause Young (Normal) (G1 Evacuation Pause)
[2020-11-04T23:25:50.306+0800][gc,task      ] GC(903) Using 8 workers of 8 for evacuation
[2020-11-04T23:25:50.617+0800][gc,mmu       ] GC(903) MMU target violated: 21.0ms (20.0ms/21.0ms)
[2020-11-04T23:25:50.620+0800][gc,phases    ] GC(903)   Pre Evacuate Collection Set: 0.1ms
[2020-11-04T23:25:50.620+0800][gc,phases    ] GC(903)   Evacuate Collection Set: 169.4ms
[2020-11-04T23:25:50.620+0800][gc,phases    ] GC(903)   Post Evacuate Collection Set: 20.1ms
[2020-11-04T23:25:50.624+0800][gc,phases    ] GC(903)   Other: 594.2ms
[2020-11-04T23:25:50.627+0800][gc,heap      ] GC(903) Eden regions: 47->0(48)
[2020-11-04T23:25:50.627+0800][gc,heap      ] GC(903) Survivor regions: 4->3(7)
[2020-11-04T23:25:50.627+0800][gc,heap      ] GC(903) Old regions: 207->207
[2020-11-04T23:25:50.627+0800][gc,heap      ] GC(903) Archive regions: 2->2
[2020-11-04T23:25:50.627+0800][gc,heap      ] GC(903) Humongous regions: 130->130
[2020-11-04T23:25:50.630+0800][gc,metaspace ] GC(903) Metaspace: 29508K->29508K(1075200K)
[2020-11-04T23:25:50.635+0800][gc           ] GC(903) Pause Young (Normal) (G1 Evacuation Pause) 387M->340M(1024M) 743.241ms
[2020-11-04T23:25:50.635+0800][gc,cpu       ] GC(903) User=0.04s Sys=0.10s Real=0.74s
[2020-11-04T23:26:55.493+0800][gc,start     ] GC(904) Pause Young (Normal) (G1 Evacuation Pause)
[2020-11-04T23:26:55.494+0800][gc,task      ] GC(904) Using 8 workers of 8 for evacuation
[2020-11-04T23:26:55.528+0800][gc,mmu       ] GC(904) MMU target violated: 21.0ms (20.0ms/21.0ms)
[2020-11-04T23:26:55.529+0800][gc,phases    ] GC(904)   Pre Evacuate Collection Set: 0.1ms
[2020-11-04T23:26:55.529+0800][gc,phases    ] GC(904)   Evacuate Collection Set: 26.7ms
[2020-11-04T23:26:55.529+0800][gc,phases    ] GC(904)   Post Evacuate Collection Set: 2.6ms
[2020-11-04T23:26:55.529+0800][gc,phases    ] GC(904)   Other: 6.7ms
[2020-11-04T23:26:55.529+0800][gc,heap      ] GC(904) Eden regions: 48->0(48)
[2020-11-04T23:26:55.529+0800][gc,heap      ] GC(904) Survivor regions: 3->3(7)
[2020-11-04T23:26:55.529+0800][gc,heap      ] GC(904) Old regions: 207->207
[2020-11-04T23:26:55.529+0800][gc,heap      ] GC(904) Archive regions: 2->2
[2020-11-04T23:26:55.529+0800][gc,heap      ] GC(904) Humongous regions: 130->130
[2020-11-04T23:26:55.529+0800][gc,metaspace ] GC(904) Metaspace: 29508K->29508K(1075200K)
[2020-11-04T23:26:55.529+0800][gc           ] GC(904) Pause Young (Normal) (G1 Evacuation Pause) 388M->339M(1024M) 36.327ms
[2020-11-04T23:26:55.529+0800][gc,cpu       ] GC(904) User=0.02s Sys=0.06s Real=0.03s
[2020-11-04T23:28:00.468+0800][gc,start     ] GC(905) Pause Young (Normal) (G1 Evacuation Pause)
[2020-11-04T23:28:00.485+0800][gc,task      ] GC(905) Using 8 workers of 8 for evacuation
[2020-11-04T23:28:00.559+0800][gc,mmu       ] GC(905) MMU target violated: 21.0ms (20.0ms/21.0ms)
[2020-11-04T23:28:00.561+0800][gc,phases    ] GC(905)   Pre Evacuate Collection Set: 0.1ms
[2020-11-04T23:28:00.561+0800][gc,phases    ] GC(905)   Evacuate Collection Set: 55.6ms
[2020-11-04T23:28:00.561+0800][gc,phases    ] GC(905)   Post Evacuate Collection Set: 3.6ms
[2020-11-04T23:28:00.561+0800][gc,phases    ] GC(905)   Other: 46.8ms
[2020-11-04T23:28:00.562+0800][gc,heap      ] GC(905) Eden regions: 48->0(48)
[2020-11-04T23:28:00.562+0800][gc,heap      ] GC(905) Survivor regions: 3->3(7)
[2020-11-04T23:28:00.562+0800][gc,heap      ] GC(905) Old regions: 207->207
[2020-11-04T23:28:00.562+0800][gc,heap      ] GC(905) Archive regions: 2->2
[2020-11-04T23:28:00.562+0800][gc,heap      ] GC(905) Humongous regions: 130->130
[2020-11-04T23:28:00.562+0800][gc,metaspace ] GC(905) Metaspace: 29508K->29508K(1075200K)
[2020-11-04T23:28:00.563+0800][gc           ] GC(905) Pause Young (Normal) (G1 Evacuation Pause) 387M->339M(1024M) 95.936ms
[2020-11-04T23:28:00.564+0800][gc,cpu       ] GC(905) User=0.03s Sys=0.13s Real=0.10s
[2020-11-04T23:29:10.811+0800][gc,start     ] GC(906) Pause Young (Normal) (G1 Evacuation Pause)
[2020-11-04T23:29:10.815+0800][gc,task      ] GC(906) Using 8 workers of 8 for evacuation
[2020-11-04T23:29:10.888+0800][gc,mmu       ] GC(906) MMU target violated: 21.0ms (20.0ms/21.0ms)
[2020-11-04T23:29:10.889+0800][gc,phases    ] GC(906)   Pre Evacuate Collection Set: 0.1ms
[2020-11-04T23:29:10.889+0800][gc,phases    ] GC(906)   Evacuate Collection Set: 51.4ms
[2020-11-04T23:29:10.889+0800][gc,phases    ] GC(906)   Post Evacuate Collection Set: 4.6ms
[2020-11-04T23:29:10.889+0800][gc,phases    ] GC(906)   Other: 27.1ms
[2020-11-04T23:29:10.889+0800][gc,heap      ] GC(906) Eden regions: 48->0(48)
[2020-11-04T23:29:10.889+0800][gc,heap      ] GC(906) Survivor regions: 3->3(7)
[2020-11-04T23:29:10.889+0800][gc,heap      ] GC(906) Old regions: 207->207
[2020-11-04T23:29:10.889+0800][gc,heap      ] GC(906) Archive regions: 2->2
[2020-11-04T23:29:10.889+0800][gc,heap      ] GC(906) Humongous regions: 130->130
[2020-11-04T23:29:10.889+0800][gc,metaspace ] GC(906) Metaspace: 29508K->29508K(1075200K)
[2020-11-04T23:29:10.890+0800][gc           ] GC(906) Pause Young (Normal) (G1 Evacuation Pause) 387M->340M(1024M) 80.344ms
[2020-11-04T23:29:10.890+0800][gc,cpu       ] GC(906) User=0.03s Sys=0.09s Real=0.08s
[2020-11-04T23:30:16.094+0800][gc,start     ] GC(907) Pause Young (Normal) (G1 Evacuation Pause)
[2020-11-04T23:30:16.096+0800][gc,task      ] GC(907) Using 8 workers of 8 for evacuation
[2020-11-04T23:30:16.159+0800][gc,mmu       ] GC(907) MMU target violated: 21.0ms (20.0ms/21.0ms)
[2020-11-04T23:30:16.160+0800][gc,phases    ] GC(907)   Pre Evacuate Collection Set: 0.1ms
[2020-11-04T23:30:16.160+0800][gc,phases    ] GC(907)   Evacuate Collection Set: 47.1ms
[2020-11-04T23:30:16.160+0800][gc,phases    ] GC(907)   Post Evacuate Collection Set: 5.9ms
[2020-11-04T23:30:16.160+0800][gc,phases    ] GC(907)   Other: 15.8ms
[2020-11-04T23:30:16.161+0800][gc,heap      ] GC(907) Eden regions: 48->0(48)
[2020-11-04T23:30:16.161+0800][gc,heap      ] GC(907) Survivor regions: 3->3(7)
[2020-11-04T23:30:16.161+0800][gc,heap      ] GC(907) Old regions: 207->207
[2020-11-04T23:30:16.161+0800][gc,heap      ] GC(907) Archive regions: 2->2
[2020-11-04T23:30:16.161+0800][gc,heap      ] GC(907) Humongous regions: 130->130
[2020-11-04T23:30:16.161+0800][gc,metaspace ] GC(907) Metaspace: 29508K->29508K(1075200K)
[2020-11-04T23:30:16.161+0800][gc           ] GC(907) Pause Young (Normal) (G1 Evacuation Pause) 388M->340M(1024M) 68.288ms
[2020-11-04T23:30:16.161+0800][gc,cpu       ] GC(907) User=0.02s Sys=0.09s Real=0.07s
[2020-11-04T23:31:20.866+0800][gc,start     ] GC(908) Pause Young (Normal) (G1 Evacuation Pause)
[2020-11-04T23:31:20.867+0800][gc,task      ] GC(908) Using 8 workers of 8 for evacuation
[2020-11-04T23:31:20.956+0800][gc,mmu       ] GC(908) MMU target violated: 21.0ms (20.0ms/21.0ms)
[2020-11-04T23:31:20.956+0800][gc,phases    ] GC(908)   Pre Evacuate Collection Set: 0.7ms
[2020-11-04T23:31:20.956+0800][gc,phases    ] GC(908)   Evacuate Collection Set: 65.1ms
[2020-11-04T23:31:20.956+0800][gc,phases    ] GC(908)   Post Evacuate Collection Set: 5.7ms
[2020-11-04T23:31:20.956+0800][gc,phases    ] GC(908)   Other: 19.7ms
[2020-11-04T23:31:20.956+0800][gc,heap      ] GC(908) Eden regions: 48->0(48)
[2020-11-04T23:31:20.956+0800][gc,heap      ] GC(908) Survivor regions: 3->3(7)
[2020-11-04T23:31:20.956+0800][gc,heap      ] GC(908) Old regions: 207->207
[2020-11-04T23:31:20.956+0800][gc,heap      ] GC(908) Archive regions: 2->2
[2020-11-04T23:31:20.956+0800][gc,heap      ] GC(908) Humongous regions: 130->130
[2020-11-04T23:31:20.956+0800][gc,metaspace ] GC(908) Metaspace: 29508K->29508K(1075200K)
[2020-11-04T23:31:20.957+0800][gc           ] GC(908) Pause Young (Normal) (G1 Evacuation Pause) 388M->340M(1024M) 90.765ms
[2020-11-04T23:31:20.957+0800][gc,cpu       ] GC(908) User=0.02s Sys=0.11s Real=0.09s
[2020-11-04T23:32:25.618+0800][gc,start     ] GC(909) Pause Young (Normal) (G1 Evacuation Pause)
[2020-11-04T23:32:25.620+0800][gc,task      ] GC(909) Using 8 workers of 8 for evacuation
[2020-11-04T23:32:25.721+0800][gc,mmu       ] GC(909) MMU target violated: 21.0ms (20.0ms/21.0ms)
[2020-11-04T23:32:25.721+0800][gc,phases    ] GC(909)   Pre Evacuate Collection Set: 0.1ms
[2020-11-04T23:32:25.721+0800][gc,phases    ] GC(909)   Evacuate Collection Set: 84.8ms
[2020-11-04T23:32:25.721+0800][gc,phases    ] GC(909)   Post Evacuate Collection Set: 6.0ms
[2020-11-04T23:32:25.721+0800][gc,phases    ] GC(909)   Other: 13.1ms
[2020-11-04T23:32:25.721+0800][gc,heap      ] GC(909) Eden regions: 48->0(48)
[2020-11-04T23:32:25.721+0800][gc,heap      ] GC(909) Survivor regions: 3->3(7)
[2020-11-04T23:32:25.721+0800][gc,heap      ] GC(909) Old regions: 207->207
[2020-11-04T23:32:25.721+0800][gc,heap      ] GC(909) Archive regions: 2->2
[2020-11-04T23:32:25.721+0800][gc,heap      ] GC(909) Humongous regions: 130->130
[2020-11-04T23:32:25.721+0800][gc,metaspace ] GC(909) Metaspace: 29508K->29508K(1075200K)
[2020-11-04T23:32:25.721+0800][gc           ] GC(909) Pause Young (Normal) (G1 Evacuation Pause) 388M->339M(1024M) 103.039ms
[2020-11-04T23:32:25.721+0800][gc,cpu       ] GC(909) User=0.02s Sys=0.11s Real=0.11s
[2020-11-04T23:33:32.000+0800][gc,start     ] GC(910) Pause Young (Normal) (G1 Evacuation Pause)
[2020-11-04T23:33:32.002+0800][gc,task      ] GC(910) Using 8 workers of 8 for evacuation
[2020-11-04T23:33:32.072+0800][gc,mmu       ] GC(910) MMU target violated: 21.0ms (20.0ms/21.0ms)
[2020-11-04T23:33:32.072+0800][gc,phases    ] GC(910)   Pre Evacuate Collection Set: 0.1ms
[2020-11-04T23:33:32.072+0800][gc,phases    ] GC(910)   Evacuate Collection Set: 52.4ms
[2020-11-04T23:33:32.074+0800][gc,phases    ] GC(910)   Post Evacuate Collection Set: 2.9ms
[2020-11-04T23:33:32.074+0800][gc,phases    ] GC(910)   Other: 20.7ms
[2020-11-04T23:33:32.075+0800][gc,heap      ] GC(910) Eden regions: 48->0(47)
[2020-11-04T23:33:32.075+0800][gc,heap      ] GC(910) Survivor regions: 3->4(7)
[2020-11-04T23:33:32.075+0800][gc,heap      ] GC(910) Old regions: 207->208
[2020-11-04T23:33:32.075+0800][gc,heap      ] GC(910) Archive regions: 2->2
[2020-11-04T23:33:32.075+0800][gc,heap      ] GC(910) Humongous regions: 130->130
[2020-11-04T23:33:32.075+0800][gc,metaspace ] GC(910) Metaspace: 29508K->29508K(1075200K)
[2020-11-04T23:33:32.076+0800][gc           ] GC(910) Pause Young (Normal) (G1 Evacuation Pause) 387M->340M(1024M) 76.763ms
[2020-11-04T23:33:32.076+0800][gc,cpu       ] GC(910) User=0.02s Sys=0.13s Real=0.08s
[2020-11-04T23:34:37.354+0800][gc,start     ] GC(911) Pause Young (Normal) (G1 Evacuation Pause)
[2020-11-04T23:34:37.411+0800][gc,task      ] GC(911) Using 8 workers of 8 for evacuation
[2020-11-04T23:34:37.860+0800][gc,mmu       ] GC(911) MMU target violated: 21.0ms (20.0ms/21.0ms)
[2020-11-04T23:34:37.868+0800][gc,phases    ] GC(911)   Pre Evacuate Collection Set: 0.1ms
[2020-11-04T23:34:37.868+0800][gc,phases    ] GC(911)   Evacuate Collection Set: 272.1ms
[2020-11-04T23:34:37.868+0800][gc,phases    ] GC(911)   Post Evacuate Collection Set: 44.1ms
[2020-11-04T23:34:37.870+0800][gc,phases    ] GC(911)   Other: 329.6ms
[2020-11-04T23:34:37.874+0800][gc,heap      ] GC(911) Eden regions: 47->0(48)
[2020-11-04T23:34:37.874+0800][gc,heap      ] GC(911) Survivor regions: 4->3(7)
[2020-11-04T23:34:37.874+0800][gc,heap      ] GC(911) Old regions: 208->208
[2020-11-04T23:34:37.874+0800][gc,heap      ] GC(911) Archive regions: 2->2
[2020-11-04T23:34:37.874+0800][gc,heap      ] GC(911) Humongous regions: 130->130
[2020-11-04T23:34:37.877+0800][gc,metaspace ] GC(911) Metaspace: 29508K->29508K(1075200K)
[2020-11-04T23:34:37.895+0800][gc           ] GC(911) Pause Young (Normal) (G1 Evacuation Pause) 387M->340M(1024M) 569.031ms
[2020-11-04T23:34:37.895+0800][gc,cpu       ] GC(911) User=0.02s Sys=0.14s Real=0.58s
[2020-11-04T23:35:44.223+0800][gc,start     ] GC(912) Pause Young (Normal) (G1 Evacuation Pause)
[2020-11-04T23:35:44.236+0800][gc,task      ] GC(912) Using 8 workers of 8 for evacuation
[2020-11-04T23:35:44.714+0800][gc,mmu       ] GC(912) MMU target violated: 21.0ms (20.0ms/21.0ms)
[2020-11-04T23:35:44.738+0800][gc,phases    ] GC(912)   Pre Evacuate Collection Set: 0.2ms
[2020-11-04T23:35:44.738+0800][gc,phases    ] GC(912)   Evacuate Collection Set: 109.7ms
[2020-11-04T23:35:44.738+0800][gc,phases    ] GC(912)   Post Evacuate Collection Set: 322.1ms
[2020-11-04T23:35:44.749+0800][gc,phases    ] GC(912)   Other: 76.5ms
[2020-11-04T23:35:44.753+0800][gc,heap      ] GC(912) Eden regions: 48->0(48)
[2020-11-04T23:35:44.753+0800][gc,heap      ] GC(912) Survivor regions: 3->3(7)
[2020-11-04T23:35:44.753+0800][gc,heap      ] GC(912) Old regions: 208->208
[2020-11-04T23:35:44.753+0800][gc,heap      ] GC(912) Archive regions: 2->2
[2020-11-04T23:35:44.753+0800][gc,heap      ] GC(912) Humongous regions: 130->130
[2020-11-04T23:35:44.761+0800][gc,metaspace ] GC(912) Metaspace: 29508K->29508K(1075200K)
[2020-11-04T23:35:44.778+0800][gc           ] GC(912) Pause Young (Normal) (G1 Evacuation Pause) 388M->340M(1024M) 555.159ms
[2020-11-04T23:35:44.778+0800][gc,cpu       ] GC(912) User=0.03s Sys=0.14s Real=0.55s
[2020-11-04T23:36:50.075+0800][gc,start     ] GC(913) Pause Young (Normal) (G1 Evacuation Pause)
[2020-11-04T23:36:50.082+0800][gc,task      ] GC(913) Using 8 workers of 8 for evacuation
[2020-11-04T23:36:50.415+0800][gc,mmu       ] GC(913) MMU target violated: 21.0ms (20.0ms/21.0ms)
[2020-11-04T23:36:50.421+0800][gc,phases    ] GC(913)   Pre Evacuate Collection Set: 7.0ms
[2020-11-04T23:36:50.421+0800][gc,phases    ] GC(913)   Evacuate Collection Set: 121.8ms
[2020-11-04T23:36:50.421+0800][gc,phases    ] GC(913)   Post Evacuate Collection Set: 48.7ms
[2020-11-04T23:36:50.428+0800][gc,phases    ] GC(913)   Other: 175.8ms
[2020-11-04T23:36:50.428+0800][gc,heap      ] GC(913) Eden regions: 48->0(48)
[2020-11-04T23:36:50.428+0800][gc,heap      ] GC(913) Survivor regions: 3->3(7)
[2020-11-04T23:36:50.428+0800][gc,heap      ] GC(913) Old regions: 208->208
[2020-11-04T23:36:50.428+0800][gc,heap      ] GC(913) Archive regions: 2->2
[2020-11-04T23:36:50.428+0800][gc,heap      ] GC(913) Humongous regions: 130->130
[2020-11-04T23:36:50.428+0800][gc,metaspace ] GC(913) Metaspace: 29508K->29508K(1075200K)
[2020-11-04T23:36:50.428+0800][gc           ] GC(913) Pause Young (Normal) (G1 Evacuation Pause) 388M->340M(1024M) 353.243ms
[2020-11-04T23:36:50.428+0800][gc,cpu       ] GC(913) User=0.03s Sys=0.16s Real=0.35s
[2020-11-04T23:37:55.857+0800][gc,start     ] GC(914) Pause Young (Normal) (G1 Evacuation Pause)
[2020-11-04T23:37:55.859+0800][gc,task      ] GC(914) Using 8 workers of 8 for evacuation
[2020-11-04T23:37:55.937+0800][gc,mmu       ] GC(914) MMU target violated: 21.0ms (20.0ms/21.0ms)
[2020-11-04T23:37:55.939+0800][gc,phases    ] GC(914)   Pre Evacuate Collection Set: 0.1ms
[2020-11-04T23:37:55.939+0800][gc,phases    ] GC(914)   Evacuate Collection Set: 62.3ms
[2020-11-04T23:37:55.939+0800][gc,phases    ] GC(914)   Post Evacuate Collection Set: 3.2ms
[2020-11-04T23:37:55.940+0800][gc,phases    ] GC(914)   Other: 21.6ms
[2020-11-04T23:37:55.940+0800][gc,heap      ] GC(914) Eden regions: 48->0(47)
[2020-11-04T23:37:55.940+0800][gc,heap      ] GC(914) Survivor regions: 3->4(7)
[2020-11-04T23:37:55.940+0800][gc,heap      ] GC(914) Old regions: 208->208
[2020-11-04T23:37:55.940+0800][gc,heap      ] GC(914) Archive regions: 2->2
[2020-11-04T23:37:55.941+0800][gc,heap      ] GC(914) Humongous regions: 130->130
[2020-11-04T23:37:55.941+0800][gc,metaspace ] GC(914) Metaspace: 29508K->29508K(1075200K)
[2020-11-04T23:37:55.943+0800][gc           ] GC(914) Pause Young (Normal) (G1 Evacuation Pause) 388M->341M(1024M) 88.194ms
[2020-11-04T23:37:55.943+0800][gc,cpu       ] GC(914) User=0.02s Sys=0.09s Real=0.09s
[2020-11-04T23:38:58.432+0800][gc,start     ] GC(915) Pause Young (Normal) (G1 Evacuation Pause)
[2020-11-04T23:38:58.434+0800][gc,task      ] GC(915) Using 8 workers of 8 for evacuation
[2020-11-04T23:38:58.547+0800][gc,mmu       ] GC(915) MMU target violated: 21.0ms (20.0ms/21.0ms)
[2020-11-04T23:38:58.547+0800][gc,phases    ] GC(915)   Pre Evacuate Collection Set: 0.1ms
[2020-11-04T23:38:58.547+0800][gc,phases    ] GC(915)   Evacuate Collection Set: 46.4ms
[2020-11-04T23:38:58.547+0800][gc,phases    ] GC(915)   Post Evacuate Collection Set: 51.6ms
[2020-11-04T23:38:58.547+0800][gc,phases    ] GC(915)   Other: 20.4ms
[2020-11-04T23:38:58.548+0800][gc,heap      ] GC(915) Eden regions: 47->0(47)
[2020-11-04T23:38:58.548+0800][gc,heap      ] GC(915) Survivor regions: 4->4(7)
[2020-11-04T23:38:58.548+0800][gc,heap      ] GC(915) Old regions: 208->208
[2020-11-04T23:38:58.548+0800][gc,heap      ] GC(915) Archive regions: 2->2
[2020-11-04T23:38:58.548+0800][gc,heap      ] GC(915) Humongous regions: 130->130
[2020-11-04T23:38:58.548+0800][gc,metaspace ] GC(915) Metaspace: 29508K->29508K(1075200K)
[2020-11-04T23:38:58.549+0800][gc           ] GC(915) Pause Young (Normal) (G1 Evacuation Pause) 388M->341M(1024M) 117.449ms
[2020-11-04T23:38:58.549+0800][gc,cpu       ] GC(915) User=0.02s Sys=0.08s Real=0.11s
[2020-11-04T23:40:02.502+0800][gc,start     ] GC(916) Pause Young (Normal) (G1 Evacuation Pause)
[2020-11-04T23:40:02.504+0800][gc,task      ] GC(916) Using 8 workers of 8 for evacuation
[2020-11-04T23:40:02.584+0800][gc,mmu       ] GC(916) MMU target violated: 21.0ms (20.0ms/21.0ms)
[2020-11-04T23:40:02.584+0800][gc,phases    ] GC(916)   Pre Evacuate Collection Set: 0.1ms
[2020-11-04T23:40:02.584+0800][gc,phases    ] GC(916)   Evacuate Collection Set: 64.5ms
[2020-11-04T23:40:02.584+0800][gc,phases    ] GC(916)   Post Evacuate Collection Set: 3.6ms
[2020-11-04T23:40:02.584+0800][gc,phases    ] GC(916)   Other: 16.7ms
[2020-11-04T23:40:02.585+0800][gc,heap      ] GC(916) Eden regions: 47->0(48)
[2020-11-04T23:40:02.585+0800][gc,heap      ] GC(916) Survivor regions: 4->3(7)
[2020-11-04T23:40:02.585+0800][gc,heap      ] GC(916) Old regions: 208->208
[2020-11-04T23:40:02.585+0800][gc,heap      ] GC(916) Archive regions: 2->2
[2020-11-04T23:40:02.585+0800][gc,heap      ] GC(916) Humongous regions: 130->130
[2020-11-04T23:40:02.585+0800][gc,metaspace ] GC(916) Metaspace: 29508K->29508K(1075200K)
[2020-11-04T23:40:02.586+0800][gc           ] GC(916) Pause Young (Normal) (G1 Evacuation Pause) 388M->340M(1024M) 84.859ms
[2020-11-04T23:40:02.586+0800][gc,cpu       ] GC(916) User=0.02s Sys=0.10s Real=0.08s
[2020-11-04T23:41:07.350+0800][gc,start     ] GC(917) Pause Young (Normal) (G1 Evacuation Pause)
[2020-11-04T23:41:07.351+0800][gc,task      ] GC(917) Using 8 workers of 8 for evacuation
[2020-11-04T23:41:07.384+0800][gc,mmu       ] GC(917) MMU target violated: 21.0ms (20.0ms/21.0ms)
[2020-11-04T23:41:07.385+0800][gc,phases    ] GC(917)   Pre Evacuate Collection Set: 0.1ms
[2020-11-04T23:41:07.385+0800][gc,phases    ] GC(917)   Evacuate Collection Set: 27.6ms
[2020-11-04T23:41:07.385+0800][gc,phases    ] GC(917)   Post Evacuate Collection Set: 1.0ms
[2020-11-04T23:41:07.385+0800][gc,phases    ] GC(917)   Other: 6.7ms
[2020-11-04T23:41:07.385+0800][gc,heap      ] GC(917) Eden regions: 48->0(47)
[2020-11-04T23:41:07.385+0800][gc,heap      ] GC(917) Survivor regions: 3->4(7)
[2020-11-04T23:41:07.385+0800][gc,heap      ] GC(917) Old regions: 208->208
[2020-11-04T23:41:07.385+0800][gc,heap      ] GC(917) Archive regions: 2->2
[2020-11-04T23:41:07.385+0800][gc,heap      ] GC(917) Humongous regions: 130->130
[2020-11-04T23:41:07.385+0800][gc,metaspace ] GC(917) Metaspace: 29508K->29508K(1075200K)
[2020-11-04T23:41:07.385+0800][gc           ] GC(917) Pause Young (Normal) (G1 Evacuation Pause) 388M->342M(1024M) 34.240ms
[2020-11-04T23:41:07.385+0800][gc,cpu       ] GC(917) User=0.01s Sys=0.05s Real=0.03s
[2020-11-04T23:42:10.510+0800][gc,start     ] GC(918) Pause Young (Normal) (G1 Evacuation Pause)
[2020-11-04T23:42:10.511+0800][gc,task      ] GC(918) Using 8 workers of 8 for evacuation
[2020-11-04T23:42:10.546+0800][gc,mmu       ] GC(918) MMU target violated: 21.0ms (20.0ms/21.0ms)
[2020-11-04T23:42:10.546+0800][gc,phases    ] GC(918)   Pre Evacuate Collection Set: 0.1ms
[2020-11-04T23:42:10.546+0800][gc,phases    ] GC(918)   Evacuate Collection Set: 23.7ms
[2020-11-04T23:42:10.546+0800][gc,phases    ] GC(918)   Post Evacuate Collection Set: 1.8ms
[2020-11-04T23:42:10.546+0800][gc,phases    ] GC(918)   Other: 10.6ms
[2020-11-04T23:42:10.546+0800][gc,heap      ] GC(918) Eden regions: 47->0(47)
[2020-11-04T23:42:10.546+0800][gc,heap      ] GC(918) Survivor regions: 4->4(7)
[2020-11-04T23:42:10.546+0800][gc,heap      ] GC(918) Old regions: 208->208
[2020-11-04T23:42:10.546+0800][gc,heap      ] GC(918) Archive regions: 2->2
[2020-11-04T23:42:10.546+0800][gc,heap      ] GC(918) Humongous regions: 130->130
[2020-11-04T23:42:10.546+0800][gc,metaspace ] GC(918) Metaspace: 29508K->29508K(1075200K)
[2020-11-04T23:42:10.547+0800][gc           ] GC(918) Pause Young (Normal) (G1 Evacuation Pause) 389M->341M(1024M) 36.765ms
[2020-11-04T23:42:10.547+0800][gc,cpu       ] GC(918) User=0.03s Sys=0.08s Real=0.03s
[2020-11-04T23:43:14.279+0800][gc,start     ] GC(919) Pause Young (Normal) (G1 Evacuation Pause)
[2020-11-04T23:43:14.280+0800][gc,task      ] GC(919) Using 8 workers of 8 for evacuation
[2020-11-04T23:43:14.315+0800][gc,mmu       ] GC(919) MMU target violated: 21.0ms (20.0ms/21.0ms)
[2020-11-04T23:43:14.315+0800][gc,phases    ] GC(919)   Pre Evacuate Collection Set: 0.2ms
[2020-11-04T23:43:14.315+0800][gc,phases    ] GC(919)   Evacuate Collection Set: 23.8ms
[2020-11-04T23:43:14.315+0800][gc,phases    ] GC(919)   Post Evacuate Collection Set: 2.3ms
[2020-11-04T23:43:14.316+0800][gc,phases    ] GC(919)   Other: 11.7ms
[2020-11-04T23:43:14.316+0800][gc,heap      ] GC(919) Eden regions: 47->0(47)
[2020-11-04T23:43:14.316+0800][gc,heap      ] GC(919) Survivor regions: 4->4(7)
[2020-11-04T23:43:14.316+0800][gc,heap      ] GC(919) Old regions: 208->208
[2020-11-04T23:43:14.316+0800][gc,heap      ] GC(919) Archive regions: 2->2
[2020-11-04T23:43:14.316+0800][gc,heap      ] GC(919) Humongous regions: 130->130
[2020-11-04T23:43:14.316+0800][gc,metaspace ] GC(919) Metaspace: 29508K->29508K(1075200K)
[2020-11-04T23:43:14.316+0800][gc           ] GC(919) Pause Young (Normal) (G1 Evacuation Pause) 388M->341M(1024M) 36.976ms
[2020-11-04T23:43:14.316+0800][gc,cpu       ] GC(919) User=0.02s Sys=0.08s Real=0.04s
[2020-11-04T23:44:17.853+0800][gc,start     ] GC(920) Pause Young (Normal) (G1 Evacuation Pause)
[2020-11-04T23:44:17.853+0800][gc,task      ] GC(920) Using 8 workers of 8 for evacuation
[2020-11-04T23:44:17.934+0800][gc,mmu       ] GC(920) MMU target violated: 21.0ms (20.0ms/21.0ms)
[2020-11-04T23:44:17.934+0800][gc,phases    ] GC(920)   Pre Evacuate Collection Set: 0.1ms
[2020-11-04T23:44:17.934+0800][gc,phases    ] GC(920)   Evacuate Collection Set: 64.9ms
[2020-11-04T23:44:17.934+0800][gc,phases    ] GC(920)   Post Evacuate Collection Set: 4.4ms
[2020-11-04T23:44:17.934+0800][gc,phases    ] GC(920)   Other: 12.1ms
[2020-11-04T23:44:17.934+0800][gc,heap      ] GC(920) Eden regions: 47->0(48)
[2020-11-04T23:44:17.934+0800][gc,heap      ] GC(920) Survivor regions: 4->3(7)
[2020-11-04T23:44:17.934+0800][gc,heap      ] GC(920) Old regions: 208->208
[2020-11-04T23:44:17.934+0800][gc,heap      ] GC(920) Archive regions: 2->2
[2020-11-04T23:44:17.934+0800][gc,heap      ] GC(920) Humongous regions: 130->130
[2020-11-04T23:44:17.934+0800][gc,metaspace ] GC(920) Metaspace: 29508K->29508K(1075200K)
[2020-11-04T23:44:17.934+0800][gc           ] GC(920) Pause Young (Normal) (G1 Evacuation Pause) 388M->341M(1024M) 81.806ms
[2020-11-04T23:44:17.934+0800][gc,cpu       ] GC(920) User=0.03s Sys=0.11s Real=0.08s
[2020-11-04T23:45:24.795+0800][gc,start     ] GC(921) Pause Young (Normal) (G1 Evacuation Pause)
[2020-11-04T23:45:24.797+0800][gc,task      ] GC(921) Using 8 workers of 8 for evacuation
[2020-11-04T23:45:24.900+0800][gc,mmu       ] GC(921) MMU target violated: 21.0ms (20.0ms/21.0ms)
[2020-11-04T23:45:24.900+0800][gc,phases    ] GC(921)   Pre Evacuate Collection Set: 0.1ms
[2020-11-04T23:45:24.900+0800][gc,phases    ] GC(921)   Evacuate Collection Set: 53.0ms
[2020-11-04T23:45:24.900+0800][gc,phases    ] GC(921)   Post Evacuate Collection Set: 6.2ms
[2020-11-04T23:45:24.900+0800][gc,phases    ] GC(921)   Other: 94.7ms
[2020-11-04T23:45:24.901+0800][gc,heap      ] GC(921) Eden regions: 48->0(47)
[2020-11-04T23:45:24.901+0800][gc,heap      ] GC(921) Survivor regions: 3->4(7)
[2020-11-04T23:45:24.901+0800][gc,heap      ] GC(921) Old regions: 208->208
[2020-11-04T23:45:24.901+0800][gc,heap      ] GC(921) Archive regions: 2->2
[2020-11-04T23:45:24.901+0800][gc,heap      ] GC(921) Humongous regions: 130->130
[2020-11-04T23:45:24.901+0800][gc,metaspace ] GC(921) Metaspace: 29508K->29508K(1075200K)
[2020-11-04T23:45:24.901+0800][gc           ] GC(921) Pause Young (Normal) (G1 Evacuation Pause) 389M->342M(1024M) 111.893ms
[2020-11-04T23:45:24.901+0800][gc,cpu       ] GC(921) User=0.03s Sys=0.13s Real=0.12s
[2020-11-05T02:50:44.724+0800][gc,start     ] GC(922) Pause Young (Normal) (G1 Evacuation Pause)
[2020-11-05T02:50:44.727+0800][gc,task      ] GC(922) Using 8 workers of 8 for evacuation
[2020-11-05T02:50:44.894+0800][gc,mmu       ] GC(922) MMU target violated: 21.0ms (20.0ms/21.0ms)
[2020-11-05T02:50:44.894+0800][gc,phases    ] GC(922)   Pre Evacuate Collection Set: 1.7ms
[2020-11-05T02:50:44.894+0800][gc,phases    ] GC(922)   Evacuate Collection Set: 144.2ms
[2020-11-05T02:50:44.894+0800][gc,phases    ] GC(922)   Post Evacuate Collection Set: 5.7ms
[2020-11-05T02:50:44.895+0800][gc,phases    ] GC(922)   Other: 24.4ms
[2020-11-05T02:50:44.895+0800][gc,heap      ] GC(922) Eden regions: 47->0(47)
[2020-11-05T02:50:44.895+0800][gc,heap      ] GC(922) Survivor regions: 4->4(7)
[2020-11-05T02:50:44.895+0800][gc,heap      ] GC(922) Old regions: 208->208
[2020-11-05T02:50:44.895+0800][gc,heap      ] GC(922) Archive regions: 2->2
[2020-11-05T02:50:44.895+0800][gc,heap      ] GC(922) Humongous regions: 130->130
[2020-11-05T02:50:44.895+0800][gc,metaspace ] GC(922) Metaspace: 29533K->29533K(1075200K)
[2020-11-05T02:50:44.896+0800][gc           ] GC(922) Pause Young (Normal) (G1 Evacuation Pause) 389M->341M(1024M) 172.778ms
[2020-11-05T02:50:44.896+0800][gc,cpu       ] GC(922) User=0.02s Sys=0.22s Real=0.17s
[2020-11-05T09:13:28.056+0800][gc,start     ] GC(923) Pause Young (Normal) (G1 Evacuation Pause)
[2020-11-05T09:13:28.067+0800][gc,task      ] GC(923) Using 8 workers of 8 for evacuation
[2020-11-05T09:13:28.255+0800][gc,mmu       ] GC(923) MMU target violated: 21.0ms (20.0ms/21.0ms)
[2020-11-05T09:13:28.255+0800][gc,phases    ] GC(923)   Pre Evacuate Collection Set: 2.5ms
[2020-11-05T09:13:28.255+0800][gc,phases    ] GC(923)   Evacuate Collection Set: 104.7ms
[2020-11-05T09:13:28.255+0800][gc,phases    ] GC(923)   Post Evacuate Collection Set: 17.6ms
[2020-11-05T09:13:28.256+0800][gc,phases    ] GC(923)   Other: 86.0ms
[2020-11-05T09:13:28.256+0800][gc,heap      ] GC(923) Eden regions: 47->0(47)
[2020-11-05T09:13:28.256+0800][gc,heap      ] GC(923) Survivor regions: 4->4(7)
[2020-11-05T09:13:28.256+0800][gc,heap      ] GC(923) Old regions: 208->208
[2020-11-05T09:13:28.256+0800][gc,heap      ] GC(923) Archive regions: 2->2
[2020-11-05T09:13:28.256+0800][gc,heap      ] GC(923) Humongous regions: 130->130
[2020-11-05T09:13:28.256+0800][gc,metaspace ] GC(923) Metaspace: 29590K->29590K(1077248K)
[2020-11-05T09:13:28.256+0800][gc           ] GC(923) Pause Young (Normal) (G1 Evacuation Pause) 388M->342M(1024M) 202.340ms
[2020-11-05T09:13:28.256+0800][gc,cpu       ] GC(923) User=0.02s Sys=0.21s Real=0.20s
[2020-11-05T09:54:50.562+0800][gc,start     ] GC(924) Pause Young (Normal) (G1 Evacuation Pause)
[2020-11-05T09:54:50.564+0800][gc,task      ] GC(924) Using 8 workers of 8 for evacuation
[2020-11-05T09:54:50.640+0800][gc,mmu       ] GC(924) MMU target violated: 21.0ms (20.0ms/21.0ms)
[2020-11-05T09:54:50.640+0800][gc,phases    ] GC(924)   Pre Evacuate Collection Set: 1.1ms
[2020-11-05T09:54:50.640+0800][gc,phases    ] GC(924)   Evacuate Collection Set: 40.7ms
[2020-11-05T09:54:50.640+0800][gc,phases    ] GC(924)   Post Evacuate Collection Set: 4.9ms
[2020-11-05T09:54:50.640+0800][gc,phases    ] GC(924)   Other: 33.0ms
[2020-11-05T09:54:50.640+0800][gc,heap      ] GC(924) Eden regions: 47->0(47)
[2020-11-05T09:54:50.640+0800][gc,heap      ] GC(924) Survivor regions: 4->4(7)
[2020-11-05T09:54:50.640+0800][gc,heap      ] GC(924) Old regions: 208->208
[2020-11-05T09:54:50.640+0800][gc,heap      ] GC(924) Archive regions: 2->2
[2020-11-05T09:54:50.640+0800][gc,heap      ] GC(924) Humongous regions: 130->130
[2020-11-05T09:54:50.640+0800][gc,metaspace ] GC(924) Metaspace: 29603K->29603K(1077248K)
[2020-11-05T09:54:50.641+0800][gc           ] GC(924) Pause Young (Normal) (G1 Evacuation Pause) 389M->342M(1024M) 80.199ms
[2020-11-05T09:54:50.641+0800][gc,cpu       ] GC(924) User=0.03s Sys=0.12s Real=0.08s
[2020-11-05T11:14:18.804+0800][gc,start     ] GC(925) Pause Young (Normal) (G1 Evacuation Pause)
[2020-11-05T11:14:18.809+0800][gc,task      ] GC(925) Using 8 workers of 8 for evacuation
[2020-11-05T11:14:18.882+0800][gc,mmu       ] GC(925) MMU target violated: 21.0ms (20.0ms/21.0ms)
[2020-11-05T11:14:18.882+0800][gc,phases    ] GC(925)   Pre Evacuate Collection Set: 0.3ms
[2020-11-05T11:14:18.882+0800][gc,phases    ] GC(925)   Evacuate Collection Set: 33.9ms
[2020-11-05T11:14:18.882+0800][gc,phases    ] GC(925)   Post Evacuate Collection Set: 6.6ms
[2020-11-05T11:14:18.882+0800][gc,phases    ] GC(925)   Other: 45.0ms
[2020-11-05T11:14:18.883+0800][gc,heap      ] GC(925) Eden regions: 47->0(47)
[2020-11-05T11:14:18.883+0800][gc,heap      ] GC(925) Survivor regions: 4->4(7)
[2020-11-05T11:14:18.883+0800][gc,heap      ] GC(925) Old regions: 208->208
[2020-11-05T11:14:18.883+0800][gc,heap      ] GC(925) Archive regions: 2->2
[2020-11-05T11:14:18.883+0800][gc,heap      ] GC(925) Humongous regions: 130->130
[2020-11-05T11:14:18.883+0800][gc,metaspace ] GC(925) Metaspace: 29630K->29630K(1077248K)
[2020-11-05T11:14:18.883+0800][gc           ] GC(925) Pause Young (Normal) (G1 Evacuation Pause) 389M->342M(1024M) 81.111ms
[2020-11-05T11:14:18.883+0800][gc,cpu       ] GC(925) User=0.03s Sys=0.13s Real=0.08s
[2020-11-05T11:56:23.859+0800][gc,start     ] GC(926) Pause Young (Normal) (G1 Evacuation Pause)
[2020-11-05T11:56:23.863+0800][gc,task      ] GC(926) Using 8 workers of 8 for evacuation
[2020-11-05T11:56:23.942+0800][gc,mmu       ] GC(926) MMU target violated: 21.0ms (20.0ms/21.0ms)
[2020-11-05T11:56:23.942+0800][gc,phases    ] GC(926)   Pre Evacuate Collection Set: 0.1ms
[2020-11-05T11:56:23.942+0800][gc,phases    ] GC(926)   Evacuate Collection Set: 39.0ms
[2020-11-05T11:56:23.942+0800][gc,phases    ] GC(926)   Post Evacuate Collection Set: 9.9ms
[2020-11-05T11:56:23.943+0800][gc,phases    ] GC(926)   Other: 41.3ms
[2020-11-05T11:56:23.943+0800][gc,heap      ] GC(926) Eden regions: 47->0(47)
[2020-11-05T11:56:23.943+0800][gc,heap      ] GC(926) Survivor regions: 4->4(7)
[2020-11-05T11:56:23.943+0800][gc,heap      ] GC(926) Old regions: 208->208
[2020-11-05T11:56:23.943+0800][gc,heap      ] GC(926) Archive regions: 2->2
[2020-11-05T11:56:23.943+0800][gc,heap      ] GC(926) Humongous regions: 130->130
[2020-11-05T11:56:23.944+0800][gc,metaspace ] GC(926) Metaspace: 29630K->29630K(1077248K)
[2020-11-05T11:56:23.944+0800][gc           ] GC(926) Pause Young (Normal) (G1 Evacuation Pause) 389M->341M(1024M) 88.148ms
[2020-11-05T11:56:23.944+0800][gc,cpu       ] GC(926) User=0.03s Sys=0.11s Real=0.09s
[2020-11-05T12:52:37.514+0800][gc,heap,exit ] Heap
[2020-11-05T12:52:37.516+0800][gc,heap,exit ]  garbage-first heap   total 1048576K, used 396214K [0x00000007c0000000, 0x0000000800000000)
[2020-11-05T12:52:37.516+0800][gc,heap,exit ]   region size 1024K, 51 young (52224K), 4 survivors (4096K)
[2020-11-05T12:52:37.517+0800][gc,heap,exit ]  Metaspace       used 29731K, capacity 30033K, committed 30768K, reserved 1077248K
[2020-11-05T12:52:37.517+0800][gc,heap,exit ]   class space    used 3841K, capacity 3935K, committed 3968K, reserved 1048576K
