[2020-11-05T17:50:33.417+0800][gc,phases    ] GC(164)   Pre Evacuate Collection Set: 0.1ms
[2020-11-05T17:50:33.417+0800][gc,phases    ] GC(164)   Evacuate Collection Set: 6.6ms
[2020-11-05T17:50:33.417+0800][gc,phases    ] GC(164)   Post Evacuate Collection Set: 1.9ms
[2020-11-05T17:50:33.417+0800][gc,phases    ] GC(164)   Other: 6.8ms
[2020-11-05T17:50:33.417+0800][gc,heap      ] GC(164) Eden regions: 48->0(48)
[2020-11-05T17:50:33.417+0800][gc,heap      ] GC(164) Survivor regions: 3->3(7)
[2020-11-05T17:50:33.417+0800][gc,heap      ] GC(164) Old regions: 176->176
[2020-11-05T17:50:33.417+0800][gc,heap      ] GC(164) Archive regions: 2->2
[2020-11-05T17:50:33.417+0800][gc,heap      ] GC(164) Humongous regions: 130->130
[2020-11-05T17:50:33.417+0800][gc,metaspace ] GC(164) Metaspace: 27762K->27762K(1075200K)
[2020-11-05T17:50:33.417+0800][gc           ] GC(164) Pause Young (Normal) (G1 Evacuation Pause) 357M->308M(1024M) 15.522ms
[2020-11-05T17:50:33.417+0800][gc,cpu       ] GC(164) User=0.02s Sys=0.02s Real=0.01s
[2020-11-05T17:51:40.378+0800][gc,start     ] GC(165) Pause Young (Normal) (G1 Evacuation Pause)
[2020-11-05T17:51:40.378+0800][gc,task      ] GC(165) Using 8 workers of 8 for evacuation
[2020-11-05T17:51:40.408+0800][gc,mmu       ] GC(165) MMU target violated: 21.0ms (20.0ms/21.0ms)
[2020-11-05T17:51:40.408+0800][gc,phases    ] GC(165)   Pre Evacuate Collection Set: 0.1ms
[2020-11-05T17:51:40.408+0800][gc,phases    ] GC(165)   Evacuate Collection Set: 29.7ms
[2020-11-05T17:51:40.408+0800][gc,phases    ] GC(165)   Post Evacuate Collection Set: 0.5ms
[2020-11-05T17:51:40.408+0800][gc,phases    ] GC(165)   Other: 0.4ms
[2020-11-05T17:51:40.409+0800][gc,heap      ] GC(165) Eden regions: 48->0(48)
[2020-11-05T17:51:40.409+0800][gc,heap      ] GC(165) Survivor regions: 3->3(7)
[2020-11-05T17:51:40.409+0800][gc,heap      ] GC(165) Old regions: 176->176
[2020-11-05T17:51:40.409+0800][gc,heap      ] GC(165) Archive regions: 2->2
[2020-11-05T17:51:40.409+0800][gc,heap      ] GC(165) Humongous regions: 130->130
[2020-11-05T17:51:40.409+0800][gc,metaspace ] GC(165) Metaspace: 27766K->27766K(1075200K)
[2020-11-05T17:51:40.411+0800][gc           ] GC(165) Pause Young (Normal) (G1 Evacuation Pause) 356M->308M(1024M) 33.152ms
[2020-11-05T17:51:40.411+0800][gc,cpu       ] GC(165) User=0.01s Sys=0.01s Real=0.04s
[2020-11-05T17:52:47.448+0800][gc,start     ] GC(166) Pause Young (Normal) (G1 Evacuation Pause)
[2020-11-05T17:52:47.448+0800][gc,task      ] GC(166) Using 8 workers of 8 for evacuation
[2020-11-05T17:52:47.452+0800][gc,phases    ] GC(166)   Pre Evacuate Collection Set: 0.1ms
[2020-11-05T17:52:47.452+0800][gc,phases    ] GC(166)   Evacuate Collection Set: 3.9ms
[2020-11-05T17:52:47.452+0800][gc,phases    ] GC(166)   Post Evacuate Collection Set: 0.4ms
[2020-11-05T17:52:47.452+0800][gc,phases    ] GC(166)   Other: 0.5ms
[2020-11-05T17:52:47.452+0800][gc,heap      ] GC(166) Eden regions: 48->0(48)
[2020-11-05T17:52:47.452+0800][gc,heap      ] GC(166) Survivor regions: 3->3(7)
[2020-11-05T17:52:47.453+0800][gc,heap      ] GC(166) Old regions: 176->176
[2020-11-05T17:52:47.453+0800][gc,heap      ] GC(166) Archive regions: 2->2
[2020-11-05T17:52:47.453+0800][gc,heap      ] GC(166) Humongous regions: 130->130
[2020-11-05T17:52:47.453+0800][gc,metaspace ] GC(166) Metaspace: 27766K->27766K(1075200K)
[2020-11-05T17:52:47.453+0800][gc           ] GC(166) Pause Young (Normal) (G1 Evacuation Pause) 356M->308M(1024M) 5.087ms
[2020-11-05T17:52:47.453+0800][gc,cpu       ] GC(166) User=0.02s Sys=0.01s Real=0.01s
[2020-11-05T17:53:54.791+0800][gc,start     ] GC(167) Pause Young (Normal) (G1 Evacuation Pause)
[2020-11-05T17:53:54.791+0800][gc,task      ] GC(167) Using 8 workers of 8 for evacuation
[2020-11-05T17:53:54.795+0800][gc,phases    ] GC(167)   Pre Evacuate Collection Set: 0.0ms
[2020-11-05T17:53:54.795+0800][gc,phases    ] GC(167)   Evacuate Collection Set: 3.1ms
[2020-11-05T17:53:54.795+0800][gc,phases    ] GC(167)   Post Evacuate Collection Set: 0.4ms
[2020-11-05T17:53:54.795+0800][gc,phases    ] GC(167)   Other: 0.4ms
[2020-11-05T17:53:54.795+0800][gc,heap      ] GC(167) Eden regions: 48->0(49)
[2020-11-05T17:53:54.795+0800][gc,heap      ] GC(167) Survivor regions: 3->2(7)
[2020-11-05T17:53:54.795+0800][gc,heap      ] GC(167) Old regions: 176->176
[2020-11-05T17:53:54.795+0800][gc,heap      ] GC(167) Archive regions: 2->2
[2020-11-05T17:53:54.795+0800][gc,heap      ] GC(167) Humongous regions: 130->130
[2020-11-05T17:53:54.795+0800][gc,metaspace ] GC(167) Metaspace: 27766K->27766K(1075200K)
[2020-11-05T17:53:54.796+0800][gc           ] GC(167) Pause Young (Normal) (G1 Evacuation Pause) 356M->308M(1024M) 4.851ms
[2020-11-05T17:53:54.796+0800][gc,cpu       ] GC(167) User=0.01s Sys=0.00s Real=0.00s
[2020-11-05T17:55:04.556+0800][gc,start     ] GC(168) Pause Young (Normal) (G1 Evacuation Pause)
[2020-11-05T17:55:04.557+0800][gc,task      ] GC(168) Using 8 workers of 8 for evacuation
[2020-11-05T17:55:04.580+0800][gc,mmu       ] GC(168) MMU target violated: 21.0ms (20.0ms/21.0ms)
[2020-11-05T17:55:04.580+0800][gc,phases    ] GC(168)   Pre Evacuate Collection Set: 0.1ms
[2020-11-05T17:55:04.580+0800][gc,phases    ] GC(168)   Evacuate Collection Set: 17.1ms
[2020-11-05T17:55:04.580+0800][gc,phases    ] GC(168)   Post Evacuate Collection Set: 2.2ms
[2020-11-05T17:55:04.580+0800][gc,phases    ] GC(168)   Other: 5.1ms
[2020-11-05T17:55:04.580+0800][gc,heap      ] GC(168) Eden regions: 49->0(48)
[2020-11-05T17:55:04.580+0800][gc,heap      ] GC(168) Survivor regions: 2->3(7)
[2020-11-05T17:55:04.580+0800][gc,heap      ] GC(168) Old regions: 176->176
[2020-11-05T17:55:04.580+0800][gc,heap      ] GC(168) Archive regions: 2->2
[2020-11-05T17:55:04.580+0800][gc,heap      ] GC(168) Humongous regions: 130->130
[2020-11-05T17:55:04.580+0800][gc,metaspace ] GC(168) Metaspace: 27766K->27766K(1075200K)
[2020-11-05T17:55:04.580+0800][gc           ] GC(168) Pause Young (Normal) (G1 Evacuation Pause) 357M->308M(1024M) 24.605ms
[2020-11-05T17:55:04.580+0800][gc,cpu       ] GC(168) User=0.02s Sys=0.05s Real=0.03s
[2020-11-05T17:56:10.981+0800][gc,start     ] GC(169) Pause Young (Normal) (G1 Evacuation Pause)
[2020-11-05T17:56:10.982+0800][gc,task      ] GC(169) Using 8 workers of 8 for evacuation
[2020-11-05T17:56:10.990+0800][gc,phases    ] GC(169)   Pre Evacuate Collection Set: 0.0ms
[2020-11-05T17:56:10.990+0800][gc,phases    ] GC(169)   Evacuate Collection Set: 7.0ms
[2020-11-05T17:56:10.990+0800][gc,phases    ] GC(169)   Post Evacuate Collection Set: 0.4ms
[2020-11-05T17:56:10.990+0800][gc,phases    ] GC(169)   Other: 1.5ms
[2020-11-05T17:56:10.990+0800][gc,heap      ] GC(169) Eden regions: 48->0(56)
[2020-11-05T17:56:10.990+0800][gc,heap      ] GC(169) Survivor regions: 3->4(7)
[2020-11-05T17:56:10.990+0800][gc,heap      ] GC(169) Old regions: 176->176
[2020-11-05T17:56:10.990+0800][gc,heap      ] GC(169) Archive regions: 2->2
[2020-11-05T17:56:10.990+0800][gc,heap      ] GC(169) Humongous regions: 130->130
[2020-11-05T17:56:10.990+0800][gc,metaspace ] GC(169) Metaspace: 27766K->27766K(1075200K)
[2020-11-05T17:56:10.991+0800][gc           ] GC(169) Pause Young (Normal) (G1 Evacuation Pause) 356M->309M(1024M) 9.653ms
[2020-11-05T17:56:10.991+0800][gc,cpu       ] GC(169) User=0.01s Sys=0.01s Real=0.01s
[2020-11-05T17:57:28.318+0800][gc,start     ] GC(170) Pause Young (Normal) (G1 Evacuation Pause)
[2020-11-05T17:57:28.318+0800][gc,task      ] GC(170) Using 8 workers of 8 for evacuation
[2020-11-05T17:57:28.334+0800][gc,phases    ] GC(170)   Pre Evacuate Collection Set: 0.0ms
[2020-11-05T17:57:28.334+0800][gc,phases    ] GC(170)   Evacuate Collection Set: 14.9ms
[2020-11-05T17:57:28.334+0800][gc,phases    ] GC(170)   Post Evacuate Collection Set: 0.2ms
[2020-11-05T17:57:28.334+0800][gc,phases    ] GC(170)   Other: 0.2ms
[2020-11-05T17:57:28.334+0800][gc,heap      ] GC(170) Eden regions: 56->0(53)
[2020-11-05T17:57:28.334+0800][gc,heap      ] GC(170) Survivor regions: 4->3(8)
[2020-11-05T17:57:28.334+0800][gc,heap      ] GC(170) Old regions: 176->176
[2020-11-05T17:57:28.334+0800][gc,heap      ] GC(170) Archive regions: 2->2
[2020-11-05T17:57:28.334+0800][gc,heap      ] GC(170) Humongous regions: 130->130
[2020-11-05T17:57:28.334+0800][gc,metaspace ] GC(170) Metaspace: 27766K->27766K(1075200K)
[2020-11-05T17:57:28.334+0800][gc           ] GC(170) Pause Young (Normal) (G1 Evacuation Pause) 365M->309M(1024M) 15.567ms
[2020-11-05T17:57:28.334+0800][gc,cpu       ] GC(170) User=0.02s Sys=0.02s Real=0.02s
[2020-11-05T17:58:41.897+0800][gc,start     ] GC(171) Pause Young (Normal) (G1 Evacuation Pause)
[2020-11-05T17:58:41.897+0800][gc,task      ] GC(171) Using 8 workers of 8 for evacuation
[2020-11-05T17:58:41.914+0800][gc,phases    ] GC(171)   Pre Evacuate Collection Set: 0.0ms
[2020-11-05T17:58:41.914+0800][gc,phases    ] GC(171)   Evacuate Collection Set: 16.6ms
[2020-11-05T17:58:41.914+0800][gc,phases    ] GC(171)   Post Evacuate Collection Set: 0.2ms
[2020-11-05T17:58:41.914+0800][gc,phases    ] GC(171)   Other: 2.0ms
[2020-11-05T17:58:41.914+0800][gc,heap      ] GC(171) Eden regions: 53->0(61)
[2020-11-05T17:58:41.914+0800][gc,heap      ] GC(171) Survivor regions: 3->4(7)
[2020-11-05T17:58:41.914+0800][gc,heap      ] GC(171) Old regions: 176->176
[2020-11-05T17:58:41.914+0800][gc,heap      ] GC(171) Archive regions: 2->2
[2020-11-05T17:58:41.914+0800][gc,heap      ] GC(171) Humongous regions: 130->130
[2020-11-05T17:58:41.914+0800][gc,metaspace ] GC(171) Metaspace: 27766K->27766K(1075200K)
[2020-11-05T17:58:41.914+0800][gc           ] GC(171) Pause Young (Normal) (G1 Evacuation Pause) 362M->309M(1024M) 17.875ms
[2020-11-05T17:58:41.914+0800][gc,cpu       ] GC(171) User=0.02s Sys=0.02s Real=0.02s
[2020-11-05T18:00:06.762+0800][gc,start     ] GC(172) Pause Young (Normal) (G1 Evacuation Pause)
[2020-11-05T18:00:06.763+0800][gc,task      ] GC(172) Using 8 workers of 8 for evacuation
[2020-11-05T18:00:06.793+0800][gc,mmu       ] GC(172) MMU target violated: 21.0ms (20.0ms/21.0ms)
[2020-11-05T18:00:06.793+0800][gc,phases    ] GC(172)   Pre Evacuate Collection Set: 0.0ms
[2020-11-05T18:00:06.793+0800][gc,phases    ] GC(172)   Evacuate Collection Set: 29.5ms
[2020-11-05T18:00:06.793+0800][gc,phases    ] GC(172)   Post Evacuate Collection Set: 0.2ms
[2020-11-05T18:00:06.793+0800][gc,phases    ] GC(172)   Other: 1.3ms
[2020-11-05T18:00:06.793+0800][gc,heap      ] GC(172) Eden regions: 61->0(47)
[2020-11-05T18:00:06.793+0800][gc,heap      ] GC(172) Survivor regions: 4->4(9)
[2020-11-05T18:00:06.793+0800][gc,heap      ] GC(172) Old regions: 176->176
[2020-11-05T18:00:06.793+0800][gc,heap      ] GC(172) Archive regions: 2->2
[2020-11-05T18:00:06.793+0800][gc,heap      ] GC(172) Humongous regions: 130->130
[2020-11-05T18:00:06.793+0800][gc,metaspace ] GC(172) Metaspace: 27767K->27767K(1075200K)
[2020-11-05T18:00:06.793+0800][gc           ] GC(172) Pause Young (Normal) (G1 Evacuation Pause) 370M->309M(1024M) 31.157ms
[2020-11-05T18:00:06.793+0800][gc,cpu       ] GC(172) User=0.01s Sys=0.04s Real=0.03s
[2020-11-05T18:01:12.828+0800][gc,start     ] GC(173) Pause Young (Normal) (G1 Evacuation Pause)
[2020-11-05T18:01:12.828+0800][gc,task      ] GC(173) Using 8 workers of 8 for evacuation
[2020-11-05T18:01:12.832+0800][gc,phases    ] GC(173)   Pre Evacuate Collection Set: 0.0ms
[2020-11-05T18:01:12.832+0800][gc,phases    ] GC(173)   Evacuate Collection Set: 2.1ms
[2020-11-05T18:01:12.832+0800][gc,phases    ] GC(173)   Post Evacuate Collection Set: 1.2ms
[2020-11-05T18:01:12.833+0800][gc,phases    ] GC(173)   Other: 1.1ms
[2020-11-05T18:01:12.833+0800][gc,heap      ] GC(173) Eden regions: 47->0(53)
[2020-11-05T18:01:12.833+0800][gc,heap      ] GC(173) Survivor regions: 4->3(7)
[2020-11-05T18:01:12.833+0800][gc,heap      ] GC(173) Old regions: 176->176
[2020-11-05T18:01:12.833+0800][gc,heap      ] GC(173) Archive regions: 2->2
[2020-11-05T18:01:12.833+0800][gc,heap      ] GC(173) Humongous regions: 130->130
[2020-11-05T18:01:12.833+0800][gc,metaspace ] GC(173) Metaspace: 27767K->27767K(1075200K)
[2020-11-05T18:01:12.833+0800][gc           ] GC(173) Pause Young (Normal) (G1 Evacuation Pause) 356M->309M(1024M) 5.372ms
[2020-11-05T18:01:12.833+0800][gc,cpu       ] GC(173) User=0.01s Sys=0.00s Real=0.01s
[2020-11-05T18:02:27.356+0800][gc,start     ] GC(174) Pause Young (Normal) (G1 Evacuation Pause)
[2020-11-05T18:02:27.356+0800][gc,task      ] GC(174) Using 8 workers of 8 for evacuation
[2020-11-05T18:02:27.358+0800][gc,phases    ] GC(174)   Pre Evacuate Collection Set: 0.0ms
[2020-11-05T18:02:27.358+0800][gc,phases    ] GC(174)   Evacuate Collection Set: 1.8ms
[2020-11-05T18:02:27.358+0800][gc,phases    ] GC(174)   Post Evacuate Collection Set: 0.3ms
[2020-11-05T18:02:27.358+0800][gc,phases    ] GC(174)   Other: 0.3ms
[2020-11-05T18:02:27.358+0800][gc,heap      ] GC(174) Eden regions: 53->0(95)
[2020-11-05T18:02:27.358+0800][gc,heap      ] GC(174) Survivor regions: 3->3(7)
[2020-11-05T18:02:27.358+0800][gc,heap      ] GC(174) Old regions: 176->176
[2020-11-05T18:02:27.358+0800][gc,heap      ] GC(174) Archive regions: 2->2
[2020-11-05T18:02:27.358+0800][gc,heap      ] GC(174) Humongous regions: 130->130
[2020-11-05T18:02:27.358+0800][gc,metaspace ] GC(174) Metaspace: 27767K->27767K(1075200K)
[2020-11-05T18:02:27.358+0800][gc           ] GC(174) Pause Young (Normal) (G1 Evacuation Pause) 362M->308M(1024M) 2.480ms
[2020-11-05T18:02:27.358+0800][gc,cpu       ] GC(174) User=0.01s Sys=0.00s Real=0.00s
[2020-11-05T18:04:41.436+0800][gc,start     ] GC(175) Pause Young (Normal) (G1 Evacuation Pause)
[2020-11-05T18:04:41.437+0800][gc,task      ] GC(175) Using 8 workers of 8 for evacuation
[2020-11-05T18:04:41.464+0800][gc,mmu       ] GC(175) MMU target violated: 21.0ms (20.0ms/21.0ms)
[2020-11-05T18:04:41.465+0800][gc,phases    ] GC(175)   Pre Evacuate Collection Set: 0.0ms
[2020-11-05T18:04:41.465+0800][gc,phases    ] GC(175)   Evacuate Collection Set: 24.0ms
[2020-11-05T18:04:41.465+0800][gc,phases    ] GC(175)   Post Evacuate Collection Set: 3.6ms
[2020-11-05T18:04:41.465+0800][gc,phases    ] GC(175)   Other: 1.1ms
[2020-11-05T18:04:41.465+0800][gc,heap      ] GC(175) Eden regions: 95->0(70)
[2020-11-05T18:04:41.465+0800][gc,heap      ] GC(175) Survivor regions: 3->4(13)
[2020-11-05T18:04:41.465+0800][gc,heap      ] GC(175) Old regions: 176->176
[2020-11-05T18:04:41.465+0800][gc,heap      ] GC(175) Archive regions: 2->2
[2020-11-05T18:04:41.465+0800][gc,heap      ] GC(175) Humongous regions: 130->130
[2020-11-05T18:04:41.465+0800][gc,metaspace ] GC(175) Metaspace: 27767K->27767K(1075200K)
[2020-11-05T18:04:41.465+0800][gc           ] GC(175) Pause Young (Normal) (G1 Evacuation Pause) 403M->309M(1024M) 29.424ms
[2020-11-05T18:04:41.465+0800][gc,cpu       ] GC(175) User=0.02s Sys=0.04s Real=0.03s
[2020-11-05T18:06:20.239+0800][gc,start     ] GC(176) Pause Young (Normal) (G1 Evacuation Pause)
[2020-11-05T18:06:20.240+0800][gc,task      ] GC(176) Using 8 workers of 8 for evacuation
[2020-11-05T18:06:20.244+0800][gc,phases    ] GC(176)   Pre Evacuate Collection Set: 0.0ms
[2020-11-05T18:06:20.244+0800][gc,phases    ] GC(176)   Evacuate Collection Set: 3.6ms
[2020-11-05T18:06:20.244+0800][gc,phases    ] GC(176)   Post Evacuate Collection Set: 0.3ms
[2020-11-05T18:06:20.244+0800][gc,phases    ] GC(176)   Other: 0.6ms
[2020-11-05T18:06:20.244+0800][gc,heap      ] GC(176) Eden regions: 70->0(98)
[2020-11-05T18:06:20.244+0800][gc,heap      ] GC(176) Survivor regions: 4->3(10)
[2020-11-05T18:06:20.244+0800][gc,heap      ] GC(176) Old regions: 176->176
[2020-11-05T18:06:20.244+0800][gc,heap      ] GC(176) Archive regions: 2->2
[2020-11-05T18:06:20.244+0800][gc,heap      ] GC(176) Humongous regions: 130->130
[2020-11-05T18:06:20.244+0800][gc,metaspace ] GC(176) Metaspace: 27767K->27767K(1075200K)
[2020-11-05T18:06:20.244+0800][gc           ] GC(176) Pause Young (Normal) (G1 Evacuation Pause) 379M->309M(1024M) 4.762ms
[2020-11-05T18:06:20.244+0800][gc,cpu       ] GC(176) User=0.02s Sys=0.01s Real=0.01s
[2020-11-05T18:08:39.030+0800][gc,start     ] GC(177) Pause Young (Normal) (G1 Evacuation Pause)
[2020-11-05T18:08:39.031+0800][gc,task      ] GC(177) Using 8 workers of 8 for evacuation
[2020-11-05T18:08:39.053+0800][gc,mmu       ] GC(177) MMU target violated: 21.0ms (20.0ms/21.0ms)
[2020-11-05T18:08:39.053+0800][gc,phases    ] GC(177)   Pre Evacuate Collection Set: 0.0ms
[2020-11-05T18:08:39.053+0800][gc,phases    ] GC(177)   Evacuate Collection Set: 21.7ms
[2020-11-05T18:08:39.053+0800][gc,phases    ] GC(177)   Post Evacuate Collection Set: 0.2ms
[2020-11-05T18:08:39.053+0800][gc,phases    ] GC(177)   Other: 0.9ms
[2020-11-05T18:08:39.053+0800][gc,heap      ] GC(177) Eden regions: 98->0(91)
[2020-11-05T18:08:39.053+0800][gc,heap      ] GC(177) Survivor regions: 3->4(13)
[2020-11-05T18:08:39.053+0800][gc,heap      ] GC(177) Old regions: 176->176
[2020-11-05T18:08:39.053+0800][gc,heap      ] GC(177) Archive regions: 2->2
[2020-11-05T18:08:39.053+0800][gc,heap      ] GC(177) Humongous regions: 130->130
[2020-11-05T18:08:39.053+0800][gc,metaspace ] GC(177) Metaspace: 27767K->27767K(1075200K)
[2020-11-05T18:08:39.053+0800][gc           ] GC(177) Pause Young (Normal) (G1 Evacuation Pause) 407M->309M(1024M) 22.914ms
[2020-11-05T18:08:39.053+0800][gc,cpu       ] GC(177) User=0.02s Sys=0.03s Real=0.02s
[2020-11-05T18:10:48.418+0800][gc,start     ] GC(178) Pause Young (Normal) (G1 Evacuation Pause)
[2020-11-05T18:10:48.418+0800][gc,task      ] GC(178) Using 8 workers of 8 for evacuation
[2020-11-05T18:10:48.422+0800][gc,phases    ] GC(178)   Pre Evacuate Collection Set: 0.0ms
[2020-11-05T18:10:48.422+0800][gc,phases    ] GC(178)   Evacuate Collection Set: 3.7ms
[2020-11-05T18:10:48.422+0800][gc,phases    ] GC(178)   Post Evacuate Collection Set: 0.3ms
[2020-11-05T18:10:48.422+0800][gc,phases    ] GC(178)   Other: 0.3ms
[2020-11-05T18:10:48.422+0800][gc,heap      ] GC(178) Eden regions: 91->0(135)
[2020-11-05T18:10:48.422+0800][gc,heap      ] GC(178) Survivor regions: 4->3(12)
[2020-11-05T18:10:48.422+0800][gc,heap      ] GC(178) Old regions: 176->177
[2020-11-05T18:10:48.422+0800][gc,heap      ] GC(178) Archive regions: 2->2
[2020-11-05T18:10:48.422+0800][gc,heap      ] GC(178) Humongous regions: 130->130
[2020-11-05T18:10:48.422+0800][gc,metaspace ] GC(178) Metaspace: 27767K->27767K(1075200K)
[2020-11-05T18:10:48.422+0800][gc           ] GC(178) Pause Young (Normal) (G1 Evacuation Pause) 400M->309M(1024M) 4.505ms
[2020-11-05T18:10:48.422+0800][gc,cpu       ] GC(178) User=0.01s Sys=0.01s Real=0.01s
[2020-11-05T18:14:00.166+0800][gc,start     ] GC(179) Pause Young (Normal) (G1 Evacuation Pause)
[2020-11-05T18:14:00.167+0800][gc,task      ] GC(179) Using 8 workers of 8 for evacuation
[2020-11-05T18:14:00.188+0800][gc,mmu       ] GC(179) MMU target violated: 21.0ms (20.0ms/21.0ms)
[2020-11-05T18:14:00.189+0800][gc,phases    ] GC(179)   Pre Evacuate Collection Set: 0.1ms
[2020-11-05T18:14:00.189+0800][gc,phases    ] GC(179)   Evacuate Collection Set: 21.2ms
[2020-11-05T18:14:00.189+0800][gc,phases    ] GC(179)   Post Evacuate Collection Set: 0.4ms
[2020-11-05T18:14:00.189+0800][gc,phases    ] GC(179)   Other: 0.8ms
[2020-11-05T18:14:00.189+0800][gc,heap      ] GC(179) Eden regions: 135->0(121)
[2020-11-05T18:14:00.189+0800][gc,heap      ] GC(179) Survivor regions: 3->3(18)
[2020-11-05T18:14:00.189+0800][gc,heap      ] GC(179) Old regions: 177->177
[2020-11-05T18:14:00.189+0800][gc,heap      ] GC(179) Archive regions: 2->2
[2020-11-05T18:14:00.189+0800][gc,heap      ] GC(179) Humongous regions: 130->130
[2020-11-05T18:14:00.189+0800][gc,metaspace ] GC(179) Metaspace: 27769K->27769K(1075200K)
[2020-11-05T18:14:00.189+0800][gc           ] GC(179) Pause Young (Normal) (G1 Evacuation Pause) 444M->309M(1024M) 22.500ms
[2020-11-05T18:14:00.189+0800][gc,cpu       ] GC(179) User=0.02s Sys=0.03s Real=0.02s
[2020-11-05T18:16:53.473+0800][gc,start     ] GC(180) Pause Young (Normal) (G1 Evacuation Pause)
[2020-11-05T18:16:53.474+0800][gc,task      ] GC(180) Using 8 workers of 8 for evacuation
[2020-11-05T18:16:53.482+0800][gc,phases    ] GC(180)   Pre Evacuate Collection Set: 0.1ms
[2020-11-05T18:16:53.482+0800][gc,phases    ] GC(180)   Evacuate Collection Set: 4.2ms
[2020-11-05T18:16:53.482+0800][gc,phases    ] GC(180)   Post Evacuate Collection Set: 1.2ms
[2020-11-05T18:16:53.482+0800][gc,phases    ] GC(180)   Other: 3.1ms
[2020-11-05T18:16:53.482+0800][gc,heap      ] GC(180) Eden regions: 121->0(146)
[2020-11-05T18:16:53.482+0800][gc,heap      ] GC(180) Survivor regions: 3->3(16)
[2020-11-05T18:16:53.482+0800][gc,heap      ] GC(180) Old regions: 177->177
[2020-11-05T18:16:53.482+0800][gc,heap      ] GC(180) Archive regions: 2->2
[2020-11-05T18:16:53.482+0800][gc,heap      ] GC(180) Humongous regions: 130->130
[2020-11-05T18:16:53.482+0800][gc,metaspace ] GC(180) Metaspace: 27769K->27769K(1075200K)
[2020-11-05T18:16:53.482+0800][gc           ] GC(180) Pause Young (Normal) (G1 Evacuation Pause) 430M->309M(1024M) 8.701ms
[2020-11-05T18:16:53.482+0800][gc,cpu       ] GC(180) User=0.02s Sys=0.02s Real=0.01s
[2020-11-05T18:20:18.810+0800][gc,start     ] GC(181) Pause Young (Normal) (G1 Evacuation Pause)
[2020-11-05T18:20:18.811+0800][gc,task      ] GC(181) Using 8 workers of 8 for evacuation
[2020-11-05T18:20:18.863+0800][gc,mmu       ] GC(181) MMU target violated: 21.0ms (20.0ms/21.0ms)
[2020-11-05T18:20:18.863+0800][gc,phases    ] GC(181)   Pre Evacuate Collection Set: 0.1ms
[2020-11-05T18:20:18.863+0800][gc,phases    ] GC(181)   Evacuate Collection Set: 48.2ms
[2020-11-05T18:20:18.863+0800][gc,phases    ] GC(181)   Post Evacuate Collection Set: 2.0ms
[2020-11-05T18:20:18.863+0800][gc,phases    ] GC(181)   Other: 2.3ms
[2020-11-05T18:20:18.863+0800][gc,heap      ] GC(181) Eden regions: 146->0(50)
[2020-11-05T18:20:18.863+0800][gc,heap      ] GC(181) Survivor regions: 3->3(19)
[2020-11-05T18:20:18.863+0800][gc,heap      ] GC(181) Old regions: 177->177
[2020-11-05T18:20:18.863+0800][gc,heap      ] GC(181) Archive regions: 2->2
[2020-11-05T18:20:18.863+0800][gc,heap      ] GC(181) Humongous regions: 130->130
[2020-11-05T18:20:18.863+0800][gc,metaspace ] GC(181) Metaspace: 27769K->27769K(1075200K)
[2020-11-05T18:20:18.863+0800][gc           ] GC(181) Pause Young (Normal) (G1 Evacuation Pause) 455M->309M(1024M) 52.722ms
[2020-11-05T18:20:18.863+0800][gc,cpu       ] GC(181) User=0.04s Sys=0.05s Real=0.05s
[2020-11-05T18:21:25.662+0800][gc,start     ] GC(182) Pause Young (Normal) (G1 Evacuation Pause)
[2020-11-05T18:21:25.662+0800][gc,task      ] GC(182) Using 8 workers of 8 for evacuation
[2020-11-05T18:21:25.668+0800][gc,phases    ] GC(182)   Pre Evacuate Collection Set: 0.0ms
[2020-11-05T18:21:25.668+0800][gc,phases    ] GC(182)   Evacuate Collection Set: 5.7ms
[2020-11-05T18:21:25.668+0800][gc,phases    ] GC(182)   Post Evacuate Collection Set: 0.2ms
[2020-11-05T18:21:25.668+0800][gc,phases    ] GC(182)   Other: 0.3ms
[2020-11-05T18:21:25.668+0800][gc,heap      ] GC(182) Eden regions: 50->0(69)
[2020-11-05T18:21:25.668+0800][gc,heap      ] GC(182) Survivor regions: 3->4(7)
[2020-11-05T18:21:25.668+0800][gc,heap      ] GC(182) Old regions: 177->177
[2020-11-05T18:21:25.668+0800][gc,heap      ] GC(182) Archive regions: 2->2
[2020-11-05T18:21:25.668+0800][gc,heap      ] GC(182) Humongous regions: 130->130
[2020-11-05T18:21:25.668+0800][gc,metaspace ] GC(182) Metaspace: 27769K->27769K(1075200K)
[2020-11-05T18:21:25.668+0800][gc           ] GC(182) Pause Young (Normal) (G1 Evacuation Pause) 359M->310M(1024M) 6.334ms
[2020-11-05T18:21:25.668+0800][gc,cpu       ] GC(182) User=0.01s Sys=0.02s Real=0.00s
[2020-11-05T18:23:02.665+0800][gc,start     ] GC(183) Pause Young (Normal) (G1 Evacuation Pause)
[2020-11-05T18:23:02.666+0800][gc,task      ] GC(183) Using 8 workers of 8 for evacuation
[2020-11-05T18:23:02.671+0800][gc,phases    ] GC(183)   Pre Evacuate Collection Set: 0.1ms
[2020-11-05T18:23:02.671+0800][gc,phases    ] GC(183)   Evacuate Collection Set: 4.1ms
[2020-11-05T18:23:02.671+0800][gc,phases    ] GC(183)   Post Evacuate Collection Set: 0.4ms
[2020-11-05T18:23:02.671+0800][gc,phases    ] GC(183)   Other: 1.1ms
[2020-11-05T18:23:02.671+0800][gc,heap      ] GC(183) Eden regions: 69->0(88)
[2020-11-05T18:23:02.671+0800][gc,heap      ] GC(183) Survivor regions: 4->3(10)
[2020-11-05T18:23:02.671+0800][gc,heap      ] GC(183) Old regions: 177->177
[2020-11-05T18:23:02.671+0800][gc,heap      ] GC(183) Archive regions: 2->2
[2020-11-05T18:23:02.671+0800][gc,heap      ] GC(183) Humongous regions: 130->130
[2020-11-05T18:23:02.671+0800][gc,metaspace ] GC(183) Metaspace: 27769K->27769K(1075200K)
[2020-11-05T18:23:02.671+0800][gc           ] GC(183) Pause Young (Normal) (G1 Evacuation Pause) 379M->309M(1024M) 5.998ms
[2020-11-05T18:23:02.671+0800][gc,cpu       ] GC(183) User=0.03s Sys=0.00s Real=0.01s
[2020-11-05T18:25:06.801+0800][gc,start     ] GC(184) Pause Young (Normal) (G1 Evacuation Pause)
[2020-11-05T18:25:06.803+0800][gc,task      ] GC(184) Using 8 workers of 8 for evacuation
[2020-11-05T18:25:06.816+0800][gc,phases    ] GC(184)   Pre Evacuate Collection Set: 0.1ms
[2020-11-05T18:25:06.816+0800][gc,phases    ] GC(184)   Evacuate Collection Set: 7.4ms
[2020-11-05T18:25:06.816+0800][gc,phases    ] GC(184)   Post Evacuate Collection Set: 1.4ms
[2020-11-05T18:25:06.816+0800][gc,phases    ] GC(184)   Other: 6.3ms
[2020-11-05T18:25:06.816+0800][gc,heap      ] GC(184) Eden regions: 88->0(90)
[2020-11-05T18:25:06.816+0800][gc,heap      ] GC(184) Survivor regions: 3->3(12)
[2020-11-05T18:25:06.816+0800][gc,heap      ] GC(184) Old regions: 177->177
[2020-11-05T18:25:06.816+0800][gc,heap      ] GC(184) Archive regions: 2->2
[2020-11-05T18:25:06.817+0800][gc,heap      ] GC(184) Humongous regions: 130->130
[2020-11-05T18:25:06.817+0800][gc,metaspace ] GC(184) Metaspace: 27770K->27770K(1075200K)
[2020-11-05T18:25:06.817+0800][gc           ] GC(184) Pause Young (Normal) (G1 Evacuation Pause) 397M->309M(1024M) 15.322ms
[2020-11-05T18:25:06.817+0800][gc,cpu       ] GC(184) User=0.03s Sys=0.03s Real=0.01s
[2020-11-05T18:27:12.353+0800][gc,start     ] GC(185) Pause Young (Normal) (G1 Evacuation Pause)
[2020-11-05T18:27:12.353+0800][gc,task      ] GC(185) Using 8 workers of 8 for evacuation
[2020-11-05T18:27:12.369+0800][gc,phases    ] GC(185)   Pre Evacuate Collection Set: 0.1ms
[2020-11-05T18:27:12.369+0800][gc,phases    ] GC(185)   Evacuate Collection Set: 13.9ms
[2020-11-05T18:27:12.369+0800][gc,phases    ] GC(185)   Post Evacuate Collection Set: 1.3ms
[2020-11-05T18:27:12.369+0800][gc,phases    ] GC(185)   Other: 0.8ms
[2020-11-05T18:27:12.369+0800][gc,heap      ] GC(185) Eden regions: 90->0(91)
[2020-11-05T18:27:12.369+0800][gc,heap      ] GC(185) Survivor regions: 3->4(12)
[2020-11-05T18:27:12.369+0800][gc,heap      ] GC(185) Old regions: 177->177
[2020-11-05T18:27:12.369+0800][gc,heap      ] GC(185) Archive regions: 2->2
[2020-11-05T18:27:12.369+0800][gc,heap      ] GC(185) Humongous regions: 130->130
[2020-11-05T18:27:12.369+0800][gc,metaspace ] GC(185) Metaspace: 27770K->27770K(1075200K)
[2020-11-05T18:27:12.369+0800][gc           ] GC(185) Pause Young (Normal) (G1 Evacuation Pause) 399M->310M(1024M) 16.315ms
[2020-11-05T18:27:12.369+0800][gc,cpu       ] GC(185) User=0.03s Sys=0.03s Real=0.01s
[2020-11-05T18:29:20.599+0800][gc,start     ] GC(186) Pause Young (Normal) (G1 Evacuation Pause)
[2020-11-05T18:29:20.599+0800][gc,task      ] GC(186) Using 8 workers of 8 for evacuation
[2020-11-05T18:29:20.606+0800][gc,phases    ] GC(186)   Pre Evacuate Collection Set: 0.0ms
[2020-11-05T18:29:20.606+0800][gc,phases    ] GC(186)   Evacuate Collection Set: 5.4ms
[2020-11-05T18:29:20.606+0800][gc,phases    ] GC(186)   Post Evacuate Collection Set: 1.7ms
[2020-11-05T18:29:20.606+0800][gc,phases    ] GC(186)   Other: 0.3ms
[2020-11-05T18:29:20.606+0800][gc,heap      ] GC(186) Eden regions: 91->0(96)
[2020-11-05T18:29:20.606+0800][gc,heap      ] GC(186) Survivor regions: 4->3(12)
[2020-11-05T18:29:20.606+0800][gc,heap      ] GC(186) Old regions: 177->177
[2020-11-05T18:29:20.606+0800][gc,heap      ] GC(186) Archive regions: 2->2
[2020-11-05T18:29:20.606+0800][gc,heap      ] GC(186) Humongous regions: 130->130
[2020-11-05T18:29:20.606+0800][gc,metaspace ] GC(186) Metaspace: 27770K->27770K(1075200K)
[2020-11-05T18:29:20.606+0800][gc           ] GC(186) Pause Young (Normal) (G1 Evacuation Pause) 401M->309M(1024M) 7.491ms
[2020-11-05T18:29:20.606+0800][gc,cpu       ] GC(186) User=0.01s Sys=0.00s Real=0.01s
[2020-11-05T20:31:48.544+0800][gc,start     ] GC(187) Pause Young (Normal) (G1 Evacuation Pause)
[2020-11-05T20:31:48.546+0800][gc,task      ] GC(187) Using 8 workers of 8 for evacuation
[2020-11-05T20:31:48.589+0800][gc,mmu       ] GC(187) MMU target violated: 21.0ms (20.0ms/21.0ms)
[2020-11-05T20:31:48.589+0800][gc,phases    ] GC(187)   Pre Evacuate Collection Set: 0.1ms
[2020-11-05T20:31:48.589+0800][gc,phases    ] GC(187)   Evacuate Collection Set: 28.2ms
[2020-11-05T20:31:48.589+0800][gc,phases    ] GC(187)   Post Evacuate Collection Set: 3.4ms
[2020-11-05T20:31:48.589+0800][gc,phases    ] GC(187)   Other: 15.3ms
[2020-11-05T20:31:48.589+0800][gc,heap      ] GC(187) Eden regions: 96->0(47)
[2020-11-05T20:31:48.589+0800][gc,heap      ] GC(187) Survivor regions: 3->4(13)
[2020-11-05T20:31:48.589+0800][gc,heap      ] GC(187) Old regions: 177->177
[2020-11-05T20:31:48.589+0800][gc,heap      ] GC(187) Archive regions: 2->2
[2020-11-05T20:31:48.589+0800][gc,heap      ] GC(187) Humongous regions: 130->130
[2020-11-05T20:31:48.589+0800][gc,metaspace ] GC(187) Metaspace: 27788K->27788K(1075200K)
[2020-11-05T20:31:48.590+0800][gc           ] GC(187) Pause Young (Normal) (G1 Evacuation Pause) 405M->310M(1024M) 46.645ms
[2020-11-05T20:31:48.590+0800][gc,cpu       ] GC(187) User=0.02s Sys=0.09s Real=0.05s
[2020-11-05T20:33:04.883+0800][gc,start     ] GC(188) Pause Young (Normal) (G1 Evacuation Pause)
[2020-11-05T20:33:04.884+0800][gc,task      ] GC(188) Using 8 workers of 8 for evacuation
[2020-11-05T20:33:04.913+0800][gc,mmu       ] GC(188) MMU target violated: 21.0ms (20.0ms/21.0ms)
[2020-11-05T20:33:04.913+0800][gc,phases    ] GC(188)   Pre Evacuate Collection Set: 0.1ms
[2020-11-05T20:33:04.913+0800][gc,phases    ] GC(188)   Evacuate Collection Set: 18.5ms
[2020-11-05T20:33:04.913+0800][gc,phases    ] GC(188)   Post Evacuate Collection Set: 3.5ms
[2020-11-05T20:33:04.913+0800][gc,phases    ] GC(188)   Other: 8.9ms
[2020-11-05T20:33:04.913+0800][gc,heap      ] GC(188) Eden regions: 47->0(48)
[2020-11-05T20:33:04.913+0800][gc,heap      ] GC(188) Survivor regions: 4->3(7)
[2020-11-05T20:33:04.913+0800][gc,heap      ] GC(188) Old regions: 177->177
[2020-11-05T20:33:04.913+0800][gc,heap      ] GC(188) Archive regions: 2->2
[2020-11-05T20:33:04.913+0800][gc,heap      ] GC(188) Humongous regions: 130->130
[2020-11-05T20:33:04.913+0800][gc,metaspace ] GC(188) Metaspace: 27788K->27788K(1075200K)
[2020-11-05T20:33:04.913+0800][gc           ] GC(188) Pause Young (Normal) (G1 Evacuation Pause) 357M->309M(1024M) 31.020ms
[2020-11-05T20:33:04.913+0800][gc,cpu       ] GC(188) User=0.02s Sys=0.06s Real=0.03s
[2020-11-05T20:34:23.774+0800][gc,start     ] GC(189) Pause Young (Normal) (G1 Evacuation Pause)
[2020-11-05T20:34:23.775+0800][gc,task      ] GC(189) Using 8 workers of 8 for evacuation
[2020-11-05T20:34:23.832+0800][gc,mmu       ] GC(189) MMU target violated: 21.0ms (20.0ms/21.0ms)
[2020-11-05T20:34:23.832+0800][gc,phases    ] GC(189)   Pre Evacuate Collection Set: 0.1ms
[2020-11-05T20:34:23.832+0800][gc,phases    ] GC(189)   Evacuate Collection Set: 44.3ms
[2020-11-05T20:34:23.833+0800][gc,phases    ] GC(189)   Post Evacuate Collection Set: 1.8ms
[2020-11-05T20:34:23.833+0800][gc,phases    ] GC(189)   Other: 13.0ms
[2020-11-05T20:34:23.833+0800][gc,heap      ] GC(189) Eden regions: 48->0(47)
[2020-11-05T20:34:23.833+0800][gc,heap      ] GC(189) Survivor regions: 3->4(7)
[2020-11-05T20:34:23.833+0800][gc,heap      ] GC(189) Old regions: 177->177
[2020-11-05T20:34:23.833+0800][gc,heap      ] GC(189) Archive regions: 2->2
[2020-11-05T20:34:23.833+0800][gc,heap      ] GC(189) Humongous regions: 130->130
[2020-11-05T20:34:23.833+0800][gc,metaspace ] GC(189) Metaspace: 27788K->27788K(1075200K)
[2020-11-05T20:34:23.833+0800][gc           ] GC(189) Pause Young (Normal) (G1 Evacuation Pause) 357M->311M(1024M) 59.793ms
[2020-11-05T20:34:23.833+0800][gc,cpu       ] GC(189) User=0.01s Sys=0.09s Real=0.06s
[2020-11-05T20:35:41.819+0800][gc,start     ] GC(190) Pause Young (Normal) (G1 Evacuation Pause)
[2020-11-05T20:35:41.820+0800][gc,task      ] GC(190) Using 8 workers of 8 for evacuation
[2020-11-05T20:35:41.863+0800][gc,mmu       ] GC(190) MMU target violated: 21.0ms (20.0ms/21.0ms)
[2020-11-05T20:35:41.863+0800][gc,phases    ] GC(190)   Pre Evacuate Collection Set: 0.1ms
[2020-11-05T20:35:41.863+0800][gc,phases    ] GC(190)   Evacuate Collection Set: 27.9ms
[2020-11-05T20:35:41.863+0800][gc,phases    ] GC(190)   Post Evacuate Collection Set: 4.5ms
[2020-11-05T20:35:41.863+0800][gc,phases    ] GC(190)   Other: 11.1ms
[2020-11-05T20:35:41.863+0800][gc,heap      ] GC(190) Eden regions: 47->0(47)
[2020-11-05T20:35:41.863+0800][gc,heap      ] GC(190) Survivor regions: 4->4(7)
[2020-11-05T20:35:41.863+0800][gc,heap      ] GC(190) Old regions: 177->177
[2020-11-05T20:35:41.863+0800][gc,heap      ] GC(190) Archive regions: 2->2
[2020-11-05T20:35:41.863+0800][gc,heap      ] GC(190) Humongous regions: 130->130
[2020-11-05T20:35:41.863+0800][gc,metaspace ] GC(190) Metaspace: 27790K->27790K(1075200K)
[2020-11-05T20:35:41.863+0800][gc           ] GC(190) Pause Young (Normal) (G1 Evacuation Pause) 358M->310M(1024M) 43.563ms
[2020-11-05T20:35:41.863+0800][gc,cpu       ] GC(190) User=0.04s Sys=0.10s Real=0.05s
[2020-11-05T20:36:55.267+0800][gc,start     ] GC(191) Pause Young (Normal) (G1 Evacuation Pause)
[2020-11-05T20:36:55.268+0800][gc,task      ] GC(191) Using 8 workers of 8 for evacuation
[2020-11-05T20:36:55.284+0800][gc,phases    ] GC(191)   Pre Evacuate Collection Set: 0.1ms
[2020-11-05T20:36:55.284+0800][gc,phases    ] GC(191)   Evacuate Collection Set: 12.1ms
[2020-11-05T20:36:55.284+0800][gc,phases    ] GC(191)   Post Evacuate Collection Set: 0.8ms
[2020-11-05T20:36:55.284+0800][gc,phases    ] GC(191)   Other: 3.7ms
[2020-11-05T20:36:55.284+0800][gc,heap      ] GC(191) Eden regions: 47->0(47)
[2020-11-05T20:36:55.284+0800][gc,heap      ] GC(191) Survivor regions: 4->4(7)
[2020-11-05T20:36:55.284+0800][gc,heap      ] GC(191) Old regions: 177->177
[2020-11-05T20:36:55.284+0800][gc,heap      ] GC(191) Archive regions: 2->2
[2020-11-05T20:36:55.284+0800][gc,heap      ] GC(191) Humongous regions: 130->130
[2020-11-05T20:36:55.284+0800][gc,metaspace ] GC(191) Metaspace: 27791K->27791K(1075200K)
[2020-11-05T20:36:55.285+0800][gc           ] GC(191) Pause Young (Normal) (G1 Evacuation Pause) 357M->310M(1024M) 17.480ms
[2020-11-05T20:36:55.285+0800][gc,cpu       ] GC(191) User=0.02s Sys=0.04s Real=0.02s
[2020-11-05T20:38:00.371+0800][gc,start     ] GC(192) Pause Young (Normal) (G1 Evacuation Pause)
[2020-11-05T20:38:00.372+0800][gc,task      ] GC(192) Using 8 workers of 8 for evacuation
[2020-11-05T20:38:00.382+0800][gc,phases    ] GC(192)   Pre Evacuate Collection Set: 0.1ms
[2020-11-05T20:38:00.382+0800][gc,phases    ] GC(192)   Evacuate Collection Set: 8.4ms
[2020-11-05T20:38:00.382+0800][gc,phases    ] GC(192)   Post Evacuate Collection Set: 1.3ms
[2020-11-05T20:38:00.382+0800][gc,phases    ] GC(192)   Other: 1.2ms
[2020-11-05T20:38:00.382+0800][gc,heap      ] GC(192) Eden regions: 47->0(48)
[2020-11-05T20:38:00.383+0800][gc,heap      ] GC(192) Survivor regions: 4->3(7)
[2020-11-05T20:38:00.383+0800][gc,heap      ] GC(192) Old regions: 177->177
[2020-11-05T20:38:00.383+0800][gc,heap      ] GC(192) Archive regions: 2->2
[2020-11-05T20:38:00.383+0800][gc,heap      ] GC(192) Humongous regions: 130->130
[2020-11-05T20:38:00.383+0800][gc,metaspace ] GC(192) Metaspace: 27791K->27791K(1075200K)
[2020-11-05T20:38:00.383+0800][gc           ] GC(192) Pause Young (Normal) (G1 Evacuation Pause) 357M->310M(1024M) 11.142ms
[2020-11-05T20:38:00.383+0800][gc,cpu       ] GC(192) User=0.03s Sys=0.02s Real=0.01s
[2020-11-05T20:39:07.619+0800][gc,start     ] GC(193) Pause Young (Normal) (G1 Evacuation Pause)
[2020-11-05T20:39:07.620+0800][gc,task      ] GC(193) Using 8 workers of 8 for evacuation
[2020-11-05T20:39:07.671+0800][gc,mmu       ] GC(193) MMU target violated: 21.0ms (20.0ms/21.0ms)
[2020-11-05T20:39:07.671+0800][gc,phases    ] GC(193)   Pre Evacuate Collection Set: 0.2ms
[2020-11-05T20:39:07.671+0800][gc,phases    ] GC(193)   Evacuate Collection Set: 30.5ms
[2020-11-05T20:39:07.671+0800][gc,phases    ] GC(193)   Post Evacuate Collection Set: 5.8ms
[2020-11-05T20:39:07.673+0800][gc,phases    ] GC(193)   Other: 15.8ms
[2020-11-05T20:39:07.673+0800][gc,heap      ] GC(193) Eden regions: 48->0(48)
[2020-11-05T20:39:07.673+0800][gc,heap      ] GC(193) Survivor regions: 3->3(7)
[2020-11-05T20:39:07.673+0800][gc,heap      ] GC(193) Old regions: 177->177
[2020-11-05T20:39:07.673+0800][gc,heap      ] GC(193) Archive regions: 2->2
[2020-11-05T20:39:07.673+0800][gc,heap      ] GC(193) Humongous regions: 130->130
[2020-11-05T20:39:07.673+0800][gc,metaspace ] GC(193) Metaspace: 27793K->27793K(1075200K)
[2020-11-05T20:39:07.673+0800][gc           ] GC(193) Pause Young (Normal) (G1 Evacuation Pause) 358M->310M(1024M) 54.052ms
[2020-11-05T20:39:07.673+0800][gc,cpu       ] GC(193) User=0.03s Sys=0.09s Real=0.06s
[2020-11-05T20:40:14.875+0800][gc,start     ] GC(194) Pause Young (Normal) (G1 Evacuation Pause)
[2020-11-05T20:40:14.876+0800][gc,task      ] GC(194) Using 8 workers of 8 for evacuation
[2020-11-05T20:40:14.905+0800][gc,mmu       ] GC(194) MMU target violated: 21.0ms (20.0ms/21.0ms)
[2020-11-05T20:40:14.905+0800][gc,phases    ] GC(194)   Pre Evacuate Collection Set: 0.1ms
[2020-11-05T20:40:14.905+0800][gc,phases    ] GC(194)   Evacuate Collection Set: 18.5ms
[2020-11-05T20:40:14.905+0800][gc,phases    ] GC(194)   Post Evacuate Collection Set: 3.5ms
[2020-11-05T20:40:14.906+0800][gc,phases    ] GC(194)   Other: 8.1ms
[2020-11-05T20:40:14.906+0800][gc,heap      ] GC(194) Eden regions: 48->0(48)
[2020-11-05T20:40:14.906+0800][gc,heap      ] GC(194) Survivor regions: 3->3(7)
[2020-11-05T20:40:14.906+0800][gc,heap      ] GC(194) Old regions: 177->177
[2020-11-05T20:40:14.906+0800][gc,heap      ] GC(194) Archive regions: 2->2
[2020-11-05T20:40:14.906+0800][gc,heap      ] GC(194) Humongous regions: 130->130
[2020-11-05T20:40:14.906+0800][gc,metaspace ] GC(194) Metaspace: 27793K->27793K(1075200K)
[2020-11-05T20:40:14.906+0800][gc           ] GC(194) Pause Young (Normal) (G1 Evacuation Pause) 358M->310M(1024M) 30.379ms
[2020-11-05T20:40:14.906+0800][gc,cpu       ] GC(194) User=0.02s Sys=0.07s Real=0.03s
[2020-11-05T20:41:21.745+0800][gc,start     ] GC(195) Pause Young (Normal) (G1 Evacuation Pause)
[2020-11-05T20:41:21.746+0800][gc,task      ] GC(195) Using 8 workers of 8 for evacuation
[2020-11-05T20:41:21.784+0800][gc,mmu       ] GC(195) MMU target violated: 21.0ms (20.0ms/21.0ms)
[2020-11-05T20:41:21.784+0800][gc,phases    ] GC(195)   Pre Evacuate Collection Set: 0.1ms
[2020-11-05T20:41:21.784+0800][gc,phases    ] GC(195)   Evacuate Collection Set: 26.0ms
[2020-11-05T20:41:21.784+0800][gc,phases    ] GC(195)   Post Evacuate Collection Set: 4.3ms
[2020-11-05T20:41:21.784+0800][gc,phases    ] GC(195)   Other: 9.1ms
[2020-11-05T20:41:21.785+0800][gc,heap      ] GC(195) Eden regions: 48->0(47)
[2020-11-05T20:41:21.785+0800][gc,heap      ] GC(195) Survivor regions: 3->4(7)
[2020-11-05T20:41:21.785+0800][gc,heap      ] GC(195) Old regions: 177->177
[2020-11-05T20:41:21.785+0800][gc,heap      ] GC(195) Archive regions: 2->2
[2020-11-05T20:41:21.785+0800][gc,heap      ] GC(195) Humongous regions: 130->130
[2020-11-05T20:41:21.785+0800][gc,metaspace ] GC(195) Metaspace: 27796K->27796K(1075200K)
[2020-11-05T20:41:21.785+0800][gc           ] GC(195) Pause Young (Normal) (G1 Evacuation Pause) 358M->310M(1024M) 40.307ms
[2020-11-05T20:41:21.785+0800][gc,cpu       ] GC(195) User=0.03s Sys=0.09s Real=0.04s
[2020-11-05T20:42:27.717+0800][gc,start     ] GC(196) Pause Young (Normal) (G1 Evacuation Pause)
[2020-11-05T20:42:27.718+0800][gc,task      ] GC(196) Using 8 workers of 8 for evacuation
[2020-11-05T20:42:27.744+0800][gc,mmu       ] GC(196) MMU target violated: 21.0ms (20.0ms/21.0ms)
[2020-11-05T20:42:27.744+0800][gc,phases    ] GC(196)   Pre Evacuate Collection Set: 0.1ms
[2020-11-05T20:42:27.744+0800][gc,phases    ] GC(196)   Evacuate Collection Set: 18.4ms
[2020-11-05T20:42:27.744+0800][gc,phases    ] GC(196)   Post Evacuate Collection Set: 2.2ms
[2020-11-05T20:42:27.744+0800][gc,phases    ] GC(196)   Other: 6.9ms
[2020-11-05T20:42:27.744+0800][gc,heap      ] GC(196) Eden regions: 47->0(47)
[2020-11-05T20:42:27.744+0800][gc,heap      ] GC(196) Survivor regions: 4->4(7)
[2020-11-05T20:42:27.744+0800][gc,heap      ] GC(196) Old regions: 177->178
[2020-11-05T20:42:27.744+0800][gc,heap      ] GC(196) Archive regions: 2->2
[2020-11-05T20:42:27.744+0800][gc,heap      ] GC(196) Humongous regions: 130->130
[2020-11-05T20:42:27.744+0800][gc,metaspace ] GC(196) Metaspace: 27796K->27796K(1075200K)
[2020-11-05T20:42:27.744+0800][gc           ] GC(196) Pause Young (Normal) (G1 Evacuation Pause) 357M->310M(1024M) 27.072ms
[2020-11-05T20:42:27.744+0800][gc,cpu       ] GC(196) User=0.04s Sys=0.07s Real=0.03s
[2020-11-05T20:43:32.928+0800][gc,start     ] GC(197) Pause Young (Normal) (G1 Evacuation Pause)
[2020-11-05T20:43:32.928+0800][gc,task      ] GC(197) Using 8 workers of 8 for evacuation
[2020-11-05T20:43:32.936+0800][gc,phases    ] GC(197)   Pre Evacuate Collection Set: 0.0ms
[2020-11-05T20:43:32.936+0800][gc,phases    ] GC(197)   Evacuate Collection Set: 6.0ms
[2020-11-05T20:43:32.936+0800][gc,phases    ] GC(197)   Post Evacuate Collection Set: 1.4ms
[2020-11-05T20:43:32.936+0800][gc,phases    ] GC(197)   Other: 0.8ms
[2020-11-05T20:43:32.936+0800][gc,heap      ] GC(197) Eden regions: 47->0(48)
[2020-11-05T20:43:32.936+0800][gc,heap      ] GC(197) Survivor regions: 4->3(7)
[2020-11-05T20:43:32.936+0800][gc,heap      ] GC(197) Old regions: 178->178
[2020-11-05T20:43:32.936+0800][gc,heap      ] GC(197) Archive regions: 2->2
[2020-11-05T20:43:32.936+0800][gc,heap      ] GC(197) Humongous regions: 130->130
[2020-11-05T20:43:32.936+0800][gc,metaspace ] GC(197) Metaspace: 27798K->27798K(1075200K)
[2020-11-05T20:43:32.937+0800][gc           ] GC(197) Pause Young (Normal) (G1 Evacuation Pause) 357M->310M(1024M) 8.895ms
[2020-11-05T20:43:32.937+0800][gc,cpu       ] GC(197) User=0.02s Sys=0.01s Real=0.01s
[2020-11-05T20:44:39.590+0800][gc,start     ] GC(198) Pause Young (Normal) (G1 Evacuation Pause)
[2020-11-05T20:44:39.591+0800][gc,task      ] GC(198) Using 8 workers of 8 for evacuation
[2020-11-05T20:44:39.600+0800][gc,phases    ] GC(198)   Pre Evacuate Collection Set: 0.1ms
[2020-11-05T20:44:39.600+0800][gc,phases    ] GC(198)   Evacuate Collection Set: 8.7ms
[2020-11-05T20:44:39.600+0800][gc,phases    ] GC(198)   Post Evacuate Collection Set: 0.4ms
[2020-11-05T20:44:39.600+0800][gc,phases    ] GC(198)   Other: 1.0ms
[2020-11-05T20:44:39.601+0800][gc,heap      ] GC(198) Eden regions: 48->0(48)
[2020-11-05T20:44:39.601+0800][gc,heap      ] GC(198) Survivor regions: 3->3(7)
[2020-11-05T20:44:39.601+0800][gc,heap      ] GC(198) Old regions: 178->178
[2020-11-05T20:44:39.601+0800][gc,heap      ] GC(198) Archive regions: 2->2
[2020-11-05T20:44:39.601+0800][gc,heap      ] GC(198) Humongous regions: 130->130
[2020-11-05T20:44:39.601+0800][gc,metaspace ] GC(198) Metaspace: 27798K->27798K(1075200K)
[2020-11-05T20:44:39.601+0800][gc           ] GC(198) Pause Young (Normal) (G1 Evacuation Pause) 358M->310M(1024M) 10.327ms
[2020-11-05T20:44:39.601+0800][gc,cpu       ] GC(198) User=0.02s Sys=0.03s Real=0.01s
[2020-11-05T20:45:47.635+0800][gc,start     ] GC(199) Pause Young (Normal) (G1 Evacuation Pause)
[2020-11-05T20:45:47.637+0800][gc,task      ] GC(199) Using 8 workers of 8 for evacuation
[2020-11-05T20:45:47.644+0800][gc,phases    ] GC(199)   Pre Evacuate Collection Set: 0.0ms
[2020-11-05T20:45:47.644+0800][gc,phases    ] GC(199)   Evacuate Collection Set: 3.2ms
[2020-11-05T20:45:47.644+0800][gc,phases    ] GC(199)   Post Evacuate Collection Set: 3.2ms
[2020-11-05T20:45:47.644+0800][gc,phases    ] GC(199)   Other: 3.2ms
[2020-11-05T20:45:47.644+0800][gc,heap      ] GC(199) Eden regions: 48->0(58)
[2020-11-05T20:45:47.644+0800][gc,heap      ] GC(199) Survivor regions: 3->3(7)
[2020-11-05T20:45:47.644+0800][gc,heap      ] GC(199) Old regions: 178->178
[2020-11-05T20:45:47.644+0800][gc,heap      ] GC(199) Archive regions: 2->2
[2020-11-05T20:45:47.644+0800][gc,heap      ] GC(199) Humongous regions: 130->130
[2020-11-05T20:45:47.644+0800][gc,metaspace ] GC(199) Metaspace: 27798K->27798K(1075200K)
[2020-11-05T20:45:47.645+0800][gc           ] GC(199) Pause Young (Normal) (G1 Evacuation Pause) 358M->310M(1024M) 10.668ms
[2020-11-05T20:45:47.645+0800][gc,cpu       ] GC(199) User=0.02s Sys=0.00s Real=0.01s
[2020-11-05T20:47:08.773+0800][gc,start     ] GC(200) Pause Young (Normal) (G1 Evacuation Pause)
[2020-11-05T20:47:08.774+0800][gc,task      ] GC(200) Using 8 workers of 8 for evacuation
[2020-11-05T20:47:08.783+0800][gc,phases    ] GC(200)   Pre Evacuate Collection Set: 0.0ms
[2020-11-05T20:47:08.783+0800][gc,phases    ] GC(200)   Evacuate Collection Set: 8.0ms
[2020-11-05T20:47:08.783+0800][gc,phases    ] GC(200)   Post Evacuate Collection Set: 1.0ms
[2020-11-05T20:47:08.783+0800][gc,phases    ] GC(200)   Other: 0.8ms
[2020-11-05T20:47:08.783+0800][gc,heap      ] GC(200) Eden regions: 58->0(70)
[2020-11-05T20:47:08.783+0800][gc,heap      ] GC(200) Survivor regions: 3->3(8)
[2020-11-05T20:47:08.783+0800][gc,heap      ] GC(200) Old regions: 178->178
[2020-11-05T20:47:08.783+0800][gc,heap      ] GC(200) Archive regions: 2->2
[2020-11-05T20:47:08.783+0800][gc,heap      ] GC(200) Humongous regions: 130->130
[2020-11-05T20:47:08.783+0800][gc,metaspace ] GC(200) Metaspace: 27798K->27798K(1075200K)
[2020-11-05T20:47:08.783+0800][gc           ] GC(200) Pause Young (Normal) (G1 Evacuation Pause) 368M->310M(1024M) 9.876ms
[2020-11-05T20:47:08.783+0800][gc,cpu       ] GC(200) User=0.01s Sys=0.02s Real=0.01s
[2020-11-05T20:48:47.184+0800][gc,start     ] GC(201) Pause Young (Normal) (G1 Evacuation Pause)
[2020-11-05T20:48:47.184+0800][gc,task      ] GC(201) Using 8 workers of 8 for evacuation
[2020-11-05T20:48:47.197+0800][gc,phases    ] GC(201)   Pre Evacuate Collection Set: 0.0ms
[2020-11-05T20:48:47.197+0800][gc,phases    ] GC(201)   Evacuate Collection Set: 11.4ms
[2020-11-05T20:48:47.197+0800][gc,phases    ] GC(201)   Post Evacuate Collection Set: 1.5ms
[2020-11-05T20:48:47.197+0800][gc,phases    ] GC(201)   Other: 0.3ms
[2020-11-05T20:48:47.197+0800][gc,heap      ] GC(201) Eden regions: 70->0(72)
[2020-11-05T20:48:47.197+0800][gc,heap      ] GC(201) Survivor regions: 3->3(10)
[2020-11-05T20:48:47.197+0800][gc,heap      ] GC(201) Old regions: 178->178
[2020-11-05T20:48:47.197+0800][gc,heap      ] GC(201) Archive regions: 2->2
[2020-11-05T20:48:47.197+0800][gc,heap      ] GC(201) Humongous regions: 130->130
[2020-11-05T20:48:47.197+0800][gc,metaspace ] GC(201) Metaspace: 27798K->27798K(1075200K)
[2020-11-05T20:48:47.198+0800][gc           ] GC(201) Pause Young (Normal) (G1 Evacuation Pause) 380M->310M(1024M) 13.833ms
[2020-11-05T20:48:47.198+0800][gc,cpu       ] GC(201) User=0.01s Sys=0.02s Real=0.01s
[2020-11-05T20:50:29.404+0800][gc,start     ] GC(202) Pause Young (Normal) (G1 Evacuation Pause)
[2020-11-05T20:50:29.405+0800][gc,task      ] GC(202) Using 8 workers of 8 for evacuation
[2020-11-05T20:50:29.426+0800][gc,mmu       ] GC(202) MMU target violated: 20.6ms (20.0ms/21.0ms)
[2020-11-05T20:50:29.426+0800][gc,phases    ] GC(202)   Pre Evacuate Collection Set: 0.1ms
[2020-11-05T20:50:29.426+0800][gc,phases    ] GC(202)   Evacuate Collection Set: 19.3ms
[2020-11-05T20:50:29.426+0800][gc,phases    ] GC(202)   Post Evacuate Collection Set: 1.0ms
[2020-11-05T20:50:29.426+0800][gc,phases    ] GC(202)   Other: 1.9ms
[2020-11-05T20:50:29.426+0800][gc,heap      ] GC(202) Eden regions: 72->0(63)
[2020-11-05T20:50:29.426+0800][gc,heap      ] GC(202) Survivor regions: 3->3(10)
[2020-11-05T20:50:29.426+0800][gc,heap      ] GC(202) Old regions: 178->178
[2020-11-05T20:50:29.426+0800][gc,heap      ] GC(202) Archive regions: 2->2
[2020-11-05T20:50:29.426+0800][gc,heap      ] GC(202) Humongous regions: 130->130
[2020-11-05T20:50:29.426+0800][gc,metaspace ] GC(202) Metaspace: 27798K->27798K(1075200K)
[2020-11-05T20:50:29.426+0800][gc           ] GC(202) Pause Young (Normal) (G1 Evacuation Pause) 382M->311M(1024M) 22.453ms
[2020-11-05T20:50:29.426+0800][gc,cpu       ] GC(202) User=0.02s Sys=0.05s Real=0.02s
[2020-11-05T20:51:59.046+0800][gc,start     ] GC(203) Pause Young (Normal) (G1 Evacuation Pause)
[2020-11-05T20:51:59.046+0800][gc,task      ] GC(203) Using 8 workers of 8 for evacuation
[2020-11-05T20:51:59.052+0800][gc,phases    ] GC(203)   Pre Evacuate Collection Set: 0.1ms
[2020-11-05T20:51:59.052+0800][gc,phases    ] GC(203)   Evacuate Collection Set: 4.1ms
[2020-11-05T20:51:59.052+0800][gc,phases    ] GC(203)   Post Evacuate Collection Set: 1.4ms
[2020-11-05T20:51:59.052+0800][gc,phases    ] GC(203)   Other: 0.6ms
[2020-11-05T20:51:59.052+0800][gc,heap      ] GC(203) Eden regions: 63->0(84)
[2020-11-05T20:51:59.052+0800][gc,heap      ] GC(203) Survivor regions: 3->4(9)
[2020-11-05T20:51:59.052+0800][gc,heap      ] GC(203) Old regions: 178->178
[2020-11-05T20:51:59.052+0800][gc,heap      ] GC(203) Archive regions: 2->2
[2020-11-05T20:51:59.052+0800][gc,heap      ] GC(203) Humongous regions: 130->130
[2020-11-05T20:51:59.052+0800][gc,metaspace ] GC(203) Metaspace: 27798K->27798K(1075200K)
[2020-11-05T20:51:59.053+0800][gc           ] GC(203) Pause Young (Normal) (G1 Evacuation Pause) 374M->311M(1024M) 7.264ms
[2020-11-05T20:51:59.053+0800][gc,cpu       ] GC(203) User=0.03s Sys=0.00s Real=0.01s
[2020-11-05T20:53:58.922+0800][gc,start     ] GC(204) Pause Young (Normal) (G1 Evacuation Pause)
[2020-11-05T20:53:58.922+0800][gc,task      ] GC(204) Using 8 workers of 8 for evacuation
[2020-11-05T20:53:58.939+0800][gc,phases    ] GC(204)   Pre Evacuate Collection Set: 0.0ms
[2020-11-05T20:53:58.939+0800][gc,phases    ] GC(204)   Evacuate Collection Set: 14.3ms
[2020-11-05T20:53:58.939+0800][gc,phases    ] GC(204)   Post Evacuate Collection Set: 2.3ms
[2020-11-05T20:53:58.939+0800][gc,phases    ] GC(204)   Other: 0.8ms
[2020-11-05T20:53:58.939+0800][gc,heap      ] GC(204) Eden regions: 84->0(85)
[2020-11-05T20:53:58.939+0800][gc,heap      ] GC(204) Survivor regions: 4->4(11)
[2020-11-05T20:53:58.939+0800][gc,heap      ] GC(204) Old regions: 178->178
[2020-11-05T20:53:58.939+0800][gc,heap      ] GC(204) Archive regions: 2->2
[2020-11-05T20:53:58.939+0800][gc,heap      ] GC(204) Humongous regions: 130->130
[2020-11-05T20:53:58.939+0800][gc,metaspace ] GC(204) Metaspace: 27798K->27798K(1075200K)
[2020-11-05T20:53:58.939+0800][gc           ] GC(204) Pause Young (Normal) (G1 Evacuation Pause) 395M->311M(1024M) 17.566ms
[2020-11-05T20:53:58.940+0800][gc,cpu       ] GC(204) User=0.02s Sys=0.04s Real=0.02s
[2020-11-05T21:31:15.846+0800][gc,start     ] GC(205) Pause Young (Normal) (G1 Evacuation Pause)
[2020-11-05T21:31:15.853+0800][gc,task      ] GC(205) Using 8 workers of 8 for evacuation
[2020-11-05T21:31:15.906+0800][gc,mmu       ] GC(205) MMU target violated: 21.0ms (20.0ms/21.0ms)
[2020-11-05T21:31:15.907+0800][gc,phases    ] GC(205)   Pre Evacuate Collection Set: 0.2ms
[2020-11-05T21:31:15.907+0800][gc,phases    ] GC(205)   Evacuate Collection Set: 33.2ms
[2020-11-05T21:31:15.907+0800][gc,phases    ] GC(205)   Post Evacuate Collection Set: 5.5ms
[2020-11-05T21:31:15.908+0800][gc,phases    ] GC(205)   Other: 28.2ms
[2020-11-05T21:31:15.909+0800][gc,heap      ] GC(205) Eden regions: 85->0(48)
[2020-11-05T21:31:15.909+0800][gc,heap      ] GC(205) Survivor regions: 4->3(12)
[2020-11-05T21:31:15.909+0800][gc,heap      ] GC(205) Old regions: 178->178
[2020-11-05T21:31:15.909+0800][gc,heap      ] GC(205) Archive regions: 2->2
[2020-11-05T21:31:15.909+0800][gc,heap      ] GC(205) Humongous regions: 130->130
[2020-11-05T21:31:15.909+0800][gc,metaspace ] GC(205) Metaspace: 27839K->27839K(1075200K)
[2020-11-05T21:31:15.909+0800][gc           ] GC(205) Pause Young (Normal) (G1 Evacuation Pause) 396M->310M(1024M) 63.526ms
[2020-11-05T21:31:15.909+0800][gc,cpu       ] GC(205) User=0.03s Sys=0.10s Real=0.06s
[2020-11-05T21:32:19.360+0800][gc,start     ] GC(206) Pause Young (Normal) (G1 Evacuation Pause)
[2020-11-05T21:32:19.361+0800][gc,task      ] GC(206) Using 8 workers of 8 for evacuation
[2020-11-05T21:32:19.390+0800][gc,mmu       ] GC(206) MMU target violated: 21.0ms (20.0ms/21.0ms)
[2020-11-05T21:32:19.390+0800][gc,phases    ] GC(206)   Pre Evacuate Collection Set: 0.1ms
[2020-11-05T21:32:19.390+0800][gc,phases    ] GC(206)   Evacuate Collection Set: 20.7ms
[2020-11-05T21:32:19.390+0800][gc,phases    ] GC(206)   Post Evacuate Collection Set: 4.1ms
[2020-11-05T21:32:19.390+0800][gc,phases    ] GC(206)   Other: 5.6ms
[2020-11-05T21:32:19.391+0800][gc,heap      ] GC(206) Eden regions: 48->0(48)
[2020-11-05T21:32:19.391+0800][gc,heap      ] GC(206) Survivor regions: 3->3(7)
[2020-11-05T21:32:19.391+0800][gc,heap      ] GC(206) Old regions: 178->178
[2020-11-05T21:32:19.391+0800][gc,heap      ] GC(206) Archive regions: 2->2
[2020-11-05T21:32:19.391+0800][gc,heap      ] GC(206) Humongous regions: 130->130
[2020-11-05T21:32:19.391+0800][gc,metaspace ] GC(206) Metaspace: 27843K->27843K(1075200K)
[2020-11-05T21:32:19.391+0800][gc           ] GC(206) Pause Young (Normal) (G1 Evacuation Pause) 358M->310M(1024M) 30.714ms
[2020-11-05T21:32:19.391+0800][gc,cpu       ] GC(206) User=0.02s Sys=0.04s Real=0.03s
[2020-11-05T21:33:25.088+0800][gc,start     ] GC(207) Pause Young (Normal) (G1 Evacuation Pause)
[2020-11-05T21:33:25.089+0800][gc,task      ] GC(207) Using 8 workers of 8 for evacuation
[2020-11-05T21:33:25.113+0800][gc,mmu       ] GC(207) MMU target violated: 21.0ms (20.0ms/21.0ms)
[2020-11-05T21:33:25.113+0800][gc,phases    ] GC(207)   Pre Evacuate Collection Set: 0.1ms
[2020-11-05T21:33:25.113+0800][gc,phases    ] GC(207)   Evacuate Collection Set: 19.8ms
[2020-11-05T21:33:25.113+0800][gc,phases    ] GC(207)   Post Evacuate Collection Set: 2.5ms
[2020-11-05T21:33:25.113+0800][gc,phases    ] GC(207)   Other: 2.7ms
[2020-11-05T21:33:25.113+0800][gc,heap      ] GC(207) Eden regions: 48->0(47)
[2020-11-05T21:33:25.113+0800][gc,heap      ] GC(207) Survivor regions: 3->4(7)
[2020-11-05T21:33:25.113+0800][gc,heap      ] GC(207) Old regions: 178->178
[2020-11-05T21:33:25.113+0800][gc,heap      ] GC(207) Archive regions: 2->2
[2020-11-05T21:33:25.113+0800][gc,heap      ] GC(207) Humongous regions: 130->130
[2020-11-05T21:33:25.113+0800][gc,metaspace ] GC(207) Metaspace: 27843K->27843K(1075200K)
[2020-11-05T21:33:25.113+0800][gc           ] GC(207) Pause Young (Normal) (G1 Evacuation Pause) 358M->311M(1024M) 25.162ms
[2020-11-05T21:33:25.113+0800][gc,cpu       ] GC(207) User=0.02s Sys=0.04s Real=0.03s
[2020-11-05T21:34:30.445+0800][gc,start     ] GC(208) Pause Young (Normal) (G1 Evacuation Pause)
[2020-11-05T21:34:30.445+0800][gc,task      ] GC(208) Using 8 workers of 8 for evacuation
[2020-11-05T21:34:30.463+0800][gc,phases    ] GC(208)   Pre Evacuate Collection Set: 0.1ms
[2020-11-05T21:34:30.463+0800][gc,phases    ] GC(208)   Evacuate Collection Set: 15.9ms
[2020-11-05T21:34:30.464+0800][gc,phases    ] GC(208)   Post Evacuate Collection Set: 1.7ms
[2020-11-05T21:34:30.464+0800][gc,phases    ] GC(208)   Other: 1.2ms
[2020-11-05T21:34:30.464+0800][gc,heap      ] GC(208) Eden regions: 47->0(47)
[2020-11-05T21:34:30.464+0800][gc,heap      ] GC(208) Survivor regions: 4->4(7)
[2020-11-05T21:34:30.464+0800][gc,heap      ] GC(208) Old regions: 178->178
[2020-11-05T21:34:30.464+0800][gc,heap      ] GC(208) Archive regions: 2->2
[2020-11-05T21:34:30.464+0800][gc,heap      ] GC(208) Humongous regions: 130->130
[2020-11-05T21:34:30.464+0800][gc,metaspace ] GC(208) Metaspace: 27843K->27843K(1075200K)
[2020-11-05T21:34:30.464+0800][gc           ] GC(208) Pause Young (Normal) (G1 Evacuation Pause) 358M->311M(1024M) 19.019ms
[2020-11-05T21:34:30.464+0800][gc,cpu       ] GC(208) User=0.02s Sys=0.02s Real=0.02s
[2020-11-05T21:35:35.797+0800][gc,start     ] GC(209) Pause Young (Normal) (G1 Evacuation Pause)
[2020-11-05T21:35:35.798+0800][gc,task      ] GC(209) Using 8 workers of 8 for evacuation
[2020-11-05T21:35:35.802+0800][gc,phases    ] GC(209)   Pre Evacuate Collection Set: 0.0ms
[2020-11-05T21:35:35.802+0800][gc,phases    ] GC(209)   Evacuate Collection Set: 3.6ms
[2020-11-05T21:35:35.802+0800][gc,phases    ] GC(209)   Post Evacuate Collection Set: 0.8ms
[2020-11-05T21:35:35.802+0800][gc,phases    ] GC(209)   Other: 0.6ms
[2020-11-05T21:35:35.802+0800][gc,heap      ] GC(209) Eden regions: 47->0(49)
[2020-11-05T21:35:35.802+0800][gc,heap      ] GC(209) Survivor regions: 4->4(7)
[2020-11-05T21:35:35.802+0800][gc,heap      ] GC(209) Old regions: 178->178
[2020-11-05T21:35:35.802+0800][gc,heap      ] GC(209) Archive regions: 2->2
[2020-11-05T21:35:35.802+0800][gc,heap      ] GC(209) Humongous regions: 130->130
[2020-11-05T21:35:35.802+0800][gc,metaspace ] GC(209) Metaspace: 27843K->27843K(1075200K)
[2020-11-05T21:35:35.803+0800][gc           ] GC(209) Pause Young (Normal) (G1 Evacuation Pause) 358M->311M(1024M) 5.847ms
[2020-11-05T21:35:35.803+0800][gc,cpu       ] GC(209) User=0.01s Sys=0.01s Real=0.01s
[2020-11-05T21:36:44.094+0800][gc,start     ] GC(210) Pause Young (Normal) (G1 Evacuation Pause)
[2020-11-05T21:36:44.094+0800][gc,task      ] GC(210) Using 8 workers of 8 for evacuation
[2020-11-05T21:36:44.124+0800][gc,mmu       ] GC(210) MMU target violated: 21.0ms (20.0ms/21.0ms)
[2020-11-05T21:36:44.124+0800][gc,phases    ] GC(210)   Pre Evacuate Collection Set: 0.1ms
[2020-11-05T21:36:44.124+0800][gc,phases    ] GC(210)   Evacuate Collection Set: 23.1ms
[2020-11-05T21:36:44.124+0800][gc,phases    ] GC(210)   Post Evacuate Collection Set: 2.8ms
[2020-11-05T21:36:44.125+0800][gc,phases    ] GC(210)   Other: 7.5ms
[2020-11-05T21:36:44.125+0800][gc,heap      ] GC(210) Eden regions: 49->0(47)
[2020-11-05T21:36:44.125+0800][gc,heap      ] GC(210) Survivor regions: 4->4(7)
[2020-11-05T21:36:44.125+0800][gc,heap      ] GC(210) Old regions: 178->178
[2020-11-05T21:36:44.125+0800][gc,heap      ] GC(210) Archive regions: 2->2
[2020-11-05T21:36:44.125+0800][gc,heap      ] GC(210) Humongous regions: 130->130
[2020-11-05T21:36:44.125+0800][gc,metaspace ] GC(210) Metaspace: 27844K->27844K(1075200K)
[2020-11-05T21:36:44.125+0800][gc           ] GC(210) Pause Young (Normal) (G1 Evacuation Pause) 360M->311M(1024M) 30.900ms
[2020-11-05T21:36:44.125+0800][gc,cpu       ] GC(210) User=0.02s Sys=0.06s Real=0.03s
