[2020-11-06T11:30:57.628+0800][gc,task      ] GC(82) Using 8 workers of 8 for evacuation
[2020-11-06T11:30:57.648+0800][gc,phases    ] GC(82)   Pre Evacuate Collection Set: 0.1ms
[2020-11-06T11:30:57.648+0800][gc,phases    ] GC(82)   Evacuate Collection Set: 14.9ms
[2020-11-06T11:30:57.648+0800][gc,phases    ] GC(82)   Post Evacuate Collection Set: 1.0ms
[2020-11-06T11:30:57.648+0800][gc,phases    ] GC(82)   Other: 28.9ms
[2020-11-06T11:30:57.648+0800][gc,heap      ] GC(82) Eden regions: 44->0(48)
[2020-11-06T11:30:57.648+0800][gc,heap      ] GC(82) Survivor regions: 7->3(7)
[2020-11-06T11:30:57.648+0800][gc,heap      ] GC(82) Old regions: 132->139
[2020-11-06T11:30:57.648+0800][gc,heap      ] GC(82) Archive regions: 2->2
[2020-11-06T11:30:57.648+0800][gc,heap      ] GC(82) Humongous regions: 130->130
[2020-11-06T11:30:57.648+0800][gc,metaspace ] GC(82) Metaspace: 28304K->28304K(1075200K)
[2020-11-06T11:30:57.648+0800][gc           ] GC(82) Pause Young (Normal) (G1 Evacuation Pause) 313M->271M(1024M) 44.908ms
[2020-11-06T11:30:57.648+0800][gc,cpu       ] GC(82) User=0.06s Sys=0.05s Real=0.04s
[2020-11-06T11:32:03.142+0800][gc,start     ] GC(83) Pause Young (Normal) (G1 Evacuation Pause)
[2020-11-06T11:32:03.142+0800][gc,task      ] GC(83) Using 8 workers of 8 for evacuation
[2020-11-06T11:32:03.151+0800][gc,phases    ] GC(83)   Pre Evacuate Collection Set: 0.0ms
[2020-11-06T11:32:03.151+0800][gc,phases    ] GC(83)   Evacuate Collection Set: 7.6ms
[2020-11-06T11:32:03.151+0800][gc,phases    ] GC(83)   Post Evacuate Collection Set: 0.3ms
[2020-11-06T11:32:03.151+0800][gc,phases    ] GC(83)   Other: 0.7ms
[2020-11-06T11:32:03.151+0800][gc,heap      ] GC(83) Eden regions: 48->0(45)
[2020-11-06T11:32:03.151+0800][gc,heap      ] GC(83) Survivor regions: 3->6(7)
[2020-11-06T11:32:03.151+0800][gc,heap      ] GC(83) Old regions: 139->139
[2020-11-06T11:32:03.151+0800][gc,heap      ] GC(83) Archive regions: 2->2
[2020-11-06T11:32:03.151+0800][gc,heap      ] GC(83) Humongous regions: 130->130
[2020-11-06T11:32:03.151+0800][gc,metaspace ] GC(83) Metaspace: 28305K->28305K(1075200K)
[2020-11-06T11:32:03.151+0800][gc           ] GC(83) Pause Young (Normal) (G1 Evacuation Pause) 319M->274M(1024M) 8.926ms
[2020-11-06T11:32:03.151+0800][gc,cpu       ] GC(83) User=0.03s Sys=0.01s Real=0.01s
[2020-11-06T11:33:04.710+0800][gc,start     ] GC(84) Pause Young (Normal) (G1 Evacuation Pause)
[2020-11-06T11:33:04.711+0800][gc,task      ] GC(84) Using 8 workers of 8 for evacuation
[2020-11-06T11:33:04.722+0800][gc,phases    ] GC(84)   Pre Evacuate Collection Set: 0.1ms
[2020-11-06T11:33:04.722+0800][gc,phases    ] GC(84)   Evacuate Collection Set: 7.9ms
[2020-11-06T11:33:04.722+0800][gc,phases    ] GC(84)   Post Evacuate Collection Set: 0.8ms
[2020-11-06T11:33:04.722+0800][gc,phases    ] GC(84)   Other: 2.4ms
[2020-11-06T11:33:04.722+0800][gc,heap      ] GC(84) Eden regions: 45->0(51)
[2020-11-06T11:33:04.722+0800][gc,heap      ] GC(84) Survivor regions: 6->4(7)
[2020-11-06T11:33:04.722+0800][gc,heap      ] GC(84) Old regions: 139->141
[2020-11-06T11:33:04.722+0800][gc,heap      ] GC(84) Archive regions: 2->2
[2020-11-06T11:33:04.722+0800][gc,heap      ] GC(84) Humongous regions: 130->130
[2020-11-06T11:33:04.722+0800][gc,metaspace ] GC(84) Metaspace: 28305K->28305K(1075200K)
[2020-11-06T11:33:04.722+0800][gc           ] GC(84) Pause Young (Normal) (G1 Evacuation Pause) 319M->275M(1024M) 11.290ms
[2020-11-06T11:33:04.722+0800][gc,cpu       ] GC(84) User=0.03s Sys=0.02s Real=0.01s
[2020-11-06T11:34:15.604+0800][gc,start     ] GC(85) Pause Young (Normal) (G1 Evacuation Pause)
[2020-11-06T11:34:15.605+0800][gc,task      ] GC(85) Using 8 workers of 8 for evacuation
[2020-11-06T11:34:15.622+0800][gc,phases    ] GC(85)   Pre Evacuate Collection Set: 0.1ms
[2020-11-06T11:34:15.622+0800][gc,phases    ] GC(85)   Evacuate Collection Set: 15.8ms
[2020-11-06T11:34:15.622+0800][gc,phases    ] GC(85)   Post Evacuate Collection Set: 0.5ms
[2020-11-06T11:34:15.622+0800][gc,phases    ] GC(85)   Other: 1.3ms
[2020-11-06T11:34:15.622+0800][gc,heap      ] GC(85) Eden regions: 51->0(50)
[2020-11-06T11:34:15.622+0800][gc,heap      ] GC(85) Survivor regions: 4->5(7)
[2020-11-06T11:34:15.622+0800][gc,heap      ] GC(85) Old regions: 141->143
[2020-11-06T11:34:15.622+0800][gc,heap      ] GC(85) Archive regions: 2->2
[2020-11-06T11:34:15.622+0800][gc,heap      ] GC(85) Humongous regions: 130->130
[2020-11-06T11:34:15.622+0800][gc,metaspace ] GC(85) Metaspace: 28305K->28305K(1075200K)
[2020-11-06T11:34:15.622+0800][gc           ] GC(85) Pause Young (Normal) (G1 Evacuation Pause) 326M->277M(1024M) 17.836ms
[2020-11-06T11:34:15.622+0800][gc,cpu       ] GC(85) User=0.06s Sys=0.03s Real=0.02s
[2020-11-06T11:35:25.422+0800][gc,start     ] GC(86) Pause Young (Normal) (G1 Evacuation Pause)
[2020-11-06T11:35:25.423+0800][gc,task      ] GC(86) Using 8 workers of 8 for evacuation
[2020-11-06T11:35:25.432+0800][gc,phases    ] GC(86)   Pre Evacuate Collection Set: 0.1ms
[2020-11-06T11:35:25.432+0800][gc,phases    ] GC(86)   Evacuate Collection Set: 8.4ms
[2020-11-06T11:35:25.432+0800][gc,phases    ] GC(86)   Post Evacuate Collection Set: 0.4ms
[2020-11-06T11:35:25.432+0800][gc,phases    ] GC(86)   Other: 1.6ms
[2020-11-06T11:35:25.432+0800][gc,heap      ] GC(86) Eden regions: 50->0(55)
[2020-11-06T11:35:25.432+0800][gc,heap      ] GC(86) Survivor regions: 5->5(7)
[2020-11-06T11:35:25.432+0800][gc,heap      ] GC(86) Old regions: 143->145
[2020-11-06T11:35:25.432+0800][gc,heap      ] GC(86) Archive regions: 2->2
[2020-11-06T11:35:25.432+0800][gc,heap      ] GC(86) Humongous regions: 130->130
[2020-11-06T11:35:25.432+0800][gc,metaspace ] GC(86) Metaspace: 28305K->28305K(1075200K)
[2020-11-06T11:35:25.432+0800][gc           ] GC(86) Pause Young (Normal) (G1 Evacuation Pause) 327M->279M(1024M) 10.632ms
[2020-11-06T11:35:25.432+0800][gc,cpu       ] GC(86) User=0.06s Sys=0.00s Real=0.01s
[2020-11-06T11:36:41.758+0800][gc,start     ] GC(87) Pause Young (Normal) (G1 Evacuation Pause)
[2020-11-06T11:36:41.759+0800][gc,task      ] GC(87) Using 8 workers of 8 for evacuation
[2020-11-06T11:36:41.776+0800][gc,phases    ] GC(87)   Pre Evacuate Collection Set: 0.1ms
[2020-11-06T11:36:41.776+0800][gc,phases    ] GC(87)   Evacuate Collection Set: 15.8ms
[2020-11-06T11:36:41.776+0800][gc,phases    ] GC(87)   Post Evacuate Collection Set: 0.3ms
[2020-11-06T11:36:41.776+0800][gc,phases    ] GC(87)   Other: 1.7ms
[2020-11-06T11:36:41.776+0800][gc,heap      ] GC(87) Eden regions: 55->0(54)
[2020-11-06T11:36:41.776+0800][gc,heap      ] GC(87) Survivor regions: 5->4(8)
[2020-11-06T11:36:41.776+0800][gc,heap      ] GC(87) Old regions: 145->146
[2020-11-06T11:36:41.776+0800][gc,heap      ] GC(87) Archive regions: 2->2
[2020-11-06T11:36:41.776+0800][gc,heap      ] GC(87) Humongous regions: 130->130
[2020-11-06T11:36:41.776+0800][gc,metaspace ] GC(87) Metaspace: 28305K->28305K(1075200K)
[2020-11-06T11:36:41.776+0800][gc           ] GC(87) Pause Young (Normal) (G1 Evacuation Pause) 334M->280M(1024M) 18.110ms
[2020-11-06T11:36:41.776+0800][gc,cpu       ] GC(87) User=0.06s Sys=0.04s Real=0.02s
[2020-11-06T11:37:56.701+0800][gc,start     ] GC(88) Pause Young (Normal) (G1 Evacuation Pause)
[2020-11-06T11:37:56.701+0800][gc,task      ] GC(88) Using 8 workers of 8 for evacuation
[2020-11-06T11:37:56.724+0800][gc,mmu       ] GC(88) MMU target violated: 21.0ms (20.0ms/21.0ms)
[2020-11-06T11:37:56.724+0800][gc,phases    ] GC(88)   Pre Evacuate Collection Set: 0.1ms
[2020-11-06T11:37:56.724+0800][gc,phases    ] GC(88)   Evacuate Collection Set: 21.3ms
[2020-11-06T11:37:56.724+0800][gc,phases    ] GC(88)   Post Evacuate Collection Set: 0.7ms
[2020-11-06T11:37:56.724+0800][gc,phases    ] GC(88)   Other: 1.7ms
[2020-11-06T11:37:56.724+0800][gc,heap      ] GC(88) Eden regions: 54->0(51)
[2020-11-06T11:37:56.724+0800][gc,heap      ] GC(88) Survivor regions: 4->7(8)
[2020-11-06T11:37:56.724+0800][gc,heap      ] GC(88) Old regions: 146->146
[2020-11-06T11:37:56.724+0800][gc,heap      ] GC(88) Archive regions: 2->2
[2020-11-06T11:37:56.724+0800][gc,heap      ] GC(88) Humongous regions: 130->130
[2020-11-06T11:37:56.724+0800][gc,metaspace ] GC(88) Metaspace: 28306K->28306K(1075200K)
[2020-11-06T11:37:56.724+0800][gc           ] GC(88) Pause Young (Normal) (G1 Evacuation Pause) 334M->282M(1024M) 23.787ms
[2020-11-06T11:37:56.724+0800][gc,cpu       ] GC(88) User=0.05s Sys=0.05s Real=0.02s
[2020-11-06T11:39:06.069+0800][gc,start     ] GC(89) Pause Young (Normal) (G1 Evacuation Pause)
[2020-11-06T11:39:06.070+0800][gc,task      ] GC(89) Using 8 workers of 8 for evacuation
[2020-11-06T11:39:06.083+0800][gc,phases    ] GC(89)   Pre Evacuate Collection Set: 0.1ms
[2020-11-06T11:39:06.083+0800][gc,phases    ] GC(89)   Evacuate Collection Set: 12.0ms
[2020-11-06T11:39:06.083+0800][gc,phases    ] GC(89)   Post Evacuate Collection Set: 0.4ms
[2020-11-06T11:39:06.083+0800][gc,phases    ] GC(89)   Other: 1.4ms
[2020-11-06T11:39:06.083+0800][gc,heap      ] GC(89) Eden regions: 50->0(54)
[2020-11-06T11:39:06.083+0800][gc,heap      ] GC(89) Survivor regions: 7->5(8)
[2020-11-06T11:39:06.083+0800][gc,heap      ] GC(89) Old regions: 146->150
[2020-11-06T11:39:06.083+0800][gc,heap      ] GC(89) Archive regions: 2->2
[2020-11-06T11:39:06.083+0800][gc,heap      ] GC(89) Humongous regions: 130->130
[2020-11-06T11:39:06.083+0800][gc,metaspace ] GC(89) Metaspace: 28306K->28306K(1075200K)
[2020-11-06T11:39:06.083+0800][gc           ] GC(89) Pause Young (Normal) (G1 Evacuation Pause) 332M->284M(1024M) 14.065ms
[2020-11-06T11:39:06.083+0800][gc,cpu       ] GC(89) User=0.08s Sys=0.01s Real=0.02s
[2020-11-06T11:40:21.063+0800][gc,start     ] GC(90) Pause Young (Normal) (G1 Evacuation Pause)
[2020-11-06T11:40:21.064+0800][gc,task      ] GC(90) Using 8 workers of 8 for evacuation
[2020-11-06T11:40:21.076+0800][gc,phases    ] GC(90)   Pre Evacuate Collection Set: 0.1ms
[2020-11-06T11:40:21.076+0800][gc,phases    ] GC(90)   Evacuate Collection Set: 11.2ms
[2020-11-06T11:40:21.076+0800][gc,phases    ] GC(90)   Post Evacuate Collection Set: 0.3ms
[2020-11-06T11:40:21.076+0800][gc,phases    ] GC(90)   Other: 1.2ms
[2020-11-06T11:40:21.076+0800][gc,heap      ] GC(90) Eden regions: 54->0(58)
[2020-11-06T11:40:21.076+0800][gc,heap      ] GC(90) Survivor regions: 5->6(8)
[2020-11-06T11:40:21.076+0800][gc,heap      ] GC(90) Old regions: 150->152
[2020-11-06T11:40:21.076+0800][gc,heap      ] GC(90) Archive regions: 2->2
[2020-11-06T11:40:21.076+0800][gc,heap      ] GC(90) Humongous regions: 130->130
[2020-11-06T11:40:21.076+0800][gc,metaspace ] GC(90) Metaspace: 28306K->28306K(1075200K)
[2020-11-06T11:40:21.077+0800][gc           ] GC(90) Pause Young (Normal) (G1 Evacuation Pause) 338M->287M(1024M) 13.033ms
[2020-11-06T11:40:21.077+0800][gc,cpu       ] GC(90) User=0.06s Sys=0.01s Real=0.01s
[2020-11-06T11:41:41.299+0800][gc,start     ] GC(91) Pause Young (Normal) (G1 Evacuation Pause)
[2020-11-06T11:41:41.301+0800][gc,task      ] GC(91) Using 8 workers of 8 for evacuation
[2020-11-06T11:41:41.322+0800][gc,mmu       ] GC(91) MMU target violated: 21.0ms (20.0ms/21.0ms)
[2020-11-06T11:41:41.322+0800][gc,phases    ] GC(91)   Pre Evacuate Collection Set: 0.1ms
[2020-11-06T11:41:41.323+0800][gc,phases    ] GC(91)   Evacuate Collection Set: 20.9ms
[2020-11-06T11:41:41.323+0800][gc,phases    ] GC(91)   Post Evacuate Collection Set: 0.3ms
[2020-11-06T11:41:41.323+0800][gc,phases    ] GC(91)   Other: 2.1ms
[2020-11-06T11:41:41.323+0800][gc,heap      ] GC(91) Eden regions: 58->0(54)
[2020-11-06T11:41:41.323+0800][gc,heap      ] GC(91) Survivor regions: 6->5(8)
[2020-11-06T11:41:41.323+0800][gc,heap      ] GC(91) Old regions: 152->154
[2020-11-06T11:41:41.323+0800][gc,heap      ] GC(91) Archive regions: 2->2
[2020-11-06T11:41:41.323+0800][gc,heap      ] GC(91) Humongous regions: 130->130
[2020-11-06T11:41:41.323+0800][gc,metaspace ] GC(91) Metaspace: 28306K->28306K(1075200K)
[2020-11-06T11:41:41.323+0800][gc           ] GC(91) Pause Young (Normal) (G1 Evacuation Pause) 345M->288M(1024M) 23.419ms
[2020-11-06T11:41:41.323+0800][gc,cpu       ] GC(91) User=0.06s Sys=0.06s Real=0.03s
[2020-11-06T11:42:51.990+0800][gc,start     ] GC(92) Pause Young (Normal) (G1 Evacuation Pause)
[2020-11-06T11:42:51.991+0800][gc,task      ] GC(92) Using 8 workers of 8 for evacuation
[2020-11-06T11:42:51.999+0800][gc,phases    ] GC(92)   Pre Evacuate Collection Set: 0.0ms
[2020-11-06T11:42:51.999+0800][gc,phases    ] GC(92)   Evacuate Collection Set: 7.1ms
[2020-11-06T11:42:51.999+0800][gc,phases    ] GC(92)   Post Evacuate Collection Set: 0.6ms
[2020-11-06T11:42:51.999+0800][gc,phases    ] GC(92)   Other: 1.1ms
[2020-11-06T11:42:51.999+0800][gc,heap      ] GC(92) Eden regions: 51->0(62)
[2020-11-06T11:42:51.999+0800][gc,heap      ] GC(92) Survivor regions: 5->5(7)
[2020-11-06T11:42:51.999+0800][gc,heap      ] GC(92) Old regions: 154->155
[2020-11-06T11:42:51.999+0800][gc,heap      ] GC(92) Archive regions: 2->2
[2020-11-06T11:42:51.999+0800][gc,heap      ] GC(92) Humongous regions: 130->130
[2020-11-06T11:42:51.999+0800][gc,metaspace ] GC(92) Metaspace: 28306K->28306K(1075200K)
[2020-11-06T11:42:51.999+0800][gc           ] GC(92) Pause Young (Normal) (G1 Evacuation Pause) 339M->290M(1024M) 8.881ms
[2020-11-06T11:42:51.999+0800][gc,cpu       ] GC(92) User=0.04s Sys=0.00s Real=0.00s
[2020-11-06T11:44:12.574+0800][gc,start     ] GC(93) Pause Young (Normal) (G1 Evacuation Pause)
[2020-11-06T11:44:12.574+0800][gc,task      ] GC(93) Using 8 workers of 8 for evacuation
[2020-11-06T11:44:12.580+0800][gc,phases    ] GC(93)   Pre Evacuate Collection Set: 0.1ms
[2020-11-06T11:44:12.580+0800][gc,phases    ] GC(93)   Evacuate Collection Set: 5.6ms
[2020-11-06T11:44:12.580+0800][gc,phases    ] GC(93)   Post Evacuate Collection Set: 0.3ms
[2020-11-06T11:44:12.580+0800][gc,phases    ] GC(93)   Other: 0.3ms
[2020-11-06T11:44:12.580+0800][gc,heap      ] GC(93) Eden regions: 58->0(71)
[2020-11-06T11:44:12.580+0800][gc,heap      ] GC(93) Survivor regions: 5->5(8)
[2020-11-06T11:44:12.580+0800][gc,heap      ] GC(93) Old regions: 155->157
[2020-11-06T11:44:12.580+0800][gc,heap      ] GC(93) Archive regions: 2->2
[2020-11-06T11:44:12.580+0800][gc,heap      ] GC(93) Humongous regions: 130->130
[2020-11-06T11:44:12.580+0800][gc,metaspace ] GC(93) Metaspace: 28306K->28306K(1075200K)
[2020-11-06T11:44:12.580+0800][gc           ] GC(93) Pause Young (Normal) (G1 Evacuation Pause) 348M->292M(1024M) 6.411ms
[2020-11-06T11:44:12.580+0800][gc,cpu       ] GC(93) User=0.03s Sys=0.01s Real=0.01s
[2020-11-06T11:45:52.052+0800][gc,start     ] GC(94) Pause Young (Normal) (G1 Evacuation Pause)
[2020-11-06T11:45:52.053+0800][gc,task      ] GC(94) Using 8 workers of 8 for evacuation
[2020-11-06T11:45:52.059+0800][gc,phases    ] GC(94)   Pre Evacuate Collection Set: 0.0ms
[2020-11-06T11:45:52.059+0800][gc,phases    ] GC(94)   Evacuate Collection Set: 5.7ms
[2020-11-06T11:45:52.059+0800][gc,phases    ] GC(94)   Post Evacuate Collection Set: 0.2ms
[2020-11-06T11:45:52.059+0800][gc,phases    ] GC(94)   Other: 1.0ms
[2020-11-06T11:45:52.059+0800][gc,heap      ] GC(94) Eden regions: 71->0(607)
[2020-11-06T11:45:52.059+0800][gc,heap      ] GC(94) Survivor regions: 5->7(10)
[2020-11-06T11:45:52.059+0800][gc,heap      ] GC(94) Old regions: 157->157
[2020-11-06T11:45:52.059+0800][gc,heap      ] GC(94) Archive regions: 2->2
[2020-11-06T11:45:52.059+0800][gc,heap      ] GC(94) Humongous regions: 130->130
[2020-11-06T11:45:52.059+0800][gc,metaspace ] GC(94) Metaspace: 28306K->28306K(1075200K)
[2020-11-06T11:45:52.059+0800][gc           ] GC(94) Pause Young (Normal) (G1 Evacuation Pause) 363M->294M(1024M) 7.105ms
[2020-11-06T11:45:52.059+0800][gc,cpu       ] GC(94) User=0.03s Sys=0.00s Real=0.00s
[2020-11-06T12:00:01.957+0800][gc,start     ] GC(95) Pause Young (Normal) (G1 Evacuation Pause)
[2020-11-06T12:00:01.958+0800][gc,task      ] GC(95) Using 8 workers of 8 for evacuation
[2020-11-06T12:00:02.273+0800][gc,mmu       ] GC(95) MMU target violated: 21.0ms (20.0ms/21.0ms)
[2020-11-06T12:00:02.273+0800][gc,phases    ] GC(95)   Pre Evacuate Collection Set: 0.1ms
[2020-11-06T12:00:02.273+0800][gc,phases    ] GC(95)   Evacuate Collection Set: 309.5ms
[2020-11-06T12:00:02.273+0800][gc,phases    ] GC(95)   Post Evacuate Collection Set: 1.5ms
[2020-11-06T12:00:02.273+0800][gc,phases    ] GC(95)   Other: 4.8ms
[2020-11-06T12:00:02.273+0800][gc,heap      ] GC(95) Eden regions: 607->0(24)
[2020-11-06T12:00:02.273+0800][gc,heap      ] GC(95) Survivor regions: 7->27(77)
[2020-11-06T12:00:02.273+0800][gc,heap      ] GC(95) Old regions: 157->157
[2020-11-06T12:00:02.273+0800][gc,heap      ] GC(95) Archive regions: 2->2
[2020-11-06T12:00:02.273+0800][gc,heap      ] GC(95) Humongous regions: 130->130
[2020-11-06T12:00:02.273+0800][gc,metaspace ] GC(95) Metaspace: 28334K->28334K(1075200K)
[2020-11-06T12:00:02.274+0800][gc           ] GC(95) Pause Young (Normal) (G1 Evacuation Pause) 901M->313M(1024M) 316.717ms
[2020-11-06T12:00:02.274+0800][gc,cpu       ] GC(95) User=0.21s Sys=1.02s Real=0.32s
[2020-11-06T12:00:35.189+0800][gc,start     ] GC(96) Pause Young (Normal) (G1 Evacuation Pause)
[2020-11-06T12:00:35.189+0800][gc,task      ] GC(96) Using 8 workers of 8 for evacuation
[2020-11-06T12:00:35.242+0800][gc,mmu       ] GC(96) MMU target violated: 21.0ms (20.0ms/21.0ms)
[2020-11-06T12:00:35.243+0800][gc,phases    ] GC(96)   Pre Evacuate Collection Set: 0.3ms
[2020-11-06T12:00:35.243+0800][gc,phases    ] GC(96)   Evacuate Collection Set: 51.0ms
[2020-11-06T12:00:35.243+0800][gc,phases    ] GC(96)   Post Evacuate Collection Set: 0.6ms
[2020-11-06T12:00:35.243+0800][gc,phases    ] GC(96)   Other: 1.7ms
[2020-11-06T12:00:35.243+0800][gc,heap      ] GC(96) Eden regions: 24->0(47)
[2020-11-06T12:00:35.243+0800][gc,heap      ] GC(96) Survivor regions: 27->4(7)
[2020-11-06T12:00:35.243+0800][gc,heap      ] GC(96) Old regions: 157->183
[2020-11-06T12:00:35.243+0800][gc,heap      ] GC(96) Archive regions: 2->2
[2020-11-06T12:00:35.243+0800][gc,heap      ] GC(96) Humongous regions: 130->130
[2020-11-06T12:00:35.243+0800][gc,metaspace ] GC(96) Metaspace: 28334K->28334K(1075200K)
[2020-11-06T12:00:35.243+0800][gc           ] GC(96) Pause Young (Normal) (G1 Evacuation Pause) 337M->317M(1024M) 53.599ms
[2020-11-06T12:00:35.243+0800][gc,cpu       ] GC(96) User=0.14s Sys=0.16s Real=0.06s
[2020-11-06T12:01:40.550+0800][gc,start     ] GC(97) Pause Young (Normal) (G1 Evacuation Pause)
[2020-11-06T12:01:40.551+0800][gc,task      ] GC(97) Using 8 workers of 8 for evacuation
[2020-11-06T12:01:40.570+0800][gc,phases    ] GC(97)   Pre Evacuate Collection Set: 0.1ms
[2020-11-06T12:01:40.570+0800][gc,phases    ] GC(97)   Evacuate Collection Set: 15.6ms
[2020-11-06T12:01:40.570+0800][gc,phases    ] GC(97)   Post Evacuate Collection Set: 1.3ms
[2020-11-06T12:01:40.570+0800][gc,phases    ] GC(97)   Other: 2.5ms
[2020-11-06T12:01:40.570+0800][gc,heap      ] GC(97) Eden regions: 47->0(48)
[2020-11-06T12:01:40.570+0800][gc,heap      ] GC(97) Survivor regions: 4->3(7)
[2020-11-06T12:01:40.570+0800][gc,heap      ] GC(97) Old regions: 183->183
[2020-11-06T12:01:40.570+0800][gc,heap      ] GC(97) Archive regions: 2->2
[2020-11-06T12:01:40.570+0800][gc,heap      ] GC(97) Humongous regions: 130->130
[2020-11-06T12:01:40.570+0800][gc,metaspace ] GC(97) Metaspace: 28334K->28334K(1075200K)
[2020-11-06T12:01:40.571+0800][gc           ] GC(97) Pause Young (Normal) (G1 Evacuation Pause) 364M->316M(1024M) 20.560ms
[2020-11-06T12:01:40.571+0800][gc,cpu       ] GC(97) User=0.04s Sys=0.05s Real=0.02s
[2020-11-06T12:02:47.439+0800][gc,start     ] GC(98) Pause Young (Normal) (G1 Evacuation Pause)
[2020-11-06T12:02:47.440+0800][gc,task      ] GC(98) Using 8 workers of 8 for evacuation
[2020-11-06T12:02:47.458+0800][gc,phases    ] GC(98)   Pre Evacuate Collection Set: 0.1ms
[2020-11-06T12:02:47.458+0800][gc,phases    ] GC(98)   Evacuate Collection Set: 14.1ms
[2020-11-06T12:02:47.458+0800][gc,phases    ] GC(98)   Post Evacuate Collection Set: 0.6ms
[2020-11-06T12:02:47.458+0800][gc,phases    ] GC(98)   Other: 4.2ms
[2020-11-06T12:02:47.458+0800][gc,heap      ] GC(98) Eden regions: 48->0(46)
[2020-11-06T12:02:47.458+0800][gc,heap      ] GC(98) Survivor regions: 3->5(7)
[2020-11-06T12:02:47.458+0800][gc,heap      ] GC(98) Old regions: 183->183
[2020-11-06T12:02:47.458+0800][gc,heap      ] GC(98) Archive regions: 2->2
[2020-11-06T12:02:47.458+0800][gc,heap      ] GC(98) Humongous regions: 130->130
[2020-11-06T12:02:47.458+0800][gc,metaspace ] GC(98) Metaspace: 28334K->28334K(1075200K)
[2020-11-06T12:02:47.458+0800][gc           ] GC(98) Pause Young (Normal) (G1 Evacuation Pause) 364M->318M(1024M) 19.108ms
[2020-11-06T12:02:47.458+0800][gc,cpu       ] GC(98) User=0.05s Sys=0.05s Real=0.02s
[2020-11-06T12:03:51.122+0800][gc,start     ] GC(99) Pause Young (Normal) (G1 Evacuation Pause)
[2020-11-06T12:03:51.123+0800][gc,task      ] GC(99) Using 8 workers of 8 for evacuation
[2020-11-06T12:03:51.140+0800][gc,phases    ] GC(99)   Pre Evacuate Collection Set: 0.1ms
[2020-11-06T12:03:51.140+0800][gc,phases    ] GC(99)   Evacuate Collection Set: 15.3ms
[2020-11-06T12:03:51.140+0800][gc,phases    ] GC(99)   Post Evacuate Collection Set: 0.5ms
[2020-11-06T12:03:51.140+0800][gc,phases    ] GC(99)   Other: 1.6ms
[2020-11-06T12:03:51.140+0800][gc,heap      ] GC(99) Eden regions: 46->0(46)
[2020-11-06T12:03:51.140+0800][gc,heap      ] GC(99) Survivor regions: 5->5(7)
[2020-11-06T12:03:51.140+0800][gc,heap      ] GC(99) Old regions: 183->186
[2020-11-06T12:03:51.140+0800][gc,heap      ] GC(99) Archive regions: 2->2
[2020-11-06T12:03:51.140+0800][gc,heap      ] GC(99) Humongous regions: 130->130
[2020-11-06T12:03:51.140+0800][gc,metaspace ] GC(99) Metaspace: 28336K->28336K(1075200K)
[2020-11-06T12:03:51.140+0800][gc           ] GC(99) Pause Young (Normal) (G1 Evacuation Pause) 364M->320M(1024M) 18.262ms
[2020-11-06T12:03:51.140+0800][gc,cpu       ] GC(99) User=0.06s Sys=0.03s Real=0.02s
[2020-11-06T12:04:54.936+0800][gc,start     ] GC(100) Pause Young (Normal) (G1 Evacuation Pause)
[2020-11-06T12:04:54.937+0800][gc,task      ] GC(100) Using 8 workers of 8 for evacuation
[2020-11-06T12:04:54.954+0800][gc,phases    ] GC(100)   Pre Evacuate Collection Set: 0.1ms
[2020-11-06T12:04:54.954+0800][gc,phases    ] GC(100)   Evacuate Collection Set: 13.6ms
[2020-11-06T12:04:54.954+0800][gc,phases    ] GC(100)   Post Evacuate Collection Set: 0.7ms
[2020-11-06T12:04:54.954+0800][gc,phases    ] GC(100)   Other: 4.1ms
[2020-11-06T12:04:54.954+0800][gc,heap      ] GC(100) Eden regions: 46->0(47)
[2020-11-06T12:04:54.954+0800][gc,heap      ] GC(100) Survivor regions: 5->4(7)
[2020-11-06T12:04:54.954+0800][gc,heap      ] GC(100) Old regions: 186->187
[2020-11-06T12:04:54.954+0800][gc,heap      ] GC(100) Archive regions: 2->2
[2020-11-06T12:04:54.954+0800][gc,heap      ] GC(100) Humongous regions: 130->130
[2020-11-06T12:04:54.955+0800][gc,metaspace ] GC(100) Metaspace: 28336K->28336K(1075200K)
[2020-11-06T12:04:54.955+0800][gc           ] GC(100) Pause Young (Normal) (G1 Evacuation Pause) 366M->321M(1024M) 18.513ms
[2020-11-06T12:04:54.955+0800][gc,cpu       ] GC(100) User=0.06s Sys=0.05s Real=0.02s
[2020-11-06T12:06:00.002+0800][gc,start     ] GC(101) Pause Young (Normal) (G1 Evacuation Pause)
[2020-11-06T12:06:00.003+0800][gc,task      ] GC(101) Using 8 workers of 8 for evacuation
[2020-11-06T12:06:00.013+0800][gc,phases    ] GC(101)   Pre Evacuate Collection Set: 0.0ms
[2020-11-06T12:06:00.013+0800][gc,phases    ] GC(101)   Evacuate Collection Set: 9.7ms
[2020-11-06T12:06:00.013+0800][gc,phases    ] GC(101)   Post Evacuate Collection Set: 0.4ms
[2020-11-06T12:06:00.013+0800][gc,phases    ] GC(101)   Other: 0.8ms
[2020-11-06T12:06:00.013+0800][gc,heap      ] GC(101) Eden regions: 47->0(45)
[2020-11-06T12:06:00.013+0800][gc,heap      ] GC(101) Survivor regions: 4->6(7)
[2020-11-06T12:06:00.013+0800][gc,heap      ] GC(101) Old regions: 187->187
[2020-11-06T12:06:00.013+0800][gc,heap      ] GC(101) Archive regions: 2->2
[2020-11-06T12:06:00.013+0800][gc,heap      ] GC(101) Humongous regions: 130->130
[2020-11-06T12:06:00.013+0800][gc,metaspace ] GC(101) Metaspace: 28338K->28338K(1075200K)
[2020-11-06T12:06:00.013+0800][gc           ] GC(101) Pause Young (Normal) (G1 Evacuation Pause) 368M->322M(1024M) 11.115ms
[2020-11-06T12:06:00.013+0800][gc,cpu       ] GC(101) User=0.04s Sys=0.02s Real=0.01s
[2020-11-06T12:07:02.483+0800][gc,start     ] GC(102) Pause Young (Normal) (G1 Evacuation Pause)
[2020-11-06T12:07:02.483+0800][gc,task      ] GC(102) Using 8 workers of 8 for evacuation
[2020-11-06T12:07:02.493+0800][gc,phases    ] GC(102)   Pre Evacuate Collection Set: 0.0ms
[2020-11-06T12:07:02.493+0800][gc,phases    ] GC(102)   Evacuate Collection Set: 8.5ms
[2020-11-06T12:07:02.493+0800][gc,phases    ] GC(102)   Post Evacuate Collection Set: 0.5ms
[2020-11-06T12:07:02.493+0800][gc,phases    ] GC(102)   Other: 0.6ms
[2020-11-06T12:07:02.493+0800][gc,heap      ] GC(102) Eden regions: 45->0(46)
[2020-11-06T12:07:02.493+0800][gc,heap      ] GC(102) Survivor regions: 6->6(7)
[2020-11-06T12:07:02.493+0800][gc,heap      ] GC(102) Old regions: 187->189
[2020-11-06T12:07:02.493+0800][gc,heap      ] GC(102) Archive regions: 2->2
[2020-11-06T12:07:02.493+0800][gc,heap      ] GC(102) Humongous regions: 130->130
[2020-11-06T12:07:02.493+0800][gc,metaspace ] GC(102) Metaspace: 28338K->28338K(1075200K)
[2020-11-06T12:07:02.493+0800][gc           ] GC(102) Pause Young (Normal) (G1 Evacuation Pause) 367M->324M(1024M) 9.754ms
[2020-11-06T12:07:02.493+0800][gc,cpu       ] GC(102) User=0.03s Sys=0.01s Real=0.01s
[2020-11-06T12:08:06.354+0800][gc,start     ] GC(103) Pause Young (Normal) (G1 Evacuation Pause)
[2020-11-06T12:08:06.355+0800][gc,task      ] GC(103) Using 8 workers of 8 for evacuation
[2020-11-06T12:08:06.371+0800][gc,phases    ] GC(103)   Pre Evacuate Collection Set: 0.1ms
[2020-11-06T12:08:06.371+0800][gc,phases    ] GC(103)   Evacuate Collection Set: 11.6ms
[2020-11-06T12:08:06.371+0800][gc,phases    ] GC(103)   Post Evacuate Collection Set: 0.4ms
[2020-11-06T12:08:06.371+0800][gc,phases    ] GC(103)   Other: 4.7ms
[2020-11-06T12:08:06.371+0800][gc,heap      ] GC(103) Eden regions: 46->0(53)
[2020-11-06T12:08:06.371+0800][gc,heap      ] GC(103) Survivor regions: 6->5(7)
[2020-11-06T12:08:06.371+0800][gc,heap      ] GC(103) Old regions: 189->192
[2020-11-06T12:08:06.371+0800][gc,heap      ] GC(103) Archive regions: 2->2
[2020-11-06T12:08:06.371+0800][gc,heap      ] GC(103) Humongous regions: 130->130
[2020-11-06T12:08:06.371+0800][gc,metaspace ] GC(103) Metaspace: 28338K->28338K(1075200K)
[2020-11-06T12:08:06.371+0800][gc           ] GC(103) Pause Young (Normal) (G1 Evacuation Pause) 370M->326M(1024M) 16.933ms
[2020-11-06T12:08:06.371+0800][gc,cpu       ] GC(103) User=0.05s Sys=0.02s Real=0.02s
[2020-11-06T12:09:19.316+0800][gc,start     ] GC(104) Pause Young (Normal) (G1 Evacuation Pause)
[2020-11-06T12:09:19.316+0800][gc,task      ] GC(104) Using 8 workers of 8 for evacuation
[2020-11-06T12:09:19.336+0800][gc,phases    ] GC(104)   Pre Evacuate Collection Set: 0.1ms
[2020-11-06T12:09:19.336+0800][gc,phases    ] GC(104)   Evacuate Collection Set: 17.7ms
[2020-11-06T12:09:19.336+0800][gc,phases    ] GC(104)   Post Evacuate Collection Set: 0.3ms
[2020-11-06T12:09:19.336+0800][gc,phases    ] GC(104)   Other: 1.9ms
[2020-11-06T12:09:19.336+0800][gc,heap      ] GC(104) Eden regions: 53->0(48)
[2020-11-06T12:09:19.336+0800][gc,heap      ] GC(104) Survivor regions: 5->6(8)
[2020-11-06T12:09:19.336+0800][gc,heap      ] GC(104) Old regions: 192->192
[2020-11-06T12:09:19.336+0800][gc,heap      ] GC(104) Archive regions: 2->2
[2020-11-06T12:09:19.336+0800][gc,heap      ] GC(104) Humongous regions: 130->130
[2020-11-06T12:09:19.336+0800][gc,metaspace ] GC(104) Metaspace: 28338K->28338K(1075200K)
[2020-11-06T12:09:19.336+0800][gc           ] GC(104) Pause Young (Normal) (G1 Evacuation Pause) 379M->327M(1024M) 20.068ms
[2020-11-06T12:09:19.336+0800][gc,cpu       ] GC(104) User=0.04s Sys=0.05s Real=0.02s
[2020-11-06T12:10:25.645+0800][gc,start     ] GC(105) Pause Young (Normal) (G1 Evacuation Pause)
[2020-11-06T12:10:25.645+0800][gc,task      ] GC(105) Using 8 workers of 8 for evacuation
[2020-11-06T12:10:25.654+0800][gc,phases    ] GC(105)   Pre Evacuate Collection Set: 0.1ms
[2020-11-06T12:10:25.654+0800][gc,phases    ] GC(105)   Evacuate Collection Set: 6.9ms
[2020-11-06T12:10:25.654+0800][gc,phases    ] GC(105)   Post Evacuate Collection Set: 0.4ms
[2020-11-06T12:10:25.654+0800][gc,phases    ] GC(105)   Other: 1.8ms
[2020-11-06T12:10:25.654+0800][gc,heap      ] GC(105) Eden regions: 48->0(59)
[2020-11-06T12:10:25.654+0800][gc,heap      ] GC(105) Survivor regions: 6->5(7)
[2020-11-06T12:10:25.654+0800][gc,heap      ] GC(105) Old regions: 192->195
[2020-11-06T12:10:25.654+0800][gc,heap      ] GC(105) Archive regions: 2->2
[2020-11-06T12:10:25.654+0800][gc,heap      ] GC(105) Humongous regions: 130->130
[2020-11-06T12:10:25.654+0800][gc,metaspace ] GC(105) Metaspace: 28338K->28338K(1075200K)
[2020-11-06T12:10:25.654+0800][gc           ] GC(105) Pause Young (Normal) (G1 Evacuation Pause) 375M->329M(1024M) 9.230ms
[2020-11-06T12:10:25.654+0800][gc,cpu       ] GC(105) User=0.03s Sys=0.01s Real=0.01s
[2020-11-06T12:11:47.875+0800][gc,start     ] GC(106) Pause Young (Normal) (G1 Evacuation Pause)
[2020-11-06T12:11:47.875+0800][gc,task      ] GC(106) Using 8 workers of 8 for evacuation
[2020-11-06T12:11:47.885+0800][gc,phases    ] GC(106)   Pre Evacuate Collection Set: 0.0ms
[2020-11-06T12:11:47.885+0800][gc,phases    ] GC(106)   Evacuate Collection Set: 9.4ms
[2020-11-06T12:11:47.885+0800][gc,phases    ] GC(106)   Post Evacuate Collection Set: 0.2ms
[2020-11-06T12:11:47.885+0800][gc,phases    ] GC(106)   Other: 0.3ms
[2020-11-06T12:11:47.885+0800][gc,heap      ] GC(106) Eden regions: 59->0(73)
[2020-11-06T12:11:47.885+0800][gc,heap      ] GC(106) Survivor regions: 5->5(8)
[2020-11-06T12:11:47.885+0800][gc,heap      ] GC(106) Old regions: 195->197
[2020-11-06T12:11:47.885+0800][gc,heap      ] GC(106) Archive regions: 2->2
[2020-11-06T12:11:47.885+0800][gc,heap      ] GC(106) Humongous regions: 130->130
[2020-11-06T12:11:47.885+0800][gc,metaspace ] GC(106) Metaspace: 28338K->28338K(1075200K)
[2020-11-06T12:11:47.885+0800][gc           ] GC(106) Pause Young (Normal) (G1 Evacuation Pause) 388M->331M(1024M) 10.105ms
[2020-11-06T12:11:47.885+0800][gc,cpu       ] GC(106) User=0.03s Sys=0.03s Real=0.01s
[2020-11-06T12:13:29.709+0800][gc,start     ] GC(107) Pause Young (Normal) (G1 Evacuation Pause)
[2020-11-06T12:13:29.710+0800][gc,task      ] GC(107) Using 8 workers of 8 for evacuation
[2020-11-06T12:13:29.735+0800][gc,mmu       ] GC(107) MMU target violated: 21.0ms (20.0ms/21.0ms)
[2020-11-06T12:13:29.735+0800][gc,phases    ] GC(107)   Pre Evacuate Collection Set: 0.1ms
[2020-11-06T12:13:29.735+0800][gc,phases    ] GC(107)   Evacuate Collection Set: 24.1ms
[2020-11-06T12:13:29.735+0800][gc,phases    ] GC(107)   Post Evacuate Collection Set: 0.4ms
[2020-11-06T12:13:29.735+0800][gc,phases    ] GC(107)   Other: 1.7ms
[2020-11-06T12:13:29.735+0800][gc,heap      ] GC(107) Eden regions: 73->0(53)
[2020-11-06T12:13:29.735+0800][gc,heap      ] GC(107) Survivor regions: 5->7(10)
[2020-11-06T12:13:29.735+0800][gc,heap      ] GC(107) Old regions: 197->197
[2020-11-06T12:13:29.735+0800][gc,heap      ] GC(107) Archive regions: 2->2
[2020-11-06T12:13:29.735+0800][gc,heap      ] GC(107) Humongous regions: 130->130
[2020-11-06T12:13:29.735+0800][gc,metaspace ] GC(107) Metaspace: 28338K->28338K(1075200K)
[2020-11-06T12:13:29.735+0800][gc           ] GC(107) Pause Young (Normal) (G1 Evacuation Pause) 404M->334M(1024M) 26.326ms
[2020-11-06T12:13:29.735+0800][gc,cpu       ] GC(107) User=0.06s Sys=0.07s Real=0.03s
[2020-11-06T12:14:42.743+0800][gc,start     ] GC(108) Pause Young (Normal) (G1 Evacuation Pause)
[2020-11-06T12:14:42.744+0800][gc,task      ] GC(108) Using 8 workers of 8 for evacuation
[2020-11-06T12:14:42.784+0800][gc,mmu       ] GC(108) MMU target violated: 21.0ms (20.0ms/21.0ms)
[2020-11-06T12:14:42.784+0800][gc,phases    ] GC(108)   Pre Evacuate Collection Set: 0.1ms
[2020-11-06T12:14:42.784+0800][gc,phases    ] GC(108)   Evacuate Collection Set: 35.6ms
[2020-11-06T12:14:42.784+0800][gc,phases    ] GC(108)   Post Evacuate Collection Set: 1.3ms
[2020-11-06T12:14:42.784+0800][gc,phases    ] GC(108)   Other: 4.9ms
[2020-11-06T12:14:42.784+0800][gc,heap      ] GC(108) Eden regions: 53->0(45)
[2020-11-06T12:14:42.784+0800][gc,heap      ] GC(108) Survivor regions: 7->6(8)
[2020-11-06T12:14:42.784+0800][gc,heap      ] GC(108) Old regions: 197->200
[2020-11-06T12:14:42.784+0800][gc,heap      ] GC(108) Archive regions: 2->2
[2020-11-06T12:14:42.784+0800][gc,heap      ] GC(108) Humongous regions: 130->130
[2020-11-06T12:14:42.784+0800][gc,metaspace ] GC(108) Metaspace: 28338K->28338K(1075200K)
[2020-11-06T12:14:42.784+0800][gc           ] GC(108) Pause Young (Normal) (G1 Evacuation Pause) 387M->336M(1024M) 41.744ms
[2020-11-06T12:14:42.784+0800][gc,cpu       ] GC(108) User=0.06s Sys=0.13s Real=0.04s
[2020-11-06T12:15:45.134+0800][gc,start     ] GC(109) Pause Young (Normal) (G1 Evacuation Pause)
[2020-11-06T12:15:45.135+0800][gc,task      ] GC(109) Using 8 workers of 8 for evacuation
[2020-11-06T12:15:45.148+0800][gc,phases    ] GC(109)   Pre Evacuate Collection Set: 0.1ms
[2020-11-06T12:15:45.148+0800][gc,phases    ] GC(109)   Evacuate Collection Set: 12.2ms
[2020-11-06T12:15:45.148+0800][gc,phases    ] GC(109)   Post Evacuate Collection Set: 0.4ms
[2020-11-06T12:15:45.148+0800][gc,phases    ] GC(109)   Other: 1.6ms
[2020-11-06T12:15:45.148+0800][gc,heap      ] GC(109) Eden regions: 45->0(46)
[2020-11-06T12:15:45.148+0800][gc,heap      ] GC(109) Survivor regions: 6->5(7)
[2020-11-06T12:15:45.148+0800][gc,heap      ] GC(109) Old regions: 200->203
[2020-11-06T12:15:45.148+0800][gc,heap      ] GC(109) Archive regions: 2->2
[2020-11-06T12:15:45.148+0800][gc,heap      ] GC(109) Humongous regions: 130->130
[2020-11-06T12:15:45.148+0800][gc,metaspace ] GC(109) Metaspace: 28338K->28338K(1075200K)
[2020-11-06T12:15:45.148+0800][gc           ] GC(109) Pause Young (Normal) (G1 Evacuation Pause) 381M->337M(1024M) 14.535ms
[2020-11-06T12:15:45.148+0800][gc,cpu       ] GC(109) User=0.07s Sys=0.02s Real=0.01s
[2020-11-06T12:16:49.106+0800][gc,start     ] GC(110) Pause Young (Normal) (G1 Evacuation Pause)
[2020-11-06T12:16:49.107+0800][gc,task      ] GC(110) Using 8 workers of 8 for evacuation
[2020-11-06T12:16:49.116+0800][gc,phases    ] GC(110)   Pre Evacuate Collection Set: 0.1ms
[2020-11-06T12:16:49.116+0800][gc,phases    ] GC(110)   Evacuate Collection Set: 8.2ms
[2020-11-06T12:16:49.116+0800][gc,phases    ] GC(110)   Post Evacuate Collection Set: 0.5ms
[2020-11-06T12:16:49.116+0800][gc,phases    ] GC(110)   Other: 1.5ms
[2020-11-06T12:16:49.116+0800][gc,heap      ] GC(110) Eden regions: 46->0(72)
[2020-11-06T12:16:49.116+0800][gc,heap      ] GC(110) Survivor regions: 5->4(7)
[2020-11-06T12:16:49.116+0800][gc,heap      ] GC(110) Old regions: 203->205
[2020-11-06T12:16:49.116+0800][gc,heap      ] GC(110) Archive regions: 2->2
[2020-11-06T12:16:49.116+0800][gc,heap      ] GC(110) Humongous regions: 130->130
[2020-11-06T12:16:49.116+0800][gc,metaspace ] GC(110) Metaspace: 28338K->28338K(1075200K)
[2020-11-06T12:16:49.116+0800][gc           ] GC(110) Pause Young (Normal) (G1 Evacuation Pause) 383M->338M(1024M) 10.383ms
[2020-11-06T12:16:49.116+0800][gc,cpu       ] GC(110) User=0.06s Sys=0.00s Real=0.01s
[2020-11-06T12:18:09.700+0800][gc,start     ] GC(111) Pause Young (Normal) (G1 Evacuation Pause)
[2020-11-06T12:18:09.701+0800][gc,task      ] GC(111) Using 8 workers of 8 for evacuation
[2020-11-06T12:18:09.728+0800][gc,mmu       ] GC(111) MMU target violated: 21.0ms (20.0ms/21.0ms)
[2020-11-06T12:18:09.728+0800][gc,phases    ] GC(111)   Pre Evacuate Collection Set: 0.1ms
[2020-11-06T12:18:09.728+0800][gc,phases    ] GC(111)   Evacuate Collection Set: 25.5ms
[2020-11-06T12:18:09.728+0800][gc,phases    ] GC(111)   Post Evacuate Collection Set: 0.4ms
[2020-11-06T12:18:09.728+0800][gc,phases    ] GC(111)   Other: 1.6ms
[2020-11-06T12:18:09.728+0800][gc,heap      ] GC(111) Eden regions: 61->0(43)
[2020-11-06T12:18:09.728+0800][gc,heap      ] GC(111) Survivor regions: 4->8(9)
[2020-11-06T12:18:09.728+0800][gc,heap      ] GC(111) Old regions: 205->205
[2020-11-06T12:18:09.728+0800][gc,heap      ] GC(111) Archive regions: 2->2
[2020-11-06T12:18:09.728+0800][gc,heap      ] GC(111) Humongous regions: 130->130
[2020-11-06T12:18:09.728+0800][gc,metaspace ] GC(111) Metaspace: 28339K->28339K(1075200K)
[2020-11-06T12:18:09.728+0800][gc           ] GC(111) Pause Young (Normal) (G1 Evacuation Pause) 399M->342M(1024M) 27.599ms
[2020-11-06T12:18:09.728+0800][gc,cpu       ] GC(111) User=0.07s Sys=0.08s Real=0.02s
[2020-11-06T12:19:07.580+0800][gc,start     ] GC(112) Pause Young (Normal) (G1 Evacuation Pause)
[2020-11-06T12:19:07.582+0800][gc,task      ] GC(112) Using 8 workers of 8 for evacuation
[2020-11-06T12:19:07.594+0800][gc,phases    ] GC(112)   Pre Evacuate Collection Set: 0.1ms
[2020-11-06T12:19:07.594+0800][gc,phases    ] GC(112)   Evacuate Collection Set: 11.6ms
[2020-11-06T12:19:07.594+0800][gc,phases    ] GC(112)   Post Evacuate Collection Set: 0.3ms
[2020-11-06T12:19:07.594+0800][gc,phases    ] GC(112)   Other: 1.8ms
[2020-11-06T12:19:07.594+0800][gc,heap      ] GC(112) Eden regions: 43->0(81)
[2020-11-06T12:19:07.594+0800][gc,heap      ] GC(112) Survivor regions: 8->2(7)
[2020-11-06T12:19:07.594+0800][gc,heap      ] GC(112) Old regions: 205->210
[2020-11-06T12:19:07.594+0800][gc,heap      ] GC(112) Archive regions: 2->2
[2020-11-06T12:19:07.594+0800][gc,heap      ] GC(112) Humongous regions: 130->130
[2020-11-06T12:19:07.594+0800][gc,metaspace ] GC(112) Metaspace: 28339K->28339K(1075200K)
[2020-11-06T12:19:07.594+0800][gc           ] GC(112) Pause Young (Normal) (G1 Evacuation Pause) 385M->342M(1024M) 13.944ms
[2020-11-06T12:19:07.594+0800][gc,cpu       ] GC(112) User=0.07s Sys=0.02s Real=0.01s
[2020-11-06T12:21:00.459+0800][gc,start     ] GC(113) Pause Young (Normal) (G1 Evacuation Pause)
[2020-11-06T12:21:00.460+0800][gc,task      ] GC(113) Using 8 workers of 8 for evacuation
[2020-11-06T12:21:00.477+0800][gc,phases    ] GC(113)   Pre Evacuate Collection Set: 0.1ms
[2020-11-06T12:21:00.477+0800][gc,phases    ] GC(113)   Evacuate Collection Set: 16.6ms
[2020-11-06T12:21:00.477+0800][gc,phases    ] GC(113)   Post Evacuate Collection Set: 0.3ms
[2020-11-06T12:21:00.477+0800][gc,phases    ] GC(113)   Other: 0.9ms
[2020-11-06T12:21:00.477+0800][gc,heap      ] GC(113) Eden regions: 81->0(46)
[2020-11-06T12:21:00.477+0800][gc,heap      ] GC(113) Survivor regions: 2->5(11)
[2020-11-06T12:21:00.477+0800][gc,heap      ] GC(113) Old regions: 210->210
[2020-11-06T12:21:00.477+0800][gc,heap      ] GC(113) Archive regions: 2->2
[2020-11-06T12:21:00.477+0800][gc,heap      ] GC(113) Humongous regions: 130->130
[2020-11-06T12:21:00.477+0800][gc,metaspace ] GC(113) Metaspace: 28339K->28339K(1075200K)
[2020-11-06T12:21:00.477+0800][gc           ] GC(113) Pause Young (Normal) (G1 Evacuation Pause) 423M->345M(1024M) 18.067ms
[2020-11-06T12:21:00.477+0800][gc,cpu       ] GC(113) User=0.05s Sys=0.05s Real=0.02s
[2020-11-06T12:22:04.022+0800][gc,start     ] GC(114) Pause Young (Normal) (G1 Evacuation Pause)
[2020-11-06T12:22:04.023+0800][gc,task      ] GC(114) Using 8 workers of 8 for evacuation
[2020-11-06T12:22:04.031+0800][gc,phases    ] GC(114)   Pre Evacuate Collection Set: 0.1ms
[2020-11-06T12:22:04.031+0800][gc,phases    ] GC(114)   Evacuate Collection Set: 6.9ms
[2020-11-06T12:22:04.031+0800][gc,phases    ] GC(114)   Post Evacuate Collection Set: 0.4ms
[2020-11-06T12:22:04.031+0800][gc,phases    ] GC(114)   Other: 1.2ms
[2020-11-06T12:22:04.031+0800][gc,heap      ] GC(114) Eden regions: 46->0(63)
[2020-11-06T12:22:04.031+0800][gc,heap      ] GC(114) Survivor regions: 5->3(7)
[2020-11-06T12:22:04.031+0800][gc,heap      ] GC(114) Old regions: 210->214
[2020-11-06T12:22:04.031+0800][gc,heap      ] GC(114) Archive regions: 2->2
[2020-11-06T12:22:04.031+0800][gc,heap      ] GC(114) Humongous regions: 130->130
[2020-11-06T12:22:04.031+0800][gc,metaspace ] GC(114) Metaspace: 28339K->28339K(1075200K)
[2020-11-06T12:22:04.031+0800][gc           ] GC(114) Pause Young (Normal) (G1 Evacuation Pause) 391M->346M(1024M) 8.717ms
[2020-11-06T12:22:04.031+0800][gc,cpu       ] GC(114) User=0.03s Sys=0.01s Real=0.01s
[2020-11-06T12:23:31.258+0800][gc,start     ] GC(115) Pause Young (Normal) (G1 Evacuation Pause)
[2020-11-06T12:23:31.259+0800][gc,task      ] GC(115) Using 8 workers of 8 for evacuation
[2020-11-06T12:23:31.272+0800][gc,phases    ] GC(115)   Pre Evacuate Collection Set: 0.0ms
[2020-11-06T12:23:31.272+0800][gc,phases    ] GC(115)   Evacuate Collection Set: 12.6ms
[2020-11-06T12:23:31.272+0800][gc,phases    ] GC(115)   Post Evacuate Collection Set: 0.3ms
[2020-11-06T12:23:31.272+0800][gc,phases    ] GC(115)   Other: 1.3ms
[2020-11-06T12:23:31.272+0800][gc,heap      ] GC(115) Eden regions: 63->0(60)
[2020-11-06T12:23:31.272+0800][gc,heap      ] GC(115) Survivor regions: 3->5(9)
[2020-11-06T12:23:31.272+0800][gc,heap      ] GC(115) Old regions: 214->214
[2020-11-06T12:23:31.272+0800][gc,heap      ] GC(115) Archive regions: 2->2
[2020-11-06T12:23:31.272+0800][gc,heap      ] GC(115) Humongous regions: 130->130
[2020-11-06T12:23:31.272+0800][gc,metaspace ] GC(115) Metaspace: 28339K->28339K(1075200K)
[2020-11-06T12:23:31.272+0800][gc           ] GC(115) Pause Young (Normal) (G1 Evacuation Pause) 409M->348M(1024M) 14.326ms
[2020-11-06T12:23:31.272+0800][gc,cpu       ] GC(115) User=0.03s Sys=0.04s Real=0.02s
[2020-11-06T12:24:54.551+0800][gc,start     ] GC(116) Pause Young (Normal) (G1 Evacuation Pause)
[2020-11-06T12:24:54.552+0800][gc,task      ] GC(116) Using 8 workers of 8 for evacuation
[2020-11-06T12:24:54.584+0800][gc,mmu       ] GC(116) MMU target violated: 21.0ms (20.0ms/21.0ms)
[2020-11-06T12:24:54.584+0800][gc,phases    ] GC(116)   Pre Evacuate Collection Set: 0.1ms
[2020-11-06T12:24:54.584+0800][gc,phases    ] GC(116)   Evacuate Collection Set: 28.4ms
[2020-11-06T12:24:54.584+0800][gc,phases    ] GC(116)   Post Evacuate Collection Set: 1.1ms
[2020-11-06T12:24:54.584+0800][gc,phases    ] GC(116)   Other: 4.2ms
[2020-11-06T12:24:54.584+0800][gc,heap      ] GC(116) Eden regions: 60->0(44)
[2020-11-06T12:24:54.585+0800][gc,heap      ] GC(116) Survivor regions: 5->7(9)
[2020-11-06T12:24:54.585+0800][gc,heap      ] GC(116) Old regions: 214->214
[2020-11-06T12:24:54.585+0800][gc,heap      ] GC(116) Archive regions: 2->2
[2020-11-06T12:24:54.585+0800][gc,heap      ] GC(116) Humongous regions: 130->130
[2020-11-06T12:24:54.585+0800][gc,metaspace ] GC(116) Metaspace: 28339K->28339K(1075200K)
[2020-11-06T12:24:54.585+0800][gc           ] GC(116) Pause Young (Normal) (G1 Evacuation Pause) 408M->350M(1024M) 33.796ms
[2020-11-06T12:24:54.585+0800][gc,cpu       ] GC(116) User=0.04s Sys=0.10s Real=0.03s
[2020-11-06T12:25:55.495+0800][gc,start     ] GC(117) Pause Young (Normal) (G1 Evacuation Pause)
[2020-11-06T12:25:55.496+0800][gc,task      ] GC(117) Using 8 workers of 8 for evacuation
[2020-11-06T12:25:55.510+0800][gc,phases    ] GC(117)   Pre Evacuate Collection Set: 0.1ms
[2020-11-06T12:25:55.510+0800][gc,phases    ] GC(117)   Evacuate Collection Set: 11.9ms
[2020-11-06T12:25:55.510+0800][gc,phases    ] GC(117)   Post Evacuate Collection Set: 0.6ms
[2020-11-06T12:25:55.510+0800][gc,phases    ] GC(117)   Other: 2.3ms
[2020-11-06T12:25:55.510+0800][gc,heap      ] GC(117) Eden regions: 44->0(49)
[2020-11-06T12:25:55.510+0800][gc,heap      ] GC(117) Survivor regions: 7->4(7)
[2020-11-06T12:25:55.510+0800][gc,heap      ] GC(117) Old regions: 214->217
[2020-11-06T12:25:55.510+0800][gc,heap      ] GC(117) Archive regions: 2->2
[2020-11-06T12:25:55.510+0800][gc,heap      ] GC(117) Humongous regions: 130->130
[2020-11-06T12:25:55.510+0800][gc,metaspace ] GC(117) Metaspace: 28339K->28339K(1075200K)
[2020-11-06T12:25:55.510+0800][gc           ] GC(117) Pause Young (Normal) (G1 Evacuation Pause) 394M->351M(1024M) 14.964ms
[2020-11-06T12:25:55.510+0800][gc,cpu       ] GC(117) User=0.08s Sys=0.02s Real=0.02s
[2020-11-06T12:27:04.004+0800][gc,start     ] GC(118) Pause Young (Normal) (G1 Evacuation Pause)
[2020-11-06T12:27:04.005+0800][gc,task      ] GC(118) Using 8 workers of 8 for evacuation
[2020-11-06T12:27:04.023+0800][gc,phases    ] GC(118)   Pre Evacuate Collection Set: 0.1ms
[2020-11-06T12:27:04.023+0800][gc,phases    ] GC(118)   Evacuate Collection Set: 16.9ms
[2020-11-06T12:27:04.023+0800][gc,phases    ] GC(118)   Post Evacuate Collection Set: 0.3ms
[2020-11-06T12:27:04.023+0800][gc,phases    ] GC(118)   Other: 1.3ms
[2020-11-06T12:27:04.023+0800][gc,heap      ] GC(118) Eden regions: 49->0(49)
[2020-11-06T12:27:04.023+0800][gc,heap      ] GC(118) Survivor regions: 4->4(7)
[2020-11-06T12:27:04.023+0800][gc,heap      ] GC(118) Old regions: 217->219
[2020-11-06T12:27:04.023+0800][gc,heap      ] GC(118) Archive regions: 2->2
[2020-11-06T12:27:04.023+0800][gc,heap      ] GC(118) Humongous regions: 130->130
[2020-11-06T12:27:04.023+0800][gc,metaspace ] GC(118) Metaspace: 28339K->28339K(1075200K)
[2020-11-06T12:27:04.023+0800][gc           ] GC(118) Pause Young (Normal) (G1 Evacuation Pause) 400M->353M(1024M) 18.746ms
[2020-11-06T12:27:04.023+0800][gc,cpu       ] GC(118) User=0.06s Sys=0.05s Real=0.02s
[2020-11-06T12:28:12.261+0800][gc,start     ] GC(119) Pause Young (Normal) (G1 Evacuation Pause)
[2020-11-06T12:28:12.261+0800][gc,task      ] GC(119) Using 8 workers of 8 for evacuation
[2020-11-06T12:28:12.276+0800][gc,phases    ] GC(119)   Pre Evacuate Collection Set: 0.1ms
[2020-11-06T12:28:12.276+0800][gc,phases    ] GC(119)   Evacuate Collection Set: 13.7ms
[2020-11-06T12:28:12.277+0800][gc,phases    ] GC(119)   Post Evacuate Collection Set: 0.4ms
[2020-11-06T12:28:12.277+0800][gc,phases    ] GC(119)   Other: 1.4ms
[2020-11-06T12:28:12.277+0800][gc,heap      ] GC(119) Eden regions: 49->0(49)
[2020-11-06T12:28:12.277+0800][gc,heap      ] GC(119) Survivor regions: 4->6(7)
[2020-11-06T12:28:12.277+0800][gc,heap      ] GC(119) Old regions: 219->219
[2020-11-06T12:28:12.277+0800][gc,heap      ] GC(119) Archive regions: 2->2
[2020-11-06T12:28:12.277+0800][gc,heap      ] GC(119) Humongous regions: 130->130
[2020-11-06T12:28:12.277+0800][gc,metaspace ] GC(119) Metaspace: 28339K->28339K(1075200K)
[2020-11-06T12:28:12.277+0800][gc           ] GC(119) Pause Young (Normal) (G1 Evacuation Pause) 402M->355M(1024M) 15.823ms
[2020-11-06T12:28:12.277+0800][gc,cpu       ] GC(119) User=0.05s Sys=0.03s Real=0.01s
[2020-11-06T12:29:19.820+0800][gc,start     ] GC(120) Pause Young (Normal) (G1 Evacuation Pause)
[2020-11-06T12:29:19.821+0800][gc,task      ] GC(120) Using 8 workers of 8 for evacuation
[2020-11-06T12:29:19.836+0800][gc,phases    ] GC(120)   Pre Evacuate Collection Set: 0.1ms
[2020-11-06T12:29:19.836+0800][gc,phases    ] GC(120)   Evacuate Collection Set: 14.3ms
[2020-11-06T12:29:19.836+0800][gc,phases    ] GC(120)   Post Evacuate Collection Set: 0.5ms
[2020-11-06T12:29:19.836+0800][gc,phases    ] GC(120)   Other: 1.7ms
[2020-11-06T12:29:19.836+0800][gc,heap      ] GC(120) Eden regions: 49->0(51)
[2020-11-06T12:29:19.836+0800][gc,heap      ] GC(120) Survivor regions: 6->6(7)
[2020-11-06T12:29:19.836+0800][gc,heap      ] GC(120) Old regions: 219->221
[2020-11-06T12:29:19.836+0800][gc,heap      ] GC(120) Archive regions: 2->2
[2020-11-06T12:29:19.836+0800][gc,heap      ] GC(120) Humongous regions: 130->130
[2020-11-06T12:29:19.836+0800][gc,metaspace ] GC(120) Metaspace: 28339K->28339K(1075200K)
[2020-11-06T12:29:19.836+0800][gc           ] GC(120) Pause Young (Normal) (G1 Evacuation Pause) 404M->356M(1024M) 16.837ms
[2020-11-06T12:29:19.837+0800][gc,cpu       ] GC(120) User=0.07s Sys=0.02s Real=0.01s
[2020-11-06T12:30:29.417+0800][gc,start     ] GC(121) Pause Young (Normal) (G1 Evacuation Pause)
[2020-11-06T12:30:29.418+0800][gc,task      ] GC(121) Using 8 workers of 8 for evacuation
[2020-11-06T12:30:29.432+0800][gc,phases    ] GC(121)   Pre Evacuate Collection Set: 0.1ms
[2020-11-06T12:30:29.432+0800][gc,phases    ] GC(121)   Evacuate Collection Set: 13.3ms
[2020-11-06T12:30:29.432+0800][gc,phases    ] GC(121)   Post Evacuate Collection Set: 0.5ms
[2020-11-06T12:30:29.432+0800][gc,phases    ] GC(121)   Other: 1.2ms
[2020-11-06T12:30:29.432+0800][gc,heap      ] GC(121) Eden regions: 50->0(53)
[2020-11-06T12:30:29.432+0800][gc,heap      ] GC(121) Survivor regions: 6->6(7)
[2020-11-06T12:30:29.432+0800][gc,heap      ] GC(121) Old regions: 221->223
[2020-11-06T12:30:29.432+0800][gc,heap      ] GC(121) Archive regions: 2->2
[2020-11-06T12:30:29.432+0800][gc,heap      ] GC(121) Humongous regions: 130->130
[2020-11-06T12:30:29.432+0800][gc,metaspace ] GC(121) Metaspace: 28339K->28339K(1075200K)
[2020-11-06T12:30:29.432+0800][gc           ] GC(121) Pause Young (Normal) (G1 Evacuation Pause) 406M->358M(1024M) 15.365ms
[2020-11-06T12:30:29.433+0800][gc,cpu       ] GC(121) User=0.07s Sys=0.02s Real=0.02s
[2020-11-06T12:31:42.559+0800][gc,start     ] GC(122) Pause Young (Normal) (G1 Evacuation Pause)
[2020-11-06T12:31:42.560+0800][gc,task      ] GC(122) Using 8 workers of 8 for evacuation
[2020-11-06T12:31:42.595+0800][gc,mmu       ] GC(122) MMU target violated: 21.0ms (20.0ms/21.0ms)
[2020-11-06T12:31:42.595+0800][gc,phases    ] GC(122)   Pre Evacuate Collection Set: 0.1ms
[2020-11-06T12:31:42.595+0800][gc,phases    ] GC(122)   Evacuate Collection Set: 29.9ms
[2020-11-06T12:31:42.595+0800][gc,phases    ] GC(122)   Post Evacuate Collection Set: 1.2ms
[2020-11-06T12:31:42.595+0800][gc,phases    ] GC(122)   Other: 5.3ms
[2020-11-06T12:31:42.595+0800][gc,heap      ] GC(122) Eden regions: 53->0(45)
[2020-11-06T12:31:42.595+0800][gc,heap      ] GC(122) Survivor regions: 6->6(8)
[2020-11-06T12:31:42.595+0800][gc,heap      ] GC(122) Old regions: 223->224
[2020-11-06T12:31:42.595+0800][gc,heap      ] GC(122) Archive regions: 2->2
[2020-11-06T12:31:42.595+0800][gc,heap      ] GC(122) Humongous regions: 130->130
[2020-11-06T12:31:42.595+0800][gc,metaspace ] GC(122) Metaspace: 28339K->28339K(1075200K)
[2020-11-06T12:31:42.595+0800][gc           ] GC(122) Pause Young (Normal) (G1 Evacuation Pause) 411M->360M(1024M) 36.561ms
[2020-11-06T12:31:42.595+0800][gc,cpu       ] GC(122) User=0.06s Sys=0.10s Real=0.04s
[2020-11-06T12:32:44.470+0800][gc,start     ] GC(123) Pause Young (Normal) (G1 Evacuation Pause)
[2020-11-06T12:32:44.470+0800][gc,task      ] GC(123) Using 8 workers of 8 for evacuation
[2020-11-06T12:32:44.478+0800][gc,phases    ] GC(123)   Pre Evacuate Collection Set: 0.0ms
[2020-11-06T12:32:44.478+0800][gc,phases    ] GC(123)   Evacuate Collection Set: 7.2ms
[2020-11-06T12:32:44.478+0800][gc,phases    ] GC(123)   Post Evacuate Collection Set: 0.3ms
[2020-11-06T12:32:44.478+0800][gc,phases    ] GC(123)   Other: 0.7ms
[2020-11-06T12:32:44.478+0800][gc,heap      ] GC(123) Eden regions: 45->0(51)
[2020-11-06T12:32:44.478+0800][gc,heap      ] GC(123) Survivor regions: 6->4(7)
[2020-11-06T12:32:44.478+0800][gc,heap      ] GC(123) Old regions: 224->228
[2020-11-06T12:32:44.478+0800][gc,heap      ] GC(123) Archive regions: 2->2
[2020-11-06T12:32:44.478+0800][gc,heap      ] GC(123) Humongous regions: 130->130
[2020-11-06T12:32:44.478+0800][gc,metaspace ] GC(123) Metaspace: 28347K->28347K(1075200K)
[2020-11-06T12:32:44.478+0800][gc           ] GC(123) Pause Young (Normal) (G1 Evacuation Pause) 405M->361M(1024M) 8.261ms
[2020-11-06T12:32:44.478+0800][gc,cpu       ] GC(123) User=0.03s Sys=0.01s Real=0.00s
[2020-11-06T12:33:54.500+0800][gc,start     ] GC(124) Pause Young (Concurrent Start) (G1 Evacuation Pause)
[2020-11-06T12:33:54.500+0800][gc,task      ] GC(124) Using 8 workers of 8 for evacuation
[2020-11-06T12:33:54.564+0800][gc,mmu       ] GC(124) MMU target violated: 21.0ms (20.0ms/21.0ms)
[2020-11-06T12:33:54.564+0800][gc,phases    ] GC(124)   Pre Evacuate Collection Set: 0.6ms
[2020-11-06T12:33:54.564+0800][gc,phases    ] GC(124)   Evacuate Collection Set: 57.6ms
[2020-11-06T12:33:54.564+0800][gc,phases    ] GC(124)   Post Evacuate Collection Set: 0.9ms
[2020-11-06T12:33:54.564+0800][gc,phases    ] GC(124)   Other: 6.0ms
[2020-11-06T12:33:54.564+0800][gc,heap      ] GC(124) Eden regions: 51->0(45)
[2020-11-06T12:33:54.564+0800][gc,heap      ] GC(124) Survivor regions: 4->6(7)
[2020-11-06T12:33:54.564+0800][gc,heap      ] GC(124) Old regions: 228->228
[2020-11-06T12:33:54.564+0800][gc,heap      ] GC(124) Archive regions: 2->2
[2020-11-06T12:33:54.564+0800][gc,heap      ] GC(124) Humongous regions: 130->130
[2020-11-06T12:33:54.564+0800][gc,metaspace ] GC(124) Metaspace: 28351K->28351K(1075200K)
[2020-11-06T12:33:54.564+0800][gc           ] GC(124) Pause Young (Concurrent Start) (G1 Evacuation Pause) 412M->363M(1024M) 64.209ms
[2020-11-06T12:33:54.564+0800][gc,cpu       ] GC(124) User=0.04s Sys=0.07s Real=0.06s
[2020-11-06T12:33:54.565+0800][gc           ] GC(125) Concurrent Cycle
[2020-11-06T12:33:54.566+0800][gc,marking   ] GC(125) Concurrent Clear Claimed Marks
[2020-11-06T12:33:54.566+0800][gc,marking   ] GC(125) Concurrent Clear Claimed Marks 0.497ms
[2020-11-06T12:33:54.566+0800][gc,marking   ] GC(125) Concurrent Scan Root Regions
[2020-11-06T12:33:54.615+0800][gc,marking   ] GC(125) Concurrent Scan Root Regions 48.279ms
[2020-11-06T12:33:54.615+0800][gc,marking   ] GC(125) Concurrent Mark (15416.268s)
[2020-11-06T12:33:54.615+0800][gc,marking   ] GC(125) Concurrent Mark From Roots
[2020-11-06T12:33:54.615+0800][gc,task      ] GC(125) Using 2 workers of 2 for marking
[2020-11-06T12:33:54.758+0800][gc,marking   ] GC(125) Concurrent Mark From Roots 142.812ms
[2020-11-06T12:33:54.758+0800][gc,marking   ] GC(125) Concurrent Preclean
[2020-11-06T12:33:54.758+0800][gc,marking   ] GC(125) Concurrent Preclean 0.176ms
[2020-11-06T12:33:54.758+0800][gc,marking   ] GC(125) Concurrent Mark (15416.268s, 15416.411s) 143.441ms
[2020-11-06T12:33:54.758+0800][gc,start     ] GC(125) Pause Remark
[2020-11-06T12:33:54.925+0800][gc,mmu       ] GC(125) MMU target violated: 21.0ms (20.0ms/21.0ms)
[2020-11-06T12:33:54.925+0800][gc           ] GC(125) Pause Remark 364M->299M(1024M) 166.270ms
[2020-11-06T12:33:54.925+0800][gc,cpu       ] GC(125) User=0.03s Sys=0.23s Real=0.17s
[2020-11-06T12:33:54.925+0800][gc,marking   ] GC(125) Concurrent Rebuild Remembered Sets
[2020-11-06T12:33:55.039+0800][gc,marking   ] GC(125) Concurrent Rebuild Remembered Sets 114.368ms
[2020-11-06T12:33:55.042+0800][gc,start     ] GC(125) Pause Cleanup
[2020-11-06T12:33:55.042+0800][gc           ] GC(125) Pause Cleanup 299M->299M(1024M) 0.215ms
[2020-11-06T12:33:55.042+0800][gc,cpu       ] GC(125) User=0.00s Sys=0.00s Real=0.00s
[2020-11-06T12:33:55.042+0800][gc,marking   ] GC(125) Concurrent Cleanup for Next Mark
[2020-11-06T12:33:55.057+0800][gc,marking   ] GC(125) Concurrent Cleanup for Next Mark 15.287ms
[2020-11-06T12:33:55.057+0800][gc           ] GC(125) Concurrent Cycle 492.539ms
[2020-11-06T12:34:57.159+0800][gc,start     ] GC(126) Pause Young (Prepare Mixed) (G1 Evacuation Pause)
[2020-11-06T12:34:57.159+0800][gc,task      ] GC(126) Using 8 workers of 8 for evacuation
[2020-11-06T12:34:57.179+0800][gc,phases    ] GC(126)   Pre Evacuate Collection Set: 0.1ms
[2020-11-06T12:34:57.179+0800][gc,phases    ] GC(126)   Evacuate Collection Set: 18.4ms
[2020-11-06T12:34:57.179+0800][gc,phases    ] GC(126)   Post Evacuate Collection Set: 0.5ms
[2020-11-06T12:34:57.179+0800][gc,phases    ] GC(126)   Other: 1.6ms
[2020-11-06T12:34:57.179+0800][gc,heap      ] GC(126) Eden regions: 45->0(45)
[2020-11-06T12:34:57.179+0800][gc,heap      ] GC(126) Survivor regions: 6->6(7)
[2020-11-06T12:34:57.179+0800][gc,heap      ] GC(126) Old regions: 163->165
[2020-11-06T12:34:57.179+0800][gc,heap      ] GC(126) Archive regions: 2->2
[2020-11-06T12:34:57.179+0800][gc,heap      ] GC(126) Humongous regions: 130->130
[2020-11-06T12:34:57.179+0800][gc,metaspace ] GC(126) Metaspace: 28312K->28312K(1075200K)
[2020-11-06T12:34:57.179+0800][gc           ] GC(126) Pause Young (Prepare Mixed) (G1 Evacuation Pause) 343M->300M(1024M) 20.728ms
[2020-11-06T12:34:57.179+0800][gc,cpu       ] GC(126) User=0.07s Sys=0.03s Real=0.02s
[2020-11-06T12:35:59.194+0800][gc,start     ] GC(127) Pause Young (Mixed) (G1 Evacuation Pause)
[2020-11-06T12:35:59.194+0800][gc,task      ] GC(127) Using 8 workers of 8 for evacuation
[2020-11-06T12:35:59.225+0800][gc,mmu       ] GC(127) MMU target violated: 21.0ms (20.0ms/21.0ms)
[2020-11-06T12:35:59.225+0800][gc,phases    ] GC(127)   Pre Evacuate Collection Set: 0.1ms
[2020-11-06T12:35:59.225+0800][gc,phases    ] GC(127)   Evacuate Collection Set: 27.5ms
[2020-11-06T12:35:59.225+0800][gc,phases    ] GC(127)   Post Evacuate Collection Set: 3.3ms
[2020-11-06T12:35:59.225+0800][gc,phases    ] GC(127)   Other: 0.8ms
[2020-11-06T12:35:59.225+0800][gc,heap      ] GC(127) Eden regions: 45->0(46)
[2020-11-06T12:35:59.225+0800][gc,heap      ] GC(127) Survivor regions: 6->5(7)
[2020-11-06T12:35:59.225+0800][gc,heap      ] GC(127) Old regions: 165->148
[2020-11-06T12:35:59.225+0800][gc,heap      ] GC(127) Archive regions: 2->2
[2020-11-06T12:35:59.225+0800][gc,heap      ] GC(127) Humongous regions: 130->130
[2020-11-06T12:35:59.225+0800][gc,metaspace ] GC(127) Metaspace: 28312K->28312K(1075200K)
[2020-11-06T12:35:59.225+0800][gc           ] GC(127) Pause Young (Mixed) (G1 Evacuation Pause) 345M->282M(1024M) 31.658ms
[2020-11-06T12:35:59.226+0800][gc,cpu       ] GC(127) User=0.05s Sys=0.07s Real=0.03s
[2020-11-06T12:37:03.186+0800][gc,start     ] GC(128) Pause Young (Mixed) (G1 Evacuation Pause)
[2020-11-06T12:37:03.186+0800][gc,task      ] GC(128) Using 8 workers of 8 for evacuation
[2020-11-06T12:37:03.209+0800][gc,mmu       ] GC(128) MMU target violated: 21.0ms (20.0ms/21.0ms)
[2020-11-06T12:37:03.209+0800][gc,phases    ] GC(128)   Pre Evacuate Collection Set: 0.1ms
[2020-11-06T12:37:03.209+0800][gc,phases    ] GC(128)   Evacuate Collection Set: 19.8ms
[2020-11-06T12:37:03.209+0800][gc,phases    ] GC(128)   Post Evacuate Collection Set: 1.6ms
[2020-11-06T12:37:03.209+0800][gc,phases    ] GC(128)   Other: 1.7ms
[2020-11-06T12:37:03.209+0800][gc,heap      ] GC(128) Eden regions: 46->0(47)
[2020-11-06T12:37:03.209+0800][gc,heap      ] GC(128) Survivor regions: 5->4(7)
[2020-11-06T12:37:03.209+0800][gc,heap      ] GC(128) Old regions: 148->129
[2020-11-06T12:37:03.209+0800][gc,heap      ] GC(128) Archive regions: 2->2
[2020-11-06T12:37:03.209+0800][gc,heap      ] GC(128) Humongous regions: 130->130
[2020-11-06T12:37:03.209+0800][gc,metaspace ] GC(128) Metaspace: 28312K->28312K(1075200K)
[2020-11-06T12:37:03.209+0800][gc           ] GC(128) Pause Young (Mixed) (G1 Evacuation Pause) 328M->263M(1024M) 23.223ms
[2020-11-06T12:37:03.209+0800][gc,cpu       ] GC(128) User=0.06s Sys=0.03s Real=0.02s
[2020-11-06T12:38:08.554+0800][gc,start     ] GC(129) Pause Young (Mixed) (G1 Evacuation Pause)
[2020-11-06T12:38:08.555+0800][gc,task      ] GC(129) Using 8 workers of 8 for evacuation
[2020-11-06T12:38:08.564+0800][gc,phases    ] GC(129)   Pre Evacuate Collection Set: 0.0ms
[2020-11-06T12:38:08.564+0800][gc,phases    ] GC(129)   Evacuate Collection Set: 6.6ms
[2020-11-06T12:38:08.564+0800][gc,phases    ] GC(129)   Post Evacuate Collection Set: 1.1ms
[2020-11-06T12:38:08.564+0800][gc,phases    ] GC(129)   Other: 1.6ms
[2020-11-06T12:38:08.564+0800][gc,heap      ] GC(129) Eden regions: 47->0(46)
[2020-11-06T12:38:08.564+0800][gc,heap      ] GC(129) Survivor regions: 4->5(7)
[2020-11-06T12:38:08.564+0800][gc,heap      ] GC(129) Old regions: 129->110
[2020-11-06T12:38:08.564+0800][gc,heap      ] GC(129) Archive regions: 2->2
[2020-11-06T12:38:08.564+0800][gc,heap      ] GC(129) Humongous regions: 130->130
[2020-11-06T12:38:08.564+0800][gc,metaspace ] GC(129) Metaspace: 28312K->28312K(1075200K)
[2020-11-06T12:38:08.564+0800][gc           ] GC(129) Pause Young (Mixed) (G1 Evacuation Pause) 310M->244M(1024M) 9.457ms
[2020-11-06T12:38:08.564+0800][gc,cpu       ] GC(129) User=0.03s Sys=0.01s Real=0.01s
[2020-11-06T12:39:12.205+0800][gc,start     ] GC(130) Pause Young (Mixed) (G1 Evacuation Pause)
[2020-11-06T12:39:12.205+0800][gc,task      ] GC(130) Using 8 workers of 8 for evacuation
[2020-11-06T12:39:12.225+0800][gc,phases    ] GC(130)   Pre Evacuate Collection Set: 0.1ms
[2020-11-06T12:39:12.225+0800][gc,phases    ] GC(130)   Evacuate Collection Set: 16.7ms
[2020-11-06T12:39:12.225+0800][gc,phases    ] GC(130)   Post Evacuate Collection Set: 1.2ms
[2020-11-06T12:39:12.225+0800][gc,phases    ] GC(130)   Other: 2.0ms
[2020-11-06T12:39:12.225+0800][gc,heap      ] GC(130) Eden regions: 46->0(45)
[2020-11-06T12:39:12.225+0800][gc,heap      ] GC(130) Survivor regions: 5->6(7)
[2020-11-06T12:39:12.225+0800][gc,heap      ] GC(130) Old regions: 110->91
[2020-11-06T12:39:12.225+0800][gc,heap      ] GC(130) Archive regions: 2->2
[2020-11-06T12:39:12.225+0800][gc,heap      ] GC(130) Humongous regions: 130->130
[2020-11-06T12:39:12.225+0800][gc,metaspace ] GC(130) Metaspace: 28312K->28312K(1075200K)
[2020-11-06T12:39:12.225+0800][gc           ] GC(130) Pause Young (Mixed) (G1 Evacuation Pause) 290M->227M(1024M) 20.147ms
[2020-11-06T12:39:12.225+0800][gc,cpu       ] GC(130) User=0.03s Sys=0.04s Real=0.02s
[2020-11-06T12:40:13.361+0800][gc,start     ] GC(131) Pause Young (Mixed) (G1 Evacuation Pause)
[2020-11-06T12:40:13.362+0800][gc,task      ] GC(131) Using 8 workers of 8 for evacuation
[2020-11-06T12:40:13.385+0800][gc,mmu       ] GC(131) MMU target violated: 21.0ms (20.0ms/21.0ms)
[2020-11-06T12:40:13.385+0800][gc,phases    ] GC(131)   Pre Evacuate Collection Set: 0.1ms
[2020-11-06T12:40:13.385+0800][gc,phases    ] GC(131)   Evacuate Collection Set: 20.6ms
[2020-11-06T12:40:13.385+0800][gc,phases    ] GC(131)   Post Evacuate Collection Set: 2.3ms
[2020-11-06T12:40:13.386+0800][gc,phases    ] GC(131)   Other: 1.4ms
[2020-11-06T12:40:13.386+0800][gc,heap      ] GC(131) Eden regions: 45->0(47)
[2020-11-06T12:40:13.386+0800][gc,heap      ] GC(131) Survivor regions: 6->4(7)
[2020-11-06T12:40:13.386+0800][gc,heap      ] GC(131) Old regions: 91->74
[2020-11-06T12:40:13.386+0800][gc,heap      ] GC(131) Archive regions: 2->2
[2020-11-06T12:40:13.386+0800][gc,heap      ] GC(131) Humongous regions: 130->130
[2020-11-06T12:40:13.386+0800][gc,metaspace ] GC(131) Metaspace: 28312K->28312K(1075200K)
[2020-11-06T12:40:13.386+0800][gc           ] GC(131) Pause Young (Mixed) (G1 Evacuation Pause) 272M->208M(1024M) 24.513ms
[2020-11-06T12:40:13.386+0800][gc,cpu       ] GC(131) User=0.06s Sys=0.05s Real=0.02s
[2020-11-06T12:41:18.336+0800][gc,start     ] GC(132) Pause Young (Mixed) (G1 Evacuation Pause)
[2020-11-06T12:41:18.337+0800][gc,task      ] GC(132) Using 8 workers of 8 for evacuation
[2020-11-06T12:41:18.358+0800][gc,phases    ] GC(132)   Pre Evacuate Collection Set: 0.1ms
[2020-11-06T12:41:18.358+0800][gc,phases    ] GC(132)   Evacuate Collection Set: 16.2ms
[2020-11-06T12:41:18.358+0800][gc,phases    ] GC(132)   Post Evacuate Collection Set: 2.6ms
[2020-11-06T12:41:18.358+0800][gc,phases    ] GC(132)   Other: 2.2ms
[2020-11-06T12:41:18.358+0800][gc,heap      ] GC(132) Eden regions: 47->0(49)
[2020-11-06T12:41:18.358+0800][gc,heap      ] GC(132) Survivor regions: 4->5(7)
[2020-11-06T12:41:18.358+0800][gc,heap      ] GC(132) Old regions: 74->55
[2020-11-06T12:41:18.358+0800][gc,heap      ] GC(132) Archive regions: 2->2
[2020-11-06T12:41:18.358+0800][gc,heap      ] GC(132) Humongous regions: 130->130
[2020-11-06T12:41:18.358+0800][gc,metaspace ] GC(132) Metaspace: 28312K->28312K(1075200K)
[2020-11-06T12:41:18.358+0800][gc           ] GC(132) Pause Young (Mixed) (G1 Evacuation Pause) 255M->189M(1024M) 21.373ms
[2020-11-06T12:41:18.358+0800][gc,cpu       ] GC(132) User=0.04s Sys=0.01s Real=0.02s
[2020-11-06T12:42:25.797+0800][gc,start     ] GC(133) Pause Young (Normal) (G1 Evacuation Pause)
[2020-11-06T12:42:25.798+0800][gc,task      ] GC(133) Using 8 workers of 8 for evacuation
[2020-11-06T12:42:25.812+0800][gc,phases    ] GC(133)   Pre Evacuate Collection Set: 0.0ms
[2020-11-06T12:42:25.813+0800][gc,phases    ] GC(133)   Evacuate Collection Set: 14.1ms
[2020-11-06T12:42:25.813+0800][gc,phases    ] GC(133)   Post Evacuate Collection Set: 0.4ms
[2020-11-06T12:42:25.813+0800][gc,phases    ] GC(133)   Other: 1.1ms
[2020-11-06T12:42:25.813+0800][gc,heap      ] GC(133) Eden regions: 49->0(52)
[2020-11-06T12:42:25.813+0800][gc,heap      ] GC(133) Survivor regions: 5->6(7)
[2020-11-06T12:42:25.813+0800][gc,heap      ] GC(133) Old regions: 55->56
[2020-11-06T12:42:25.813+0800][gc,heap      ] GC(133) Archive regions: 2->2
[2020-11-06T12:42:25.813+0800][gc,heap      ] GC(133) Humongous regions: 130->130
[2020-11-06T12:42:25.813+0800][gc,metaspace ] GC(133) Metaspace: 28312K->28312K(1075200K)
[2020-11-06T12:42:25.813+0800][gc           ] GC(133) Pause Young (Normal) (G1 Evacuation Pause) 238M->191M(1024M) 15.712ms
[2020-11-06T12:42:25.813+0800][gc,cpu       ] GC(133) User=0.04s Sys=0.02s Real=0.02s
[2020-11-06T12:43:38.201+0800][gc,start     ] GC(134) Pause Young (Normal) (G1 Evacuation Pause)
[2020-11-06T12:43:38.202+0800][gc,task      ] GC(134) Using 8 workers of 8 for evacuation
[2020-11-06T12:43:38.224+0800][gc,mmu       ] GC(134) MMU target violated: 21.0ms (20.0ms/21.0ms)
[2020-11-06T12:43:38.224+0800][gc,phases    ] GC(134)   Pre Evacuate Collection Set: 0.1ms
[2020-11-06T12:43:38.224+0800][gc,phases    ] GC(134)   Evacuate Collection Set: 20.8ms
[2020-11-06T12:43:38.224+0800][gc,phases    ] GC(134)   Post Evacuate Collection Set: 0.3ms
[2020-11-06T12:43:38.224+0800][gc,phases    ] GC(134)   Other: 1.3ms
[2020-11-06T12:43:38.224+0800][gc,heap      ] GC(134) Eden regions: 52->0(49)
[2020-11-06T12:43:38.224+0800][gc,heap      ] GC(134) Survivor regions: 6->6(8)
[2020-11-06T12:43:38.224+0800][gc,heap      ] GC(134) Old regions: 56->58
[2020-11-06T12:43:38.224+0800][gc,heap      ] GC(134) Archive regions: 2->2
[2020-11-06T12:43:38.224+0800][gc,heap      ] GC(134) Humongous regions: 130->130
[2020-11-06T12:43:38.224+0800][gc,metaspace ] GC(134) Metaspace: 28312K->28312K(1075200K)
[2020-11-06T12:43:38.224+0800][gc           ] GC(134) Pause Young (Normal) (G1 Evacuation Pause) 243M->193M(1024M) 22.543ms
[2020-11-06T12:43:38.224+0800][gc,cpu       ] GC(134) User=0.04s Sys=0.04s Real=0.02s
[2020-11-06T12:44:46.079+0800][gc,start     ] GC(135) Pause Young (Normal) (G1 Evacuation Pause)
[2020-11-06T12:44:46.080+0800][gc,task      ] GC(135) Using 8 workers of 8 for evacuation
[2020-11-06T12:44:46.115+0800][gc,mmu       ] GC(135) MMU target violated: 21.0ms (20.0ms/21.0ms)
[2020-11-06T12:44:46.115+0800][gc,phases    ] GC(135)   Pre Evacuate Collection Set: 0.1ms
[2020-11-06T12:44:46.115+0800][gc,phases    ] GC(135)   Evacuate Collection Set: 33.3ms
[2020-11-06T12:44:46.115+0800][gc,phases    ] GC(135)   Post Evacuate Collection Set: 0.6ms
[2020-11-06T12:44:46.115+0800][gc,phases    ] GC(135)   Other: 2.2ms
[2020-11-06T12:44:46.115+0800][gc,heap      ] GC(135) Eden regions: 49->0(46)
[2020-11-06T12:44:46.115+0800][gc,heap      ] GC(135) Survivor regions: 6->5(7)
[2020-11-06T12:44:46.115+0800][gc,heap      ] GC(135) Old regions: 58->61
[2020-11-06T12:44:46.115+0800][gc,heap      ] GC(135) Archive regions: 2->2
[2020-11-06T12:44:46.115+0800][gc,heap      ] GC(135) Humongous regions: 130->130
[2020-11-06T12:44:46.115+0800][gc,metaspace ] GC(135) Metaspace: 28312K->28312K(1075200K)
[2020-11-06T12:44:46.115+0800][gc           ] GC(135) Pause Young (Normal) (G1 Evacuation Pause) 242M->195M(1024M) 36.119ms
[2020-11-06T12:44:46.115+0800][gc,cpu       ] GC(135) User=0.05s Sys=0.06s Real=0.04s
[2020-11-06T12:45:50.055+0800][gc,start     ] GC(136) Pause Young (Normal) (G1 Evacuation Pause)
[2020-11-06T12:45:50.056+0800][gc,task      ] GC(136) Using 8 workers of 8 for evacuation
[2020-11-06T12:45:50.071+0800][gc,phases    ] GC(136)   Pre Evacuate Collection Set: 0.0ms
[2020-11-06T12:45:50.071+0800][gc,phases    ] GC(136)   Evacuate Collection Set: 14.2ms
[2020-11-06T12:45:50.071+0800][gc,phases    ] GC(136)   Post Evacuate Collection Set: 0.3ms
[2020-11-06T12:45:50.072+0800][gc,phases    ] GC(136)   Other: 1.8ms
[2020-11-06T12:45:50.072+0800][gc,heap      ] GC(136) Eden regions: 46->0(48)
[2020-11-06T12:45:50.072+0800][gc,heap      ] GC(136) Survivor regions: 5->4(7)
[2020-11-06T12:45:50.072+0800][gc,heap      ] GC(136) Old regions: 61->63
[2020-11-06T12:45:50.072+0800][gc,heap      ] GC(136) Archive regions: 2->2
[2020-11-06T12:45:50.072+0800][gc,heap      ] GC(136) Humongous regions: 130->130
[2020-11-06T12:45:50.072+0800][gc,metaspace ] GC(136) Metaspace: 28312K->28312K(1075200K)
[2020-11-06T12:45:50.072+0800][gc           ] GC(136) Pause Young (Normal) (G1 Evacuation Pause) 241M->196M(1024M) 16.521ms
[2020-11-06T12:45:50.072+0800][gc,cpu       ] GC(136) User=0.04s Sys=0.03s Real=0.02s
[2020-11-06T12:46:56.630+0800][gc,start     ] GC(137) Pause Young (Normal) (G1 Evacuation Pause)
[2020-11-06T12:46:56.630+0800][gc,task      ] GC(137) Using 8 workers of 8 for evacuation
[2020-11-06T12:46:56.637+0800][gc,phases    ] GC(137)   Pre Evacuate Collection Set: 0.0ms
[2020-11-06T12:46:56.637+0800][gc,phases    ] GC(137)   Evacuate Collection Set: 5.9ms
[2020-11-06T12:46:56.637+0800][gc,phases    ] GC(137)   Post Evacuate Collection Set: 0.2ms
[2020-11-06T12:46:56.637+0800][gc,phases    ] GC(137)   Other: 0.7ms
[2020-11-06T12:46:56.637+0800][gc,heap      ] GC(137) Eden regions: 48->0(50)
[2020-11-06T12:46:56.637+0800][gc,heap      ] GC(137) Survivor regions: 4->5(7)
[2020-11-06T12:46:56.637+0800][gc,heap      ] GC(137) Old regions: 63->63
[2020-11-06T12:46:56.637+0800][gc,heap      ] GC(137) Archive regions: 2->2
[2020-11-06T12:46:56.637+0800][gc,heap      ] GC(137) Humongous regions: 130->130
[2020-11-06T12:46:56.637+0800][gc,metaspace ] GC(137) Metaspace: 28312K->28312K(1075200K)
[2020-11-06T12:46:56.637+0800][gc           ] GC(137) Pause Young (Normal) (G1 Evacuation Pause) 244M->198M(1024M) 7.028ms
[2020-11-06T12:46:56.637+0800][gc,cpu       ] GC(137) User=0.02s Sys=0.01s Real=0.00s
[2020-11-06T12:48:06.156+0800][gc,start     ] GC(138) Pause Young (Normal) (G1 Evacuation Pause)
[2020-11-06T12:48:06.157+0800][gc,task      ] GC(138) Using 8 workers of 8 for evacuation
[2020-11-06T12:48:06.192+0800][gc,mmu       ] GC(138) MMU target violated: 21.0ms (20.0ms/21.0ms)
[2020-11-06T12:48:06.192+0800][gc,phases    ] GC(138)   Pre Evacuate Collection Set: 0.0ms
[2020-11-06T12:48:06.192+0800][gc,phases    ] GC(138)   Evacuate Collection Set: 33.8ms
[2020-11-06T12:48:06.192+0800][gc,phases    ] GC(138)   Post Evacuate Collection Set: 0.6ms
[2020-11-06T12:48:06.192+0800][gc,phases    ] GC(138)   Other: 1.3ms
[2020-11-06T12:48:06.192+0800][gc,heap      ] GC(138) Eden regions: 50->0(45)
[2020-11-06T12:48:06.192+0800][gc,heap      ] GC(138) Survivor regions: 5->6(7)
[2020-11-06T12:48:06.192+0800][gc,heap      ] GC(138) Old regions: 63->65
[2020-11-06T12:48:06.192+0800][gc,heap      ] GC(138) Archive regions: 2->2
[2020-11-06T12:48:06.192+0800][gc,heap      ] GC(138) Humongous regions: 130->130
[2020-11-06T12:48:06.192+0800][gc,metaspace ] GC(138) Metaspace: 28312K->28312K(1075200K)
[2020-11-06T12:48:06.192+0800][gc           ] GC(138) Pause Young (Normal) (G1 Evacuation Pause) 248M->199M(1024M) 36.273ms
[2020-11-06T12:48:06.192+0800][gc,cpu       ] GC(138) User=0.04s Sys=0.06s Real=0.04s
[2020-11-06T12:49:08.740+0800][gc,start     ] GC(139) Pause Young (Normal) (G1 Evacuation Pause)
[2020-11-06T12:49:08.741+0800][gc,task      ] GC(139) Using 8 workers of 8 for evacuation
[2020-11-06T12:49:08.762+0800][gc,mmu       ] GC(139) MMU target violated: 21.0ms (20.0ms/21.0ms)
[2020-11-06T12:49:08.763+0800][gc,phases    ] GC(139)   Pre Evacuate Collection Set: 0.0ms
[2020-11-06T12:49:08.763+0800][gc,phases    ] GC(139)   Evacuate Collection Set: 20.0ms
[2020-11-06T12:49:08.763+0800][gc,phases    ] GC(139)   Post Evacuate Collection Set: 1.0ms
[2020-11-06T12:49:08.763+0800][gc,phases    ] GC(139)   Other: 1.8ms
[2020-11-06T12:49:08.763+0800][gc,heap      ] GC(139) Eden regions: 45->0(45)
[2020-11-06T12:49:08.763+0800][gc,heap      ] GC(139) Survivor regions: 6->6(7)
[2020-11-06T12:49:08.763+0800][gc,heap      ] GC(139) Old regions: 65->66
[2020-11-06T12:49:08.763+0800][gc,heap      ] GC(139) Archive regions: 2->2
[2020-11-06T12:49:08.763+0800][gc,heap      ] GC(139) Humongous regions: 130->130
[2020-11-06T12:49:08.763+0800][gc,metaspace ] GC(139) Metaspace: 28312K->28312K(1075200K)
[2020-11-06T12:49:08.763+0800][gc           ] GC(139) Pause Young (Normal) (G1 Evacuation Pause) 244M->202M(1024M) 22.901ms
[2020-11-06T12:49:08.763+0800][gc,cpu       ] GC(139) User=0.06s Sys=0.04s Real=0.02s
[2020-11-06T12:50:11.295+0800][gc,start     ] GC(140) Pause Young (Normal) (G1 Evacuation Pause)
[2020-11-06T12:50:11.296+0800][gc,task      ] GC(140) Using 8 workers of 8 for evacuation
[2020-11-06T12:50:11.330+0800][gc,mmu       ] GC(140) MMU target violated: 21.0ms (20.0ms/21.0ms)
[2020-11-06T12:50:11.330+0800][gc,phases    ] GC(140)   Pre Evacuate Collection Set: 0.0ms
[2020-11-06T12:50:11.330+0800][gc,phases    ] GC(140)   Evacuate Collection Set: 33.7ms
[2020-11-06T12:50:11.330+0800][gc,phases    ] GC(140)   Post Evacuate Collection Set: 0.3ms
[2020-11-06T12:50:11.330+0800][gc,phases    ] GC(140)   Other: 0.6ms
[2020-11-06T12:50:11.330+0800][gc,heap      ] GC(140) Eden regions: 45->0(47)
[2020-11-06T12:50:11.330+0800][gc,heap      ] GC(140) Survivor regions: 6->4(7)
[2020-11-06T12:50:11.330+0800][gc,heap      ] GC(140) Old regions: 66->69
[2020-11-06T12:50:11.330+0800][gc,heap      ] GC(140) Archive regions: 2->2
[2020-11-06T12:50:11.330+0800][gc,heap      ] GC(140) Humongous regions: 130->130
[2020-11-06T12:50:11.330+0800][gc,metaspace ] GC(140) Metaspace: 28312K->28312K(1075200K)
[2020-11-06T12:50:11.330+0800][gc           ] GC(140) Pause Young (Normal) (G1 Evacuation Pause) 247M->203M(1024M) 34.816ms
[2020-11-06T12:50:11.330+0800][gc,cpu       ] GC(140) User=0.03s Sys=0.05s Real=0.04s
[2020-11-06T12:51:15.936+0800][gc,start     ] GC(141) Pause Young (Normal) (G1 Evacuation Pause)
[2020-11-06T12:51:15.937+0800][gc,task      ] GC(141) Using 8 workers of 8 for evacuation
[2020-11-06T12:51:15.952+0800][gc,phases    ] GC(141)   Pre Evacuate Collection Set: 0.1ms
[2020-11-06T12:51:15.952+0800][gc,phases    ] GC(141)   Evacuate Collection Set: 12.4ms
[2020-11-06T12:51:15.952+0800][gc,phases    ] GC(141)   Post Evacuate Collection Set: 0.9ms
[2020-11-06T12:51:15.952+0800][gc,phases    ] GC(141)   Other: 2.4ms
[2020-11-06T12:51:15.952+0800][gc,heap      ] GC(141) Eden regions: 47->0(45)
[2020-11-06T12:51:15.952+0800][gc,heap      ] GC(141) Survivor regions: 4->6(7)
[2020-11-06T12:51:15.952+0800][gc,heap      ] GC(141) Old regions: 69->69
[2020-11-06T12:51:15.952+0800][gc,heap      ] GC(141) Archive regions: 2->2
[2020-11-06T12:51:15.952+0800][gc,heap      ] GC(141) Humongous regions: 130->130
[2020-11-06T12:51:15.952+0800][gc,metaspace ] GC(141) Metaspace: 28328K->28328K(1075200K)
[2020-11-06T12:51:15.952+0800][gc           ] GC(141) Pause Young (Normal) (G1 Evacuation Pause) 250M->204M(1024M) 15.850ms
[2020-11-06T12:51:15.952+0800][gc,cpu       ] GC(141) User=0.03s Sys=0.03s Real=0.02s
[2020-11-06T12:52:18.881+0800][gc,start     ] GC(142) Pause Young (Normal) (G1 Evacuation Pause)
[2020-11-06T12:52:18.882+0800][gc,task      ] GC(142) Using 8 workers of 8 for evacuation
[2020-11-06T12:52:18.900+0800][gc,phases    ] GC(142)   Pre Evacuate Collection Set: 0.1ms
[2020-11-06T12:52:18.900+0800][gc,phases    ] GC(142)   Evacuate Collection Set: 17.3ms
[2020-11-06T12:52:18.900+0800][gc,phases    ] GC(142)   Post Evacuate Collection Set: 0.4ms
[2020-11-06T12:52:18.900+0800][gc,phases    ] GC(142)   Other: 1.5ms
[2020-11-06T12:52:18.900+0800][gc,heap      ] GC(142) Eden regions: 45->0(45)
[2020-11-06T12:52:18.900+0800][gc,heap      ] GC(142) Survivor regions: 6->6(7)
[2020-11-06T12:52:18.900+0800][gc,heap      ] GC(142) Old regions: 69->71
[2020-11-06T12:52:18.900+0800][gc,heap      ] GC(142) Archive regions: 2->2
[2020-11-06T12:52:18.900+0800][gc,heap      ] GC(142) Humongous regions: 130->130
[2020-11-06T12:52:18.900+0800][gc,metaspace ] GC(142) Metaspace: 28328K->28328K(1075200K)
[2020-11-06T12:52:18.900+0800][gc           ] GC(142) Pause Young (Normal) (G1 Evacuation Pause) 249M->207M(1024M) 19.355ms
[2020-11-06T12:52:18.900+0800][gc,cpu       ] GC(142) User=0.06s Sys=0.03s Real=0.02s
[2020-11-06T12:53:21.670+0800][gc,start     ] GC(143) Pause Young (Normal) (G1 Evacuation Pause)
[2020-11-06T12:53:21.671+0800][gc,task      ] GC(143) Using 8 workers of 8 for evacuation
[2020-11-06T12:53:21.721+0800][gc,mmu       ] GC(143) MMU target violated: 21.0ms (20.0ms/21.0ms)
[2020-11-06T12:53:21.721+0800][gc,phases    ] GC(143)   Pre Evacuate Collection Set: 0.1ms
[2020-11-06T12:53:21.721+0800][gc,phases    ] GC(143)   Evacuate Collection Set: 47.9ms
[2020-11-06T12:53:21.721+0800][gc,phases    ] GC(143)   Post Evacuate Collection Set: 1.2ms
[2020-11-06T12:53:21.721+0800][gc,phases    ] GC(143)   Other: 1.4ms
[2020-11-06T12:53:21.721+0800][gc,heap      ] GC(143) Eden regions: 45->0(47)
[2020-11-06T12:53:21.721+0800][gc,heap      ] GC(143) Survivor regions: 6->4(7)
[2020-11-06T12:53:21.721+0800][gc,heap      ] GC(143) Old regions: 71->74
[2020-11-06T12:53:21.721+0800][gc,heap      ] GC(143) Archive regions: 2->2
[2020-11-06T12:53:21.721+0800][gc,heap      ] GC(143) Humongous regions: 130->130
[2020-11-06T12:53:21.721+0800][gc,metaspace ] GC(143) Metaspace: 28328K->28328K(1075200K)
[2020-11-06T12:53:21.721+0800][gc           ] GC(143) Pause Young (Normal) (G1 Evacuation Pause) 252M->208M(1024M) 50.617ms
[2020-11-06T12:53:21.721+0800][gc,cpu       ] GC(143) User=0.04s Sys=0.05s Real=0.05s
[2020-11-06T12:54:27.120+0800][gc,start     ] GC(144) Pause Young (Normal) (G1 Evacuation Pause)
[2020-11-06T12:54:27.121+0800][gc,task      ] GC(144) Using 8 workers of 8 for evacuation
[2020-11-06T12:54:27.150+0800][gc,mmu       ] GC(144) MMU target violated: 21.0ms (20.0ms/21.0ms)
[2020-11-06T12:54:27.150+0800][gc,phases    ] GC(144)   Pre Evacuate Collection Set: 0.2ms
[2020-11-06T12:54:27.150+0800][gc,phases    ] GC(144)   Evacuate Collection Set: 23.5ms
[2020-11-06T12:54:27.150+0800][gc,phases    ] GC(144)   Post Evacuate Collection Set: 1.7ms
[2020-11-06T12:54:27.151+0800][gc,phases    ] GC(144)   Other: 4.8ms
[2020-11-06T12:54:27.151+0800][gc,heap      ] GC(144) Eden regions: 47->0(47)
[2020-11-06T12:54:27.151+0800][gc,heap      ] GC(144) Survivor regions: 4->4(7)
[2020-11-06T12:54:27.151+0800][gc,heap      ] GC(144) Old regions: 74->76
[2020-11-06T12:54:27.151+0800][gc,heap      ] GC(144) Archive regions: 2->2
[2020-11-06T12:54:27.151+0800][gc,heap      ] GC(144) Humongous regions: 130->130
[2020-11-06T12:54:27.151+0800][gc,metaspace ] GC(144) Metaspace: 28328K->28328K(1075200K)
[2020-11-06T12:54:27.151+0800][gc           ] GC(144) Pause Young (Normal) (G1 Evacuation Pause) 255M->210M(1024M) 30.516ms
[2020-11-06T12:54:27.151+0800][gc,cpu       ] GC(144) User=0.04s Sys=0.06s Real=0.03s
[2020-11-06T12:55:32.079+0800][gc,start     ] GC(145) Pause Young (Normal) (G1 Evacuation Pause)
[2020-11-06T12:55:32.080+0800][gc,task      ] GC(145) Using 8 workers of 8 for evacuation
[2020-11-06T12:55:32.086+0800][gc,phases    ] GC(145)   Pre Evacuate Collection Set: 0.0ms
[2020-11-06T12:55:32.086+0800][gc,phases    ] GC(145)   Evacuate Collection Set: 6.1ms
[2020-11-06T12:55:32.086+0800][gc,phases    ] GC(145)   Post Evacuate Collection Set: 0.3ms
[2020-11-06T12:55:32.086+0800][gc,phases    ] GC(145)   Other: 1.0ms
[2020-11-06T12:55:32.086+0800][gc,heap      ] GC(145) Eden regions: 47->0(45)
[2020-11-06T12:55:32.086+0800][gc,heap      ] GC(145) Survivor regions: 4->6(7)
[2020-11-06T12:55:32.086+0800][gc,heap      ] GC(145) Old regions: 76->76
[2020-11-06T12:55:32.086+0800][gc,heap      ] GC(145) Archive regions: 2->2
[2020-11-06T12:55:32.086+0800][gc,heap      ] GC(145) Humongous regions: 130->130
[2020-11-06T12:55:32.086+0800][gc,metaspace ] GC(145) Metaspace: 28328K->28328K(1075200K)
[2020-11-06T12:55:32.086+0800][gc           ] GC(145) Pause Young (Normal) (G1 Evacuation Pause) 257M->211M(1024M) 7.547ms
[2020-11-06T12:55:32.086+0800][gc,cpu       ] GC(145) User=0.02s Sys=0.01s Real=0.01s
[2020-11-06T12:56:34.204+0800][gc,start     ] GC(146) Pause Young (Normal) (G1 Evacuation Pause)
[2020-11-06T12:56:34.205+0800][gc,task      ] GC(146) Using 8 workers of 8 for evacuation
[2020-11-06T12:56:34.263+0800][gc,mmu       ] GC(146) MMU target violated: 21.0ms (20.0ms/21.0ms)
[2020-11-06T12:56:34.263+0800][gc,phases    ] GC(146)   Pre Evacuate Collection Set: 0.1ms
[2020-11-06T12:56:34.263+0800][gc,phases    ] GC(146)   Evacuate Collection Set: 47.4ms
[2020-11-06T12:56:34.263+0800][gc,phases    ] GC(146)   Post Evacuate Collection Set: 6.6ms
[2020-11-06T12:56:34.263+0800][gc,phases    ] GC(146)   Other: 4.9ms
[2020-11-06T12:56:34.263+0800][gc,heap      ] GC(146) Eden regions: 45->0(45)
[2020-11-06T12:56:34.263+0800][gc,heap      ] GC(146) Survivor regions: 6->6(7)
[2020-11-06T12:56:34.263+0800][gc,heap      ] GC(146) Old regions: 76->77
[2020-11-06T12:56:34.263+0800][gc,heap      ] GC(146) Archive regions: 2->2
[2020-11-06T12:56:34.263+0800][gc,heap      ] GC(146) Humongous regions: 130->130
[2020-11-06T12:56:34.263+0800][gc,metaspace ] GC(146) Metaspace: 28329K->28329K(1075200K)
[2020-11-06T12:56:34.263+0800][gc           ] GC(146) Pause Young (Normal) (G1 Evacuation Pause) 256M->213M(1024M) 59.254ms
[2020-11-06T12:56:34.263+0800][gc,cpu       ] GC(146) User=0.04s Sys=0.10s Real=0.06s
[2020-11-06T12:57:36.944+0800][gc,start     ] GC(147) Pause Young (Normal) (G1 Evacuation Pause)
[2020-11-06T12:57:36.945+0800][gc,task      ] GC(147) Using 8 workers of 8 for evacuation
[2020-11-06T12:57:36.969+0800][gc,mmu       ] GC(147) MMU target violated: 21.0ms (20.0ms/21.0ms)
[2020-11-06T12:57:36.970+0800][gc,phases    ] GC(147)   Pre Evacuate Collection Set: 0.0ms
[2020-11-06T12:57:36.970+0800][gc,phases    ] GC(147)   Evacuate Collection Set: 24.4ms
[2020-11-06T12:57:36.970+0800][gc,phases    ] GC(147)   Post Evacuate Collection Set: 0.3ms
[2020-11-06T12:57:36.970+0800][gc,phases    ] GC(147)   Other: 0.7ms
[2020-11-06T12:57:36.970+0800][gc,heap      ] GC(147) Eden regions: 45->0(47)
[2020-11-06T12:57:36.970+0800][gc,heap      ] GC(147) Survivor regions: 6->4(7)
[2020-11-06T12:57:36.970+0800][gc,heap      ] GC(147) Old regions: 77->81
[2020-11-06T12:57:36.970+0800][gc,heap      ] GC(147) Archive regions: 2->2
[2020-11-06T12:57:36.970+0800][gc,heap      ] GC(147) Humongous regions: 130->130
[2020-11-06T12:57:36.970+0800][gc,metaspace ] GC(147) Metaspace: 28329K->28329K(1075200K)
[2020-11-06T12:57:36.970+0800][gc           ] GC(147) Pause Young (Normal) (G1 Evacuation Pause) 258M->214M(1024M) 25.494ms
[2020-11-06T12:57:36.970+0800][gc,cpu       ] GC(147) User=0.03s Sys=0.04s Real=0.03s
[2020-11-06T12:58:41.506+0800][gc,start     ] GC(148) Pause Young (Normal) (G1 Evacuation Pause)
[2020-11-06T12:58:41.507+0800][gc,task      ] GC(148) Using 8 workers of 8 for evacuation
[2020-11-06T12:58:41.528+0800][gc,mmu       ] GC(148) MMU target violated: 21.0ms (20.0ms/21.0ms)
[2020-11-06T12:58:41.528+0800][gc,phases    ] GC(148)   Pre Evacuate Collection Set: 0.1ms
[2020-11-06T12:58:41.528+0800][gc,phases    ] GC(148)   Evacuate Collection Set: 17.4ms
[2020-11-06T12:58:41.528+0800][gc,phases    ] GC(148)   Post Evacuate Collection Set: 1.5ms
[2020-11-06T12:58:41.528+0800][gc,phases    ] GC(148)   Other: 3.0ms
[2020-11-06T12:58:41.528+0800][gc,heap      ] GC(148) Eden regions: 47->0(46)
[2020-11-06T12:58:41.528+0800][gc,heap      ] GC(148) Survivor regions: 4->5(7)
[2020-11-06T12:58:41.528+0800][gc,heap      ] GC(148) Old regions: 81->81
[2020-11-06T12:58:41.528+0800][gc,heap      ] GC(148) Archive regions: 2->2
[2020-11-06T12:58:41.528+0800][gc,heap      ] GC(148) Humongous regions: 130->130
[2020-11-06T12:58:41.528+0800][gc,metaspace ] GC(148) Metaspace: 28329K->28329K(1075200K)
[2020-11-06T12:58:41.528+0800][gc           ] GC(148) Pause Young (Normal) (G1 Evacuation Pause) 261M->215M(1024M) 22.101ms
[2020-11-06T12:58:41.529+0800][gc,cpu       ] GC(148) User=0.04s Sys=0.05s Real=0.02s
[2020-11-06T12:59:44.255+0800][gc,start     ] GC(149) Pause Young (Normal) (G1 Evacuation Pause)
[2020-11-06T12:59:44.256+0800][gc,task      ] GC(149) Using 8 workers of 8 for evacuation
[2020-11-06T12:59:44.277+0800][gc,mmu       ] GC(149) MMU target violated: 20.9ms (20.0ms/21.0ms)
[2020-11-06T12:59:44.277+0800][gc,phases    ] GC(149)   Pre Evacuate Collection Set: 0.1ms
[2020-11-06T12:59:44.277+0800][gc,phases    ] GC(149)   Evacuate Collection Set: 19.7ms
[2020-11-06T12:59:44.277+0800][gc,phases    ] GC(149)   Post Evacuate Collection Set: 0.3ms
[2020-11-06T12:59:44.277+0800][gc,phases    ] GC(149)   Other: 2.2ms
[2020-11-06T12:59:44.277+0800][gc,heap      ] GC(149) Eden regions: 46->0(44)
[2020-11-06T12:59:44.277+0800][gc,heap      ] GC(149) Survivor regions: 5->7(7)
[2020-11-06T12:59:44.277+0800][gc,heap      ] GC(149) Old regions: 81->82
[2020-11-06T12:59:44.277+0800][gc,heap      ] GC(149) Archive regions: 2->2
[2020-11-06T12:59:44.277+0800][gc,heap      ] GC(149) Humongous regions: 130->130
[2020-11-06T12:59:44.277+0800][gc,metaspace ] GC(149) Metaspace: 28329K->28329K(1075200K)
[2020-11-06T12:59:44.277+0800][gc           ] GC(149) Pause Young (Normal) (G1 Evacuation Pause) 261M->218M(1024M) 22.344ms
[2020-11-06T12:59:44.277+0800][gc,cpu       ] GC(149) User=0.06s Sys=0.05s Real=0.02s
[2020-11-06T13:00:45.482+0800][gc,start     ] GC(150) Pause Young (Normal) (G1 Evacuation Pause)
[2020-11-06T13:00:45.482+0800][gc,task      ] GC(150) Using 8 workers of 8 for evacuation
[2020-11-06T13:00:45.502+0800][gc,phases    ] GC(150)   Pre Evacuate Collection Set: 0.1ms
[2020-11-06T13:00:45.502+0800][gc,phases    ] GC(150)   Evacuate Collection Set: 18.9ms
[2020-11-06T13:00:45.502+0800][gc,phases    ] GC(150)   Post Evacuate Collection Set: 0.3ms
[2020-11-06T13:00:45.502+0800][gc,phases    ] GC(150)   Other: 0.8ms
[2020-11-06T13:00:45.502+0800][gc,heap      ] GC(150) Eden regions: 44->0(47)
[2020-11-06T13:00:45.502+0800][gc,heap      ] GC(150) Survivor regions: 7->4(7)
[2020-11-06T13:00:45.502+0800][gc,heap      ] GC(150) Old regions: 82->85
[2020-11-06T13:00:45.502+0800][gc,heap      ] GC(150) Archive regions: 2->2
[2020-11-06T13:00:45.502+0800][gc,heap      ] GC(150) Humongous regions: 130->130
[2020-11-06T13:00:45.502+0800][gc,metaspace ] GC(150) Metaspace: 28329K->28329K(1075200K)
[2020-11-06T13:00:45.502+0800][gc           ] GC(150) Pause Young (Normal) (G1 Evacuation Pause) 262M->219M(1024M) 20.186ms
[2020-11-06T13:00:45.502+0800][gc,cpu       ] GC(150) User=0.04s Sys=0.04s Real=0.02s
[2020-11-06T13:01:50.907+0800][gc,start     ] GC(151) Pause Young (Normal) (G1 Evacuation Pause)
[2020-11-06T13:01:50.908+0800][gc,task      ] GC(151) Using 8 workers of 8 for evacuation
[2020-11-06T13:01:50.929+0800][gc,mmu       ] GC(151) MMU target violated: 21.0ms (20.0ms/21.0ms)
[2020-11-06T13:01:50.929+0800][gc,phases    ] GC(151)   Pre Evacuate Collection Set: 0.1ms
[2020-11-06T13:01:50.929+0800][gc,phases    ] GC(151)   Evacuate Collection Set: 20.2ms
[2020-11-06T13:01:50.930+0800][gc,phases    ] GC(151)   Post Evacuate Collection Set: 0.3ms
[2020-11-06T13:01:50.930+0800][gc,phases    ] GC(151)   Other: 2.0ms
[2020-11-06T13:01:50.930+0800][gc,heap      ] GC(151) Eden regions: 47->0(47)
[2020-11-06T13:01:50.930+0800][gc,heap      ] GC(151) Survivor regions: 4->4(7)
[2020-11-06T13:01:50.930+0800][gc,heap      ] GC(151) Old regions: 85->87
[2020-11-06T13:01:50.930+0800][gc,heap      ] GC(151) Archive regions: 2->2
[2020-11-06T13:01:50.930+0800][gc,heap      ] GC(151) Humongous regions: 130->130
[2020-11-06T13:01:50.930+0800][gc,metaspace ] GC(151) Metaspace: 28353K->28353K(1075200K)
[2020-11-06T13:01:50.930+0800][gc           ] GC(151) Pause Young (Normal) (G1 Evacuation Pause) 266M->220M(1024M) 22.649ms
[2020-11-06T13:01:50.930+0800][gc,cpu       ] GC(151) User=0.04s Sys=0.05s Real=0.03s
[2020-11-06T13:02:56.336+0800][gc,start     ] GC(152) Pause Young (Normal) (G1 Evacuation Pause)
[2020-11-06T13:02:56.336+0800][gc,task      ] GC(152) Using 8 workers of 8 for evacuation
[2020-11-06T13:02:56.344+0800][gc,phases    ] GC(152)   Pre Evacuate Collection Set: 0.1ms
[2020-11-06T13:02:56.344+0800][gc,phases    ] GC(152)   Evacuate Collection Set: 7.8ms
[2020-11-06T13:02:56.344+0800][gc,phases    ] GC(152)   Post Evacuate Collection Set: 0.4ms
[2020-11-06T13:02:56.344+0800][gc,phases    ] GC(152)   Other: 0.5ms
[2020-11-06T13:02:56.344+0800][gc,heap      ] GC(152) Eden regions: 47->0(46)
[2020-11-06T13:02:56.345+0800][gc,heap      ] GC(152) Survivor regions: 4->5(7)
[2020-11-06T13:02:56.345+0800][gc,heap      ] GC(152) Old regions: 87->87
[2020-11-06T13:02:56.345+0800][gc,heap      ] GC(152) Archive regions: 2->2
[2020-11-06T13:02:56.345+0800][gc,heap      ] GC(152) Humongous regions: 130->130
[2020-11-06T13:02:56.345+0800][gc,metaspace ] GC(152) Metaspace: 28353K->28353K(1075200K)
[2020-11-06T13:02:56.345+0800][gc           ] GC(152) Pause Young (Normal) (G1 Evacuation Pause) 267M->222M(1024M) 9.035ms
[2020-11-06T13:02:56.345+0800][gc,cpu       ] GC(152) User=0.06s Sys=0.00s Real=0.01s
[2020-11-06T13:04:00.116+0800][gc,start     ] GC(153) Pause Young (Normal) (G1 Evacuation Pause)
[2020-11-06T13:04:00.116+0800][gc,task      ] GC(153) Using 8 workers of 8 for evacuation
[2020-11-06T13:04:00.131+0800][gc,phases    ] GC(153)   Pre Evacuate Collection Set: 0.0ms
[2020-11-06T13:04:00.131+0800][gc,phases    ] GC(153)   Evacuate Collection Set: 13.4ms
[2020-11-06T13:04:00.131+0800][gc,phases    ] GC(153)   Post Evacuate Collection Set: 0.3ms
[2020-11-06T13:04:00.131+0800][gc,phases    ] GC(153)   Other: 1.0ms
[2020-11-06T13:04:00.131+0800][gc,heap      ] GC(153) Eden regions: 46->0(46)
[2020-11-06T13:04:00.131+0800][gc,heap      ] GC(153) Survivor regions: 5->7(7)
[2020-11-06T13:04:00.131+0800][gc,heap      ] GC(153) Old regions: 87->88
[2020-11-06T13:04:00.131+0800][gc,heap      ] GC(153) Archive regions: 2->2
[2020-11-06T13:04:00.131+0800][gc,heap      ] GC(153) Humongous regions: 130->130
[2020-11-06T13:04:00.131+0800][gc,metaspace ] GC(153) Metaspace: 28353K->28353K(1075200K)
[2020-11-06T13:04:00.131+0800][gc           ] GC(153) Pause Young (Normal) (G1 Evacuation Pause) 268M->224M(1024M) 14.829ms
[2020-11-06T13:04:00.131+0800][gc,cpu       ] GC(153) User=0.04s Sys=0.02s Real=0.02s
[2020-11-06T13:05:03.767+0800][gc,start     ] GC(154) Pause Young (Normal) (G1 Evacuation Pause)
[2020-11-06T13:05:03.768+0800][gc,task      ] GC(154) Using 8 workers of 8 for evacuation
[2020-11-06T13:05:03.786+0800][gc,phases    ] GC(154)   Pre Evacuate Collection Set: 0.0ms
[2020-11-06T13:05:03.787+0800][gc,phases    ] GC(154)   Evacuate Collection Set: 17.0ms
[2020-11-06T13:05:03.787+0800][gc,phases    ] GC(154)   Post Evacuate Collection Set: 0.3ms
[2020-11-06T13:05:03.787+0800][gc,phases    ] GC(154)   Other: 2.1ms
[2020-11-06T13:05:03.787+0800][gc,heap      ] GC(154) Eden regions: 46->0(48)
[2020-11-06T13:05:03.787+0800][gc,heap      ] GC(154) Survivor regions: 7->5(7)
[2020-11-06T13:05:03.787+0800][gc,heap      ] GC(154) Old regions: 88->92
[2020-11-06T13:05:03.787+0800][gc,heap      ] GC(154) Archive regions: 2->2
[2020-11-06T13:05:03.787+0800][gc,heap      ] GC(154) Humongous regions: 130->130
[2020-11-06T13:05:03.787+0800][gc,metaspace ] GC(154) Metaspace: 28353K->28353K(1075200K)
[2020-11-06T13:05:03.787+0800][gc           ] GC(154) Pause Young (Normal) (G1 Evacuation Pause) 270M->226M(1024M) 19.659ms
[2020-11-06T13:05:03.787+0800][gc,cpu       ] GC(154) User=0.05s Sys=0.03s Real=0.02s
[2020-11-06T13:06:10.482+0800][gc,start     ] GC(155) Pause Young (Normal) (G1 Evacuation Pause)
[2020-11-06T13:06:10.483+0800][gc,task      ] GC(155) Using 8 workers of 8 for evacuation
[2020-11-06T13:06:10.502+0800][gc,phases    ] GC(155)   Pre Evacuate Collection Set: 0.1ms
[2020-11-06T13:06:10.502+0800][gc,phases    ] GC(155)   Evacuate Collection Set: 17.9ms
[2020-11-06T13:06:10.502+0800][gc,phases    ] GC(155)   Post Evacuate Collection Set: 0.4ms
[2020-11-06T13:06:10.502+0800][gc,phases    ] GC(155)   Other: 1.5ms
[2020-11-06T13:06:10.502+0800][gc,heap      ] GC(155) Eden regions: 48->0(48)
[2020-11-06T13:06:10.502+0800][gc,heap      ] GC(155) Survivor regions: 5->5(7)
[2020-11-06T13:06:10.502+0800][gc,heap      ] GC(155) Old regions: 92->93
[2020-11-06T13:06:10.502+0800][gc,heap      ] GC(155) Archive regions: 2->2
[2020-11-06T13:06:10.502+0800][gc,heap      ] GC(155) Humongous regions: 130->130
[2020-11-06T13:06:10.502+0800][gc,metaspace ] GC(155) Metaspace: 28354K->28354K(1075200K)
[2020-11-06T13:06:10.502+0800][gc           ] GC(155) Pause Young (Normal) (G1 Evacuation Pause) 274M->227M(1024M) 20.049ms
[2020-11-06T13:06:10.502+0800][gc,cpu       ] GC(155) User=0.05s Sys=0.05s Real=0.02s
[2020-11-06T13:07:17.016+0800][gc,start     ] GC(156) Pause Young (Normal) (G1 Evacuation Pause)
[2020-11-06T13:07:17.017+0800][gc,task      ] GC(156) Using 8 workers of 8 for evacuation
[2020-11-06T13:07:17.048+0800][gc,mmu       ] GC(156) MMU target violated: 21.0ms (20.0ms/21.0ms)
[2020-11-06T13:07:17.048+0800][gc,phases    ] GC(156)   Pre Evacuate Collection Set: 0.2ms
[2020-11-06T13:07:17.048+0800][gc,phases    ] GC(156)   Evacuate Collection Set: 25.4ms
[2020-11-06T13:07:17.048+0800][gc,phases    ] GC(156)   Post Evacuate Collection Set: 1.3ms
[2020-11-06T13:07:17.048+0800][gc,phases    ] GC(156)   Other: 5.5ms
[2020-11-06T13:07:17.048+0800][gc,heap      ] GC(156) Eden regions: 48->0(47)
[2020-11-06T13:07:17.048+0800][gc,heap      ] GC(156) Survivor regions: 5->4(7)
[2020-11-06T13:07:17.048+0800][gc,heap      ] GC(156) Old regions: 93->95
[2020-11-06T13:07:17.048+0800][gc,heap      ] GC(156) Archive regions: 2->2
[2020-11-06T13:07:17.048+0800][gc,heap      ] GC(156) Humongous regions: 130->130
[2020-11-06T13:07:17.048+0800][gc,metaspace ] GC(156) Metaspace: 28354K->28354K(1075200K)
[2020-11-06T13:07:17.048+0800][gc           ] GC(156) Pause Young (Normal) (G1 Evacuation Pause) 275M->229M(1024M) 32.301ms
[2020-11-06T13:07:17.048+0800][gc,cpu       ] GC(156) User=0.05s Sys=0.10s Real=0.03s
[2020-11-06T13:08:22.557+0800][gc,start     ] GC(157) Pause Young (Normal) (G1 Evacuation Pause)
[2020-11-06T13:08:22.557+0800][gc,task      ] GC(157) Using 8 workers of 8 for evacuation
[2020-11-06T13:08:22.573+0800][gc,phases    ] GC(157)   Pre Evacuate Collection Set: 0.0ms
[2020-11-06T13:08:22.573+0800][gc,phases    ] GC(157)   Evacuate Collection Set: 14.2ms
[2020-11-06T13:08:22.573+0800][gc,phases    ] GC(157)   Post Evacuate Collection Set: 0.6ms
[2020-11-06T13:08:22.573+0800][gc,phases    ] GC(157)   Other: 1.7ms
[2020-11-06T13:08:22.573+0800][gc,heap      ] GC(157) Eden regions: 47->0(47)
[2020-11-06T13:08:22.573+0800][gc,heap      ] GC(157) Survivor regions: 4->4(7)
[2020-11-06T13:08:22.573+0800][gc,heap      ] GC(157) Old regions: 95->97
[2020-11-06T13:08:22.573+0800][gc,heap      ] GC(157) Archive regions: 2->2
[2020-11-06T13:08:22.573+0800][gc,heap      ] GC(157) Humongous regions: 130->130
[2020-11-06T13:08:22.573+0800][gc,metaspace ] GC(157) Metaspace: 28354K->28354K(1075200K)
[2020-11-06T13:08:22.573+0800][gc           ] GC(157) Pause Young (Normal) (G1 Evacuation Pause) 276M->230M(1024M) 16.661ms
[2020-11-06T13:08:22.573+0800][gc,cpu       ] GC(157) User=0.03s Sys=0.02s Real=0.02s
[2020-11-06T13:09:27.421+0800][gc,start     ] GC(158) Pause Young (Normal) (G1 Evacuation Pause)
[2020-11-06T13:09:27.422+0800][gc,task      ] GC(158) Using 8 workers of 8 for evacuation
[2020-11-06T13:09:27.452+0800][gc,mmu       ] GC(158) MMU target violated: 21.0ms (20.0ms/21.0ms)
[2020-11-06T13:09:27.452+0800][gc,phases    ] GC(158)   Pre Evacuate Collection Set: 0.1ms
[2020-11-06T13:09:27.452+0800][gc,phases    ] GC(158)   Evacuate Collection Set: 23.9ms
[2020-11-06T13:09:27.452+0800][gc,phases    ] GC(158)   Post Evacuate Collection Set: 1.6ms
[2020-11-06T13:09:27.452+0800][gc,phases    ] GC(158)   Other: 5.7ms
[2020-11-06T13:09:27.452+0800][gc,heap      ] GC(158) Eden regions: 47->0(45)
[2020-11-06T13:09:27.452+0800][gc,heap      ] GC(158) Survivor regions: 4->6(7)
[2020-11-06T13:09:27.452+0800][gc,heap      ] GC(158) Old regions: 97->97
[2020-11-06T13:09:27.452+0800][gc,heap      ] GC(158) Archive regions: 2->2
[2020-11-06T13:09:27.452+0800][gc,heap      ] GC(158) Humongous regions: 130->130
[2020-11-06T13:09:27.452+0800][gc,metaspace ] GC(158) Metaspace: 28354K->28354K(1075200K)
[2020-11-06T13:09:27.452+0800][gc           ] GC(158) Pause Young (Normal) (G1 Evacuation Pause) 277M->232M(1024M) 31.321ms
[2020-11-06T13:09:27.452+0800][gc,cpu       ] GC(158) User=0.04s Sys=0.08s Real=0.03s
[2020-11-06T13:10:30.096+0800][gc,start     ] GC(159) Pause Young (Normal) (G1 Evacuation Pause)
[2020-11-06T13:10:30.097+0800][gc,task      ] GC(159) Using 8 workers of 8 for evacuation
[2020-11-06T13:10:30.113+0800][gc,phases    ] GC(159)   Pre Evacuate Collection Set: 0.0ms
[2020-11-06T13:10:30.113+0800][gc,phases    ] GC(159)   Evacuate Collection Set: 15.6ms
[2020-11-06T13:10:30.113+0800][gc,phases    ] GC(159)   Post Evacuate Collection Set: 0.3ms
[2020-11-06T13:10:30.113+0800][gc,phases    ] GC(159)   Other: 1.1ms
[2020-11-06T13:10:30.113+0800][gc,heap      ] GC(159) Eden regions: 45->0(45)
[2020-11-06T13:10:30.113+0800][gc,heap      ] GC(159) Survivor regions: 6->6(7)
[2020-11-06T13:10:30.113+0800][gc,heap      ] GC(159) Old regions: 97->98
[2020-11-06T13:10:30.113+0800][gc,heap      ] GC(159) Archive regions: 2->2
[2020-11-06T13:10:30.113+0800][gc,heap      ] GC(159) Humongous regions: 130->130
[2020-11-06T13:10:30.113+0800][gc,metaspace ] GC(159) Metaspace: 28354K->28354K(1075200K)
[2020-11-06T13:10:30.113+0800][gc           ] GC(159) Pause Young (Normal) (G1 Evacuation Pause) 277M->234M(1024M) 17.166ms
[2020-11-06T13:10:30.113+0800][gc,cpu       ] GC(159) User=0.04s Sys=0.03s Real=0.02s
[2020-11-06T13:11:32.771+0800][gc,start     ] GC(160) Pause Young (Normal) (G1 Evacuation Pause)
[2020-11-06T13:11:32.772+0800][gc,task      ] GC(160) Using 8 workers of 8 for evacuation
[2020-11-06T13:11:32.791+0800][gc,phases    ] GC(160)   Pre Evacuate Collection Set: 0.1ms
[2020-11-06T13:11:32.791+0800][gc,phases    ] GC(160)   Evacuate Collection Set: 18.7ms
[2020-11-06T13:11:32.791+0800][gc,phases    ] GC(160)   Post Evacuate Collection Set: 0.3ms
[2020-11-06T13:11:32.791+0800][gc,phases    ] GC(160)   Other: 1.4ms
[2020-11-06T13:11:32.791+0800][gc,heap      ] GC(160) Eden regions: 45->0(47)
[2020-11-06T13:11:32.791+0800][gc,heap      ] GC(160) Survivor regions: 6->4(7)
[2020-11-06T13:11:32.791+0800][gc,heap      ] GC(160) Old regions: 98->102
[2020-11-06T13:11:32.791+0800][gc,heap      ] GC(160) Archive regions: 2->2
[2020-11-06T13:11:32.791+0800][gc,heap      ] GC(160) Humongous regions: 130->130
[2020-11-06T13:11:32.791+0800][gc,metaspace ] GC(160) Metaspace: 28354K->28354K(1075200K)
[2020-11-06T13:11:32.791+0800][gc           ] GC(160) Pause Young (Normal) (G1 Evacuation Pause) 279M->235M(1024M) 20.587ms
[2020-11-06T13:11:32.791+0800][gc,cpu       ] GC(160) User=0.05s Sys=0.04s Real=0.02s
[2020-11-06T13:12:38.567+0800][gc,start     ] GC(161) Pause Young (Normal) (G1 Evacuation Pause)
[2020-11-06T13:12:38.568+0800][gc,task      ] GC(161) Using 8 workers of 8 for evacuation
[2020-11-06T13:12:38.577+0800][gc,phases    ] GC(161)   Pre Evacuate Collection Set: 0.1ms
[2020-11-06T13:12:38.578+0800][gc,phases    ] GC(161)   Evacuate Collection Set: 8.3ms
[2020-11-06T13:12:38.578+0800][gc,phases    ] GC(161)   Post Evacuate Collection Set: 0.4ms
[2020-11-06T13:12:38.578+0800][gc,phases    ] GC(161)   Other: 1.8ms
[2020-11-06T13:12:38.578+0800][gc,heap      ] GC(161) Eden regions: 47->0(48)
[2020-11-06T13:12:38.578+0800][gc,heap      ] GC(161) Survivor regions: 4->6(7)
[2020-11-06T13:12:38.578+0800][gc,heap      ] GC(161) Old regions: 102->102
[2020-11-06T13:12:38.578+0800][gc,heap      ] GC(161) Archive regions: 2->2
[2020-11-06T13:12:38.578+0800][gc,heap      ] GC(161) Humongous regions: 130->130
[2020-11-06T13:12:38.578+0800][gc,metaspace ] GC(161) Metaspace: 28354K->28354K(1075200K)
[2020-11-06T13:12:38.578+0800][gc           ] GC(161) Pause Young (Normal) (G1 Evacuation Pause) 282M->236M(1024M) 10.853ms
[2020-11-06T13:12:38.578+0800][gc,cpu       ] GC(161) User=0.06s Sys=0.01s Real=0.01s
[2020-11-06T13:13:45.708+0800][gc,start     ] GC(162) Pause Young (Normal) (G1 Evacuation Pause)
[2020-11-06T13:13:45.709+0800][gc,task      ] GC(162) Using 8 workers of 8 for evacuation
[2020-11-06T13:13:45.722+0800][gc,phases    ] GC(162)   Pre Evacuate Collection Set: 0.0ms
[2020-11-06T13:13:45.722+0800][gc,phases    ] GC(162)   Evacuate Collection Set: 12.2ms
[2020-11-06T13:13:45.722+0800][gc,phases    ] GC(162)   Post Evacuate Collection Set: 0.3ms
[2020-11-06T13:13:45.722+0800][gc,phases    ] GC(162)   Other: 1.4ms
[2020-11-06T13:13:45.722+0800][gc,heap      ] GC(162) Eden regions: 48->0(51)
[2020-11-06T13:13:45.722+0800][gc,heap      ] GC(162) Survivor regions: 6->6(7)
[2020-11-06T13:13:45.722+0800][gc,heap      ] GC(162) Old regions: 102->103
[2020-11-06T13:13:45.722+0800][gc,heap      ] GC(162) Archive regions: 2->2
[2020-11-06T13:13:45.722+0800][gc,heap      ] GC(162) Humongous regions: 130->130
[2020-11-06T13:13:45.722+0800][gc,metaspace ] GC(162) Metaspace: 28354K->28354K(1075200K)
[2020-11-06T13:13:45.722+0800][gc           ] GC(162) Pause Young (Normal) (G1 Evacuation Pause) 284M->238M(1024M) 14.115ms
[2020-11-06T13:13:45.722+0800][gc,cpu       ] GC(162) User=0.05s Sys=0.03s Real=0.02s
[2020-11-06T13:14:56.366+0800][gc,start     ] GC(163) Pause Young (Normal) (G1 Evacuation Pause)
[2020-11-06T13:14:56.367+0800][gc,task      ] GC(163) Using 8 workers of 8 for evacuation
[2020-11-06T13:14:56.389+0800][gc,mmu       ] GC(163) MMU target violated: 21.0ms (20.0ms/21.0ms)
[2020-11-06T13:14:56.389+0800][gc,phases    ] GC(163)   Pre Evacuate Collection Set: 0.1ms
[2020-11-06T13:14:56.389+0800][gc,phases    ] GC(163)   Evacuate Collection Set: 20.7ms
[2020-11-06T13:14:56.389+0800][gc,phases    ] GC(163)   Post Evacuate Collection Set: 0.3ms
[2020-11-06T13:14:56.389+0800][gc,phases    ] GC(163)   Other: 1.9ms
