[2020-11-05T22:10:44.669+0800][gc,heap] Heap region size: 1M
[2020-11-05T22:10:44.678+0800][gc     ] Using G1
[2020-11-05T22:10:44.678+0800][gc,heap,coops] Heap address: 0x00000007c0000000, size: 1024 MB, Compressed Oops mode: Zero based, Oop shift amount: 3
[2020-11-05T22:10:44.678+0800][gc,cds       ] Mark closed archive regions in map: [0x00000007fff00000, 0x00000007fff76ff8]
[2020-11-05T22:10:44.678+0800][gc,cds       ] Mark open archive regions in map: [0x00000007ffe00000, 0x00000007ffe46ff8]
[2020-11-05T22:10:44.694+0800][gc           ] Periodic GC disabled
[2020-11-05T22:10:45.931+0800][gc,start     ] GC(0) Pause Young (Normal) (G1 Evacuation Pause)
[2020-11-05T22:10:45.932+0800][gc,task      ] GC(0) Using 8 workers of 8 for evacuation
[2020-11-05T22:10:45.943+0800][gc,phases    ] GC(0)   Pre Evacuate Collection Set: 0.0ms
[2020-11-05T22:10:45.943+0800][gc,phases    ] GC(0)   Evacuate Collection Set: 10.2ms
[2020-11-05T22:10:45.943+0800][gc,phases    ] GC(0)   Post Evacuate Collection Set: 0.7ms
[2020-11-05T22:10:45.943+0800][gc,phases    ] GC(0)   Other: 0.6ms
[2020-11-05T22:10:45.943+0800][gc,heap      ] GC(0) Eden regions: 51->0(45)
[2020-11-05T22:10:45.943+0800][gc,heap      ] GC(0) Survivor regions: 0->6(7)
[2020-11-05T22:10:45.943+0800][gc,heap      ] GC(0) Old regions: 0->0
[2020-11-05T22:10:45.943+0800][gc,heap      ] GC(0) Archive regions: 2->2
[2020-11-05T22:10:45.943+0800][gc,heap      ] GC(0) Humongous regions: 1->1
[2020-11-05T22:10:45.943+0800][gc,metaspace ] GC(0) Metaspace: 16298K->16298K(1064960K)
[2020-11-05T22:10:45.943+0800][gc           ] GC(0) Pause Young (Normal) (G1 Evacuation Pause) 52M->7M(1024M) 11.657ms
[2020-11-05T22:10:45.943+0800][gc,cpu       ] GC(0) User=0.03s Sys=0.01s Real=0.01s
[2020-11-05T22:10:46.525+0800][gc,start     ] GC(1) Pause Young (Concurrent Start) (Metadata GC Threshold)
[2020-11-05T22:10:46.525+0800][gc,task      ] GC(1) Using 8 workers of 8 for evacuation
[2020-11-05T22:10:46.534+0800][gc,phases    ] GC(1)   Pre Evacuate Collection Set: 0.0ms
[2020-11-05T22:10:46.534+0800][gc,phases    ] GC(1)   Evacuate Collection Set: 8.1ms
[2020-11-05T22:10:46.534+0800][gc,phases    ] GC(1)   Post Evacuate Collection Set: 0.7ms
[2020-11-05T22:10:46.534+0800][gc,phases    ] GC(1)   Other: 0.3ms
[2020-11-05T22:10:46.534+0800][gc,heap      ] GC(1) Eden regions: 30->0(48)
[2020-11-05T22:10:46.534+0800][gc,heap      ] GC(1) Survivor regions: 6->3(7)
[2020-11-05T22:10:46.534+0800][gc,heap      ] GC(1) Old regions: 0->6
[2020-11-05T22:10:46.534+0800][gc,heap      ] GC(1) Archive regions: 2->2
[2020-11-05T22:10:46.534+0800][gc,heap      ] GC(1) Humongous regions: 130->130
[2020-11-05T22:10:46.534+0800][gc,metaspace ] GC(1) Metaspace: 20669K->20669K(1067008K)
[2020-11-05T22:10:46.534+0800][gc           ] GC(1) Pause Young (Concurrent Start) (Metadata GC Threshold) 166M->138M(1024M) 9.258ms
[2020-11-05T22:10:46.534+0800][gc,cpu       ] GC(1) User=0.03s Sys=0.00s Real=0.01s
[2020-11-05T22:10:46.534+0800][gc           ] GC(2) Concurrent Cycle
[2020-11-05T22:10:46.534+0800][gc,marking   ] GC(2) Concurrent Clear Claimed Marks
[2020-11-05T22:10:46.534+0800][gc,marking   ] GC(2) Concurrent Clear Claimed Marks 0.025ms
[2020-11-05T22:10:46.534+0800][gc,marking   ] GC(2) Concurrent Scan Root Regions
[2020-11-05T22:10:46.537+0800][gc,marking   ] GC(2) Concurrent Scan Root Regions 2.885ms
[2020-11-05T22:10:46.537+0800][gc,marking   ] GC(2) Concurrent Mark (1.907s)
[2020-11-05T22:10:46.537+0800][gc,marking   ] GC(2) Concurrent Mark From Roots
[2020-11-05T22:10:46.537+0800][gc,task      ] GC(2) Using 2 workers of 2 for marking
[2020-11-05T22:10:46.538+0800][gc,marking   ] GC(2) Concurrent Mark From Roots 1.071ms
[2020-11-05T22:10:46.538+0800][gc,marking   ] GC(2) Concurrent Preclean
[2020-11-05T22:10:46.538+0800][gc,marking   ] GC(2) Concurrent Preclean 0.025ms
[2020-11-05T22:10:46.538+0800][gc,marking   ] GC(2) Concurrent Mark (1.907s, 1.908s) 1.152ms
[2020-11-05T22:10:46.539+0800][gc,start     ] GC(2) Pause Remark
[2020-11-05T22:10:46.539+0800][gc           ] GC(2) Pause Remark 139M->139M(1024M) 0.884ms
[2020-11-05T22:10:46.539+0800][gc,cpu       ] GC(2) User=0.00s Sys=0.00s Real=0.00s
[2020-11-05T22:10:46.540+0800][gc,marking   ] GC(2) Concurrent Rebuild Remembered Sets
[2020-11-05T22:10:46.541+0800][gc,marking   ] GC(2) Concurrent Rebuild Remembered Sets 1.775ms
[2020-11-05T22:10:46.542+0800][gc,start     ] GC(2) Pause Cleanup
[2020-11-05T22:10:46.542+0800][gc           ] GC(2) Pause Cleanup 139M->139M(1024M) 0.144ms
[2020-11-05T22:10:46.542+0800][gc,cpu       ] GC(2) User=0.00s Sys=0.00s Real=0.00s
[2020-11-05T22:10:46.542+0800][gc,marking   ] GC(2) Concurrent Cleanup for Next Mark
[2020-11-05T22:10:46.549+0800][gc,marking   ] GC(2) Concurrent Cleanup for Next Mark 6.766ms
[2020-11-05T22:10:46.549+0800][gc           ] GC(2) Concurrent Cycle 14.290ms
[2020-11-05T22:14:04.185+0800][gc,start     ] GC(3) Pause Young (Normal) (G1 Evacuation Pause)
[2020-11-05T22:14:04.186+0800][gc,task      ] GC(3) Using 8 workers of 8 for evacuation
[2020-11-05T22:14:04.210+0800][gc,mmu       ] GC(3) MMU target violated: 21.0ms (20.0ms/21.0ms)
[2020-11-05T22:14:04.210+0800][gc,phases    ] GC(3)   Pre Evacuate Collection Set: 0.1ms
[2020-11-05T22:14:04.210+0800][gc,phases    ] GC(3)   Evacuate Collection Set: 21.2ms
[2020-11-05T22:14:04.210+0800][gc,phases    ] GC(3)   Post Evacuate Collection Set: 1.2ms
[2020-11-05T22:14:04.210+0800][gc,phases    ] GC(3)   Other: 2.2ms
[2020-11-05T22:14:04.210+0800][gc,heap      ] GC(3) Eden regions: 48->0(45)
[2020-11-05T22:14:04.210+0800][gc,heap      ] GC(3) Survivor regions: 3->6(7)
[2020-11-05T22:14:04.210+0800][gc,heap      ] GC(3) Old regions: 6->6
[2020-11-05T22:14:04.210+0800][gc,heap      ] GC(3) Archive regions: 2->2
[2020-11-05T22:14:04.210+0800][gc,heap      ] GC(3) Humongous regions: 130->130
[2020-11-05T22:14:04.210+0800][gc,metaspace ] GC(3) Metaspace: 26889K->26889K(1073152K)
[2020-11-05T22:14:04.210+0800][gc           ] GC(3) Pause Young (Normal) (G1 Evacuation Pause) 186M->141M(1024M) 24.792ms
[2020-11-05T22:14:04.210+0800][gc,cpu       ] GC(3) User=0.03s Sys=0.04s Real=0.03s
[2020-11-05T22:14:45.145+0800][gc,start     ] GC(4) Pause Young (Normal) (G1 Evacuation Pause)
[2020-11-05T22:14:45.145+0800][gc,task      ] GC(4) Using 8 workers of 8 for evacuation
[2020-11-05T22:14:45.153+0800][gc,phases    ] GC(4)   Pre Evacuate Collection Set: 0.0ms
[2020-11-05T22:14:45.153+0800][gc,phases    ] GC(4)   Evacuate Collection Set: 6.9ms
[2020-11-05T22:14:45.153+0800][gc,phases    ] GC(4)   Post Evacuate Collection Set: 0.4ms
[2020-11-05T22:14:45.153+0800][gc,phases    ] GC(4)   Other: 1.1ms
[2020-11-05T22:14:45.153+0800][gc,heap      ] GC(4) Eden regions: 45->0(47)
[2020-11-05T22:14:45.153+0800][gc,heap      ] GC(4) Survivor regions: 6->4(7)
[2020-11-05T22:14:45.153+0800][gc,heap      ] GC(4) Old regions: 6->8
[2020-11-05T22:14:45.153+0800][gc,heap      ] GC(4) Archive regions: 2->2
[2020-11-05T22:14:45.153+0800][gc,heap      ] GC(4) Humongous regions: 130->130
[2020-11-05T22:14:45.153+0800][gc,metaspace ] GC(4) Metaspace: 27172K->27172K(1073152K)
[2020-11-05T22:14:45.153+0800][gc           ] GC(4) Pause Young (Normal) (G1 Evacuation Pause) 186M->141M(1024M) 8.573ms
[2020-11-05T22:14:45.153+0800][gc,cpu       ] GC(4) User=0.03s Sys=0.02s Real=0.01s
[2020-11-05T22:15:36.608+0800][gc,start     ] GC(5) Pause Young (Normal) (G1 Evacuation Pause)
[2020-11-05T22:15:36.609+0800][gc,task      ] GC(5) Using 8 workers of 8 for evacuation
[2020-11-05T22:15:36.616+0800][gc,phases    ] GC(5)   Pre Evacuate Collection Set: 0.1ms
[2020-11-05T22:15:36.616+0800][gc,phases    ] GC(5)   Evacuate Collection Set: 5.7ms
[2020-11-05T22:15:36.616+0800][gc,phases    ] GC(5)   Post Evacuate Collection Set: 0.5ms
[2020-11-05T22:15:36.616+0800][gc,phases    ] GC(5)   Other: 1.3ms
[2020-11-05T22:15:36.616+0800][gc,heap      ] GC(5) Eden regions: 47->0(47)
[2020-11-05T22:15:36.616+0800][gc,heap      ] GC(5) Survivor regions: 4->4(7)
[2020-11-05T22:15:36.616+0800][gc,heap      ] GC(5) Old regions: 8->8
[2020-11-05T22:15:36.616+0800][gc,heap      ] GC(5) Archive regions: 2->2
[2020-11-05T22:15:36.616+0800][gc,heap      ] GC(5) Humongous regions: 133->130
[2020-11-05T22:15:36.616+0800][gc,metaspace ] GC(5) Metaspace: 27198K->27198K(1073152K)
[2020-11-05T22:15:36.616+0800][gc           ] GC(5) Pause Young (Normal) (G1 Evacuation Pause) 191M->142M(1024M) 7.839ms
[2020-11-05T22:15:36.616+0800][gc,cpu       ] GC(5) User=0.04s Sys=0.00s Real=0.01s
[2020-11-05T22:16:40.252+0800][gc,start     ] GC(6) Pause Young (Normal) (G1 Evacuation Pause)
[2020-11-05T22:16:40.253+0800][gc,task      ] GC(6) Using 8 workers of 8 for evacuation
[2020-11-05T22:16:40.262+0800][gc,phases    ] GC(6)   Pre Evacuate Collection Set: 0.1ms
[2020-11-05T22:16:40.262+0800][gc,phases    ] GC(6)   Evacuate Collection Set: 8.6ms
[2020-11-05T22:16:40.262+0800][gc,phases    ] GC(6)   Post Evacuate Collection Set: 0.5ms
[2020-11-05T22:16:40.262+0800][gc,phases    ] GC(6)   Other: 1.3ms
[2020-11-05T22:16:40.262+0800][gc,heap      ] GC(6) Eden regions: 47->0(46)
[2020-11-05T22:16:40.262+0800][gc,heap      ] GC(6) Survivor regions: 4->5(7)
[2020-11-05T22:16:40.262+0800][gc,heap      ] GC(6) Old regions: 8->8
[2020-11-05T22:16:40.263+0800][gc,heap      ] GC(6) Archive regions: 2->2
[2020-11-05T22:16:40.263+0800][gc,heap      ] GC(6) Humongous regions: 130->130
[2020-11-05T22:16:40.263+0800][gc,metaspace ] GC(6) Metaspace: 27265K->27265K(1073152K)
[2020-11-05T22:16:40.263+0800][gc           ] GC(6) Pause Young (Normal) (G1 Evacuation Pause) 189M->142M(1024M) 10.697ms
[2020-11-05T22:16:40.263+0800][gc,cpu       ] GC(6) User=0.04s Sys=0.01s Real=0.01s
[2020-11-05T22:17:44.568+0800][gc,start     ] GC(7) Pause Young (Normal) (G1 Evacuation Pause)
[2020-11-05T22:17:44.569+0800][gc,task      ] GC(7) Using 8 workers of 8 for evacuation
[2020-11-05T22:17:44.588+0800][gc,phases    ] GC(7)   Pre Evacuate Collection Set: 0.1ms
[2020-11-05T22:17:44.588+0800][gc,phases    ] GC(7)   Evacuate Collection Set: 15.5ms
[2020-11-05T22:17:44.588+0800][gc,phases    ] GC(7)   Post Evacuate Collection Set: 0.5ms
[2020-11-05T22:17:44.588+0800][gc,phases    ] GC(7)   Other: 4.1ms
[2020-11-05T22:17:44.588+0800][gc,heap      ] GC(7) Eden regions: 46->0(48)
[2020-11-05T22:17:44.588+0800][gc,heap      ] GC(7) Survivor regions: 5->3(7)
[2020-11-05T22:17:44.588+0800][gc,heap      ] GC(7) Old regions: 8->9
[2020-11-05T22:17:44.588+0800][gc,heap      ] GC(7) Archive regions: 2->2
[2020-11-05T22:17:44.588+0800][gc,heap      ] GC(7) Humongous regions: 130->130
[2020-11-05T22:17:44.588+0800][gc,metaspace ] GC(7) Metaspace: 27321K->27321K(1073152K)
[2020-11-05T22:17:44.589+0800][gc           ] GC(7) Pause Young (Normal) (G1 Evacuation Pause) 188M->142M(1024M) 20.948ms
[2020-11-05T22:17:44.589+0800][gc,cpu       ] GC(7) User=0.03s Sys=0.04s Real=0.02s
[2020-11-05T22:18:52.371+0800][gc,start     ] GC(8) Pause Young (Normal) (G1 Evacuation Pause)
[2020-11-05T22:18:52.372+0800][gc,task      ] GC(8) Using 8 workers of 8 for evacuation
[2020-11-05T22:18:52.389+0800][gc,phases    ] GC(8)   Pre Evacuate Collection Set: 0.1ms
[2020-11-05T22:18:52.389+0800][gc,phases    ] GC(8)   Evacuate Collection Set: 14.1ms
[2020-11-05T22:18:52.389+0800][gc,phases    ] GC(8)   Post Evacuate Collection Set: 0.6ms
[2020-11-05T22:18:52.389+0800][gc,phases    ] GC(8)   Other: 2.8ms
[2020-11-05T22:18:52.389+0800][gc,heap      ] GC(8) Eden regions: 48->0(46)
[2020-11-05T22:18:52.389+0800][gc,heap      ] GC(8) Survivor regions: 3->5(7)
[2020-11-05T22:18:52.389+0800][gc,heap      ] GC(8) Old regions: 9->9
[2020-11-05T22:18:52.389+0800][gc,heap      ] GC(8) Archive regions: 2->2
[2020-11-05T22:18:52.389+0800][gc,heap      ] GC(8) Humongous regions: 130->130
[2020-11-05T22:18:52.389+0800][gc,metaspace ] GC(8) Metaspace: 27324K->27324K(1073152K)
[2020-11-05T22:18:52.389+0800][gc           ] GC(8) Pause Young (Normal) (G1 Evacuation Pause) 190M->143M(1024M) 17.678ms
[2020-11-05T22:18:52.389+0800][gc,cpu       ] GC(8) User=0.03s Sys=0.05s Real=0.01s
[2020-11-05T22:19:57.626+0800][gc,start     ] GC(9) Pause Young (Normal) (G1 Evacuation Pause)
[2020-11-05T22:19:57.627+0800][gc,task      ] GC(9) Using 8 workers of 8 for evacuation
[2020-11-05T22:19:57.635+0800][gc,phases    ] GC(9)   Pre Evacuate Collection Set: 0.0ms
[2020-11-05T22:19:57.635+0800][gc,phases    ] GC(9)   Evacuate Collection Set: 7.1ms
[2020-11-05T22:19:57.635+0800][gc,phases    ] GC(9)   Post Evacuate Collection Set: 0.3ms
[2020-11-05T22:19:57.635+0800][gc,phases    ] GC(9)   Other: 1.3ms
[2020-11-05T22:19:57.635+0800][gc,heap      ] GC(9) Eden regions: 46->0(46)
[2020-11-05T22:19:57.635+0800][gc,heap      ] GC(9) Survivor regions: 5->5(7)
[2020-11-05T22:19:57.635+0800][gc,heap      ] GC(9) Old regions: 9->10
[2020-11-05T22:19:57.635+0800][gc,heap      ] GC(9) Archive regions: 2->2
[2020-11-05T22:19:57.635+0800][gc,heap      ] GC(9) Humongous regions: 130->130
[2020-11-05T22:19:57.635+0800][gc,metaspace ] GC(9) Metaspace: 27345K->27345K(1073152K)
[2020-11-05T22:19:57.636+0800][gc           ] GC(9) Pause Young (Normal) (G1 Evacuation Pause) 189M->145M(1024M) 9.797ms
[2020-11-05T22:19:57.636+0800][gc,cpu       ] GC(9) User=0.04s Sys=0.01s Real=0.01s
[2020-11-05T22:21:01.932+0800][gc,start     ] GC(10) Pause Young (Normal) (G1 Evacuation Pause)
[2020-11-05T22:21:01.935+0800][gc,task      ] GC(10) Using 8 workers of 8 for evacuation
[2020-11-05T22:21:01.963+0800][gc,mmu       ] GC(10) MMU target violated: 21.0ms (20.0ms/21.0ms)
[2020-11-05T22:21:01.963+0800][gc,phases    ] GC(10)   Pre Evacuate Collection Set: 0.1ms
[2020-11-05T22:21:01.963+0800][gc,phases    ] GC(10)   Evacuate Collection Set: 23.8ms
[2020-11-05T22:21:01.963+0800][gc,phases    ] GC(10)   Post Evacuate Collection Set: 0.5ms
[2020-11-05T22:21:01.963+0800][gc,phases    ] GC(10)   Other: 6.3ms
[2020-11-05T22:21:01.963+0800][gc,heap      ] GC(10) Eden regions: 46->0(45)
[2020-11-05T22:21:01.963+0800][gc,heap      ] GC(10) Survivor regions: 5->6(7)
[2020-11-05T22:21:01.963+0800][gc,heap      ] GC(10) Old regions: 10->11
[2020-11-05T22:21:01.963+0800][gc,heap      ] GC(10) Archive regions: 2->2
[2020-11-05T22:21:01.963+0800][gc,heap      ] GC(10) Humongous regions: 130->130
[2020-11-05T22:21:01.963+0800][gc,metaspace ] GC(10) Metaspace: 27373K->27373K(1073152K)
[2020-11-05T22:21:01.963+0800][gc           ] GC(10) Pause Young (Normal) (G1 Evacuation Pause) 191M->146M(1024M) 30.615ms
[2020-11-05T22:21:01.963+0800][gc,cpu       ] GC(10) User=0.04s Sys=0.07s Real=0.03s
[2020-11-05T22:22:04.889+0800][gc,start     ] GC(11) Pause Young (Normal) (G1 Evacuation Pause)
[2020-11-05T22:22:04.890+0800][gc,task      ] GC(11) Using 8 workers of 8 for evacuation
[2020-11-05T22:22:04.900+0800][gc,phases    ] GC(11)   Pre Evacuate Collection Set: 0.1ms
[2020-11-05T22:22:04.900+0800][gc,phases    ] GC(11)   Evacuate Collection Set: 9.3ms
[2020-11-05T22:22:04.900+0800][gc,phases    ] GC(11)   Post Evacuate Collection Set: 0.3ms
[2020-11-05T22:22:04.900+0800][gc,phases    ] GC(11)   Other: 1.2ms
[2020-11-05T22:22:04.900+0800][gc,heap      ] GC(11) Eden regions: 45->0(45)
[2020-11-05T22:22:04.900+0800][gc,heap      ] GC(11) Survivor regions: 6->6(7)
[2020-11-05T22:22:04.900+0800][gc,heap      ] GC(11) Old regions: 11->13
[2020-11-05T22:22:04.900+0800][gc,heap      ] GC(11) Archive regions: 2->2
[2020-11-05T22:22:04.900+0800][gc,heap      ] GC(11) Humongous regions: 130->130
[2020-11-05T22:22:04.900+0800][gc,metaspace ] GC(11) Metaspace: 27381K->27381K(1073152K)
[2020-11-05T22:22:04.900+0800][gc           ] GC(11) Pause Young (Normal) (G1 Evacuation Pause) 191M->148M(1024M) 11.199ms
[2020-11-05T22:22:04.900+0800][gc,cpu       ] GC(11) User=0.05s Sys=0.01s Real=0.02s
[2020-11-05T22:23:07.682+0800][gc,start     ] GC(12) Pause Young (Normal) (G1 Evacuation Pause)
[2020-11-05T22:23:07.683+0800][gc,task      ] GC(12) Using 8 workers of 8 for evacuation
[2020-11-05T22:23:07.700+0800][gc,phases    ] GC(12)   Pre Evacuate Collection Set: 0.1ms
[2020-11-05T22:23:07.700+0800][gc,phases    ] GC(12)   Evacuate Collection Set: 14.2ms
[2020-11-05T22:23:07.700+0800][gc,phases    ] GC(12)   Post Evacuate Collection Set: 0.5ms
[2020-11-05T22:23:07.700+0800][gc,phases    ] GC(12)   Other: 3.0ms
[2020-11-05T22:23:07.700+0800][gc,heap      ] GC(12) Eden regions: 45->0(47)
[2020-11-05T22:23:07.700+0800][gc,heap      ] GC(12) Survivor regions: 6->4(7)
[2020-11-05T22:23:07.700+0800][gc,heap      ] GC(12) Old regions: 13->16
[2020-11-05T22:23:07.700+0800][gc,heap      ] GC(12) Archive regions: 2->2
[2020-11-05T22:23:07.700+0800][gc,heap      ] GC(12) Humongous regions: 130->130
[2020-11-05T22:23:07.700+0800][gc,metaspace ] GC(12) Metaspace: 27411K->27411K(1073152K)
[2020-11-05T22:23:07.700+0800][gc           ] GC(12) Pause Young (Normal) (G1 Evacuation Pause) 193M->149M(1024M) 17.915ms
[2020-11-05T22:23:07.700+0800][gc,cpu       ] GC(12) User=0.04s Sys=0.05s Real=0.02s
[2020-11-05T22:24:13.613+0800][gc,start     ] GC(13) Pause Young (Normal) (G1 Evacuation Pause)
[2020-11-05T22:24:13.614+0800][gc,task      ] GC(13) Using 8 workers of 8 for evacuation
[2020-11-05T22:24:13.625+0800][gc,phases    ] GC(13)   Pre Evacuate Collection Set: 0.0ms
[2020-11-05T22:24:13.625+0800][gc,phases    ] GC(13)   Evacuate Collection Set: 9.7ms
[2020-11-05T22:24:13.625+0800][gc,phases    ] GC(13)   Post Evacuate Collection Set: 0.3ms
[2020-11-05T22:24:13.625+0800][gc,phases    ] GC(13)   Other: 1.2ms
[2020-11-05T22:24:13.625+0800][gc,heap      ] GC(13) Eden regions: 47->0(47)
[2020-11-05T22:24:13.625+0800][gc,heap      ] GC(13) Survivor regions: 4->5(7)
[2020-11-05T22:24:13.625+0800][gc,heap      ] GC(13) Old regions: 16->17
[2020-11-05T22:24:13.625+0800][gc,heap      ] GC(13) Archive regions: 2->2
[2020-11-05T22:24:13.625+0800][gc,heap      ] GC(13) Humongous regions: 130->130
[2020-11-05T22:24:13.625+0800][gc,metaspace ] GC(13) Metaspace: 27412K->27412K(1073152K)
[2020-11-05T22:24:13.625+0800][gc           ] GC(13) Pause Young (Normal) (G1 Evacuation Pause) 196M->151M(1024M) 11.464ms
[2020-11-05T22:24:13.625+0800][gc,cpu       ] GC(13) User=0.03s Sys=0.02s Real=0.01s
[2020-11-05T22:25:17.884+0800][gc,start     ] GC(14) Pause Young (Normal) (G1 Evacuation Pause)
[2020-11-05T22:25:17.885+0800][gc,task      ] GC(14) Using 8 workers of 8 for evacuation
[2020-11-05T22:25:17.890+0800][gc,phases    ] GC(14)   Pre Evacuate Collection Set: 0.0ms
[2020-11-05T22:25:17.890+0800][gc,phases    ] GC(14)   Evacuate Collection Set: 4.9ms
[2020-11-05T22:25:17.890+0800][gc,phases    ] GC(14)   Post Evacuate Collection Set: 0.3ms
[2020-11-05T22:25:17.890+0800][gc,phases    ] GC(14)   Other: 0.8ms
[2020-11-05T22:25:17.890+0800][gc,heap      ] GC(14) Eden regions: 46->0(54)
[2020-11-05T22:25:17.890+0800][gc,heap      ] GC(14) Survivor regions: 5->4(7)
[2020-11-05T22:25:17.890+0800][gc,heap      ] GC(14) Old regions: 17->19
[2020-11-05T22:25:17.890+0800][gc,heap      ] GC(14) Archive regions: 2->2
[2020-11-05T22:25:17.890+0800][gc,heap      ] GC(14) Humongous regions: 130->130
[2020-11-05T22:25:17.890+0800][gc,metaspace ] GC(14) Metaspace: 27420K->27420K(1073152K)
[2020-11-05T22:25:17.890+0800][gc           ] GC(14) Pause Young (Normal) (G1 Evacuation Pause) 197M->152M(1024M) 6.078ms
[2020-11-05T22:25:17.890+0800][gc,cpu       ] GC(14) User=0.02s Sys=0.00s Real=0.01s
[2020-11-05T22:26:32.865+0800][gc,start     ] GC(15) Pause Young (Normal) (G1 Evacuation Pause)
[2020-11-05T22:26:32.866+0800][gc,task      ] GC(15) Using 8 workers of 8 for evacuation
[2020-11-05T22:26:32.879+0800][gc,phases    ] GC(15)   Pre Evacuate Collection Set: 0.1ms
[2020-11-05T22:26:32.879+0800][gc,phases    ] GC(15)   Evacuate Collection Set: 11.2ms
[2020-11-05T22:26:32.879+0800][gc,phases    ] GC(15)   Post Evacuate Collection Set: 0.6ms
[2020-11-05T22:26:32.879+0800][gc,phases    ] GC(15)   Other: 2.1ms
[2020-11-05T22:26:32.879+0800][gc,heap      ] GC(15) Eden regions: 54->0(54)
[2020-11-05T22:26:32.879+0800][gc,heap      ] GC(15) Survivor regions: 4->6(8)
[2020-11-05T22:26:32.879+0800][gc,heap      ] GC(15) Old regions: 19->19
[2020-11-05T22:26:32.879+0800][gc,heap      ] GC(15) Archive regions: 2->2
[2020-11-05T22:26:32.879+0800][gc,heap      ] GC(15) Humongous regions: 130->130
[2020-11-05T22:26:32.879+0800][gc,metaspace ] GC(15) Metaspace: 27427K->27427K(1073152K)
[2020-11-05T22:26:32.880+0800][gc           ] GC(15) Pause Young (Normal) (G1 Evacuation Pause) 206M->155M(1024M) 14.960ms
[2020-11-05T22:26:32.880+0800][gc,cpu       ] GC(15) User=0.03s Sys=0.04s Real=0.02s
[2020-11-05T22:27:35.539+0800][gc,start     ] GC(16) Pause Young (Normal) (G1 Evacuation Pause)
[2020-11-05T22:27:35.540+0800][gc,task      ] GC(16) Using 8 workers of 8 for evacuation
[2020-11-05T22:27:35.568+0800][gc,mmu       ] GC(16) MMU target violated: 21.0ms (20.0ms/21.0ms)
[2020-11-05T22:27:35.568+0800][gc,phases    ] GC(16)   Pre Evacuate Collection Set: 0.1ms
[2020-11-05T22:27:35.568+0800][gc,phases    ] GC(16)   Evacuate Collection Set: 26.6ms
[2020-11-05T22:27:35.568+0800][gc,phases    ] GC(16)   Post Evacuate Collection Set: 0.3ms
[2020-11-05T22:27:35.568+0800][gc,phases    ] GC(16)   Other: 1.9ms
[2020-11-05T22:27:35.568+0800][gc,heap      ] GC(16) Eden regions: 45->0(47)
[2020-11-05T22:27:35.568+0800][gc,heap      ] GC(16) Survivor regions: 6->4(7)
[2020-11-05T22:27:35.568+0800][gc,heap      ] GC(16) Old regions: 19->22
[2020-11-05T22:27:35.568+0800][gc,heap      ] GC(16) Archive regions: 2->2
[2020-11-05T22:27:35.568+0800][gc,heap      ] GC(16) Humongous regions: 130->130
[2020-11-05T22:27:35.568+0800][gc,metaspace ] GC(16) Metaspace: 27432K->27432K(1073152K)
[2020-11-05T22:27:35.568+0800][gc           ] GC(16) Pause Young (Normal) (G1 Evacuation Pause) 200M->156M(1024M) 29.051ms
[2020-11-05T22:27:35.568+0800][gc,cpu       ] GC(16) User=0.06s Sys=0.07s Real=0.03s
[2020-11-05T22:28:41.577+0800][gc,start     ] GC(17) Pause Young (Normal) (G1 Evacuation Pause)
[2020-11-05T22:28:41.577+0800][gc,task      ] GC(17) Using 8 workers of 8 for evacuation
[2020-11-05T22:28:41.588+0800][gc,phases    ] GC(17)   Pre Evacuate Collection Set: 0.0ms
[2020-11-05T22:28:41.588+0800][gc,phases    ] GC(17)   Evacuate Collection Set: 10.8ms
[2020-11-05T22:28:41.589+0800][gc,phases    ] GC(17)   Post Evacuate Collection Set: 0.3ms
[2020-11-05T22:28:41.589+0800][gc,phases    ] GC(17)   Other: 0.7ms
[2020-11-05T22:28:41.589+0800][gc,heap      ] GC(17) Eden regions: 47->0(48)
[2020-11-05T22:28:41.589+0800][gc,heap      ] GC(17) Survivor regions: 4->4(7)
[2020-11-05T22:28:41.589+0800][gc,heap      ] GC(17) Old regions: 22->24
[2020-11-05T22:28:41.589+0800][gc,heap      ] GC(17) Archive regions: 2->2
[2020-11-05T22:28:41.589+0800][gc,heap      ] GC(17) Humongous regions: 130->130
[2020-11-05T22:28:41.589+0800][gc,metaspace ] GC(17) Metaspace: 27458K->27458K(1073152K)
[2020-11-05T22:28:41.589+0800][gc           ] GC(17) Pause Young (Normal) (G1 Evacuation Pause) 203M->157M(1024M) 11.980ms
[2020-11-05T22:28:41.589+0800][gc,cpu       ] GC(17) User=0.04s Sys=0.03s Real=0.01s
[2020-11-05T22:29:47.500+0800][gc,start     ] GC(18) Pause Young (Normal) (G1 Evacuation Pause)
[2020-11-05T22:29:47.501+0800][gc,task      ] GC(18) Using 8 workers of 8 for evacuation
[2020-11-05T22:29:47.511+0800][gc,phases    ] GC(18)   Pre Evacuate Collection Set: 0.0ms
[2020-11-05T22:29:47.511+0800][gc,phases    ] GC(18)   Evacuate Collection Set: 9.7ms
[2020-11-05T22:29:47.511+0800][gc,phases    ] GC(18)   Post Evacuate Collection Set: 0.4ms
[2020-11-05T22:29:47.511+0800][gc,phases    ] GC(18)   Other: 0.9ms
[2020-11-05T22:29:47.511+0800][gc,heap      ] GC(18) Eden regions: 47->0(50)
[2020-11-05T22:29:47.511+0800][gc,heap      ] GC(18) Survivor regions: 4->5(7)
[2020-11-05T22:29:47.511+0800][gc,heap      ] GC(18) Old regions: 24->24
[2020-11-05T22:29:47.511+0800][gc,heap      ] GC(18) Archive regions: 2->2
[2020-11-05T22:29:47.512+0800][gc,heap      ] GC(18) Humongous regions: 130->130
[2020-11-05T22:29:47.512+0800][gc,metaspace ] GC(18) Metaspace: 27485K->27485K(1073152K)
[2020-11-05T22:29:47.512+0800][gc           ] GC(18) Pause Young (Normal) (G1 Evacuation Pause) 204M->159M(1024M) 11.283ms
[2020-11-05T22:29:47.512+0800][gc,cpu       ] GC(18) User=0.04s Sys=0.02s Real=0.01s
[2020-11-05T22:30:52.115+0800][gc,start     ] GC(19) Pause Young (Normal) (G1 Evacuation Pause)
[2020-11-05T22:30:52.116+0800][gc,task      ] GC(19) Using 8 workers of 8 for evacuation
[2020-11-05T22:30:52.132+0800][gc,phases    ] GC(19)   Pre Evacuate Collection Set: 0.1ms
[2020-11-05T22:30:52.132+0800][gc,phases    ] GC(19)   Evacuate Collection Set: 14.3ms
[2020-11-05T22:30:52.132+0800][gc,phases    ] GC(19)   Post Evacuate Collection Set: 0.3ms
[2020-11-05T22:30:52.132+0800][gc,phases    ] GC(19)   Other: 1.5ms
[2020-11-05T22:30:52.132+0800][gc,heap      ] GC(19) Eden regions: 46->0(48)
[2020-11-05T22:30:52.132+0800][gc,heap      ] GC(19) Survivor regions: 5->6(7)
[2020-11-05T22:30:52.132+0800][gc,heap      ] GC(19) Old regions: 24->26
[2020-11-05T22:30:52.132+0800][gc,heap      ] GC(19) Archive regions: 2->2
[2020-11-05T22:30:52.132+0800][gc,heap      ] GC(19) Humongous regions: 130->130
[2020-11-05T22:30:52.132+0800][gc,metaspace ] GC(19) Metaspace: 27488K->27488K(1073152K)
[2020-11-05T22:30:52.132+0800][gc           ] GC(19) Pause Young (Normal) (G1 Evacuation Pause) 205M->161M(1024M) 16.362ms
[2020-11-05T22:30:52.132+0800][gc,cpu       ] GC(19) User=0.07s Sys=0.03s Real=0.02s
[2020-11-05T22:31:59.742+0800][gc,start     ] GC(20) Pause Young (Normal) (G1 Evacuation Pause)
[2020-11-05T22:31:59.742+0800][gc,task      ] GC(20) Using 8 workers of 8 for evacuation
[2020-11-05T22:31:59.764+0800][gc,mmu       ] GC(20) MMU target violated: 21.0ms (20.0ms/21.0ms)
[2020-11-05T22:31:59.764+0800][gc,phases    ] GC(20)   Pre Evacuate Collection Set: 0.1ms
[2020-11-05T22:31:59.764+0800][gc,phases    ] GC(20)   Evacuate Collection Set: 19.2ms
[2020-11-05T22:31:59.764+0800][gc,phases    ] GC(20)   Post Evacuate Collection Set: 0.9ms
[2020-11-05T22:31:59.764+0800][gc,phases    ] GC(20)   Other: 2.2ms
[2020-11-05T22:31:59.764+0800][gc,heap      ] GC(20) Eden regions: 48->0(47)
[2020-11-05T22:31:59.764+0800][gc,heap      ] GC(20) Survivor regions: 6->5(7)
[2020-11-05T22:31:59.764+0800][gc,heap      ] GC(20) Old regions: 26->29
[2020-11-05T22:31:59.764+0800][gc,heap      ] GC(20) Archive regions: 2->2
[2020-11-05T22:31:59.764+0800][gc,heap      ] GC(20) Humongous regions: 130->130
[2020-11-05T22:31:59.764+0800][gc,metaspace ] GC(20) Metaspace: 27492K->27492K(1073152K)
[2020-11-05T22:31:59.764+0800][gc           ] GC(20) Pause Young (Normal) (G1 Evacuation Pause) 209M->163M(1024M) 22.443ms
[2020-11-05T22:31:59.764+0800][gc,cpu       ] GC(20) User=0.04s Sys=0.07s Real=0.02s
[2020-11-05T22:33:15.917+0800][gc,start     ] GC(21) Pause Young (Normal) (G1 Evacuation Pause)
[2020-11-05T22:33:15.918+0800][gc,task      ] GC(21) Using 8 workers of 8 for evacuation
[2020-11-05T22:33:15.947+0800][gc,mmu       ] GC(21) MMU target violated: 21.0ms (20.0ms/21.0ms)
[2020-11-05T22:33:15.947+0800][gc,phases    ] GC(21)   Pre Evacuate Collection Set: 0.1ms
[2020-11-05T22:33:15.947+0800][gc,phases    ] GC(21)   Evacuate Collection Set: 24.7ms
[2020-11-05T22:33:15.947+0800][gc,phases    ] GC(21)   Post Evacuate Collection Set: 0.8ms
[2020-11-05T22:33:15.947+0800][gc,phases    ] GC(21)   Other: 4.4ms
[2020-11-05T22:33:15.947+0800][gc,heap      ] GC(21) Eden regions: 46->0(46)
[2020-11-05T22:33:15.947+0800][gc,heap      ] GC(21) Survivor regions: 5->5(7)
[2020-11-05T22:33:15.947+0800][gc,heap      ] GC(21) Old regions: 29->31
[2020-11-05T22:33:15.947+0800][gc,heap      ] GC(21) Archive regions: 2->2
[2020-11-05T22:33:15.947+0800][gc,heap      ] GC(21) Humongous regions: 130->130
[2020-11-05T22:33:15.947+0800][gc,metaspace ] GC(21) Metaspace: 27504K->27504K(1073152K)
[2020-11-05T22:33:15.947+0800][gc           ] GC(21) Pause Young (Normal) (G1 Evacuation Pause) 209M->164M(1024M) 29.971ms
[2020-11-05T22:33:15.947+0800][gc,cpu       ] GC(21) User=0.04s Sys=0.08s Real=0.03s
[2020-11-05T22:34:36.067+0800][gc,start     ] GC(22) Pause Young (Normal) (G1 Evacuation Pause)
[2020-11-05T22:34:36.067+0800][gc,task      ] GC(22) Using 8 workers of 8 for evacuation
[2020-11-05T22:34:36.083+0800][gc,phases    ] GC(22)   Pre Evacuate Collection Set: 0.1ms
[2020-11-05T22:34:36.083+0800][gc,phases    ] GC(22)   Evacuate Collection Set: 13.8ms
[2020-11-05T22:34:36.083+0800][gc,phases    ] GC(22)   Post Evacuate Collection Set: 0.5ms
[2020-11-05T22:34:36.083+0800][gc,phases    ] GC(22)   Other: 1.7ms
[2020-11-05T22:34:36.083+0800][gc,heap      ] GC(22) Eden regions: 46->0(47)
[2020-11-05T22:34:36.083+0800][gc,heap      ] GC(22) Survivor regions: 5->4(7)
[2020-11-05T22:34:36.083+0800][gc,heap      ] GC(22) Old regions: 31->32
[2020-11-05T22:34:36.083+0800][gc,heap      ] GC(22) Archive regions: 2->2
[2020-11-05T22:34:36.083+0800][gc,heap      ] GC(22) Humongous regions: 130->130
[2020-11-05T22:34:36.083+0800][gc,metaspace ] GC(22) Metaspace: 27509K->27509K(1073152K)
[2020-11-05T22:34:36.083+0800][gc           ] GC(22) Pause Young (Normal) (G1 Evacuation Pause) 210M->166M(1024M) 16.188ms
[2020-11-05T22:34:36.083+0800][gc,cpu       ] GC(22) User=0.06s Sys=0.03s Real=0.02s
[2020-11-05T22:35:42.188+0800][gc,start     ] GC(23) Pause Young (Normal) (G1 Evacuation Pause)
[2020-11-05T22:35:42.188+0800][gc,task      ] GC(23) Using 8 workers of 8 for evacuation
[2020-11-05T22:35:42.198+0800][gc,phases    ] GC(23)   Pre Evacuate Collection Set: 0.0ms
[2020-11-05T22:35:42.198+0800][gc,phases    ] GC(23)   Evacuate Collection Set: 8.9ms
[2020-11-05T22:35:42.198+0800][gc,phases    ] GC(23)   Post Evacuate Collection Set: 0.2ms
[2020-11-05T22:35:42.198+0800][gc,phases    ] GC(23)   Other: 0.6ms
[2020-11-05T22:35:42.198+0800][gc,heap      ] GC(23) Eden regions: 47->0(47)
[2020-11-05T22:35:42.198+0800][gc,heap      ] GC(23) Survivor regions: 4->5(7)
[2020-11-05T22:35:42.198+0800][gc,heap      ] GC(23) Old regions: 32->34
[2020-11-05T22:35:42.198+0800][gc,heap      ] GC(23) Archive regions: 2->2
[2020-11-05T22:35:42.198+0800][gc,heap      ] GC(23) Humongous regions: 130->130
[2020-11-05T22:35:42.198+0800][gc,metaspace ] GC(23) Metaspace: 27509K->27509K(1073152K)
[2020-11-05T22:35:42.198+0800][gc           ] GC(23) Pause Young (Normal) (G1 Evacuation Pause) 213M->169M(1024M) 9.899ms
[2020-11-05T22:35:42.198+0800][gc,cpu       ] GC(23) User=0.04s Sys=0.01s Real=0.01s
[2020-11-05T22:36:46.298+0800][gc,start     ] GC(24) Pause Young (Normal) (G1 Evacuation Pause)
[2020-11-05T22:36:46.299+0800][gc,task      ] GC(24) Using 8 workers of 8 for evacuation
[2020-11-05T22:36:46.308+0800][gc,phases    ] GC(24)   Pre Evacuate Collection Set: 0.1ms
[2020-11-05T22:36:46.308+0800][gc,phases    ] GC(24)   Evacuate Collection Set: 8.9ms
[2020-11-05T22:36:46.308+0800][gc,phases    ] GC(24)   Post Evacuate Collection Set: 0.3ms
[2020-11-05T22:36:46.308+0800][gc,phases    ] GC(24)   Other: 1.2ms
[2020-11-05T22:36:46.308+0800][gc,heap      ] GC(24) Eden regions: 46->0(52)
[2020-11-05T22:36:46.308+0800][gc,heap      ] GC(24) Survivor regions: 5->5(7)
[2020-11-05T22:36:46.308+0800][gc,heap      ] GC(24) Old regions: 34->36
[2020-11-05T22:36:46.308+0800][gc,heap      ] GC(24) Archive regions: 2->2
[2020-11-05T22:36:46.308+0800][gc,heap      ] GC(24) Humongous regions: 130->130
[2020-11-05T22:36:46.308+0800][gc,metaspace ] GC(24) Metaspace: 27510K->27510K(1073152K)
[2020-11-05T22:36:46.308+0800][gc           ] GC(24) Pause Young (Normal) (G1 Evacuation Pause) 215M->170M(1024M) 10.582ms
[2020-11-05T22:36:46.309+0800][gc,cpu       ] GC(24) User=0.05s Sys=0.01s Real=0.01s
[2020-11-05T22:38:02.442+0800][gc,start     ] GC(25) Pause Young (Normal) (G1 Evacuation Pause)
[2020-11-05T22:38:02.443+0800][gc,task      ] GC(25) Using 8 workers of 8 for evacuation
[2020-11-05T22:38:02.469+0800][gc,mmu       ] GC(25) MMU target violated: 21.0ms (20.0ms/21.0ms)
[2020-11-05T22:38:02.469+0800][gc,phases    ] GC(25)   Pre Evacuate Collection Set: 0.1ms
[2020-11-05T22:38:02.469+0800][gc,phases    ] GC(25)   Evacuate Collection Set: 21.7ms
[2020-11-05T22:38:02.469+0800][gc,phases    ] GC(25)   Post Evacuate Collection Set: 0.7ms
[2020-11-05T22:38:02.469+0800][gc,phases    ] GC(25)   Other: 4.7ms
[2020-11-05T22:38:02.469+0800][gc,heap      ] GC(25) Eden regions: 52->0(46)
[2020-11-05T22:38:02.469+0800][gc,heap      ] GC(25) Survivor regions: 5->5(8)
[2020-11-05T22:38:02.469+0800][gc,heap      ] GC(25) Old regions: 36->38
[2020-11-05T22:38:02.469+0800][gc,heap      ] GC(25) Archive regions: 2->2
[2020-11-05T22:38:02.469+0800][gc,heap      ] GC(25) Humongous regions: 130->130
[2020-11-05T22:38:02.469+0800][gc,metaspace ] GC(25) Metaspace: 27514K->27514K(1073152K)
[2020-11-05T22:38:02.469+0800][gc           ] GC(25) Pause Young (Normal) (G1 Evacuation Pause) 222M->172M(1024M) 27.229ms
[2020-11-05T22:38:02.469+0800][gc,cpu       ] GC(25) User=0.06s Sys=0.07s Real=0.02s
[2020-11-05T22:39:06.962+0800][gc,start     ] GC(26) Pause Young (Normal) (G1 Evacuation Pause)
[2020-11-05T22:39:06.963+0800][gc,task      ] GC(26) Using 8 workers of 8 for evacuation
[2020-11-05T22:39:06.976+0800][gc,phases    ] GC(26)   Pre Evacuate Collection Set: 0.1ms
[2020-11-05T22:39:06.976+0800][gc,phases    ] GC(26)   Evacuate Collection Set: 11.6ms
[2020-11-05T22:39:06.977+0800][gc,phases    ] GC(26)   Post Evacuate Collection Set: 0.7ms
[2020-11-05T22:39:06.977+0800][gc,phases    ] GC(26)   Other: 2.0ms
[2020-11-05T22:39:06.977+0800][gc,heap      ] GC(26) Eden regions: 46->0(51)
[2020-11-05T22:39:06.977+0800][gc,heap      ] GC(26) Survivor regions: 5->5(7)
[2020-11-05T22:39:06.977+0800][gc,heap      ] GC(26) Old regions: 38->39
[2020-11-05T22:39:06.977+0800][gc,heap      ] GC(26) Archive regions: 2->2
[2020-11-05T22:39:06.977+0800][gc,heap      ] GC(26) Humongous regions: 130->130
[2020-11-05T22:39:06.977+0800][gc,metaspace ] GC(26) Metaspace: 27541K->27541K(1073152K)
[2020-11-05T22:39:06.977+0800][gc           ] GC(26) Pause Young (Normal) (G1 Evacuation Pause) 218M->174M(1024M) 14.548ms
[2020-11-05T22:39:06.977+0800][gc,cpu       ] GC(26) User=0.06s Sys=0.02s Real=0.01s
[2020-11-05T22:40:12.782+0800][gc,start     ] GC(27) Pause Young (Normal) (G1 Evacuation Pause)
[2020-11-05T22:40:12.782+0800][gc,task      ] GC(27) Using 8 workers of 8 for evacuation
[2020-11-05T22:40:12.807+0800][gc,mmu       ] GC(27) MMU target violated: 21.0ms (20.0ms/21.0ms)
[2020-11-05T22:40:12.807+0800][gc,phases    ] GC(27)   Pre Evacuate Collection Set: 0.1ms
[2020-11-05T22:40:12.807+0800][gc,phases    ] GC(27)   Evacuate Collection Set: 21.2ms
[2020-11-05T22:40:12.807+0800][gc,phases    ] GC(27)   Post Evacuate Collection Set: 0.7ms
[2020-11-05T22:40:12.807+0800][gc,phases    ] GC(27)   Other: 3.5ms
[2020-11-05T22:40:12.807+0800][gc,heap      ] GC(27) Eden regions: 46->0(47)
[2020-11-05T22:40:12.807+0800][gc,heap      ] GC(27) Survivor regions: 5->5(7)
[2020-11-05T22:40:12.807+0800][gc,heap      ] GC(27) Old regions: 39->41
[2020-11-05T22:40:12.807+0800][gc,heap      ] GC(27) Archive regions: 2->2
[2020-11-05T22:40:12.807+0800][gc,heap      ] GC(27) Humongous regions: 130->130
[2020-11-05T22:40:12.807+0800][gc,metaspace ] GC(27) Metaspace: 27542K->27542K(1073152K)
[2020-11-05T22:40:12.807+0800][gc           ] GC(27) Pause Young (Normal) (G1 Evacuation Pause) 220M->175M(1024M) 25.485ms
[2020-11-05T22:40:12.807+0800][gc,cpu       ] GC(27) User=0.05s Sys=0.07s Real=0.02s
[2020-11-05T22:41:18.214+0800][gc,start     ] GC(28) Pause Young (Normal) (G1 Evacuation Pause)
[2020-11-05T22:41:18.215+0800][gc,task      ] GC(28) Using 8 workers of 8 for evacuation
[2020-11-05T22:41:18.223+0800][gc,phases    ] GC(28)   Pre Evacuate Collection Set: 0.0ms
[2020-11-05T22:41:18.223+0800][gc,phases    ] GC(28)   Evacuate Collection Set: 7.5ms
[2020-11-05T22:41:18.223+0800][gc,phases    ] GC(28)   Post Evacuate Collection Set: 0.4ms
[2020-11-05T22:41:18.223+0800][gc,phases    ] GC(28)   Other: 0.9ms
[2020-11-05T22:41:18.223+0800][gc,heap      ] GC(28) Eden regions: 46->0(59)
[2020-11-05T22:41:18.223+0800][gc,heap      ] GC(28) Survivor regions: 5->4(7)
[2020-11-05T22:41:18.223+0800][gc,heap      ] GC(28) Old regions: 41->43
[2020-11-05T22:41:18.223+0800][gc,heap      ] GC(28) Archive regions: 2->2
[2020-11-05T22:41:18.223+0800][gc,heap      ] GC(28) Humongous regions: 130->130
[2020-11-05T22:41:18.223+0800][gc,metaspace ] GC(28) Metaspace: 27548K->27548K(1073152K)
[2020-11-05T22:41:18.223+0800][gc           ] GC(28) Pause Young (Normal) (G1 Evacuation Pause) 221M->176M(1024M) 8.968ms
[2020-11-05T22:41:18.223+0800][gc,cpu       ] GC(28) User=0.04s Sys=0.02s Real=0.01s
[2020-11-05T22:42:42.511+0800][gc,start     ] GC(29) Pause Young (Normal) (G1 Evacuation Pause)
[2020-11-05T22:42:42.513+0800][gc,task      ] GC(29) Using 8 workers of 8 for evacuation
[2020-11-05T22:42:42.530+0800][gc,phases    ] GC(29)   Pre Evacuate Collection Set: 0.1ms
[2020-11-05T22:42:42.531+0800][gc,phases    ] GC(29)   Evacuate Collection Set: 15.1ms
[2020-11-05T22:42:42.531+0800][gc,phases    ] GC(29)   Post Evacuate Collection Set: 2.1ms
[2020-11-05T22:42:42.531+0800][gc,phases    ] GC(29)   Other: 2.4ms
[2020-11-05T22:42:42.531+0800][gc,heap      ] GC(29) Eden regions: 59->0(59)
[2020-11-05T22:42:42.531+0800][gc,heap      ] GC(29) Survivor regions: 4->7(8)
[2020-11-05T22:42:42.531+0800][gc,heap      ] GC(29) Old regions: 43->43
[2020-11-05T22:42:42.531+0800][gc,heap      ] GC(29) Archive regions: 2->2
[2020-11-05T22:42:42.531+0800][gc,heap      ] GC(29) Humongous regions: 130->130
[2020-11-05T22:42:42.531+0800][gc,metaspace ] GC(29) Metaspace: 27553K->27553K(1073152K)
[2020-11-05T22:42:42.531+0800][gc           ] GC(29) Pause Young (Normal) (G1 Evacuation Pause) 235M->179M(1024M) 19.969ms
[2020-11-05T22:42:42.531+0800][gc,cpu       ] GC(29) User=0.04s Sys=0.01s Real=0.02s
[2020-11-05T22:43:57.243+0800][gc,start     ] GC(30) Pause Young (Normal) (G1 Evacuation Pause)
[2020-11-05T22:43:57.244+0800][gc,task      ] GC(30) Using 8 workers of 8 for evacuation
[2020-11-05T22:43:57.291+0800][gc,mmu       ] GC(30) MMU target violated: 21.0ms (20.0ms/21.0ms)
[2020-11-05T22:43:57.291+0800][gc,phases    ] GC(30)   Pre Evacuate Collection Set: 0.1ms
[2020-11-05T22:43:57.291+0800][gc,phases    ] GC(30)   Evacuate Collection Set: 43.9ms
[2020-11-05T22:43:57.291+0800][gc,phases    ] GC(30)   Post Evacuate Collection Set: 1.0ms
[2020-11-05T22:43:57.291+0800][gc,phases    ] GC(30)   Other: 3.8ms
[2020-11-05T22:43:57.291+0800][gc,heap      ] GC(30) Eden regions: 53->0(46)
[2020-11-05T22:43:57.291+0800][gc,heap      ] GC(30) Survivor regions: 7->5(8)
[2020-11-05T22:43:57.291+0800][gc,heap      ] GC(30) Old regions: 43->46
[2020-11-05T22:43:57.291+0800][gc,heap      ] GC(30) Archive regions: 2->2
[2020-11-05T22:43:57.291+0800][gc,heap      ] GC(30) Humongous regions: 130->130
[2020-11-05T22:43:57.292+0800][gc,metaspace ] GC(30) Metaspace: 27560K->27560K(1073152K)
[2020-11-05T22:43:57.292+0800][gc           ] GC(30) Pause Young (Normal) (G1 Evacuation Pause) 232M->180M(1024M) 48.847ms
[2020-11-05T22:43:57.292+0800][gc,cpu       ] GC(30) User=0.05s Sys=0.09s Real=0.05s
[2020-11-05T22:45:04.591+0800][gc,start     ] GC(31) Pause Young (Normal) (G1 Evacuation Pause)
[2020-11-05T22:45:04.592+0800][gc,task      ] GC(31) Using 8 workers of 8 for evacuation
[2020-11-05T22:45:04.618+0800][gc,mmu       ] GC(31) MMU target violated: 21.0ms (20.0ms/21.0ms)
[2020-11-05T22:45:04.618+0800][gc,phases    ] GC(31)   Pre Evacuate Collection Set: 0.2ms
[2020-11-05T22:45:04.618+0800][gc,phases    ] GC(31)   Evacuate Collection Set: 23.0ms
[2020-11-05T22:45:04.618+0800][gc,phases    ] GC(31)   Post Evacuate Collection Set: 1.2ms
[2020-11-05T22:45:04.618+0800][gc,phases    ] GC(31)   Other: 3.0ms
[2020-11-05T22:45:04.618+0800][gc,heap      ] GC(31) Eden regions: 46->0(46)
[2020-11-05T22:45:04.618+0800][gc,heap      ] GC(31) Survivor regions: 5->5(7)
[2020-11-05T22:45:04.618+0800][gc,heap      ] GC(31) Old regions: 46->48
[2020-11-05T22:45:04.618+0800][gc,heap      ] GC(31) Archive regions: 2->2
[2020-11-05T22:45:04.619+0800][gc,heap      ] GC(31) Humongous regions: 130->130
[2020-11-05T22:45:04.619+0800][gc,metaspace ] GC(31) Metaspace: 27571K->27571K(1073152K)
[2020-11-05T22:45:04.619+0800][gc           ] GC(31) Pause Young (Normal) (G1 Evacuation Pause) 226M->183M(1024M) 28.050ms
[2020-11-05T22:45:04.619+0800][gc,cpu       ] GC(31) User=0.04s Sys=0.07s Real=0.02s
[2020-11-05T22:46:11.319+0800][gc,start     ] GC(32) Pause Young (Normal) (G1 Evacuation Pause)
[2020-11-05T22:46:11.320+0800][gc,task      ] GC(32) Using 8 workers of 8 for evacuation
[2020-11-05T22:46:11.337+0800][gc,phases    ] GC(32)   Pre Evacuate Collection Set: 0.1ms
[2020-11-05T22:46:11.337+0800][gc,phases    ] GC(32)   Evacuate Collection Set: 16.2ms
[2020-11-05T22:46:11.337+0800][gc,phases    ] GC(32)   Post Evacuate Collection Set: 0.3ms
[2020-11-05T22:46:11.337+0800][gc,phases    ] GC(32)   Other: 1.5ms
[2020-11-05T22:46:11.337+0800][gc,heap      ] GC(32) Eden regions: 46->0(47)
[2020-11-05T22:46:11.337+0800][gc,heap      ] GC(32) Survivor regions: 5->4(7)
[2020-11-05T22:46:11.337+0800][gc,heap      ] GC(32) Old regions: 48->50
[2020-11-05T22:46:11.337+0800][gc,heap      ] GC(32) Archive regions: 2->2
[2020-11-05T22:46:11.337+0800][gc,heap      ] GC(32) Humongous regions: 130->130
[2020-11-05T22:46:11.337+0800][gc,metaspace ] GC(32) Metaspace: 27580K->27580K(1073152K)
[2020-11-05T22:46:11.337+0800][gc           ] GC(32) Pause Young (Normal) (G1 Evacuation Pause) 229M->184M(1024M) 18.207ms
[2020-11-05T22:46:11.337+0800][gc,cpu       ] GC(32) User=0.05s Sys=0.04s Real=0.02s
[2020-11-05T22:47:16.034+0800][gc,start     ] GC(33) Pause Young (Normal) (G1 Evacuation Pause)
[2020-11-05T22:47:16.035+0800][gc,task      ] GC(33) Using 8 workers of 8 for evacuation
[2020-11-05T22:47:16.069+0800][gc,mmu       ] GC(33) MMU target violated: 21.0ms (20.0ms/21.0ms)
[2020-11-05T22:47:16.070+0800][gc,phases    ] GC(33)   Pre Evacuate Collection Set: 0.1ms
[2020-11-05T22:47:16.070+0800][gc,phases    ] GC(33)   Evacuate Collection Set: 29.8ms
[2020-11-05T22:47:16.070+0800][gc,phases    ] GC(33)   Post Evacuate Collection Set: 1.5ms
[2020-11-05T22:47:16.070+0800][gc,phases    ] GC(33)   Other: 4.7ms
[2020-11-05T22:47:16.070+0800][gc,heap      ] GC(33) Eden regions: 47->0(47)
[2020-11-05T22:47:16.070+0800][gc,heap      ] GC(33) Survivor regions: 4->4(7)
[2020-11-05T22:47:16.070+0800][gc,heap      ] GC(33) Old regions: 50->52
[2020-11-05T22:47:16.070+0800][gc,heap      ] GC(33) Archive regions: 2->2
[2020-11-05T22:47:16.070+0800][gc,heap      ] GC(33) Humongous regions: 130->130
[2020-11-05T22:47:16.070+0800][gc,metaspace ] GC(33) Metaspace: 27582K->27582K(1073152K)
[2020-11-05T22:47:16.070+0800][gc           ] GC(33) Pause Young (Normal) (G1 Evacuation Pause) 231M->186M(1024M) 36.124ms
[2020-11-05T22:47:16.070+0800][gc,cpu       ] GC(33) User=0.05s Sys=0.07s Real=0.04s
[2020-11-05T22:48:21.063+0800][gc,start     ] GC(34) Pause Young (Normal) (G1 Evacuation Pause)
[2020-11-05T22:48:21.064+0800][gc,task      ] GC(34) Using 8 workers of 8 for evacuation
[2020-11-05T22:48:21.094+0800][gc,mmu       ] GC(34) MMU target violated: 21.0ms (20.0ms/21.0ms)
[2020-11-05T22:48:21.094+0800][gc,phases    ] GC(34)   Pre Evacuate Collection Set: 0.1ms
[2020-11-05T22:48:21.094+0800][gc,phases    ] GC(34)   Evacuate Collection Set: 25.0ms
[2020-11-05T22:48:21.094+0800][gc,phases    ] GC(34)   Post Evacuate Collection Set: 0.8ms
[2020-11-05T22:48:21.094+0800][gc,phases    ] GC(34)   Other: 5.3ms
[2020-11-05T22:48:21.094+0800][gc,heap      ] GC(34) Eden regions: 47->0(47)
[2020-11-05T22:48:21.094+0800][gc,heap      ] GC(34) Survivor regions: 4->4(7)
[2020-11-05T22:48:21.094+0800][gc,heap      ] GC(34) Old regions: 52->54
[2020-11-05T22:48:21.094+0800][gc,heap      ] GC(34) Archive regions: 2->2
[2020-11-05T22:48:21.094+0800][gc,heap      ] GC(34) Humongous regions: 130->130
[2020-11-05T22:48:21.094+0800][gc,metaspace ] GC(34) Metaspace: 27586K->27586K(1073152K)
[2020-11-05T22:48:21.094+0800][gc           ] GC(34) Pause Young (Normal) (G1 Evacuation Pause) 233M->187M(1024M) 31.252ms
[2020-11-05T22:48:21.094+0800][gc,cpu       ] GC(34) User=0.05s Sys=0.09s Real=0.03s
[2020-11-05T22:49:26.606+0800][gc,start     ] GC(35) Pause Young (Normal) (G1 Evacuation Pause)
[2020-11-05T22:49:26.607+0800][gc,task      ] GC(35) Using 8 workers of 8 for evacuation
[2020-11-05T22:49:26.621+0800][gc,phases    ] GC(35)   Pre Evacuate Collection Set: 0.1ms
[2020-11-05T22:49:26.621+0800][gc,phases    ] GC(35)   Evacuate Collection Set: 12.8ms
[2020-11-05T22:49:26.621+0800][gc,phases    ] GC(35)   Post Evacuate Collection Set: 0.4ms
[2020-11-05T22:49:26.621+0800][gc,phases    ] GC(35)   Other: 1.3ms
[2020-11-05T22:49:26.621+0800][gc,heap      ] GC(35) Eden regions: 47->0(45)
[2020-11-05T22:49:26.621+0800][gc,heap      ] GC(35) Survivor regions: 4->6(7)
[2020-11-05T22:49:26.621+0800][gc,heap      ] GC(35) Old regions: 54->54
[2020-11-05T22:49:26.621+0800][gc,heap      ] GC(35) Archive regions: 2->2
[2020-11-05T22:49:26.621+0800][gc,heap      ] GC(35) Humongous regions: 130->130
[2020-11-05T22:49:26.621+0800][gc,metaspace ] GC(35) Metaspace: 27586K->27586K(1073152K)
[2020-11-05T22:49:26.621+0800][gc           ] GC(35) Pause Young (Normal) (G1 Evacuation Pause) 234M->189M(1024M) 14.749ms
[2020-11-05T22:49:26.621+0800][gc,cpu       ] GC(35) User=0.05s Sys=0.03s Real=0.02s
[2020-11-05T22:50:29.515+0800][gc,start     ] GC(36) Pause Young (Normal) (G1 Evacuation Pause)
[2020-11-05T22:50:29.515+0800][gc,task      ] GC(36) Using 8 workers of 8 for evacuation
[2020-11-05T22:50:29.526+0800][gc,phases    ] GC(36)   Pre Evacuate Collection Set: 0.1ms
[2020-11-05T22:50:29.526+0800][gc,phases    ] GC(36)   Evacuate Collection Set: 9.9ms
[2020-11-05T22:50:29.526+0800][gc,phases    ] GC(36)   Post Evacuate Collection Set: 0.4ms
[2020-11-05T22:50:29.526+0800][gc,phases    ] GC(36)   Other: 1.3ms
[2020-11-05T22:50:29.526+0800][gc,heap      ] GC(36) Eden regions: 45->0(45)
[2020-11-05T22:50:29.526+0800][gc,heap      ] GC(36) Survivor regions: 6->6(7)
[2020-11-05T22:50:29.526+0800][gc,heap      ] GC(36) Old regions: 54->55
[2020-11-05T22:50:29.526+0800][gc,heap      ] GC(36) Archive regions: 2->2
[2020-11-05T22:50:29.526+0800][gc,heap      ] GC(36) Humongous regions: 130->130
[2020-11-05T22:50:29.526+0800][gc,metaspace ] GC(36) Metaspace: 27586K->27586K(1073152K)
[2020-11-05T22:50:29.526+0800][gc           ] GC(36) Pause Young (Normal) (G1 Evacuation Pause) 234M->191M(1024M) 11.820ms
[2020-11-05T22:50:29.526+0800][gc,cpu       ] GC(36) User=0.07s Sys=0.01s Real=0.01s
[2020-11-05T22:51:32.470+0800][gc,start     ] GC(37) Pause Young (Normal) (G1 Evacuation Pause)
[2020-11-05T22:51:32.471+0800][gc,task      ] GC(37) Using 8 workers of 8 for evacuation
[2020-11-05T22:51:32.489+0800][gc,phases    ] GC(37)   Pre Evacuate Collection Set: 0.1ms
[2020-11-05T22:51:32.489+0800][gc,phases    ] GC(37)   Evacuate Collection Set: 17.3ms
[2020-11-05T22:51:32.489+0800][gc,phases    ] GC(37)   Post Evacuate Collection Set: 0.3ms
[2020-11-05T22:51:32.489+0800][gc,phases    ] GC(37)   Other: 1.1ms
[2020-11-05T22:51:32.489+0800][gc,heap      ] GC(37) Eden regions: 45->0(47)
[2020-11-05T22:51:32.489+0800][gc,heap      ] GC(37) Survivor regions: 6->4(7)
[2020-11-05T22:51:32.489+0800][gc,heap      ] GC(37) Old regions: 55->59
[2020-11-05T22:51:32.489+0800][gc,heap      ] GC(37) Archive regions: 2->2
[2020-11-05T22:51:32.489+0800][gc,heap      ] GC(37) Humongous regions: 130->130
[2020-11-05T22:51:32.489+0800][gc,metaspace ] GC(37) Metaspace: 27588K->27588K(1073152K)
[2020-11-05T22:51:32.489+0800][gc           ] GC(37) Pause Young (Normal) (G1 Evacuation Pause) 236M->192M(1024M) 19.103ms
[2020-11-05T22:51:32.489+0800][gc,cpu       ] GC(37) User=0.07s Sys=0.01s Real=0.01s
[2020-11-05T22:52:38.508+0800][gc,start     ] GC(38) Pause Young (Normal) (G1 Evacuation Pause)
[2020-11-05T22:52:38.509+0800][gc,task      ] GC(38) Using 8 workers of 8 for evacuation
[2020-11-05T22:52:38.520+0800][gc,phases    ] GC(38)   Pre Evacuate Collection Set: 0.1ms
[2020-11-05T22:52:38.520+0800][gc,phases    ] GC(38)   Evacuate Collection Set: 10.1ms
[2020-11-05T22:52:38.520+0800][gc,phases    ] GC(38)   Post Evacuate Collection Set: 0.5ms
[2020-11-05T22:52:38.520+0800][gc,phases    ] GC(38)   Other: 1.7ms
[2020-11-05T22:52:38.520+0800][gc,heap      ] GC(38) Eden regions: 47->0(48)
[2020-11-05T22:52:38.520+0800][gc,heap      ] GC(38) Survivor regions: 4->6(7)
[2020-11-05T22:52:38.520+0800][gc,heap      ] GC(38) Old regions: 59->59
[2020-11-05T22:52:38.520+0800][gc,heap      ] GC(38) Archive regions: 2->2
[2020-11-05T22:52:38.520+0800][gc,heap      ] GC(38) Humongous regions: 130->130
[2020-11-05T22:52:38.520+0800][gc,metaspace ] GC(38) Metaspace: 27590K->27590K(1073152K)
[2020-11-05T22:52:38.520+0800][gc           ] GC(38) Pause Young (Normal) (G1 Evacuation Pause) 239M->193M(1024M) 12.691ms
[2020-11-05T22:52:38.520+0800][gc,cpu       ] GC(38) User=0.06s Sys=0.00s Real=0.02s
[2020-11-05T22:53:45.753+0800][gc,start     ] GC(39) Pause Young (Normal) (G1 Evacuation Pause)
[2020-11-05T22:53:45.754+0800][gc,task      ] GC(39) Using 8 workers of 8 for evacuation
[2020-11-05T22:53:45.770+0800][gc,phases    ] GC(39)   Pre Evacuate Collection Set: 0.1ms
[2020-11-05T22:53:45.770+0800][gc,phases    ] GC(39)   Evacuate Collection Set: 14.4ms
[2020-11-05T22:53:45.770+0800][gc,phases    ] GC(39)   Post Evacuate Collection Set: 0.4ms
[2020-11-05T22:53:45.770+0800][gc,phases    ] GC(39)   Other: 1.7ms
[2020-11-05T22:53:45.770+0800][gc,heap      ] GC(39) Eden regions: 48->0(49)
[2020-11-05T22:53:45.770+0800][gc,heap      ] GC(39) Survivor regions: 6->6(7)
[2020-11-05T22:53:45.770+0800][gc,heap      ] GC(39) Old regions: 59->60
[2020-11-05T22:53:45.770+0800][gc,heap      ] GC(39) Archive regions: 2->2
[2020-11-05T22:53:45.770+0800][gc,heap      ] GC(39) Humongous regions: 130->130
[2020-11-05T22:53:45.770+0800][gc,metaspace ] GC(39) Metaspace: 27591K->27591K(1073152K)
[2020-11-05T22:53:45.770+0800][gc           ] GC(39) Pause Young (Normal) (G1 Evacuation Pause) 241M->195M(1024M) 16.712ms
[2020-11-05T22:53:45.770+0800][gc,cpu       ] GC(39) User=0.07s Sys=0.03s Real=0.02s
[2020-11-05T22:54:54.499+0800][gc,start     ] GC(40) Pause Young (Normal) (G1 Evacuation Pause)
[2020-11-05T22:54:54.499+0800][gc,task      ] GC(40) Using 8 workers of 8 for evacuation
[2020-11-05T22:54:54.511+0800][gc,phases    ] GC(40)   Pre Evacuate Collection Set: 0.0ms
[2020-11-05T22:54:54.511+0800][gc,phases    ] GC(40)   Evacuate Collection Set: 11.2ms
[2020-11-05T22:54:54.511+0800][gc,phases    ] GC(40)   Post Evacuate Collection Set: 0.4ms
[2020-11-05T22:54:54.511+0800][gc,phases    ] GC(40)   Other: 0.6ms
[2020-11-05T22:54:54.511+0800][gc,heap      ] GC(40) Eden regions: 49->0(54)
[2020-11-05T22:54:54.511+0800][gc,heap      ] GC(40) Survivor regions: 6->6(7)
[2020-11-05T22:54:54.511+0800][gc,heap      ] GC(40) Old regions: 60->62
[2020-11-05T22:54:54.511+0800][gc,heap      ] GC(40) Archive regions: 2->2
[2020-11-05T22:54:54.511+0800][gc,heap      ] GC(40) Humongous regions: 130->130
[2020-11-05T22:54:54.511+0800][gc,metaspace ] GC(40) Metaspace: 27606K->27606K(1073152K)
[2020-11-05T22:54:54.511+0800][gc           ] GC(40) Pause Young (Normal) (G1 Evacuation Pause) 244M->197M(1024M) 12.409ms
[2020-11-05T22:54:54.511+0800][gc,cpu       ] GC(40) User=0.04s Sys=0.03s Real=0.02s
[2020-11-05T22:56:09.520+0800][gc,start     ] GC(41) Pause Young (Normal) (G1 Evacuation Pause)
[2020-11-05T22:56:09.521+0800][gc,task      ] GC(41) Using 8 workers of 8 for evacuation
[2020-11-05T22:56:09.544+0800][gc,mmu       ] GC(41) MMU target violated: 21.0ms (20.0ms/21.0ms)
[2020-11-05T22:56:09.544+0800][gc,phases    ] GC(41)   Pre Evacuate Collection Set: 0.1ms
[2020-11-05T22:56:09.545+0800][gc,phases    ] GC(41)   Evacuate Collection Set: 22.5ms
[2020-11-05T22:56:09.545+0800][gc,phases    ] GC(41)   Post Evacuate Collection Set: 0.4ms
[2020-11-05T22:56:09.545+0800][gc,phases    ] GC(41)   Other: 1.6ms
[2020-11-05T22:56:09.545+0800][gc,heap      ] GC(41) Eden regions: 54->0(47)
[2020-11-05T22:56:09.545+0800][gc,heap      ] GC(41) Survivor regions: 6->6(8)
[2020-11-05T22:56:09.545+0800][gc,heap      ] GC(41) Old regions: 62->63
[2020-11-05T22:56:09.545+0800][gc,heap      ] GC(41) Archive regions: 2->2
[2020-11-05T22:56:09.545+0800][gc,heap      ] GC(41) Humongous regions: 130->130
[2020-11-05T22:56:09.545+0800][gc,metaspace ] GC(41) Metaspace: 27610K->27610K(1073152K)
[2020-11-05T22:56:09.545+0800][gc           ] GC(41) Pause Young (Normal) (G1 Evacuation Pause) 251M->199M(1024M) 24.581ms
[2020-11-05T22:56:09.545+0800][gc,cpu       ] GC(41) User=0.07s Sys=0.05s Real=0.02s
[2020-11-05T22:57:14.209+0800][gc,start     ] GC(42) Pause Young (Normal) (G1 Evacuation Pause)
[2020-11-05T22:57:14.210+0800][gc,task      ] GC(42) Using 8 workers of 8 for evacuation
[2020-11-05T22:57:14.223+0800][gc,phases    ] GC(42)   Pre Evacuate Collection Set: 0.0ms
[2020-11-05T22:57:14.223+0800][gc,phases    ] GC(42)   Evacuate Collection Set: 12.5ms
[2020-11-05T22:57:14.223+0800][gc,phases    ] GC(42)   Post Evacuate Collection Set: 0.4ms
[2020-11-05T22:57:14.223+0800][gc,phases    ] GC(42)   Other: 1.0ms
[2020-11-05T22:57:14.223+0800][gc,heap      ] GC(42) Eden regions: 47->0(55)
[2020-11-05T22:57:14.223+0800][gc,heap      ] GC(42) Survivor regions: 6->4(7)
[2020-11-05T22:57:14.223+0800][gc,heap      ] GC(42) Old regions: 63->67
[2020-11-05T22:57:14.223+0800][gc,heap      ] GC(42) Archive regions: 2->2
[2020-11-05T22:57:14.223+0800][gc,heap      ] GC(42) Humongous regions: 130->130
[2020-11-05T22:57:14.223+0800][gc,metaspace ] GC(42) Metaspace: 27612K->27612K(1075200K)
[2020-11-05T22:57:14.223+0800][gc           ] GC(42) Pause Young (Normal) (G1 Evacuation Pause) 246M->200M(1024M) 14.164ms
[2020-11-05T22:57:14.223+0800][gc,cpu       ] GC(42) User=0.06s Sys=0.03s Real=0.02s
[2020-11-05T22:58:29.325+0800][gc,start     ] GC(43) Pause Young (Normal) (G1 Evacuation Pause)
[2020-11-05T22:58:29.325+0800][gc,task      ] GC(43) Using 8 workers of 8 for evacuation
[2020-11-05T22:58:29.371+0800][gc,mmu       ] GC(43) MMU target violated: 21.0ms (20.0ms/21.0ms)
[2020-11-05T22:58:29.371+0800][gc,phases    ] GC(43)   Pre Evacuate Collection Set: 0.1ms
[2020-11-05T22:58:29.371+0800][gc,phases    ] GC(43)   Evacuate Collection Set: 42.4ms
[2020-11-05T22:58:29.371+0800][gc,phases    ] GC(43)   Post Evacuate Collection Set: 1.4ms
[2020-11-05T22:58:29.371+0800][gc,phases    ] GC(43)   Other: 2.8ms
[2020-11-05T22:58:29.371+0800][gc,heap      ] GC(43) Eden regions: 55->0(44)
[2020-11-05T22:58:29.371+0800][gc,heap      ] GC(43) Survivor regions: 4->7(8)
[2020-11-05T22:58:29.371+0800][gc,heap      ] GC(43) Old regions: 67->67
[2020-11-05T22:58:29.371+0800][gc,heap      ] GC(43) Archive regions: 2->2
[2020-11-05T22:58:29.371+0800][gc,heap      ] GC(43) Humongous regions: 130->130
[2020-11-05T22:58:29.371+0800][gc,metaspace ] GC(43) Metaspace: 27612K->27612K(1075200K)
[2020-11-05T22:58:29.371+0800][gc           ] GC(43) Pause Young (Normal) (G1 Evacuation Pause) 255M->203M(1024M) 46.477ms
[2020-11-05T22:58:29.371+0800][gc,cpu       ] GC(43) User=0.04s Sys=0.07s Real=0.05s
[2020-11-05T22:59:30.704+0800][gc,start     ] GC(44) Pause Young (Normal) (G1 Evacuation Pause)
[2020-11-05T22:59:30.706+0800][gc,task      ] GC(44) Using 8 workers of 8 for evacuation
[2020-11-05T22:59:30.721+0800][gc,phases    ] GC(44)   Pre Evacuate Collection Set: 0.1ms
[2020-11-05T22:59:30.721+0800][gc,phases    ] GC(44)   Evacuate Collection Set: 13.1ms
[2020-11-05T22:59:30.721+0800][gc,phases    ] GC(44)   Post Evacuate Collection Set: 1.4ms
[2020-11-05T22:59:30.721+0800][gc,phases    ] GC(44)   Other: 2.1ms
[2020-11-05T22:59:30.721+0800][gc,heap      ] GC(44) Eden regions: 44->0(46)
[2020-11-05T22:59:30.721+0800][gc,heap      ] GC(44) Survivor regions: 7->5(7)
[2020-11-05T22:59:30.721+0800][gc,heap      ] GC(44) Old regions: 67->70
[2020-11-05T22:59:30.721+0800][gc,heap      ] GC(44) Archive regions: 2->2
[2020-11-05T22:59:30.721+0800][gc,heap      ] GC(44) Humongous regions: 130->130
[2020-11-05T22:59:30.721+0800][gc,metaspace ] GC(44) Metaspace: 27612K->27612K(1075200K)
[2020-11-05T22:59:30.721+0800][gc           ] GC(44) Pause Young (Normal) (G1 Evacuation Pause) 247M->204M(1024M) 16.848ms
[2020-11-05T22:59:30.721+0800][gc,cpu       ] GC(44) User=0.08s Sys=0.02s Real=0.02s
[2020-11-05T23:00:34.744+0800][gc,start     ] GC(45) Pause Young (Normal) (G1 Evacuation Pause)
[2020-11-05T23:00:34.745+0800][gc,task      ] GC(45) Using 8 workers of 8 for evacuation
[2020-11-05T23:00:34.773+0800][gc,mmu       ] GC(45) MMU target violated: 21.0ms (20.0ms/21.0ms)
[2020-11-05T23:00:34.773+0800][gc,phases    ] GC(45)   Pre Evacuate Collection Set: 0.1ms
[2020-11-05T23:00:34.773+0800][gc,phases    ] GC(45)   Evacuate Collection Set: 22.1ms
[2020-11-05T23:00:34.773+0800][gc,phases    ] GC(45)   Post Evacuate Collection Set: 1.1ms
[2020-11-05T23:00:34.773+0800][gc,phases    ] GC(45)   Other: 5.4ms
[2020-11-05T23:00:34.773+0800][gc,heap      ] GC(45) Eden regions: 46->0(47)
[2020-11-05T23:00:34.773+0800][gc,heap      ] GC(45) Survivor regions: 5->4(7)
[2020-11-05T23:00:34.773+0800][gc,heap      ] GC(45) Old regions: 70->72
[2020-11-05T23:00:34.773+0800][gc,heap      ] GC(45) Archive regions: 2->2
[2020-11-05T23:00:34.773+0800][gc,heap      ] GC(45) Humongous regions: 130->130
[2020-11-05T23:00:34.773+0800][gc,metaspace ] GC(45) Metaspace: 27615K->27615K(1075200K)
[2020-11-05T23:00:34.773+0800][gc           ] GC(45) Pause Young (Normal) (G1 Evacuation Pause) 250M->205M(1024M) 28.769ms
[2020-11-05T23:00:34.773+0800][gc,cpu       ] GC(45) User=0.05s Sys=0.08s Real=0.03s
[2020-11-05T23:01:40.211+0800][gc,start     ] GC(46) Pause Young (Normal) (G1 Evacuation Pause)
[2020-11-05T23:01:40.212+0800][gc,task      ] GC(46) Using 8 workers of 8 for evacuation
[2020-11-05T23:01:40.231+0800][gc,phases    ] GC(46)   Pre Evacuate Collection Set: 0.1ms
[2020-11-05T23:01:40.231+0800][gc,phases    ] GC(46)   Evacuate Collection Set: 18.7ms
[2020-11-05T23:01:40.231+0800][gc,phases    ] GC(46)   Post Evacuate Collection Set: 0.3ms
[2020-11-05T23:01:40.231+0800][gc,phases    ] GC(46)   Other: 1.5ms
[2020-11-05T23:01:40.231+0800][gc,heap      ] GC(46) Eden regions: 47->0(45)
[2020-11-05T23:01:40.231+0800][gc,heap      ] GC(46) Survivor regions: 4->6(7)
[2020-11-05T23:01:40.231+0800][gc,heap      ] GC(46) Old regions: 72->72
[2020-11-05T23:01:40.231+0800][gc,heap      ] GC(46) Archive regions: 2->2
[2020-11-05T23:01:40.231+0800][gc,heap      ] GC(46) Humongous regions: 130->130
[2020-11-05T23:01:40.231+0800][gc,metaspace ] GC(46) Metaspace: 27617K->27617K(1075200K)
[2020-11-05T23:01:40.232+0800][gc           ] GC(46) Pause Young (Normal) (G1 Evacuation Pause) 252M->207M(1024M) 20.673ms
[2020-11-05T23:01:40.232+0800][gc,cpu       ] GC(46) User=0.06s Sys=0.06s Real=0.02s
[2020-11-05T23:02:42.565+0800][gc,start     ] GC(47) Pause Young (Normal) (G1 Evacuation Pause)
[2020-11-05T23:02:42.566+0800][gc,task      ] GC(47) Using 8 workers of 8 for evacuation
[2020-11-05T23:02:42.578+0800][gc,phases    ] GC(47)   Pre Evacuate Collection Set: 0.0ms
[2020-11-05T23:02:42.578+0800][gc,phases    ] GC(47)   Evacuate Collection Set: 10.9ms
[2020-11-05T23:02:42.578+0800][gc,phases    ] GC(47)   Post Evacuate Collection Set: 0.5ms
[2020-11-05T23:02:42.578+0800][gc,phases    ] GC(47)   Other: 1.3ms
[2020-11-05T23:02:42.578+0800][gc,heap      ] GC(47) Eden regions: 45->0(47)
[2020-11-05T23:02:42.578+0800][gc,heap      ] GC(47) Survivor regions: 6->4(7)
[2020-11-05T23:02:42.578+0800][gc,heap      ] GC(47) Old regions: 72->75
[2020-11-05T23:02:42.578+0800][gc,heap      ] GC(47) Archive regions: 2->2
[2020-11-05T23:02:42.578+0800][gc,heap      ] GC(47) Humongous regions: 130->130
[2020-11-05T23:02:42.578+0800][gc,metaspace ] GC(47) Metaspace: 27617K->27617K(1075200K)
[2020-11-05T23:02:42.578+0800][gc           ] GC(47) Pause Young (Normal) (G1 Evacuation Pause) 252M->208M(1024M) 13.027ms
[2020-11-05T23:02:42.578+0800][gc,cpu       ] GC(47) User=0.05s Sys=0.01s Real=0.01s
[2020-11-05T23:03:47.339+0800][gc,start     ] GC(48) Pause Young (Normal) (G1 Evacuation Pause)
[2020-11-05T23:03:47.340+0800][gc,task      ] GC(48) Using 8 workers of 8 for evacuation
[2020-11-05T23:03:47.356+0800][gc,phases    ] GC(48)   Pre Evacuate Collection Set: 0.0ms
[2020-11-05T23:03:47.356+0800][gc,phases    ] GC(48)   Evacuate Collection Set: 15.4ms
[2020-11-05T23:03:47.356+0800][gc,phases    ] GC(48)   Post Evacuate Collection Set: 0.4ms
[2020-11-05T23:03:47.356+0800][gc,phases    ] GC(48)   Other: 1.3ms
[2020-11-05T23:03:47.356+0800][gc,heap      ] GC(48) Eden regions: 47->0(46)
[2020-11-05T23:03:47.356+0800][gc,heap      ] GC(48) Survivor regions: 4->6(7)
[2020-11-05T23:03:47.356+0800][gc,heap      ] GC(48) Old regions: 75->75
[2020-11-05T23:03:47.356+0800][gc,heap      ] GC(48) Archive regions: 2->2
[2020-11-05T23:03:47.356+0800][gc,heap      ] GC(48) Humongous regions: 130->130
[2020-11-05T23:03:47.356+0800][gc,metaspace ] GC(48) Metaspace: 27622K->27622K(1075200K)
[2020-11-05T23:03:47.356+0800][gc           ] GC(48) Pause Young (Normal) (G1 Evacuation Pause) 255M->210M(1024M) 17.340ms
[2020-11-05T23:03:47.356+0800][gc,cpu       ] GC(48) User=0.04s Sys=0.05s Real=0.02s
[2020-11-05T23:04:49.149+0800][gc,start     ] GC(49) Pause Young (Normal) (G1 Evacuation Pause)
[2020-11-05T23:04:49.150+0800][gc,task      ] GC(49) Using 8 workers of 8 for evacuation
[2020-11-05T23:04:49.160+0800][gc,phases    ] GC(49)   Pre Evacuate Collection Set: 0.0ms
[2020-11-05T23:04:49.160+0800][gc,phases    ] GC(49)   Evacuate Collection Set: 9.1ms
[2020-11-05T23:04:49.160+0800][gc,phases    ] GC(49)   Post Evacuate Collection Set: 0.4ms
[2020-11-05T23:04:49.160+0800][gc,phases    ] GC(49)   Other: 1.3ms
[2020-11-05T23:04:49.160+0800][gc,heap      ] GC(49) Eden regions: 45->0(46)
[2020-11-05T23:04:49.160+0800][gc,heap      ] GC(49) Survivor regions: 6->6(7)
[2020-11-05T23:04:49.160+0800][gc,heap      ] GC(49) Old regions: 75->76
[2020-11-05T23:04:49.160+0800][gc,heap      ] GC(49) Archive regions: 2->2
[2020-11-05T23:04:49.160+0800][gc,heap      ] GC(49) Humongous regions: 130->130
[2020-11-05T23:04:49.160+0800][gc,metaspace ] GC(49) Metaspace: 27623K->27623K(1075200K)
[2020-11-05T23:04:49.160+0800][gc           ] GC(49) Pause Young (Normal) (G1 Evacuation Pause) 255M->212M(1024M) 11.049ms
[2020-11-05T23:04:49.160+0800][gc,cpu       ] GC(49) User=0.07s Sys=0.01s Real=0.02s
[2020-11-05T23:05:51.482+0800][gc,start     ] GC(50) Pause Young (Normal) (G1 Evacuation Pause)
[2020-11-05T23:05:51.482+0800][gc,task      ] GC(50) Using 8 workers of 8 for evacuation
[2020-11-05T23:05:51.493+0800][gc,phases    ] GC(50)   Pre Evacuate Collection Set: 0.1ms
[2020-11-05T23:05:51.493+0800][gc,phases    ] GC(50)   Evacuate Collection Set: 9.1ms
[2020-11-05T23:05:51.493+0800][gc,phases    ] GC(50)   Post Evacuate Collection Set: 0.5ms
[2020-11-05T23:05:51.493+0800][gc,phases    ] GC(50)   Other: 1.7ms
[2020-11-05T23:05:51.493+0800][gc,heap      ] GC(50) Eden regions: 45->0(55)
[2020-11-05T23:05:51.493+0800][gc,heap      ] GC(50) Survivor regions: 6->5(7)
[2020-11-05T23:05:51.493+0800][gc,heap      ] GC(50) Old regions: 76->79
[2020-11-05T23:05:51.493+0800][gc,heap      ] GC(50) Archive regions: 2->2
[2020-11-05T23:05:51.493+0800][gc,heap      ] GC(50) Humongous regions: 130->130
[2020-11-05T23:05:51.493+0800][gc,metaspace ] GC(50) Metaspace: 27631K->27631K(1075200K)
[2020-11-05T23:05:51.493+0800][gc           ] GC(50) Pause Young (Normal) (G1 Evacuation Pause) 257M->213M(1024M) 11.497ms
[2020-11-05T23:05:51.493+0800][gc,cpu       ] GC(50) User=0.06s Sys=0.00s Real=0.01s
[2020-11-05T23:07:06.449+0800][gc,start     ] GC(51) Pause Young (Normal) (G1 Evacuation Pause)
[2020-11-05T23:07:06.451+0800][gc,task      ] GC(51) Using 8 workers of 8 for evacuation
[2020-11-05T23:07:06.479+0800][gc,mmu       ] GC(51) MMU target violated: 21.0ms (20.0ms/21.0ms)
[2020-11-05T23:07:06.479+0800][gc,phases    ] GC(51)   Pre Evacuate Collection Set: 0.1ms
[2020-11-05T23:07:06.479+0800][gc,phases    ] GC(51)   Evacuate Collection Set: 24.0ms
[2020-11-05T23:07:06.479+0800][gc,phases    ] GC(51)   Post Evacuate Collection Set: 0.8ms
[2020-11-05T23:07:06.479+0800][gc,phases    ] GC(51)   Other: 4.9ms
[2020-11-05T23:07:06.479+0800][gc,heap      ] GC(51) Eden regions: 55->0(44)
[2020-11-05T23:07:06.479+0800][gc,heap      ] GC(51) Survivor regions: 5->7(8)
[2020-11-05T23:07:06.479+0800][gc,heap      ] GC(51) Old regions: 79->79
[2020-11-05T23:07:06.479+0800][gc,heap      ] GC(51) Archive regions: 2->2
[2020-11-05T23:07:06.479+0800][gc,heap      ] GC(51) Humongous regions: 130->130
[2020-11-05T23:07:06.479+0800][gc,metaspace ] GC(51) Metaspace: 27636K->27636K(1075200K)
[2020-11-05T23:07:06.479+0800][gc           ] GC(51) Pause Young (Normal) (G1 Evacuation Pause) 268M->215M(1024M) 29.920ms
[2020-11-05T23:07:06.479+0800][gc,cpu       ] GC(51) User=0.05s Sys=0.08s Real=0.03s
[2020-11-05T23:08:06.008+0800][gc,start     ] GC(52) Pause Young (Normal) (G1 Evacuation Pause)
[2020-11-05T23:08:06.009+0800][gc,task      ] GC(52) Using 8 workers of 8 for evacuation
[2020-11-05T23:08:06.016+0800][gc,phases    ] GC(52)   Pre Evacuate Collection Set: 0.0ms
[2020-11-05T23:08:06.016+0800][gc,phases    ] GC(52)   Evacuate Collection Set: 6.3ms
[2020-11-05T23:08:06.016+0800][gc,phases    ] GC(52)   Post Evacuate Collection Set: 0.3ms
[2020-11-05T23:08:06.016+0800][gc,phases    ] GC(52)   Other: 0.6ms
[2020-11-05T23:08:06.016+0800][gc,heap      ] GC(52) Eden regions: 44->0(55)
[2020-11-05T23:08:06.016+0800][gc,heap      ] GC(52) Survivor regions: 7->5(7)
[2020-11-05T23:08:06.016+0800][gc,heap      ] GC(52) Old regions: 79->82
[2020-11-05T23:08:06.016+0800][gc,heap      ] GC(52) Archive regions: 2->2
[2020-11-05T23:08:06.016+0800][gc,heap      ] GC(52) Humongous regions: 130->130
[2020-11-05T23:08:06.016+0800][gc,metaspace ] GC(52) Metaspace: 27638K->27638K(1075200K)
[2020-11-05T23:08:06.016+0800][gc           ] GC(52) Pause Young (Normal) (G1 Evacuation Pause) 259M->216M(1024M) 7.323ms
[2020-11-05T23:08:06.016+0800][gc,cpu       ] GC(52) User=0.04s Sys=0.00s Real=0.01s
[2020-11-05T23:09:20.926+0800][gc,start     ] GC(53) Pause Young (Normal) (G1 Evacuation Pause)
[2020-11-05T23:09:20.927+0800][gc,task      ] GC(53) Using 8 workers of 8 for evacuation
[2020-11-05T23:09:20.952+0800][gc,mmu       ] GC(53) MMU target violated: 21.0ms (20.0ms/21.0ms)
[2020-11-05T23:09:20.952+0800][gc,phases    ] GC(53)   Pre Evacuate Collection Set: 0.1ms
[2020-11-05T23:09:20.952+0800][gc,phases    ] GC(53)   Evacuate Collection Set: 21.8ms
[2020-11-05T23:09:20.952+0800][gc,phases    ] GC(53)   Post Evacuate Collection Set: 0.8ms
[2020-11-05T23:09:20.952+0800][gc,phases    ] GC(53)   Other: 3.3ms
[2020-11-05T23:09:20.952+0800][gc,heap      ] GC(53) Eden regions: 55->0(44)
[2020-11-05T23:09:20.952+0800][gc,heap      ] GC(53) Survivor regions: 5->7(8)
[2020-11-05T23:09:20.952+0800][gc,heap      ] GC(53) Old regions: 82->82
[2020-11-05T23:09:20.952+0800][gc,heap      ] GC(53) Archive regions: 2->2
[2020-11-05T23:09:20.952+0800][gc,heap      ] GC(53) Humongous regions: 130->130
[2020-11-05T23:09:20.952+0800][gc,metaspace ] GC(53) Metaspace: 27642K->27642K(1075200K)
[2020-11-05T23:09:20.952+0800][gc           ] GC(53) Pause Young (Normal) (G1 Evacuation Pause) 271M->218M(1024M) 26.062ms
[2020-11-05T23:09:20.952+0800][gc,cpu       ] GC(53) User=0.04s Sys=0.08s Real=0.03s
[2020-11-05T23:10:21.801+0800][gc,start     ] GC(54) Pause Young (Normal) (G1 Evacuation Pause)
[2020-11-05T23:10:21.802+0800][gc,task      ] GC(54) Using 8 workers of 8 for evacuation
[2020-11-05T23:10:21.816+0800][gc,phases    ] GC(54)   Pre Evacuate Collection Set: 0.1ms
[2020-11-05T23:10:21.816+0800][gc,phases    ] GC(54)   Evacuate Collection Set: 12.5ms
[2020-11-05T23:10:21.816+0800][gc,phases    ] GC(54)   Post Evacuate Collection Set: 0.5ms
[2020-11-05T23:10:21.816+0800][gc,phases    ] GC(54)   Other: 1.4ms
[2020-11-05T23:10:21.816+0800][gc,heap      ] GC(54) Eden regions: 44->0(56)
[2020-11-05T23:10:21.816+0800][gc,heap      ] GC(54) Survivor regions: 7->5(7)
[2020-11-05T23:10:21.816+0800][gc,heap      ] GC(54) Old regions: 82->86
[2020-11-05T23:10:21.816+0800][gc,heap      ] GC(54) Archive regions: 2->2
[2020-11-05T23:10:21.816+0800][gc,heap      ] GC(54) Humongous regions: 130->130
[2020-11-05T23:10:21.816+0800][gc,metaspace ] GC(54) Metaspace: 27642K->27642K(1075200K)
[2020-11-05T23:10:21.816+0800][gc           ] GC(54) Pause Young (Normal) (G1 Evacuation Pause) 262M->220M(1024M) 14.839ms
[2020-11-05T23:10:21.816+0800][gc,cpu       ] GC(54) User=0.07s Sys=0.02s Real=0.01s
[2020-11-05T23:11:24.981+0800][gc,start     ] GC(55) Pause Young (Normal) (G1 Evacuation Pause)
[2020-11-05T23:11:24.982+0800][gc,task      ] GC(55) Using 8 workers of 8 for evacuation
[2020-11-05T23:11:25.017+0800][gc,mmu       ] GC(55) MMU target violated: 21.0ms (20.0ms/21.0ms)
[2020-11-05T23:11:25.017+0800][gc,phases    ] GC(55)   Pre Evacuate Collection Set: 0.1ms
[2020-11-05T23:11:25.017+0800][gc,phases    ] GC(55)   Evacuate Collection Set: 30.2ms
[2020-11-05T23:11:25.018+0800][gc,phases    ] GC(55)   Post Evacuate Collection Set: 2.6ms
[2020-11-05T23:11:25.018+0800][gc,phases    ] GC(55)   Other: 3.3ms
[2020-11-05T23:11:25.018+0800][gc,heap      ] GC(55) Eden regions: 50->0(45)
[2020-11-05T23:11:25.018+0800][gc,heap      ] GC(55) Survivor regions: 5->6(7)
[2020-11-05T23:11:25.018+0800][gc,heap      ] GC(55) Old regions: 86->87
[2020-11-05T23:11:25.018+0800][gc,heap      ] GC(55) Archive regions: 2->2
[2020-11-05T23:11:25.018+0800][gc,heap      ] GC(55) Humongous regions: 130->130
[2020-11-05T23:11:25.018+0800][gc,metaspace ] GC(55) Metaspace: 27682K->27682K(1075200K)
[2020-11-05T23:11:25.018+0800][gc           ] GC(55) Pause Young (Normal) (G1 Evacuation Pause) 270M->223M(1024M) 36.438ms
[2020-11-05T23:11:25.018+0800][gc,cpu       ] GC(55) User=0.05s Sys=0.08s Real=0.03s
[2020-11-05T23:12:27.571+0800][gc,start     ] GC(56) Pause Young (Normal) (G1 Evacuation Pause)
[2020-11-05T23:12:27.572+0800][gc,task      ] GC(56) Using 8 workers of 8 for evacuation
[2020-11-05T23:12:27.581+0800][gc,phases    ] GC(56)   Pre Evacuate Collection Set: 0.0ms
[2020-11-05T23:12:27.581+0800][gc,phases    ] GC(56)   Evacuate Collection Set: 8.3ms
[2020-11-05T23:12:27.581+0800][gc,phases    ] GC(56)   Post Evacuate Collection Set: 0.5ms
[2020-11-05T23:12:27.581+0800][gc,phases    ] GC(56)   Other: 0.6ms
[2020-11-05T23:12:27.581+0800][gc,heap      ] GC(56) Eden regions: 45->0(63)
[2020-11-05T23:12:27.581+0800][gc,heap      ] GC(56) Survivor regions: 6->2(7)
[2020-11-05T23:12:27.581+0800][gc,heap      ] GC(56) Old regions: 87->92
[2020-11-05T23:12:27.581+0800][gc,heap      ] GC(56) Archive regions: 2->2
[2020-11-05T23:12:27.581+0800][gc,heap      ] GC(56) Humongous regions: 130->130
[2020-11-05T23:12:27.581+0800][gc,metaspace ] GC(56) Metaspace: 27682K->27682K(1075200K)
[2020-11-05T23:12:27.581+0800][gc           ] GC(56) Pause Young (Normal) (G1 Evacuation Pause) 268M->224M(1024M) 9.588ms
[2020-11-05T23:12:27.581+0800][gc,cpu       ] GC(56) User=0.03s Sys=0.01s Real=0.01s
[2020-11-05T23:13:54.728+0800][gc,start     ] GC(57) Pause Young (Normal) (G1 Evacuation Pause)
[2020-11-05T23:13:54.729+0800][gc,task      ] GC(57) Using 8 workers of 8 for evacuation
[2020-11-05T23:13:54.742+0800][gc,phases    ] GC(57)   Pre Evacuate Collection Set: 0.0ms
[2020-11-05T23:13:54.742+0800][gc,phases    ] GC(57)   Evacuate Collection Set: 11.8ms
[2020-11-05T23:13:54.742+0800][gc,phases    ] GC(57)   Post Evacuate Collection Set: 0.3ms
[2020-11-05T23:13:54.742+0800][gc,phases    ] GC(57)   Other: 1.3ms
[2020-11-05T23:13:54.742+0800][gc,heap      ] GC(57) Eden regions: 63->0(49)
[2020-11-05T23:13:54.742+0800][gc,heap      ] GC(57) Survivor regions: 2->4(9)
[2020-11-05T23:13:54.742+0800][gc,heap      ] GC(57) Old regions: 92->92
[2020-11-05T23:13:54.742+0800][gc,heap      ] GC(57) Archive regions: 2->2
[2020-11-05T23:13:54.742+0800][gc,heap      ] GC(57) Humongous regions: 130->130
[2020-11-05T23:13:54.742+0800][gc,metaspace ] GC(57) Metaspace: 27683K->27683K(1075200K)
[2020-11-05T23:13:54.742+0800][gc           ] GC(57) Pause Young (Normal) (G1 Evacuation Pause) 287M->226M(1024M) 13.631ms
[2020-11-05T23:13:54.742+0800][gc,cpu       ] GC(57) User=0.03s Sys=0.03s Real=0.02s
[2020-11-05T23:15:02.352+0800][gc,start     ] GC(58) Pause Young (Normal) (G1 Evacuation Pause)
[2020-11-05T23:15:02.352+0800][gc,task      ] GC(58) Using 8 workers of 8 for evacuation
[2020-11-05T23:15:02.362+0800][gc,phases    ] GC(58)   Pre Evacuate Collection Set: 0.0ms
[2020-11-05T23:15:02.362+0800][gc,phases    ] GC(58)   Evacuate Collection Set: 10.1ms
[2020-11-05T23:15:02.362+0800][gc,phases    ] GC(58)   Post Evacuate Collection Set: 0.2ms
[2020-11-05T23:15:02.362+0800][gc,phases    ] GC(58)   Other: 0.5ms
[2020-11-05T23:15:02.362+0800][gc,heap      ] GC(58) Eden regions: 49->0(54)
[2020-11-05T23:15:02.362+0800][gc,heap      ] GC(58) Survivor regions: 4->5(7)
[2020-11-05T23:15:02.362+0800][gc,heap      ] GC(58) Old regions: 92->93
[2020-11-05T23:15:02.362+0800][gc,heap      ] GC(58) Archive regions: 2->2
[2020-11-05T23:15:02.363+0800][gc,heap      ] GC(58) Humongous regions: 130->130
[2020-11-05T23:15:02.363+0800][gc,metaspace ] GC(58) Metaspace: 27706K->27706K(1075200K)
[2020-11-05T23:15:02.363+0800][gc           ] GC(58) Pause Young (Normal) (G1 Evacuation Pause) 275M->227M(1024M) 10.935ms
[2020-11-05T23:15:02.363+0800][gc,cpu       ] GC(58) User=0.02s Sys=0.03s Real=0.01s
[2020-11-05T23:16:16.487+0800][gc,start     ] GC(59) Pause Young (Normal) (G1 Evacuation Pause)
[2020-11-05T23:16:16.488+0800][gc,task      ] GC(59) Using 8 workers of 8 for evacuation
[2020-11-05T23:16:16.505+0800][gc,phases    ] GC(59)   Pre Evacuate Collection Set: 0.1ms
[2020-11-05T23:16:16.505+0800][gc,phases    ] GC(59)   Evacuate Collection Set: 14.6ms
[2020-11-05T23:16:16.505+0800][gc,phases    ] GC(59)   Post Evacuate Collection Set: 0.7ms
[2020-11-05T23:16:16.505+0800][gc,phases    ] GC(59)   Other: 3.1ms
[2020-11-05T23:16:16.505+0800][gc,heap      ] GC(59) Eden regions: 54->0(55)
[2020-11-05T23:16:16.505+0800][gc,heap      ] GC(59) Survivor regions: 5->4(8)
[2020-11-05T23:16:16.505+0800][gc,heap      ] GC(59) Old regions: 93->95
[2020-11-05T23:16:16.505+0800][gc,heap      ] GC(59) Archive regions: 2->2
[2020-11-05T23:16:16.505+0800][gc,heap      ] GC(59) Humongous regions: 130->130
[2020-11-05T23:16:16.505+0800][gc,metaspace ] GC(59) Metaspace: 27707K->27707K(1075200K)
[2020-11-05T23:16:16.505+0800][gc           ] GC(59) Pause Young (Normal) (G1 Evacuation Pause) 281M->229M(1024M) 18.647ms
[2020-11-05T23:16:16.505+0800][gc,cpu       ] GC(59) User=0.04s Sys=0.05s Real=0.02s
[2020-11-05T23:17:32.403+0800][gc,start     ] GC(60) Pause Young (Normal) (G1 Evacuation Pause)
[2020-11-05T23:17:32.403+0800][gc,task      ] GC(60) Using 8 workers of 8 for evacuation
[2020-11-05T23:17:32.414+0800][gc,phases    ] GC(60)   Pre Evacuate Collection Set: 0.0ms
[2020-11-05T23:17:32.414+0800][gc,phases    ] GC(60)   Evacuate Collection Set: 10.9ms
[2020-11-05T23:17:32.414+0800][gc,phases    ] GC(60)   Post Evacuate Collection Set: 0.3ms
[2020-11-05T23:17:32.414+0800][gc,phases    ] GC(60)   Other: 0.6ms
[2020-11-05T23:17:32.414+0800][gc,heap      ] GC(60) Eden regions: 55->0(58)
[2020-11-05T23:17:32.414+0800][gc,heap      ] GC(60) Survivor regions: 4->7(8)
[2020-11-05T23:17:32.414+0800][gc,heap      ] GC(60) Old regions: 95->95
[2020-11-05T23:17:32.414+0800][gc,heap      ] GC(60) Archive regions: 2->2
[2020-11-05T23:17:32.415+0800][gc,heap      ] GC(60) Humongous regions: 130->130
[2020-11-05T23:17:32.415+0800][gc,metaspace ] GC(60) Metaspace: 27707K->27707K(1075200K)
[2020-11-05T23:17:32.415+0800][gc           ] GC(60) Pause Young (Normal) (G1 Evacuation Pause) 284M->231M(1024M) 11.965ms
[2020-11-05T23:17:32.415+0800][gc,cpu       ] GC(60) User=0.04s Sys=0.02s Real=0.01s
[2020-11-05T23:18:51.388+0800][gc,start     ] GC(61) Pause Young (Normal) (G1 Evacuation Pause)
[2020-11-05T23:18:51.389+0800][gc,task      ] GC(61) Using 8 workers of 8 for evacuation
[2020-11-05T23:18:51.406+0800][gc,phases    ] GC(61)   Pre Evacuate Collection Set: 0.1ms
[2020-11-05T23:18:51.407+0800][gc,phases    ] GC(61)   Evacuate Collection Set: 17.0ms
[2020-11-05T23:18:51.407+0800][gc,phases    ] GC(61)   Post Evacuate Collection Set: 0.5ms
[2020-11-05T23:18:51.407+0800][gc,phases    ] GC(61)   Other: 1.5ms
[2020-11-05T23:18:51.407+0800][gc,heap      ] GC(61) Eden regions: 57->0(60)
[2020-11-05T23:18:51.407+0800][gc,heap      ] GC(61) Survivor regions: 7->5(8)
[2020-11-05T23:18:51.407+0800][gc,heap      ] GC(61) Old regions: 95->98
[2020-11-05T23:18:51.407+0800][gc,heap      ] GC(61) Archive regions: 2->2
[2020-11-05T23:18:51.407+0800][gc,heap      ] GC(61) Humongous regions: 130->130
[2020-11-05T23:18:51.407+0800][gc,metaspace ] GC(61) Metaspace: 27707K->27707K(1075200K)
[2020-11-05T23:18:51.407+0800][gc           ] GC(61) Pause Young (Normal) (G1 Evacuation Pause) 288M->232M(1024M) 19.249ms
[2020-11-05T23:18:51.407+0800][gc,cpu       ] GC(61) User=0.08s Sys=0.03s Real=0.02s
[2020-11-05T23:20:14.142+0800][gc,start     ] GC(62) Pause Young (Normal) (G1 Evacuation Pause)
[2020-11-05T23:20:14.143+0800][gc,task      ] GC(62) Using 8 workers of 8 for evacuation
[2020-11-05T23:20:14.163+0800][gc,mmu       ] GC(62) MMU target violated: 20.5ms (20.0ms/21.0ms)
[2020-11-05T23:20:14.163+0800][gc,phases    ] GC(62)   Pre Evacuate Collection Set: 0.1ms
[2020-11-05T23:20:14.163+0800][gc,phases    ] GC(62)   Evacuate Collection Set: 18.4ms
[2020-11-05T23:20:14.163+0800][gc,phases    ] GC(62)   Post Evacuate Collection Set: 0.7ms
[2020-11-05T23:20:14.163+0800][gc,phases    ] GC(62)   Other: 1.8ms
[2020-11-05T23:20:14.163+0800][gc,heap      ] GC(62) Eden regions: 60->0(51)
[2020-11-05T23:20:14.163+0800][gc,heap      ] GC(62) Survivor regions: 5->6(9)
[2020-11-05T23:20:14.163+0800][gc,heap      ] GC(62) Old regions: 98->98
[2020-11-05T23:20:14.163+0800][gc,heap      ] GC(62) Archive regions: 2->2
[2020-11-05T23:20:14.163+0800][gc,heap      ] GC(62) Humongous regions: 130->130
[2020-11-05T23:20:14.163+0800][gc,metaspace ] GC(62) Metaspace: 27710K->27710K(1075200K)
[2020-11-05T23:20:14.163+0800][gc           ] GC(62) Pause Young (Normal) (G1 Evacuation Pause) 292M->234M(1024M) 21.102ms
[2020-11-05T23:20:14.163+0800][gc,cpu       ] GC(62) User=0.04s Sys=0.06s Real=0.02s
[2020-11-05T23:21:15.717+0800][gc,start     ] GC(63) Pause Young (Normal) (G1 Evacuation Pause)
[2020-11-05T23:21:15.718+0800][gc,task      ] GC(63) Using 8 workers of 8 for evacuation
[2020-11-05T23:21:15.730+0800][gc,phases    ] GC(63)   Pre Evacuate Collection Set: 0.1ms
[2020-11-05T23:21:15.730+0800][gc,phases    ] GC(63)   Evacuate Collection Set: 11.6ms
[2020-11-05T23:21:15.730+0800][gc,phases    ] GC(63)   Post Evacuate Collection Set: 0.4ms
[2020-11-05T23:21:15.730+0800][gc,phases    ] GC(63)   Other: 1.4ms
[2020-11-05T23:21:15.730+0800][gc,heap      ] GC(63) Eden regions: 45->0(48)
[2020-11-05T23:21:15.730+0800][gc,heap      ] GC(63) Survivor regions: 6->5(7)
[2020-11-05T23:21:15.730+0800][gc,heap      ] GC(63) Old regions: 98->102
[2020-11-05T23:21:15.730+0800][gc,heap      ] GC(63) Archive regions: 2->2
[2020-11-05T23:21:15.730+0800][gc,heap      ] GC(63) Humongous regions: 130->130
[2020-11-05T23:21:15.730+0800][gc,metaspace ] GC(63) Metaspace: 27712K->27712K(1075200K)
[2020-11-05T23:21:15.731+0800][gc           ] GC(63) Pause Young (Normal) (G1 Evacuation Pause) 279M->236M(1024M) 14.381ms
[2020-11-05T23:21:15.731+0800][gc,cpu       ] GC(63) User=0.08s Sys=0.01s Real=0.02s
[2020-11-05T23:22:24.943+0800][gc,start     ] GC(64) Pause Young (Normal) (G1 Evacuation Pause)
[2020-11-05T23:22:24.944+0800][gc,task      ] GC(64) Using 8 workers of 8 for evacuation
[2020-11-05T23:22:24.971+0800][gc,mmu       ] GC(64) MMU target violated: 21.0ms (20.0ms/21.0ms)
[2020-11-05T23:22:24.971+0800][gc,phases    ] GC(64)   Pre Evacuate Collection Set: 0.1ms
[2020-11-05T23:22:24.971+0800][gc,phases    ] GC(64)   Evacuate Collection Set: 26.0ms
[2020-11-05T23:22:24.971+0800][gc,phases    ] GC(64)   Post Evacuate Collection Set: 0.4ms
[2020-11-05T23:22:24.971+0800][gc,phases    ] GC(64)   Other: 2.1ms
[2020-11-05T23:22:24.971+0800][gc,heap      ] GC(64) Eden regions: 48->0(47)
[2020-11-05T23:22:24.971+0800][gc,heap      ] GC(64) Survivor regions: 5->4(7)
[2020-11-05T23:22:24.971+0800][gc,heap      ] GC(64) Old regions: 102->104
[2020-11-05T23:22:24.971+0800][gc,heap      ] GC(64) Archive regions: 2->2
[2020-11-05T23:22:24.971+0800][gc,heap      ] GC(64) Humongous regions: 130->130
[2020-11-05T23:22:24.971+0800][gc,metaspace ] GC(64) Metaspace: 27712K->27712K(1075200K)
[2020-11-05T23:22:24.972+0800][gc           ] GC(64) Pause Young (Normal) (G1 Evacuation Pause) 284M->238M(1024M) 28.665ms
[2020-11-05T23:22:24.972+0800][gc,cpu       ] GC(64) User=0.05s Sys=0.08s Real=0.03s
[2020-11-05T23:23:43.361+0800][gc,start     ] GC(65) Pause Young (Normal) (G1 Evacuation Pause)
[2020-11-05T23:23:43.362+0800][gc,task      ] GC(65) Using 8 workers of 8 for evacuation
[2020-11-05T23:23:43.373+0800][gc,phases    ] GC(65)   Pre Evacuate Collection Set: 0.1ms
[2020-11-05T23:23:43.373+0800][gc,phases    ] GC(65)   Evacuate Collection Set: 9.7ms
[2020-11-05T23:23:43.373+0800][gc,phases    ] GC(65)   Post Evacuate Collection Set: 0.3ms
[2020-11-05T23:23:43.373+0800][gc,phases    ] GC(65)   Other: 1.6ms
[2020-11-05T23:23:43.373+0800][gc,heap      ] GC(65) Eden regions: 47->0(48)
[2020-11-05T23:23:43.373+0800][gc,heap      ] GC(65) Survivor regions: 4->4(7)
[2020-11-05T23:23:43.373+0800][gc,heap      ] GC(65) Old regions: 104->106
[2020-11-05T23:23:43.373+0800][gc,heap      ] GC(65) Archive regions: 2->2
[2020-11-05T23:23:43.373+0800][gc,heap      ] GC(65) Humongous regions: 130->130
[2020-11-05T23:23:43.373+0800][gc,metaspace ] GC(65) Metaspace: 27712K->27712K(1075200K)
[2020-11-05T23:23:43.373+0800][gc           ] GC(65) Pause Young (Normal) (G1 Evacuation Pause) 285M->239M(1024M) 11.967ms
[2020-11-05T23:23:43.373+0800][gc,cpu       ] GC(65) User=0.06s Sys=0.01s Real=0.01s
[2020-11-05T23:25:03.224+0800][gc,start     ] GC(66) Pause Young (Normal) (G1 Evacuation Pause)
[2020-11-05T23:25:03.225+0800][gc,task      ] GC(66) Using 8 workers of 8 for evacuation
[2020-11-05T23:25:03.238+0800][gc,phases    ] GC(66)   Pre Evacuate Collection Set: 0.1ms
[2020-11-05T23:25:03.238+0800][gc,phases    ] GC(66)   Evacuate Collection Set: 12.1ms
[2020-11-05T23:25:03.238+0800][gc,phases    ] GC(66)   Post Evacuate Collection Set: 0.4ms
[2020-11-05T23:25:03.238+0800][gc,phases    ] GC(66)   Other: 1.5ms
[2020-11-05T23:25:03.238+0800][gc,heap      ] GC(66) Eden regions: 48->0(51)
[2020-11-05T23:25:03.238+0800][gc,heap      ] GC(66) Survivor regions: 4->5(7)
[2020-11-05T23:25:03.238+0800][gc,heap      ] GC(66) Old regions: 106->107
[2020-11-05T23:25:03.238+0800][gc,heap      ] GC(66) Archive regions: 2->2
[2020-11-05T23:25:03.238+0800][gc,heap      ] GC(66) Humongous regions: 130->130
[2020-11-05T23:25:03.238+0800][gc,metaspace ] GC(66) Metaspace: 27712K->27712K(1075200K)
[2020-11-05T23:25:03.238+0800][gc           ] GC(66) Pause Young (Normal) (G1 Evacuation Pause) 287M->241M(1024M) 14.241ms
[2020-11-05T23:25:03.238+0800][gc,cpu       ] GC(66) User=0.06s Sys=0.02s Real=0.01s
[2020-11-05T23:26:25.933+0800][gc,start     ] GC(67) Pause Young (Normal) (G1 Evacuation Pause)
[2020-11-05T23:26:25.934+0800][gc,task      ] GC(67) Using 8 workers of 8 for evacuation
[2020-11-05T23:26:25.962+0800][gc,mmu       ] GC(67) MMU target violated: 21.0ms (20.0ms/21.0ms)
[2020-11-05T23:26:25.962+0800][gc,phases    ] GC(67)   Pre Evacuate Collection Set: 0.1ms
[2020-11-05T23:26:25.962+0800][gc,phases    ] GC(67)   Evacuate Collection Set: 22.9ms
[2020-11-05T23:26:25.962+0800][gc,phases    ] GC(67)   Post Evacuate Collection Set: 1.8ms
[2020-11-05T23:26:25.962+0800][gc,phases    ] GC(67)   Other: 3.6ms
[2020-11-05T23:26:25.962+0800][gc,heap      ] GC(67) Eden regions: 50->0(46)
[2020-11-05T23:26:25.962+0800][gc,heap      ] GC(67) Survivor regions: 5->5(7)
[2020-11-05T23:26:25.962+0800][gc,heap      ] GC(67) Old regions: 107->109
[2020-11-05T23:26:25.962+0800][gc,heap      ] GC(67) Archive regions: 2->2
[2020-11-05T23:26:25.962+0800][gc,heap      ] GC(67) Humongous regions: 130->130
[2020-11-05T23:26:25.962+0800][gc,metaspace ] GC(67) Metaspace: 27714K->27714K(1075200K)
[2020-11-05T23:26:25.962+0800][gc           ] GC(67) Pause Young (Normal) (G1 Evacuation Pause) 291M->244M(1024M) 28.502ms
[2020-11-05T23:26:25.962+0800][gc,cpu       ] GC(67) User=0.04s Sys=0.06s Real=0.03s
[2020-11-05T23:27:42.029+0800][gc,start     ] GC(68) Pause Young (Normal) (G1 Evacuation Pause)
[2020-11-05T23:27:42.030+0800][gc,task      ] GC(68) Using 8 workers of 8 for evacuation
[2020-11-05T23:27:42.049+0800][gc,phases    ] GC(68)   Pre Evacuate Collection Set: 0.1ms
[2020-11-05T23:27:42.049+0800][gc,phases    ] GC(68)   Evacuate Collection Set: 17.0ms
[2020-11-05T23:27:42.049+0800][gc,phases    ] GC(68)   Post Evacuate Collection Set: 0.5ms
[2020-11-05T23:27:42.049+0800][gc,phases    ] GC(68)   Other: 2.1ms
[2020-11-05T23:27:42.049+0800][gc,heap      ] GC(68) Eden regions: 46->0(45)
[2020-11-05T23:27:42.049+0800][gc,heap      ] GC(68) Survivor regions: 5->6(7)
[2020-11-05T23:27:42.049+0800][gc,heap      ] GC(68) Old regions: 109->111
[2020-11-05T23:27:42.049+0800][gc,heap      ] GC(68) Archive regions: 2->2
[2020-11-05T23:27:42.049+0800][gc,heap      ] GC(68) Humongous regions: 130->130
[2020-11-05T23:27:42.049+0800][gc,metaspace ] GC(68) Metaspace: 27714K->27714K(1075200K)
[2020-11-05T23:27:42.049+0800][gc           ] GC(68) Pause Young (Normal) (G1 Evacuation Pause) 290M->246M(1024M) 19.840ms
[2020-11-05T23:27:42.049+0800][gc,cpu       ] GC(68) User=0.06s Sys=0.04s Real=0.02s
[2020-11-05T23:28:56.418+0800][gc,start     ] GC(69) Pause Young (Normal) (G1 Evacuation Pause)
[2020-11-05T23:28:56.418+0800][gc,task      ] GC(69) Using 8 workers of 8 for evacuation
[2020-11-05T23:28:56.428+0800][gc,phases    ] GC(69)   Pre Evacuate Collection Set: 0.1ms
[2020-11-05T23:28:56.428+0800][gc,phases    ] GC(69)   Evacuate Collection Set: 9.4ms
[2020-11-05T23:28:56.428+0800][gc,phases    ] GC(69)   Post Evacuate Collection Set: 0.4ms
[2020-11-05T23:28:56.428+0800][gc,phases    ] GC(69)   Other: 0.5ms
[2020-11-05T23:28:56.428+0800][gc,heap      ] GC(69) Eden regions: 45->0(50)
[2020-11-05T23:28:56.428+0800][gc,heap      ] GC(69) Survivor regions: 6->5(7)
[2020-11-05T23:28:56.428+0800][gc,heap      ] GC(69) Old regions: 111->113
[2020-11-05T23:28:56.428+0800][gc,heap      ] GC(69) Archive regions: 2->2
[2020-11-05T23:28:56.428+0800][gc,heap      ] GC(69) Humongous regions: 130->130
[2020-11-05T23:28:56.428+0800][gc,metaspace ] GC(69) Metaspace: 27714K->27714K(1075200K)
[2020-11-05T23:28:56.428+0800][gc           ] GC(69) Pause Young (Normal) (G1 Evacuation Pause) 291M->248M(1024M) 10.489ms
[2020-11-05T23:28:56.428+0800][gc,cpu       ] GC(69) User=0.07s Sys=0.01s Real=0.01s
[2020-11-05T23:30:19.676+0800][gc,start     ] GC(70) Pause Young (Normal) (G1 Evacuation Pause)
[2020-11-05T23:30:19.677+0800][gc,task      ] GC(70) Using 8 workers of 8 for evacuation
[2020-11-05T23:30:19.693+0800][gc,phases    ] GC(70)   Pre Evacuate Collection Set: 0.1ms
[2020-11-05T23:30:19.693+0800][gc,phases    ] GC(70)   Evacuate Collection Set: 14.3ms
[2020-11-05T23:30:19.693+0800][gc,phases    ] GC(70)   Post Evacuate Collection Set: 0.4ms
[2020-11-05T23:30:19.693+0800][gc,phases    ] GC(70)   Other: 2.0ms
[2020-11-05T23:30:19.693+0800][gc,heap      ] GC(70) Eden regions: 50->0(53)
[2020-11-05T23:30:19.693+0800][gc,heap      ] GC(70) Survivor regions: 5->5(7)
[2020-11-05T23:30:19.693+0800][gc,heap      ] GC(70) Old regions: 113->115
[2020-11-05T23:30:19.693+0800][gc,heap      ] GC(70) Archive regions: 2->2
[2020-11-05T23:30:19.693+0800][gc,heap      ] GC(70) Humongous regions: 130->130
[2020-11-05T23:30:19.693+0800][gc,metaspace ] GC(70) Metaspace: 27715K->27715K(1075200K)
[2020-11-05T23:30:19.693+0800][gc           ] GC(70) Pause Young (Normal) (G1 Evacuation Pause) 298M->250M(1024M) 16.965ms
[2020-11-05T23:30:19.693+0800][gc,cpu       ] GC(70) User=0.07s Sys=0.03s Real=0.02s
[2020-11-06T00:02:36.394+0800][gc,start     ] GC(71) Pause Young (Normal) (G1 Evacuation Pause)
[2020-11-06T00:02:36.395+0800][gc,task      ] GC(71) Using 8 workers of 8 for evacuation
[2020-11-06T00:02:36.432+0800][gc,mmu       ] GC(71) MMU target violated: 21.0ms (20.0ms/21.0ms)
[2020-11-06T00:02:36.432+0800][gc,phases    ] GC(71)   Pre Evacuate Collection Set: 0.1ms
[2020-11-06T00:02:36.432+0800][gc,phases    ] GC(71)   Evacuate Collection Set: 35.2ms
[2020-11-06T00:02:36.432+0800][gc,phases    ] GC(71)   Post Evacuate Collection Set: 0.4ms
[2020-11-06T00:02:36.432+0800][gc,phases    ] GC(71)   Other: 1.8ms
[2020-11-06T00:02:36.432+0800][gc,heap      ] GC(71) Eden regions: 49->0(46)
[2020-11-06T00:02:36.432+0800][gc,heap      ] GC(71) Survivor regions: 5->5(7)
[2020-11-06T00:02:36.432+0800][gc,heap      ] GC(71) Old regions: 115->117
[2020-11-06T00:02:36.432+0800][gc,heap      ] GC(71) Archive regions: 2->2
[2020-11-06T00:02:36.432+0800][gc,heap      ] GC(71) Humongous regions: 130->130
[2020-11-06T00:02:36.432+0800][gc,metaspace ] GC(71) Metaspace: 28024K->28024K(1075200K)
[2020-11-06T00:02:36.432+0800][gc           ] GC(71) Pause Young (Normal) (G1 Evacuation Pause) 299M->251M(1024M) 37.753ms
[2020-11-06T00:02:36.432+0800][gc,cpu       ] GC(71) User=0.04s Sys=0.10s Real=0.04s
[2020-11-06T08:55:11.821+0800][gc,start     ] GC(72) Pause Young (Normal) (G1 Evacuation Pause)
[2020-11-06T08:55:11.823+0800][gc,task      ] GC(72) Using 8 workers of 8 for evacuation
[2020-11-06T08:55:11.844+0800][gc,mmu       ] GC(72) MMU target violated: 20.8ms (20.0ms/21.0ms)
[2020-11-06T08:55:11.845+0800][gc,phases    ] GC(72)   Pre Evacuate Collection Set: 0.1ms
[2020-11-06T08:55:11.845+0800][gc,phases    ] GC(72)   Evacuate Collection Set: 16.0ms
[2020-11-06T08:55:11.845+0800][gc,phases    ] GC(72)   Post Evacuate Collection Set: 2.1ms
[2020-11-06T08:55:11.845+0800][gc,phases    ] GC(72)   Other: 8.3ms
[2020-11-06T08:55:11.845+0800][gc,heap      ] GC(72) Eden regions: 46->0(48)
[2020-11-06T08:55:11.845+0800][gc,heap      ] GC(72) Survivor regions: 5->3(7)
[2020-11-06T08:55:11.845+0800][gc,heap      ] GC(72) Old regions: 117->119
[2020-11-06T08:55:11.845+0800][gc,heap      ] GC(72) Archive regions: 2->2
[2020-11-06T08:55:11.845+0800][gc,heap      ] GC(72) Humongous regions: 130->130
[2020-11-06T08:55:11.845+0800][gc,metaspace ] GC(72) Metaspace: 28204K->28204K(1075200K)
[2020-11-06T08:55:11.845+0800][gc           ] GC(72) Pause Young (Normal) (G1 Evacuation Pause) 297M->251M(1024M) 25.336ms
[2020-11-06T08:55:11.846+0800][gc,cpu       ] GC(72) User=0.02s Sys=0.06s Real=0.02s
[2020-11-06T10:08:52.873+0800][gc,start     ] GC(73) Pause Young (Normal) (G1 Evacuation Pause)
[2020-11-06T10:08:52.874+0800][gc,task      ] GC(73) Using 8 workers of 8 for evacuation
[2020-11-06T10:08:52.902+0800][gc,mmu       ] GC(73) MMU target violated: 21.0ms (20.0ms/21.0ms)
[2020-11-06T10:08:52.902+0800][gc,phases    ] GC(73)   Pre Evacuate Collection Set: 0.1ms
[2020-11-06T10:08:52.902+0800][gc,phases    ] GC(73)   Evacuate Collection Set: 25.9ms
[2020-11-06T10:08:52.902+0800][gc,phases    ] GC(73)   Post Evacuate Collection Set: 0.7ms
[2020-11-06T10:08:52.902+0800][gc,phases    ] GC(73)   Other: 1.8ms
[2020-11-06T10:08:52.902+0800][gc,heap      ] GC(73) Eden regions: 48->0(48)
[2020-11-06T10:08:52.902+0800][gc,heap      ] GC(73) Survivor regions: 3->3(7)
[2020-11-06T10:08:52.902+0800][gc,heap      ] GC(73) Old regions: 119->119
[2020-11-06T10:08:52.902+0800][gc,heap      ] GC(73) Archive regions: 2->2
[2020-11-06T10:08:52.902+0800][gc,heap      ] GC(73) Humongous regions: 130->130
[2020-11-06T10:08:52.902+0800][gc,metaspace ] GC(73) Metaspace: 28250K->28250K(1075200K)
[2020-11-06T10:08:52.902+0800][gc           ] GC(73) Pause Young (Normal) (G1 Evacuation Pause) 299M->251M(1024M) 28.474ms
[2020-11-06T10:08:52.902+0800][gc,cpu       ] GC(73) User=0.02s Sys=0.04s Real=0.03s
[2020-11-06T11:17:46.769+0800][gc,start     ] GC(74) Pause Young (Normal) (G1 Evacuation Pause)
[2020-11-06T11:17:46.771+0800][gc,task      ] GC(74) Using 8 workers of 8 for evacuation
[2020-11-06T11:17:46.799+0800][gc,mmu       ] GC(74) MMU target violated: 21.0ms (20.0ms/21.0ms)
[2020-11-06T11:17:46.799+0800][gc,phases    ] GC(74)   Pre Evacuate Collection Set: 0.1ms
[2020-11-06T11:17:46.799+0800][gc,phases    ] GC(74)   Evacuate Collection Set: 25.1ms
[2020-11-06T11:17:46.799+0800][gc,phases    ] GC(74)   Post Evacuate Collection Set: 0.5ms
[2020-11-06T11:17:46.799+0800][gc,phases    ] GC(74)   Other: 4.8ms
[2020-11-06T11:17:46.799+0800][gc,heap      ] GC(74) Eden regions: 48->0(45)
[2020-11-06T11:17:46.799+0800][gc,heap      ] GC(74) Survivor regions: 3->6(7)
[2020-11-06T11:17:46.799+0800][gc,heap      ] GC(74) Old regions: 119->119
[2020-11-06T11:17:46.799+0800][gc,heap      ] GC(74) Archive regions: 2->2
[2020-11-06T11:17:46.799+0800][gc,heap      ] GC(74) Humongous regions: 130->130
[2020-11-06T11:17:46.799+0800][gc,metaspace ] GC(74) Metaspace: 28287K->28287K(1075200K)
[2020-11-06T11:17:46.800+0800][gc           ] GC(74) Pause Young (Normal) (G1 Evacuation Pause) 299M->255M(1024M) 30.500ms
[2020-11-06T11:17:46.800+0800][gc,cpu       ] GC(74) User=0.05s Sys=0.08s Real=0.04s
[2020-11-06T11:18:47.590+0800][gc,start     ] GC(75) Pause Young (Normal) (G1 Evacuation Pause)
[2020-11-06T11:18:47.591+0800][gc,task      ] GC(75) Using 8 workers of 8 for evacuation
[2020-11-06T11:18:47.604+0800][gc,phases    ] GC(75)   Pre Evacuate Collection Set: 0.0ms
[2020-11-06T11:18:47.604+0800][gc,phases    ] GC(75)   Evacuate Collection Set: 9.8ms
[2020-11-06T11:18:47.604+0800][gc,phases    ] GC(75)   Post Evacuate Collection Set: 1.2ms
[2020-11-06T11:18:47.604+0800][gc,phases    ] GC(75)   Other: 2.8ms
[2020-11-06T11:18:47.604+0800][gc,heap      ] GC(75) Eden regions: 45->0(48)
[2020-11-06T11:18:47.604+0800][gc,heap      ] GC(75) Survivor regions: 6->3(7)
[2020-11-06T11:18:47.604+0800][gc,heap      ] GC(75) Old regions: 119->123
[2020-11-06T11:18:47.604+0800][gc,heap      ] GC(75) Archive regions: 2->2
[2020-11-06T11:18:47.604+0800][gc,heap      ] GC(75) Humongous regions: 130->130
[2020-11-06T11:18:47.604+0800][gc,metaspace ] GC(75) Metaspace: 28287K->28287K(1075200K)
[2020-11-06T11:18:47.604+0800][gc           ] GC(75) Pause Young (Normal) (G1 Evacuation Pause) 300M->256M(1024M) 13.996ms
[2020-11-06T11:18:47.604+0800][gc,cpu       ] GC(75) User=0.06s Sys=0.01s Real=0.01s
[2020-11-06T11:19:54.545+0800][gc,start     ] GC(76) Pause Young (Normal) (G1 Evacuation Pause)
[2020-11-06T11:19:54.546+0800][gc,task      ] GC(76) Using 8 workers of 8 for evacuation
[2020-11-06T11:19:54.551+0800][gc,phases    ] GC(76)   Pre Evacuate Collection Set: 0.0ms
[2020-11-06T11:19:54.551+0800][gc,phases    ] GC(76)   Evacuate Collection Set: 4.2ms
[2020-11-06T11:19:54.551+0800][gc,phases    ] GC(76)   Post Evacuate Collection Set: 0.2ms
[2020-11-06T11:19:54.551+0800][gc,phases    ] GC(76)   Other: 1.1ms
[2020-11-06T11:19:54.551+0800][gc,heap      ] GC(76) Eden regions: 48->0(46)
[2020-11-06T11:19:54.551+0800][gc,heap      ] GC(76) Survivor regions: 3->5(7)
[2020-11-06T11:19:54.551+0800][gc,heap      ] GC(76) Old regions: 123->123
[2020-11-06T11:19:54.551+0800][gc,heap      ] GC(76) Archive regions: 2->2
[2020-11-06T11:19:54.551+0800][gc,heap      ] GC(76) Humongous regions: 130->130
[2020-11-06T11:19:54.551+0800][gc,metaspace ] GC(76) Metaspace: 28287K->28287K(1075200K)
[2020-11-06T11:19:54.551+0800][gc           ] GC(76) Pause Young (Normal) (G1 Evacuation Pause) 304M->257M(1024M) 5.665ms
[2020-11-06T11:19:54.551+0800][gc,cpu       ] GC(76) User=0.02s Sys=0.00s Real=0.01s
[2020-11-06T11:20:58.739+0800][gc,start     ] GC(77) Pause Young (Normal) (G1 Evacuation Pause)
[2020-11-06T11:20:58.740+0800][gc,task      ] GC(77) Using 8 workers of 8 for evacuation
[2020-11-06T11:20:58.746+0800][gc,phases    ] GC(77)   Pre Evacuate Collection Set: 0.1ms
[2020-11-06T11:20:58.746+0800][gc,phases    ] GC(77)   Evacuate Collection Set: 5.7ms
[2020-11-06T11:20:58.746+0800][gc,phases    ] GC(77)   Post Evacuate Collection Set: 0.3ms
[2020-11-06T11:20:58.746+0800][gc,phases    ] GC(77)   Other: 1.1ms
[2020-11-06T11:20:58.746+0800][gc,heap      ] GC(77) Eden regions: 46->0(46)
[2020-11-06T11:20:58.746+0800][gc,heap      ] GC(77) Survivor regions: 5->5(7)
[2020-11-06T11:20:58.746+0800][gc,heap      ] GC(77) Old regions: 123->124
[2020-11-06T11:20:58.746+0800][gc,heap      ] GC(77) Archive regions: 2->2
[2020-11-06T11:20:58.746+0800][gc,heap      ] GC(77) Humongous regions: 130->130
[2020-11-06T11:20:58.746+0800][gc,metaspace ] GC(77) Metaspace: 28287K->28287K(1075200K)
[2020-11-06T11:20:58.746+0800][gc           ] GC(77) Pause Young (Normal) (G1 Evacuation Pause) 303M->259M(1024M) 7.335ms
[2020-11-06T11:20:58.746+0800][gc,cpu       ] GC(77) User=0.03s Sys=0.00s Real=0.01s
[2020-11-06T11:22:03.576+0800][gc,start     ] GC(78) Pause Young (Normal) (G1 Evacuation Pause)
[2020-11-06T11:22:03.576+0800][gc,task      ] GC(78) Using 8 workers of 8 for evacuation
[2020-11-06T11:22:03.588+0800][gc,phases    ] GC(78)   Pre Evacuate Collection Set: 0.1ms
[2020-11-06T11:22:03.588+0800][gc,phases    ] GC(78)   Evacuate Collection Set: 9.3ms
[2020-11-06T11:22:03.588+0800][gc,phases    ] GC(78)   Post Evacuate Collection Set: 0.5ms
[2020-11-06T11:22:03.588+0800][gc,phases    ] GC(78)   Other: 2.7ms
[2020-11-06T11:22:03.588+0800][gc,heap      ] GC(78) Eden regions: 46->0(54)
[2020-11-06T11:22:03.588+0800][gc,heap      ] GC(78) Survivor regions: 5->5(7)
[2020-11-06T11:22:03.588+0800][gc,heap      ] GC(78) Old regions: 124->126
[2020-11-06T11:22:03.588+0800][gc,heap      ] GC(78) Archive regions: 2->2
[2020-11-06T11:22:03.588+0800][gc,heap      ] GC(78) Humongous regions: 130->130
[2020-11-06T11:22:03.588+0800][gc,metaspace ] GC(78) Metaspace: 28287K->28287K(1075200K)
[2020-11-06T11:22:03.588+0800][gc           ] GC(78) Pause Young (Normal) (G1 Evacuation Pause) 305M->260M(1024M) 12.679ms
[2020-11-06T11:22:03.589+0800][gc,cpu       ] GC(78) User=0.06s Sys=0.01s Real=0.01s
[2020-11-06T11:23:19.848+0800][gc,start     ] GC(79) Pause Young (Normal) (G1 Evacuation Pause)
[2020-11-06T11:23:19.849+0800][gc,task      ] GC(79) Using 8 workers of 8 for evacuation
[2020-11-06T11:23:19.871+0800][gc,mmu       ] GC(79) MMU target violated: 21.0ms (20.0ms/21.0ms)
[2020-11-06T11:23:19.871+0800][gc,phases    ] GC(79)   Pre Evacuate Collection Set: 0.1ms
[2020-11-06T11:23:19.871+0800][gc,phases    ] GC(79)   Evacuate Collection Set: 21.1ms
[2020-11-06T11:23:19.871+0800][gc,phases    ] GC(79)   Post Evacuate Collection Set: 0.3ms
[2020-11-06T11:23:19.871+0800][gc,phases    ] GC(79)   Other: 1.4ms
[2020-11-06T11:23:19.871+0800][gc,heap      ] GC(79) Eden regions: 54->0(47)
[2020-11-06T11:23:19.871+0800][gc,heap      ] GC(79) Survivor regions: 5->7(8)
[2020-11-06T11:23:19.871+0800][gc,heap      ] GC(79) Old regions: 126->126
[2020-11-06T11:23:19.871+0800][gc,heap      ] GC(79) Archive regions: 2->2
[2020-11-06T11:23:19.871+0800][gc,heap      ] GC(79) Humongous regions: 130->130
[2020-11-06T11:23:19.871+0800][gc,metaspace ] GC(79) Metaspace: 28287K->28287K(1075200K)
[2020-11-06T11:23:19.872+0800][gc           ] GC(79) Pause Young (Normal) (G1 Evacuation Pause) 314M->262M(1024M) 23.728ms
[2020-11-06T11:23:19.872+0800][gc,cpu       ] GC(79) User=0.05s Sys=0.05s Real=0.03s
[2020-11-06T11:26:58.971+0800][gc,start     ] GC(80) Pause Young (Normal) (G1 Evacuation Pause)
[2020-11-06T11:26:58.971+0800][gc,task      ] GC(80) Using 8 workers of 8 for evacuation
[2020-11-06T11:26:58.997+0800][gc,mmu       ] GC(80) MMU target violated: 21.0ms (20.0ms/21.0ms)
[2020-11-06T11:26:58.997+0800][gc,phases    ] GC(80)   Pre Evacuate Collection Set: 0.1ms
[2020-11-06T11:26:58.997+0800][gc,phases    ] GC(80)   Evacuate Collection Set: 23.5ms
[2020-11-06T11:26:58.997+0800][gc,phases    ] GC(80)   Post Evacuate Collection Set: 0.5ms
[2020-11-06T11:26:58.997+0800][gc,phases    ] GC(80)   Other: 2.1ms
[2020-11-06T11:26:58.997+0800][gc,heap      ] GC(80) Eden regions: 47->0(46)
[2020-11-06T11:26:58.997+0800][gc,heap      ] GC(80) Survivor regions: 7->5(7)
[2020-11-06T11:26:58.997+0800][gc,heap      ] GC(80) Old regions: 126->129
[2020-11-06T11:26:58.997+0800][gc,heap      ] GC(80) Archive regions: 2->2
[2020-11-06T11:26:58.997+0800][gc,heap      ] GC(80) Humongous regions: 130->130
[2020-11-06T11:26:58.997+0800][gc,metaspace ] GC(80) Metaspace: 28287K->28287K(1075200K)
[2020-11-06T11:26:58.997+0800][gc           ] GC(80) Pause Young (Normal) (G1 Evacuation Pause) 309M->264M(1024M) 26.320ms
[2020-11-06T11:26:58.997+0800][gc,cpu       ] GC(80) User=0.04s Sys=0.08s Real=0.02s
[2020-11-06T11:29:57.864+0800][gc,start     ] GC(81) Pause Young (Normal) (G1 Evacuation Pause)
[2020-11-06T11:29:57.864+0800][gc,task      ] GC(81) Using 8 workers of 8 for evacuation
[2020-11-06T11:29:57.881+0800][gc,phases    ] GC(81)   Pre Evacuate Collection Set: 0.0ms
[2020-11-06T11:29:57.881+0800][gc,phases    ] GC(81)   Evacuate Collection Set: 15.4ms
[2020-11-06T11:29:57.881+0800][gc,phases    ] GC(81)   Post Evacuate Collection Set: 0.4ms
[2020-11-06T11:29:57.881+0800][gc,phases    ] GC(81)   Other: 0.7ms
[2020-11-06T11:29:57.881+0800][gc,heap      ] GC(81) Eden regions: 46->0(44)
[2020-11-06T11:29:57.881+0800][gc,heap      ] GC(81) Survivor regions: 5->7(7)
[2020-11-06T11:29:57.881+0800][gc,heap      ] GC(81) Old regions: 129->132
[2020-11-06T11:29:57.881+0800][gc,heap      ] GC(81) Archive regions: 2->2
[2020-11-06T11:29:57.881+0800][gc,heap      ] GC(81) Humongous regions: 130->130
[2020-11-06T11:29:57.881+0800][gc,metaspace ] GC(81) Metaspace: 28304K->28304K(1075200K)
[2020-11-06T11:29:57.881+0800][gc           ] GC(81) Pause Young (Normal) (G1 Evacuation Pause) 310M->269M(1024M) 16.676ms
[2020-11-06T11:29:57.881+0800][gc,cpu       ] GC(81) User=0.04s Sys=0.03s Real=0.02s
[2020-11-06T11:30:57.603+0800][gc,start     ] GC(82) Pause Young (Normal) (G1 Evacuation Pause)
