[2020-11-06T22:59:48.461+0800][gc           ] GC(246) Pause Young (Normal) (G1 Evacuation Pause) 485M->251M(1024M) 21.430ms
[2020-11-06T22:59:48.461+0800][gc,cpu       ] GC(246) User=0.01s Sys=0.01s Real=0.03s
[2020-11-06T23:11:59.987+0800][gc,start     ] GC(247) Pause Young (Normal) (G1 Evacuation Pause)
[2020-11-06T23:11:59.988+0800][gc,task      ] GC(247) Using 8 workers of 8 for evacuation
[2020-11-06T23:11:59.998+0800][gc,phases    ] GC(247)   Pre Evacuate Collection Set: 0.1ms
[2020-11-06T23:11:59.998+0800][gc,phases    ] GC(247)   Evacuate Collection Set: 7.0ms
[2020-11-06T23:11:59.998+0800][gc,phases    ] GC(247)   Post Evacuate Collection Set: 1.6ms
[2020-11-06T23:11:59.998+0800][gc,phases    ] GC(247)   Other: 2.2ms
[2020-11-06T23:11:59.998+0800][gc,heap      ] GC(247) Eden regions: 610->0(610)
[2020-11-06T23:11:59.998+0800][gc,heap      ] GC(247) Survivor regions: 4->4(77)
[2020-11-06T23:11:59.998+0800][gc,heap      ] GC(247) Old regions: 118->118
[2020-11-06T23:11:59.998+0800][gc,heap      ] GC(247) Archive regions: 2->2
[2020-11-06T23:11:59.998+0800][gc,heap      ] GC(247) Humongous regions: 130->130
[2020-11-06T23:11:59.998+0800][gc,metaspace ] GC(247) Metaspace: 28469K->28469K(1075200K)
[2020-11-06T23:11:59.998+0800][gc           ] GC(247) Pause Young (Normal) (G1 Evacuation Pause) 861M->252M(1024M) 10.918ms
[2020-11-06T23:11:59.998+0800][gc,cpu       ] GC(247) User=0.02s Sys=0.02s Real=0.01s
[2020-11-06T23:24:20.620+0800][gc,start     ] GC(248) Pause Young (Normal) (G1 Evacuation Pause)
[2020-11-06T23:24:20.625+0800][gc,task      ] GC(248) Using 8 workers of 8 for evacuation
[2020-11-06T23:24:20.635+0800][gc,phases    ] GC(248)   Pre Evacuate Collection Set: 0.1ms
[2020-11-06T23:24:20.635+0800][gc,phases    ] GC(248)   Evacuate Collection Set: 8.4ms
[2020-11-06T23:24:20.635+0800][gc,phases    ] GC(248)   Post Evacuate Collection Set: 1.4ms
[2020-11-06T23:24:20.635+0800][gc,phases    ] GC(248)   Other: 5.6ms
[2020-11-06T23:24:20.635+0800][gc,heap      ] GC(248) Eden regions: 610->0(611)
[2020-11-06T23:24:20.635+0800][gc,heap      ] GC(248) Survivor regions: 4->3(77)
[2020-11-06T23:24:20.635+0800][gc,heap      ] GC(248) Old regions: 118->118
[2020-11-06T23:24:20.635+0800][gc,heap      ] GC(248) Archive regions: 2->2
[2020-11-06T23:24:20.635+0800][gc,heap      ] GC(248) Humongous regions: 130->130
[2020-11-06T23:24:20.635+0800][gc,metaspace ] GC(248) Metaspace: 28488K->28488K(1075200K)
[2020-11-06T23:24:20.636+0800][gc           ] GC(248) Pause Young (Normal) (G1 Evacuation Pause) 862M->251M(1024M) 16.166ms
[2020-11-06T23:24:20.636+0800][gc,cpu       ] GC(248) User=0.02s Sys=0.03s Real=0.01s
[2020-11-06T23:36:35.558+0800][gc,start     ] GC(249) Pause Young (Normal) (G1 Evacuation Pause)
[2020-11-06T23:36:35.559+0800][gc,task      ] GC(249) Using 8 workers of 8 for evacuation
[2020-11-06T23:36:35.572+0800][gc,phases    ] GC(249)   Pre Evacuate Collection Set: 0.1ms
[2020-11-06T23:36:35.572+0800][gc,phases    ] GC(249)   Evacuate Collection Set: 9.6ms
[2020-11-06T23:36:35.572+0800][gc,phases    ] GC(249)   Post Evacuate Collection Set: 1.8ms
[2020-11-06T23:36:35.572+0800][gc,phases    ] GC(249)   Other: 2.3ms
[2020-11-06T23:36:35.572+0800][gc,heap      ] GC(249) Eden regions: 611->0(610)
[2020-11-06T23:36:35.572+0800][gc,heap      ] GC(249) Survivor regions: 3->4(77)
[2020-11-06T23:36:35.572+0800][gc,heap      ] GC(249) Old regions: 118->118
[2020-11-06T23:36:35.572+0800][gc,heap      ] GC(249) Archive regions: 2->2
[2020-11-06T23:36:35.572+0800][gc,heap      ] GC(249) Humongous regions: 130->130
[2020-11-06T23:36:35.572+0800][gc,metaspace ] GC(249) Metaspace: 28488K->28488K(1075200K)
[2020-11-06T23:36:35.572+0800][gc           ] GC(249) Pause Young (Normal) (G1 Evacuation Pause) 862M->251M(1024M) 13.839ms
[2020-11-06T23:36:35.572+0800][gc,cpu       ] GC(249) User=0.02s Sys=0.04s Real=0.02s
[2020-11-06T23:48:46.604+0800][gc,start     ] GC(250) Pause Young (Normal) (G1 Evacuation Pause)
[2020-11-06T23:48:46.605+0800][gc,task      ] GC(250) Using 8 workers of 8 for evacuation
[2020-11-06T23:48:46.616+0800][gc,phases    ] GC(250)   Pre Evacuate Collection Set: 0.1ms
[2020-11-06T23:48:46.616+0800][gc,phases    ] GC(250)   Evacuate Collection Set: 8.2ms
[2020-11-06T23:48:46.616+0800][gc,phases    ] GC(250)   Post Evacuate Collection Set: 1.7ms
[2020-11-06T23:48:46.616+0800][gc,phases    ] GC(250)   Other: 1.8ms
[2020-11-06T23:48:46.616+0800][gc,heap      ] GC(250) Eden regions: 610->0(611)
[2020-11-06T23:48:46.616+0800][gc,heap      ] GC(250) Survivor regions: 4->3(77)
[2020-11-06T23:48:46.616+0800][gc,heap      ] GC(250) Old regions: 118->118
[2020-11-06T23:48:46.616+0800][gc,heap      ] GC(250) Archive regions: 2->2
[2020-11-06T23:48:46.616+0800][gc,heap      ] GC(250) Humongous regions: 130->130
[2020-11-06T23:48:46.616+0800][gc,metaspace ] GC(250) Metaspace: 28488K->28488K(1075200K)
[2020-11-06T23:48:46.617+0800][gc           ] GC(250) Pause Young (Normal) (G1 Evacuation Pause) 861M->251M(1024M) 12.631ms
[2020-11-06T23:48:46.617+0800][gc,cpu       ] GC(250) User=0.01s Sys=0.03s Real=0.01s
[2020-11-07T00:01:01.377+0800][gc,start     ] GC(251) Pause Young (Normal) (G1 Evacuation Pause)
[2020-11-07T00:01:01.378+0800][gc,task      ] GC(251) Using 8 workers of 8 for evacuation
[2020-11-07T00:01:01.390+0800][gc,phases    ] GC(251)   Pre Evacuate Collection Set: 0.1ms
[2020-11-07T00:01:01.390+0800][gc,phases    ] GC(251)   Evacuate Collection Set: 9.0ms
[2020-11-07T00:01:01.390+0800][gc,phases    ] GC(251)   Post Evacuate Collection Set: 2.0ms
[2020-11-07T00:01:01.390+0800][gc,phases    ] GC(251)   Other: 1.5ms
[2020-11-07T00:01:01.390+0800][gc,heap      ] GC(251) Eden regions: 611->0(610)
[2020-11-07T00:01:01.390+0800][gc,heap      ] GC(251) Survivor regions: 3->4(77)
[2020-11-07T00:01:01.390+0800][gc,heap      ] GC(251) Old regions: 118->118
[2020-11-07T00:01:01.390+0800][gc,heap      ] GC(251) Archive regions: 2->2
[2020-11-07T00:01:01.390+0800][gc,heap      ] GC(251) Humongous regions: 130->130
[2020-11-07T00:01:01.390+0800][gc,metaspace ] GC(251) Metaspace: 28488K->28488K(1075200K)
[2020-11-07T00:01:01.390+0800][gc           ] GC(251) Pause Young (Normal) (G1 Evacuation Pause) 862M->251M(1024M) 12.656ms
[2020-11-07T00:01:01.390+0800][gc,cpu       ] GC(251) User=0.02s Sys=0.04s Real=0.02s
[2020-11-07T00:13:09.980+0800][gc,start     ] GC(252) Pause Young (Normal) (G1 Evacuation Pause)
[2020-11-07T00:13:09.981+0800][gc,task      ] GC(252) Using 8 workers of 8 for evacuation
[2020-11-07T00:13:09.994+0800][gc,phases    ] GC(252)   Pre Evacuate Collection Set: 0.1ms
[2020-11-07T00:13:09.994+0800][gc,phases    ] GC(252)   Evacuate Collection Set: 9.7ms
[2020-11-07T00:13:09.994+0800][gc,phases    ] GC(252)   Post Evacuate Collection Set: 1.7ms
[2020-11-07T00:13:09.994+0800][gc,phases    ] GC(252)   Other: 2.1ms
[2020-11-07T00:13:09.994+0800][gc,heap      ] GC(252) Eden regions: 610->0(610)
[2020-11-07T00:13:09.994+0800][gc,heap      ] GC(252) Survivor regions: 4->4(77)
[2020-11-07T00:13:09.994+0800][gc,heap      ] GC(252) Old regions: 118->118
[2020-11-07T00:13:09.994+0800][gc,heap      ] GC(252) Archive regions: 2->2
[2020-11-07T00:13:09.994+0800][gc,heap      ] GC(252) Humongous regions: 130->130
[2020-11-07T00:13:09.994+0800][gc,metaspace ] GC(252) Metaspace: 28488K->28488K(1075200K)
[2020-11-07T00:13:09.994+0800][gc           ] GC(252) Pause Young (Normal) (G1 Evacuation Pause) 861M->252M(1024M) 14.116ms
[2020-11-07T00:13:09.994+0800][gc,cpu       ] GC(252) User=0.02s Sys=0.03s Real=0.01s
[2020-11-07T00:25:21.550+0800][gc,start     ] GC(253) Pause Young (Normal) (G1 Evacuation Pause)
[2020-11-07T00:25:21.550+0800][gc,task      ] GC(253) Using 8 workers of 8 for evacuation
[2020-11-07T00:25:21.560+0800][gc,phases    ] GC(253)   Pre Evacuate Collection Set: 0.1ms
[2020-11-07T00:25:21.560+0800][gc,phases    ] GC(253)   Evacuate Collection Set: 7.6ms
[2020-11-07T00:25:21.560+0800][gc,phases    ] GC(253)   Post Evacuate Collection Set: 1.7ms
[2020-11-07T00:25:21.560+0800][gc,phases    ] GC(253)   Other: 1.5ms
[2020-11-07T00:25:21.560+0800][gc,heap      ] GC(253) Eden regions: 610->0(611)
[2020-11-07T00:25:21.560+0800][gc,heap      ] GC(253) Survivor regions: 4->3(77)
[2020-11-07T00:25:21.560+0800][gc,heap      ] GC(253) Old regions: 118->118
[2020-11-07T00:25:21.560+0800][gc,heap      ] GC(253) Archive regions: 2->2
[2020-11-07T00:25:21.560+0800][gc,heap      ] GC(253) Humongous regions: 130->130
[2020-11-07T00:25:21.560+0800][gc,metaspace ] GC(253) Metaspace: 28490K->28490K(1075200K)
[2020-11-07T00:25:21.560+0800][gc           ] GC(253) Pause Young (Normal) (G1 Evacuation Pause) 862M->251M(1024M) 10.967ms
[2020-11-07T00:25:21.561+0800][gc,cpu       ] GC(253) User=0.01s Sys=0.02s Real=0.01s
[2020-11-07T00:37:29.919+0800][gc,start     ] GC(254) Pause Young (Normal) (G1 Evacuation Pause)
[2020-11-07T00:37:29.921+0800][gc,task      ] GC(254) Using 8 workers of 8 for evacuation
[2020-11-07T00:37:29.932+0800][gc,phases    ] GC(254)   Pre Evacuate Collection Set: 0.1ms
[2020-11-07T00:37:29.932+0800][gc,phases    ] GC(254)   Evacuate Collection Set: 8.6ms
[2020-11-07T00:37:29.932+0800][gc,phases    ] GC(254)   Post Evacuate Collection Set: 1.8ms
[2020-11-07T00:37:29.932+0800][gc,phases    ] GC(254)   Other: 2.2ms
[2020-11-07T00:37:29.932+0800][gc,heap      ] GC(254) Eden regions: 611->0(610)
[2020-11-07T00:37:29.932+0800][gc,heap      ] GC(254) Survivor regions: 3->4(77)
[2020-11-07T00:37:29.932+0800][gc,heap      ] GC(254) Old regions: 118->118
[2020-11-07T00:37:29.932+0800][gc,heap      ] GC(254) Archive regions: 2->2
[2020-11-07T00:37:29.932+0800][gc,heap      ] GC(254) Humongous regions: 130->130
[2020-11-07T00:37:29.932+0800][gc,metaspace ] GC(254) Metaspace: 28490K->28490K(1075200K)
[2020-11-07T00:37:29.932+0800][gc           ] GC(254) Pause Young (Normal) (G1 Evacuation Pause) 862M->251M(1024M) 12.853ms
[2020-11-07T00:37:29.932+0800][gc,cpu       ] GC(254) User=0.02s Sys=0.03s Real=0.02s
[2020-11-07T00:49:43.667+0800][gc,start     ] GC(255) Pause Young (Normal) (G1 Evacuation Pause)
[2020-11-07T00:49:43.668+0800][gc,task      ] GC(255) Using 8 workers of 8 for evacuation
[2020-11-07T00:49:43.672+0800][gc,phases    ] GC(255)   Pre Evacuate Collection Set: 0.1ms
[2020-11-07T00:49:43.672+0800][gc,phases    ] GC(255)   Evacuate Collection Set: 3.9ms
[2020-11-07T00:49:43.672+0800][gc,phases    ] GC(255)   Post Evacuate Collection Set: 0.4ms
[2020-11-07T00:49:43.672+0800][gc,phases    ] GC(255)   Other: 0.8ms
[2020-11-07T00:49:43.672+0800][gc,heap      ] GC(255) Eden regions: 610->0(610)
[2020-11-07T00:49:43.672+0800][gc,heap      ] GC(255) Survivor regions: 4->4(77)
[2020-11-07T00:49:43.672+0800][gc,heap      ] GC(255) Old regions: 118->118
[2020-11-07T00:49:43.672+0800][gc,heap      ] GC(255) Archive regions: 2->2
[2020-11-07T00:49:43.672+0800][gc,heap      ] GC(255) Humongous regions: 130->130
[2020-11-07T00:49:43.672+0800][gc,metaspace ] GC(255) Metaspace: 28492K->28492K(1075200K)
[2020-11-07T00:49:43.672+0800][gc           ] GC(255) Pause Young (Normal) (G1 Evacuation Pause) 861M->252M(1024M) 5.238ms
[2020-11-07T00:49:43.672+0800][gc,cpu       ] GC(255) User=0.02s Sys=0.01s Real=0.01s
[2020-11-07T01:02:07.728+0800][gc,start     ] GC(256) Pause Young (Normal) (G1 Evacuation Pause)
[2020-11-07T01:02:07.729+0800][gc,task      ] GC(256) Using 8 workers of 8 for evacuation
[2020-11-07T01:02:07.734+0800][gc,phases    ] GC(256)   Pre Evacuate Collection Set: 0.0ms
[2020-11-07T01:02:07.734+0800][gc,phases    ] GC(256)   Evacuate Collection Set: 4.0ms
[2020-11-07T01:02:07.734+0800][gc,phases    ] GC(256)   Post Evacuate Collection Set: 0.4ms
[2020-11-07T01:02:07.734+0800][gc,phases    ] GC(256)   Other: 1.3ms
[2020-11-07T01:02:07.734+0800][gc,heap      ] GC(256) Eden regions: 610->0(610)
[2020-11-07T01:02:07.734+0800][gc,heap      ] GC(256) Survivor regions: 4->4(77)
[2020-11-07T01:02:07.734+0800][gc,heap      ] GC(256) Old regions: 118->118
[2020-11-07T01:02:07.734+0800][gc,heap      ] GC(256) Archive regions: 2->2
[2020-11-07T01:02:07.734+0800][gc,heap      ] GC(256) Humongous regions: 130->130
[2020-11-07T01:02:07.734+0800][gc,metaspace ] GC(256) Metaspace: 28492K->28492K(1075200K)
[2020-11-07T01:02:07.734+0800][gc           ] GC(256) Pause Young (Normal) (G1 Evacuation Pause) 862M->252M(1024M) 5.888ms
[2020-11-07T01:02:07.734+0800][gc,cpu       ] GC(256) User=0.02s Sys=0.00s Real=0.01s
[2020-11-07T01:14:18.861+0800][gc,start     ] GC(257) Pause Young (Normal) (G1 Evacuation Pause)
[2020-11-07T01:14:18.862+0800][gc,task      ] GC(257) Using 8 workers of 8 for evacuation
[2020-11-07T01:14:18.874+0800][gc,phases    ] GC(257)   Pre Evacuate Collection Set: 0.1ms
[2020-11-07T01:14:18.874+0800][gc,phases    ] GC(257)   Evacuate Collection Set: 8.4ms
[2020-11-07T01:14:18.874+0800][gc,phases    ] GC(257)   Post Evacuate Collection Set: 1.7ms
[2020-11-07T01:14:18.874+0800][gc,phases    ] GC(257)   Other: 2.7ms
[2020-11-07T01:14:18.874+0800][gc,heap      ] GC(257) Eden regions: 610->0(611)
[2020-11-07T01:14:18.874+0800][gc,heap      ] GC(257) Survivor regions: 4->3(77)
[2020-11-07T01:14:18.874+0800][gc,heap      ] GC(257) Old regions: 118->118
[2020-11-07T01:14:18.874+0800][gc,heap      ] GC(257) Archive regions: 2->2
[2020-11-07T01:14:18.874+0800][gc,heap      ] GC(257) Humongous regions: 130->130
[2020-11-07T01:14:18.874+0800][gc,metaspace ] GC(257) Metaspace: 28492K->28492K(1075200K)
[2020-11-07T01:14:18.874+0800][gc           ] GC(257) Pause Young (Normal) (G1 Evacuation Pause) 862M->251M(1024M) 12.991ms
[2020-11-07T01:14:18.874+0800][gc,cpu       ] GC(257) User=0.01s Sys=0.01s Real=0.01s
[2020-11-07T01:26:31.932+0800][gc,start     ] GC(258) Pause Young (Normal) (G1 Evacuation Pause)
[2020-11-07T01:26:31.933+0800][gc,task      ] GC(258) Using 8 workers of 8 for evacuation
[2020-11-07T01:26:31.945+0800][gc,phases    ] GC(258)   Pre Evacuate Collection Set: 0.1ms
[2020-11-07T01:26:31.945+0800][gc,phases    ] GC(258)   Evacuate Collection Set: 8.9ms
[2020-11-07T01:26:31.945+0800][gc,phases    ] GC(258)   Post Evacuate Collection Set: 1.8ms
[2020-11-07T01:26:31.945+0800][gc,phases    ] GC(258)   Other: 2.4ms
[2020-11-07T01:26:31.945+0800][gc,heap      ] GC(258) Eden regions: 611->0(610)
[2020-11-07T01:26:31.945+0800][gc,heap      ] GC(258) Survivor regions: 3->4(77)
[2020-11-07T01:26:31.945+0800][gc,heap      ] GC(258) Old regions: 118->118
[2020-11-07T01:26:31.945+0800][gc,heap      ] GC(258) Archive regions: 2->2
[2020-11-07T01:26:31.945+0800][gc,heap      ] GC(258) Humongous regions: 130->130
[2020-11-07T01:26:31.945+0800][gc,metaspace ] GC(258) Metaspace: 28492K->28492K(1075200K)
[2020-11-07T01:26:31.945+0800][gc           ] GC(258) Pause Young (Normal) (G1 Evacuation Pause) 862M->251M(1024M) 13.184ms
[2020-11-07T01:26:31.945+0800][gc,cpu       ] GC(258) User=0.02s Sys=0.03s Real=0.01s
[2020-11-07T01:38:43.459+0800][gc,start     ] GC(259) Pause Young (Normal) (G1 Evacuation Pause)
[2020-11-07T01:38:43.460+0800][gc,task      ] GC(259) Using 8 workers of 8 for evacuation
[2020-11-07T01:38:43.473+0800][gc,phases    ] GC(259)   Pre Evacuate Collection Set: 0.1ms
[2020-11-07T01:38:43.474+0800][gc,phases    ] GC(259)   Evacuate Collection Set: 10.1ms
[2020-11-07T01:38:43.474+0800][gc,phases    ] GC(259)   Post Evacuate Collection Set: 2.2ms
[2020-11-07T01:38:43.474+0800][gc,phases    ] GC(259)   Other: 1.8ms
[2020-11-07T01:38:43.474+0800][gc,heap      ] GC(259) Eden regions: 610->0(610)
[2020-11-07T01:38:43.474+0800][gc,heap      ] GC(259) Survivor regions: 4->4(77)
[2020-11-07T01:38:43.474+0800][gc,heap      ] GC(259) Old regions: 118->118
[2020-11-07T01:38:43.474+0800][gc,heap      ] GC(259) Archive regions: 2->2
[2020-11-07T01:38:43.474+0800][gc,heap      ] GC(259) Humongous regions: 130->130
[2020-11-07T01:38:43.474+0800][gc,metaspace ] GC(259) Metaspace: 28492K->28492K(1075200K)
[2020-11-07T01:38:43.474+0800][gc           ] GC(259) Pause Young (Normal) (G1 Evacuation Pause) 861M->252M(1024M) 14.278ms
[2020-11-07T01:38:43.474+0800][gc,cpu       ] GC(259) User=0.02s Sys=0.04s Real=0.02s
[2020-11-07T09:58:37.969+0800][gc,start     ] GC(260) Pause Young (Normal) (G1 Evacuation Pause)
[2020-11-07T09:58:37.970+0800][gc,task      ] GC(260) Using 8 workers of 8 for evacuation
[2020-11-07T09:58:37.981+0800][gc,phases    ] GC(260)   Pre Evacuate Collection Set: 0.1ms
[2020-11-07T09:58:37.981+0800][gc,phases    ] GC(260)   Evacuate Collection Set: 7.9ms
[2020-11-07T09:58:37.981+0800][gc,phases    ] GC(260)   Post Evacuate Collection Set: 1.5ms
[2020-11-07T09:58:37.981+0800][gc,phases    ] GC(260)   Other: 2.2ms
[2020-11-07T09:58:37.981+0800][gc,heap      ] GC(260) Eden regions: 610->0(611)
[2020-11-07T09:58:37.981+0800][gc,heap      ] GC(260) Survivor regions: 4->3(77)
[2020-11-07T09:58:37.981+0800][gc,heap      ] GC(260) Old regions: 118->118
[2020-11-07T09:58:37.981+0800][gc,heap      ] GC(260) Archive regions: 2->2
[2020-11-07T09:58:37.981+0800][gc,heap      ] GC(260) Humongous regions: 130->130
[2020-11-07T09:58:37.981+0800][gc,metaspace ] GC(260) Metaspace: 28597K->28597K(1075200K)
[2020-11-07T09:58:37.981+0800][gc           ] GC(260) Pause Young (Normal) (G1 Evacuation Pause) 862M->251M(1024M) 11.683ms
[2020-11-07T09:58:37.981+0800][gc,cpu       ] GC(260) User=0.01s Sys=0.02s Real=0.02s
[2020-11-07T10:10:55.009+0800][gc,start     ] GC(261) Pause Young (Normal) (G1 Evacuation Pause)
[2020-11-07T10:10:55.009+0800][gc,task      ] GC(261) Using 8 workers of 8 for evacuation
[2020-11-07T10:10:55.018+0800][gc,phases    ] GC(261)   Pre Evacuate Collection Set: 0.1ms
[2020-11-07T10:10:55.018+0800][gc,phases    ] GC(261)   Evacuate Collection Set: 6.6ms
[2020-11-07T10:10:55.018+0800][gc,phases    ] GC(261)   Post Evacuate Collection Set: 1.4ms
[2020-11-07T10:10:55.018+0800][gc,phases    ] GC(261)   Other: 1.5ms
[2020-11-07T10:10:55.018+0800][gc,heap      ] GC(261) Eden regions: 611->0(610)
[2020-11-07T10:10:55.019+0800][gc,heap      ] GC(261) Survivor regions: 3->4(77)
[2020-11-07T10:10:55.019+0800][gc,heap      ] GC(261) Old regions: 118->118
[2020-11-07T10:10:55.019+0800][gc,heap      ] GC(261) Archive regions: 2->2
[2020-11-07T10:10:55.019+0800][gc,heap      ] GC(261) Humongous regions: 130->130
[2020-11-07T10:10:55.019+0800][gc,metaspace ] GC(261) Metaspace: 28612K->28612K(1075200K)
[2020-11-07T10:10:55.019+0800][gc           ] GC(261) Pause Young (Normal) (G1 Evacuation Pause) 862M->251M(1024M) 9.720ms
[2020-11-07T10:10:55.019+0800][gc,cpu       ] GC(261) User=0.02s Sys=0.02s Real=0.01s
[2020-11-07T10:23:01.845+0800][gc,start     ] GC(262) Pause Young (Normal) (G1 Evacuation Pause)
[2020-11-07T10:23:01.845+0800][gc,task      ] GC(262) Using 8 workers of 8 for evacuation
[2020-11-07T10:23:01.855+0800][gc,phases    ] GC(262)   Pre Evacuate Collection Set: 0.1ms
[2020-11-07T10:23:01.855+0800][gc,phases    ] GC(262)   Evacuate Collection Set: 7.0ms
[2020-11-07T10:23:01.855+0800][gc,phases    ] GC(262)   Post Evacuate Collection Set: 1.7ms
[2020-11-07T10:23:01.855+0800][gc,phases    ] GC(262)   Other: 1.7ms
[2020-11-07T10:23:01.855+0800][gc,heap      ] GC(262) Eden regions: 610->0(610)
[2020-11-07T10:23:01.855+0800][gc,heap      ] GC(262) Survivor regions: 4->4(77)
[2020-11-07T10:23:01.855+0800][gc,heap      ] GC(262) Old regions: 118->118
[2020-11-07T10:23:01.855+0800][gc,heap      ] GC(262) Archive regions: 2->2
[2020-11-07T10:23:01.855+0800][gc,heap      ] GC(262) Humongous regions: 130->130
[2020-11-07T10:23:01.855+0800][gc,metaspace ] GC(262) Metaspace: 28612K->28612K(1075200K)
[2020-11-07T10:23:01.855+0800][gc           ] GC(262) Pause Young (Normal) (G1 Evacuation Pause) 861M->251M(1024M) 10.635ms
[2020-11-07T10:23:01.855+0800][gc,cpu       ] GC(262) User=0.02s Sys=0.02s Real=0.01s
[2020-11-07T10:35:15.547+0800][gc,start     ] GC(263) Pause Young (Normal) (G1 Evacuation Pause)
[2020-11-07T10:35:15.548+0800][gc,task      ] GC(263) Using 8 workers of 8 for evacuation
[2020-11-07T10:35:15.561+0800][gc,phases    ] GC(263)   Pre Evacuate Collection Set: 0.1ms
[2020-11-07T10:35:15.561+0800][gc,phases    ] GC(263)   Evacuate Collection Set: 10.1ms
[2020-11-07T10:35:15.561+0800][gc,phases    ] GC(263)   Post Evacuate Collection Set: 1.8ms
[2020-11-07T10:35:15.561+0800][gc,phases    ] GC(263)   Other: 2.1ms
[2020-11-07T10:35:15.561+0800][gc,heap      ] GC(263) Eden regions: 610->0(610)
[2020-11-07T10:35:15.561+0800][gc,heap      ] GC(263) Survivor regions: 4->4(77)
[2020-11-07T10:35:15.561+0800][gc,heap      ] GC(263) Old regions: 118->118
[2020-11-07T10:35:15.561+0800][gc,heap      ] GC(263) Archive regions: 2->2
[2020-11-07T10:35:15.561+0800][gc,heap      ] GC(263) Humongous regions: 130->130
[2020-11-07T10:35:15.561+0800][gc,metaspace ] GC(263) Metaspace: 28612K->28612K(1075200K)
[2020-11-07T10:35:15.561+0800][gc           ] GC(263) Pause Young (Normal) (G1 Evacuation Pause) 861M->252M(1024M) 14.248ms
[2020-11-07T10:35:15.561+0800][gc,cpu       ] GC(263) User=0.02s Sys=0.04s Real=0.02s
[2020-11-07T10:47:29.415+0800][gc,start     ] GC(264) Pause Young (Normal) (G1 Evacuation Pause)
[2020-11-07T10:47:29.416+0800][gc,task      ] GC(264) Using 8 workers of 8 for evacuation
[2020-11-07T10:47:29.431+0800][gc,phases    ] GC(264)   Pre Evacuate Collection Set: 0.1ms
[2020-11-07T10:47:29.431+0800][gc,phases    ] GC(264)   Evacuate Collection Set: 10.8ms
[2020-11-07T10:47:29.431+0800][gc,phases    ] GC(264)   Post Evacuate Collection Set: 2.5ms
[2020-11-07T10:47:29.431+0800][gc,phases    ] GC(264)   Other: 2.6ms
[2020-11-07T10:47:29.431+0800][gc,heap      ] GC(264) Eden regions: 610->0(610)
[2020-11-07T10:47:29.431+0800][gc,heap      ] GC(264) Survivor regions: 4->4(77)
[2020-11-07T10:47:29.431+0800][gc,heap      ] GC(264) Old regions: 118->119
[2020-11-07T10:47:29.431+0800][gc,heap      ] GC(264) Archive regions: 2->2
[2020-11-07T10:47:29.431+0800][gc,heap      ] GC(264) Humongous regions: 130->130
[2020-11-07T10:47:29.431+0800][gc,metaspace ] GC(264) Metaspace: 28612K->28612K(1075200K)
[2020-11-07T10:47:29.431+0800][gc           ] GC(264) Pause Young (Normal) (G1 Evacuation Pause) 862M->252M(1024M) 16.081ms
[2020-11-07T10:47:29.431+0800][gc,cpu       ] GC(264) User=0.02s Sys=0.03s Real=0.02s
[2020-11-07T10:59:45.448+0800][gc,start     ] GC(265) Pause Young (Normal) (G1 Evacuation Pause)
[2020-11-07T10:59:45.450+0800][gc,task      ] GC(265) Using 8 workers of 8 for evacuation
[2020-11-07T10:59:45.461+0800][gc,phases    ] GC(265)   Pre Evacuate Collection Set: 0.1ms
[2020-11-07T10:59:45.461+0800][gc,phases    ] GC(265)   Evacuate Collection Set: 8.5ms
[2020-11-07T10:59:45.461+0800][gc,phases    ] GC(265)   Post Evacuate Collection Set: 1.5ms
[2020-11-07T10:59:45.461+0800][gc,phases    ] GC(265)   Other: 2.3ms
[2020-11-07T10:59:45.461+0800][gc,heap      ] GC(265) Eden regions: 610->0(610)
[2020-11-07T10:59:45.461+0800][gc,heap      ] GC(265) Survivor regions: 4->4(77)
[2020-11-07T10:59:45.461+0800][gc,heap      ] GC(265) Old regions: 119->119
[2020-11-07T10:59:45.461+0800][gc,heap      ] GC(265) Archive regions: 2->2
[2020-11-07T10:59:45.461+0800][gc,heap      ] GC(265) Humongous regions: 130->130
[2020-11-07T10:59:45.461+0800][gc,metaspace ] GC(265) Metaspace: 28617K->28617K(1075200K)
[2020-11-07T10:59:45.461+0800][gc           ] GC(265) Pause Young (Normal) (G1 Evacuation Pause) 862M->252M(1024M) 12.396ms
[2020-11-07T10:59:45.461+0800][gc,cpu       ] GC(265) User=0.02s Sys=0.03s Real=0.02s
[2020-11-07T11:12:00.456+0800][gc,start     ] GC(266) Pause Young (Normal) (G1 Evacuation Pause)
[2020-11-07T11:12:00.457+0800][gc,task      ] GC(266) Using 8 workers of 8 for evacuation
[2020-11-07T11:12:00.470+0800][gc,phases    ] GC(266)   Pre Evacuate Collection Set: 0.1ms
[2020-11-07T11:12:00.470+0800][gc,phases    ] GC(266)   Evacuate Collection Set: 9.3ms
[2020-11-07T11:12:00.470+0800][gc,phases    ] GC(266)   Post Evacuate Collection Set: 1.8ms
[2020-11-07T11:12:00.470+0800][gc,phases    ] GC(266)   Other: 2.9ms
[2020-11-07T11:12:00.470+0800][gc,heap      ] GC(266) Eden regions: 610->0(610)
[2020-11-07T11:12:00.470+0800][gc,heap      ] GC(266) Survivor regions: 4->4(77)
[2020-11-07T11:12:00.470+0800][gc,heap      ] GC(266) Old regions: 119->119
[2020-11-07T11:12:00.470+0800][gc,heap      ] GC(266) Archive regions: 2->2
[2020-11-07T11:12:00.470+0800][gc,heap      ] GC(266) Humongous regions: 130->130
[2020-11-07T11:12:00.470+0800][gc,metaspace ] GC(266) Metaspace: 28627K->28627K(1075200K)
[2020-11-07T11:12:00.470+0800][gc           ] GC(266) Pause Young (Normal) (G1 Evacuation Pause) 862M->252M(1024M) 14.868ms
[2020-11-07T11:12:00.471+0800][gc,cpu       ] GC(266) User=0.02s Sys=0.03s Real=0.02s
[2020-11-07T11:24:39.467+0800][gc,start     ] GC(267) Pause Young (Normal) (G1 Evacuation Pause)
[2020-11-07T11:24:39.468+0800][gc,task      ] GC(267) Using 8 workers of 8 for evacuation
[2020-11-07T11:24:39.479+0800][gc,phases    ] GC(267)   Pre Evacuate Collection Set: 0.1ms
[2020-11-07T11:24:39.479+0800][gc,phases    ] GC(267)   Evacuate Collection Set: 8.6ms
[2020-11-07T11:24:39.479+0800][gc,phases    ] GC(267)   Post Evacuate Collection Set: 1.8ms
[2020-11-07T11:24:39.479+0800][gc,phases    ] GC(267)   Other: 1.7ms
[2020-11-07T11:24:39.479+0800][gc,heap      ] GC(267) Eden regions: 610->0(610)
[2020-11-07T11:24:39.479+0800][gc,heap      ] GC(267) Survivor regions: 4->4(77)
[2020-11-07T11:24:39.479+0800][gc,heap      ] GC(267) Old regions: 119->119
[2020-11-07T11:24:39.479+0800][gc,heap      ] GC(267) Archive regions: 2->2
[2020-11-07T11:24:39.479+0800][gc,heap      ] GC(267) Humongous regions: 130->130
[2020-11-07T11:24:39.479+0800][gc,metaspace ] GC(267) Metaspace: 28632K->28632K(1075200K)
[2020-11-07T11:24:39.479+0800][gc           ] GC(267) Pause Young (Normal) (G1 Evacuation Pause) 862M->252M(1024M) 12.225ms
[2020-11-07T11:24:39.480+0800][gc,cpu       ] GC(267) User=0.02s Sys=0.03s Real=0.02s
[2020-11-07T11:36:52.885+0800][gc,start     ] GC(268) Pause Young (Normal) (G1 Evacuation Pause)
[2020-11-07T11:36:52.886+0800][gc,task      ] GC(268) Using 8 workers of 8 for evacuation
[2020-11-07T11:36:52.896+0800][gc,phases    ] GC(268)   Pre Evacuate Collection Set: 0.1ms
[2020-11-07T11:36:52.896+0800][gc,phases    ] GC(268)   Evacuate Collection Set: 7.1ms
[2020-11-07T11:36:52.896+0800][gc,phases    ] GC(268)   Post Evacuate Collection Set: 1.5ms
[2020-11-07T11:36:52.896+0800][gc,phases    ] GC(268)   Other: 2.6ms
[2020-11-07T11:36:52.896+0800][gc,heap      ] GC(268) Eden regions: 610->0(611)
[2020-11-07T11:36:52.896+0800][gc,heap      ] GC(268) Survivor regions: 4->3(77)
[2020-11-07T11:36:52.896+0800][gc,heap      ] GC(268) Old regions: 119->119
[2020-11-07T11:36:52.896+0800][gc,heap      ] GC(268) Archive regions: 2->2
[2020-11-07T11:36:52.896+0800][gc,heap      ] GC(268) Humongous regions: 130->130
[2020-11-07T11:36:52.896+0800][gc,metaspace ] GC(268) Metaspace: 28632K->28632K(1075200K)
[2020-11-07T11:36:52.897+0800][gc           ] GC(268) Pause Young (Normal) (G1 Evacuation Pause) 862M->251M(1024M) 11.894ms
[2020-11-07T11:36:52.897+0800][gc,cpu       ] GC(268) User=0.02s Sys=0.03s Real=0.01s
[2020-11-07T11:49:05.294+0800][gc,start     ] GC(269) Pause Young (Normal) (G1 Evacuation Pause)
[2020-11-07T11:49:05.296+0800][gc,task      ] GC(269) Using 8 workers of 8 for evacuation
[2020-11-07T11:49:05.309+0800][gc,phases    ] GC(269)   Pre Evacuate Collection Set: 0.1ms
[2020-11-07T11:49:05.309+0800][gc,phases    ] GC(269)   Evacuate Collection Set: 10.2ms
[2020-11-07T11:49:05.309+0800][gc,phases    ] GC(269)   Post Evacuate Collection Set: 1.7ms
[2020-11-07T11:49:05.309+0800][gc,phases    ] GC(269)   Other: 3.3ms
[2020-11-07T11:49:05.309+0800][gc,heap      ] GC(269) Eden regions: 611->0(610)
[2020-11-07T11:49:05.309+0800][gc,heap      ] GC(269) Survivor regions: 3->4(77)
[2020-11-07T11:49:05.309+0800][gc,heap      ] GC(269) Old regions: 119->119
[2020-11-07T11:49:05.309+0800][gc,heap      ] GC(269) Archive regions: 2->2
[2020-11-07T11:49:05.309+0800][gc,heap      ] GC(269) Humongous regions: 130->130
[2020-11-07T11:49:05.309+0800][gc,metaspace ] GC(269) Metaspace: 28634K->28634K(1075200K)
[2020-11-07T11:49:05.310+0800][gc           ] GC(269) Pause Young (Normal) (G1 Evacuation Pause) 862M->252M(1024M) 15.407ms
[2020-11-07T11:49:05.310+0800][gc,cpu       ] GC(269) User=0.02s Sys=0.04s Real=0.02s
[2020-11-07T12:01:17.985+0800][gc,start     ] GC(270) Pause Young (Normal) (G1 Evacuation Pause)
[2020-11-07T12:01:17.987+0800][gc,task      ] GC(270) Using 8 workers of 8 for evacuation
[2020-11-07T12:01:18.001+0800][gc,phases    ] GC(270)   Pre Evacuate Collection Set: 0.1ms
[2020-11-07T12:01:18.001+0800][gc,phases    ] GC(270)   Evacuate Collection Set: 11.3ms
[2020-11-07T12:01:18.001+0800][gc,phases    ] GC(270)   Post Evacuate Collection Set: 1.6ms
[2020-11-07T12:01:18.001+0800][gc,phases    ] GC(270)   Other: 2.2ms
[2020-11-07T12:01:18.001+0800][gc,heap      ] GC(270) Eden regions: 610->0(610)
[2020-11-07T12:01:18.001+0800][gc,heap      ] GC(270) Survivor regions: 4->4(77)
[2020-11-07T12:01:18.001+0800][gc,heap      ] GC(270) Old regions: 119->119
[2020-11-07T12:01:18.001+0800][gc,heap      ] GC(270) Archive regions: 2->2
[2020-11-07T12:01:18.001+0800][gc,heap      ] GC(270) Humongous regions: 130->130
[2020-11-07T12:01:18.001+0800][gc,metaspace ] GC(270) Metaspace: 28635K->28635K(1075200K)
[2020-11-07T12:01:18.001+0800][gc           ] GC(270) Pause Young (Normal) (G1 Evacuation Pause) 862M->252M(1024M) 15.811ms
[2020-11-07T12:01:18.001+0800][gc,cpu       ] GC(270) User=0.02s Sys=0.03s Real=0.02s
[2020-11-07T12:13:25.746+0800][gc,start     ] GC(271) Pause Young (Normal) (G1 Evacuation Pause)
[2020-11-07T12:13:25.747+0800][gc,task      ] GC(271) Using 8 workers of 8 for evacuation
[2020-11-07T12:13:25.762+0800][gc,phases    ] GC(271)   Pre Evacuate Collection Set: 0.1ms
[2020-11-07T12:13:25.762+0800][gc,phases    ] GC(271)   Evacuate Collection Set: 11.4ms
[2020-11-07T12:13:25.762+0800][gc,phases    ] GC(271)   Post Evacuate Collection Set: 1.9ms
[2020-11-07T12:13:25.762+0800][gc,phases    ] GC(271)   Other: 2.6ms
[2020-11-07T12:13:25.762+0800][gc,heap      ] GC(271) Eden regions: 610->0(609)
[2020-11-07T12:13:25.762+0800][gc,heap      ] GC(271) Survivor regions: 4->5(77)
[2020-11-07T12:13:25.762+0800][gc,heap      ] GC(271) Old regions: 119->119
[2020-11-07T12:13:25.762+0800][gc,heap      ] GC(271) Archive regions: 2->2
[2020-11-07T12:13:25.762+0800][gc,heap      ] GC(271) Humongous regions: 130->130
[2020-11-07T12:13:25.762+0800][gc,metaspace ] GC(271) Metaspace: 28638K->28638K(1075200K)
[2020-11-07T12:13:25.762+0800][gc           ] GC(271) Pause Young (Normal) (G1 Evacuation Pause) 862M->252M(1024M) 16.167ms
[2020-11-07T12:13:25.762+0800][gc,cpu       ] GC(271) User=0.02s Sys=0.03s Real=0.02s
[2020-11-07T12:25:30.719+0800][gc,start     ] GC(272) Pause Young (Normal) (G1 Evacuation Pause)
[2020-11-07T12:25:30.720+0800][gc,task      ] GC(272) Using 8 workers of 8 for evacuation
[2020-11-07T12:25:30.733+0800][gc,phases    ] GC(272)   Pre Evacuate Collection Set: 0.1ms
[2020-11-07T12:25:30.733+0800][gc,phases    ] GC(272)   Evacuate Collection Set: 9.6ms
[2020-11-07T12:25:30.733+0800][gc,phases    ] GC(272)   Post Evacuate Collection Set: 2.0ms
[2020-11-07T12:25:30.733+0800][gc,phases    ] GC(272)   Other: 2.1ms
[2020-11-07T12:25:30.733+0800][gc,heap      ] GC(272) Eden regions: 609->0(610)
[2020-11-07T12:25:30.733+0800][gc,heap      ] GC(272) Survivor regions: 5->4(77)
[2020-11-07T12:25:30.733+0800][gc,heap      ] GC(272) Old regions: 119->119
[2020-11-07T12:25:30.733+0800][gc,heap      ] GC(272) Archive regions: 2->2
[2020-11-07T12:25:30.733+0800][gc,heap      ] GC(272) Humongous regions: 130->130
[2020-11-07T12:25:30.733+0800][gc,metaspace ] GC(272) Metaspace: 28638K->28638K(1075200K)
[2020-11-07T12:25:30.733+0800][gc           ] GC(272) Pause Young (Normal) (G1 Evacuation Pause) 861M->252M(1024M) 13.818ms
[2020-11-07T12:25:30.733+0800][gc,cpu       ] GC(272) User=0.02s Sys=0.04s Real=0.02s
[2020-11-07T12:37:42.170+0800][gc,start     ] GC(273) Pause Young (Normal) (G1 Evacuation Pause)
[2020-11-07T12:37:42.171+0800][gc,task      ] GC(273) Using 8 workers of 8 for evacuation
[2020-11-07T12:37:42.186+0800][gc,phases    ] GC(273)   Pre Evacuate Collection Set: 0.1ms
[2020-11-07T12:37:42.186+0800][gc,phases    ] GC(273)   Evacuate Collection Set: 12.5ms
[2020-11-07T12:37:42.186+0800][gc,phases    ] GC(273)   Post Evacuate Collection Set: 1.8ms
[2020-11-07T12:37:42.186+0800][gc,phases    ] GC(273)   Other: 2.2ms
[2020-11-07T12:37:42.186+0800][gc,heap      ] GC(273) Eden regions: 610->0(610)
[2020-11-07T12:37:42.187+0800][gc,heap      ] GC(273) Survivor regions: 4->4(77)
[2020-11-07T12:37:42.187+0800][gc,heap      ] GC(273) Old regions: 119->119
[2020-11-07T12:37:42.187+0800][gc,heap      ] GC(273) Archive regions: 2->2
[2020-11-07T12:37:42.187+0800][gc,heap      ] GC(273) Humongous regions: 130->130
[2020-11-07T12:37:42.187+0800][gc,metaspace ] GC(273) Metaspace: 28649K->28649K(1075200K)
[2020-11-07T12:37:42.187+0800][gc           ] GC(273) Pause Young (Normal) (G1 Evacuation Pause) 862M->251M(1024M) 16.687ms
[2020-11-07T12:37:42.187+0800][gc,cpu       ] GC(273) User=0.01s Sys=0.04s Real=0.01s
[2020-11-07T12:53:05.370+0800][gc,start     ] GC(274) Pause Young (Normal) (G1 Evacuation Pause)
[2020-11-07T12:53:05.370+0800][gc,task      ] GC(274) Using 8 workers of 8 for evacuation
[2020-11-07T12:53:05.404+0800][gc,mmu       ] GC(274) MMU target violated: 21.0ms (20.0ms/21.0ms)
[2020-11-07T12:53:05.404+0800][gc,phases    ] GC(274)   Pre Evacuate Collection Set: 0.1ms
[2020-11-07T12:53:05.404+0800][gc,phases    ] GC(274)   Evacuate Collection Set: 29.2ms
[2020-11-07T12:53:05.404+0800][gc,phases    ] GC(274)   Post Evacuate Collection Set: 1.8ms
[2020-11-07T12:53:05.404+0800][gc,phases    ] GC(274)   Other: 3.7ms
[2020-11-07T12:53:05.404+0800][gc,heap      ] GC(274) Eden regions: 610->0(195)
[2020-11-07T12:53:05.404+0800][gc,heap      ] GC(274) Survivor regions: 4->4(77)
[2020-11-07T12:53:05.404+0800][gc,heap      ] GC(274) Old regions: 119->119
[2020-11-07T12:53:05.404+0800][gc,heap      ] GC(274) Archive regions: 2->2
[2020-11-07T12:53:05.404+0800][gc,heap      ] GC(274) Humongous regions: 130->130
[2020-11-07T12:53:05.404+0800][gc,metaspace ] GC(274) Metaspace: 28650K->28650K(1075200K)
[2020-11-07T12:53:05.405+0800][gc           ] GC(274) Pause Young (Normal) (G1 Evacuation Pause) 861M->252M(1024M) 35.419ms
[2020-11-07T12:53:05.405+0800][gc,cpu       ] GC(274) User=0.02s Sys=0.07s Real=0.03s
[2020-11-07T12:56:55.268+0800][gc,start     ] GC(275) Pause Young (Normal) (G1 Evacuation Pause)
[2020-11-07T12:56:55.269+0800][gc,task      ] GC(275) Using 8 workers of 8 for evacuation
[2020-11-07T12:56:55.281+0800][gc,phases    ] GC(275)   Pre Evacuate Collection Set: 0.1ms
[2020-11-07T12:56:55.281+0800][gc,phases    ] GC(275)   Evacuate Collection Set: 9.9ms
[2020-11-07T12:56:55.281+0800][gc,phases    ] GC(275)   Post Evacuate Collection Set: 1.2ms
[2020-11-07T12:56:55.281+0800][gc,phases    ] GC(275)   Other: 2.0ms
[2020-11-07T12:56:55.281+0800][gc,heap      ] GC(275) Eden regions: 195->0(234)
[2020-11-07T12:56:55.281+0800][gc,heap      ] GC(275) Survivor regions: 4->3(25)
[2020-11-07T12:56:55.281+0800][gc,heap      ] GC(275) Old regions: 119->119
[2020-11-07T12:56:55.281+0800][gc,heap      ] GC(275) Archive regions: 2->2
[2020-11-07T12:56:55.281+0800][gc,heap      ] GC(275) Humongous regions: 130->130
[2020-11-07T12:56:55.281+0800][gc,metaspace ] GC(275) Metaspace: 28650K->28650K(1075200K)
[2020-11-07T12:56:55.281+0800][gc           ] GC(275) Pause Young (Normal) (G1 Evacuation Pause) 447M->251M(1024M) 13.338ms
[2020-11-07T12:56:55.281+0800][gc,cpu       ] GC(275) User=0.02s Sys=0.03s Real=0.02s
[2020-11-07T13:01:33.636+0800][gc,start     ] GC(276) Pause Young (Normal) (G1 Evacuation Pause)
[2020-11-07T13:01:33.638+0800][gc,task      ] GC(276) Using 8 workers of 8 for evacuation
[2020-11-07T13:01:33.653+0800][gc,phases    ] GC(276)   Pre Evacuate Collection Set: 0.1ms
[2020-11-07T13:01:33.653+0800][gc,phases    ] GC(276)   Evacuate Collection Set: 12.2ms
[2020-11-07T13:01:33.654+0800][gc,phases    ] GC(276)   Post Evacuate Collection Set: 2.0ms
[2020-11-07T13:01:33.654+0800][gc,phases    ] GC(276)   Other: 2.8ms
[2020-11-07T13:01:33.654+0800][gc,heap      ] GC(276) Eden regions: 234->0(243)
[2020-11-07T13:01:33.654+0800][gc,heap      ] GC(276) Survivor regions: 3->4(30)
[2020-11-07T13:01:33.654+0800][gc,heap      ] GC(276) Old regions: 119->119
[2020-11-07T13:01:33.654+0800][gc,heap      ] GC(276) Archive regions: 2->2
[2020-11-07T13:01:33.654+0800][gc,heap      ] GC(276) Humongous regions: 130->130
[2020-11-07T13:01:33.654+0800][gc,metaspace ] GC(276) Metaspace: 28650K->28650K(1075200K)
[2020-11-07T13:01:33.654+0800][gc           ] GC(276) Pause Young (Normal) (G1 Evacuation Pause) 485M->252M(1024M) 17.277ms
[2020-11-07T13:01:33.654+0800][gc,cpu       ] GC(276) User=0.02s Sys=0.03s Real=0.02s
[2020-11-07T13:06:23.999+0800][gc,start     ] GC(277) Pause Young (Normal) (G1 Evacuation Pause)
[2020-11-07T13:06:24.001+0800][gc,task      ] GC(277) Using 8 workers of 8 for evacuation
[2020-11-07T13:06:24.022+0800][gc,mmu       ] GC(277) MMU target violated: 21.0ms (20.0ms/21.0ms)
[2020-11-07T13:06:24.022+0800][gc,phases    ] GC(277)   Pre Evacuate Collection Set: 0.1ms
[2020-11-07T13:06:24.022+0800][gc,phases    ] GC(277)   Evacuate Collection Set: 18.6ms
[2020-11-07T13:06:24.022+0800][gc,phases    ] GC(277)   Post Evacuate Collection Set: 1.6ms
[2020-11-07T13:06:24.023+0800][gc,phases    ] GC(277)   Other: 2.9ms
[2020-11-07T13:06:24.023+0800][gc,heap      ] GC(277) Eden regions: 243->0(238)
[2020-11-07T13:06:24.023+0800][gc,heap      ] GC(277) Survivor regions: 4->3(31)
[2020-11-07T13:06:24.023+0800][gc,heap      ] GC(277) Old regions: 119->119
[2020-11-07T13:06:24.023+0800][gc,heap      ] GC(277) Archive regions: 2->2
[2020-11-07T13:06:24.023+0800][gc,heap      ] GC(277) Humongous regions: 130->130
[2020-11-07T13:06:24.023+0800][gc,metaspace ] GC(277) Metaspace: 28650K->28650K(1075200K)
[2020-11-07T13:06:24.023+0800][gc           ] GC(277) Pause Young (Normal) (G1 Evacuation Pause) 495M->251M(1024M) 23.277ms
[2020-11-07T13:06:24.023+0800][gc,cpu       ] GC(277) User=0.02s Sys=0.04s Real=0.03s
[2020-11-07T13:11:09.302+0800][gc,start     ] GC(278) Pause Young (Normal) (G1 Evacuation Pause)
[2020-11-07T13:11:09.302+0800][gc,task      ] GC(278) Using 8 workers of 8 for evacuation
[2020-11-07T13:11:09.318+0800][gc,phases    ] GC(278)   Pre Evacuate Collection Set: 0.1ms
[2020-11-07T13:11:09.318+0800][gc,phases    ] GC(278)   Evacuate Collection Set: 12.2ms
[2020-11-07T13:11:09.318+0800][gc,phases    ] GC(278)   Post Evacuate Collection Set: 1.4ms
[2020-11-07T13:11:09.318+0800][gc,phases    ] GC(278)   Other: 2.7ms
[2020-11-07T13:11:09.318+0800][gc,heap      ] GC(278) Eden regions: 238->0(248)
[2020-11-07T13:11:09.318+0800][gc,heap      ] GC(278) Survivor regions: 3->4(31)
[2020-11-07T13:11:09.318+0800][gc,heap      ] GC(278) Old regions: 119->119
[2020-11-07T13:11:09.318+0800][gc,heap      ] GC(278) Archive regions: 2->2
[2020-11-07T13:11:09.318+0800][gc,heap      ] GC(278) Humongous regions: 130->130
[2020-11-07T13:11:09.318+0800][gc,metaspace ] GC(278) Metaspace: 28650K->28650K(1075200K)
[2020-11-07T13:11:09.319+0800][gc           ] GC(278) Pause Young (Normal) (G1 Evacuation Pause) 489M->252M(1024M) 17.073ms
[2020-11-07T13:11:09.319+0800][gc,cpu       ] GC(278) User=0.02s Sys=0.04s Real=0.01s
[2020-11-07T13:16:00.913+0800][gc,start     ] GC(279) Pause Young (Normal) (G1 Evacuation Pause)
[2020-11-07T13:16:00.914+0800][gc,task      ] GC(279) Using 8 workers of 8 for evacuation
[2020-11-07T13:16:00.928+0800][gc,phases    ] GC(279)   Pre Evacuate Collection Set: 0.1ms
[2020-11-07T13:16:00.928+0800][gc,phases    ] GC(279)   Evacuate Collection Set: 11.3ms
[2020-11-07T13:16:00.928+0800][gc,phases    ] GC(279)   Post Evacuate Collection Set: 1.3ms
[2020-11-07T13:16:00.928+0800][gc,phases    ] GC(279)   Other: 2.7ms
[2020-11-07T13:16:00.928+0800][gc,heap      ] GC(279) Eden regions: 248->0(257)
[2020-11-07T13:16:00.928+0800][gc,heap      ] GC(279) Survivor regions: 4->3(32)
[2020-11-07T13:16:00.928+0800][gc,heap      ] GC(279) Old regions: 119->119
[2020-11-07T13:16:00.928+0800][gc,heap      ] GC(279) Archive regions: 2->2
[2020-11-07T13:16:00.928+0800][gc,heap      ] GC(279) Humongous regions: 130->130
[2020-11-07T13:16:00.928+0800][gc,metaspace ] GC(279) Metaspace: 28650K->28650K(1075200K)
[2020-11-07T13:16:00.928+0800][gc           ] GC(279) Pause Young (Normal) (G1 Evacuation Pause) 500M->251M(1024M) 15.391ms
[2020-11-07T13:16:00.929+0800][gc,cpu       ] GC(279) User=0.02s Sys=0.04s Real=0.01s
[2020-11-07T13:21:06.703+0800][gc,start     ] GC(280) Pause Young (Normal) (G1 Evacuation Pause)
[2020-11-07T13:21:06.704+0800][gc,task      ] GC(280) Using 8 workers of 8 for evacuation
[2020-11-07T13:21:06.725+0800][gc,mmu       ] GC(280) MMU target violated: 20.7ms (20.0ms/21.0ms)
[2020-11-07T13:21:06.725+0800][gc,phases    ] GC(280)   Pre Evacuate Collection Set: 0.1ms
[2020-11-07T13:21:06.725+0800][gc,phases    ] GC(280)   Evacuate Collection Set: 17.7ms
[2020-11-07T13:21:06.725+0800][gc,phases    ] GC(280)   Post Evacuate Collection Set: 1.7ms
[2020-11-07T13:21:06.725+0800][gc,phases    ] GC(280)   Other: 2.2ms
[2020-11-07T13:21:06.725+0800][gc,heap      ] GC(280) Eden regions: 257->0(244)
[2020-11-07T13:21:06.725+0800][gc,heap      ] GC(280) Survivor regions: 3->3(33)
[2020-11-07T13:21:06.725+0800][gc,heap      ] GC(280) Old regions: 119->119
[2020-11-07T13:21:06.725+0800][gc,heap      ] GC(280) Archive regions: 2->2
[2020-11-07T13:21:06.725+0800][gc,heap      ] GC(280) Humongous regions: 130->130
[2020-11-07T13:21:06.725+0800][gc,metaspace ] GC(280) Metaspace: 28650K->28650K(1075200K)
[2020-11-07T13:21:06.725+0800][gc           ] GC(280) Pause Young (Normal) (G1 Evacuation Pause) 508M->251M(1024M) 21.815ms
[2020-11-07T13:21:06.725+0800][gc,cpu       ] GC(280) User=0.01s Sys=0.04s Real=0.02s
[2020-11-07T13:25:55.944+0800][gc,start     ] GC(281) Pause Young (Normal) (G1 Evacuation Pause)
[2020-11-07T13:25:55.945+0800][gc,task      ] GC(281) Using 8 workers of 8 for evacuation
[2020-11-07T13:25:55.958+0800][gc,phases    ] GC(281)   Pre Evacuate Collection Set: 0.1ms
[2020-11-07T13:25:55.958+0800][gc,phases    ] GC(281)   Evacuate Collection Set: 10.1ms
[2020-11-07T13:25:55.958+0800][gc,phases    ] GC(281)   Post Evacuate Collection Set: 1.7ms
[2020-11-07T13:25:55.958+0800][gc,phases    ] GC(281)   Other: 2.5ms
[2020-11-07T13:25:55.958+0800][gc,heap      ] GC(281) Eden regions: 244->0(250)
[2020-11-07T13:25:55.958+0800][gc,heap      ] GC(281) Survivor regions: 3->4(31)
[2020-11-07T13:25:55.958+0800][gc,heap      ] GC(281) Old regions: 119->119
[2020-11-07T13:25:55.958+0800][gc,heap      ] GC(281) Archive regions: 2->2
[2020-11-07T13:25:55.958+0800][gc,heap      ] GC(281) Humongous regions: 130->130
[2020-11-07T13:25:55.958+0800][gc,metaspace ] GC(281) Metaspace: 28650K->28650K(1075200K)
[2020-11-07T13:25:55.958+0800][gc           ] GC(281) Pause Young (Normal) (G1 Evacuation Pause) 495M->252M(1024M) 14.443ms
[2020-11-07T13:25:55.958+0800][gc,cpu       ] GC(281) User=0.01s Sys=0.03s Real=0.01s
[2020-11-07T13:30:53.338+0800][gc,start     ] GC(282) Pause Young (Normal) (G1 Evacuation Pause)
[2020-11-07T13:30:53.339+0800][gc,task      ] GC(282) Using 8 workers of 8 for evacuation
[2020-11-07T13:30:53.354+0800][gc,phases    ] GC(282)   Pre Evacuate Collection Set: 0.2ms
[2020-11-07T13:30:53.354+0800][gc,phases    ] GC(282)   Evacuate Collection Set: 12.2ms
[2020-11-07T13:30:53.354+0800][gc,phases    ] GC(282)   Post Evacuate Collection Set: 1.2ms
[2020-11-07T13:30:53.354+0800][gc,phases    ] GC(282)   Other: 3.3ms
[2020-11-07T13:30:53.354+0800][gc,heap      ] GC(282) Eden regions: 250->0(262)
[2020-11-07T13:30:53.354+0800][gc,heap      ] GC(282) Survivor regions: 4->4(32)
[2020-11-07T13:30:53.354+0800][gc,heap      ] GC(282) Old regions: 119->119
[2020-11-07T13:30:53.354+0800][gc,heap      ] GC(282) Archive regions: 2->2
[2020-11-07T13:30:53.354+0800][gc,heap      ] GC(282) Humongous regions: 130->130
[2020-11-07T13:30:53.354+0800][gc,metaspace ] GC(282) Metaspace: 28650K->28650K(1075200K)
[2020-11-07T13:30:53.354+0800][gc           ] GC(282) Pause Young (Normal) (G1 Evacuation Pause) 502M->252M(1024M) 15.921ms
[2020-11-07T13:30:53.354+0800][gc,cpu       ] GC(282) User=0.01s Sys=0.03s Real=0.02s
[2020-11-07T13:36:05.599+0800][gc,start     ] GC(283) Pause Young (Normal) (G1 Evacuation Pause)
[2020-11-07T13:36:05.600+0800][gc,task      ] GC(283) Using 8 workers of 8 for evacuation
[2020-11-07T13:36:05.616+0800][gc,phases    ] GC(283)   Pre Evacuate Collection Set: 0.1ms
[2020-11-07T13:36:05.616+0800][gc,phases    ] GC(283)   Evacuate Collection Set: 13.4ms
[2020-11-07T13:36:05.616+0800][gc,phases    ] GC(283)   Post Evacuate Collection Set: 1.5ms
[2020-11-07T13:36:05.616+0800][gc,phases    ] GC(283)   Other: 2.2ms
[2020-11-07T13:36:05.616+0800][gc,heap      ] GC(283) Eden regions: 262->0(265)
[2020-11-07T13:36:05.616+0800][gc,heap      ] GC(283) Survivor regions: 4->4(34)
[2020-11-07T13:36:05.616+0800][gc,heap      ] GC(283) Old regions: 119->119
[2020-11-07T13:36:05.616+0800][gc,heap      ] GC(283) Archive regions: 2->2
[2020-11-07T13:36:05.616+0800][gc,heap      ] GC(283) Humongous regions: 130->130
[2020-11-07T13:36:05.616+0800][gc,metaspace ] GC(283) Metaspace: 28650K->28650K(1075200K)
[2020-11-07T13:36:05.616+0800][gc           ] GC(283) Pause Young (Normal) (G1 Evacuation Pause) 514M->252M(1024M) 17.287ms
[2020-11-07T13:36:05.616+0800][gc,cpu       ] GC(283) User=0.02s Sys=0.04s Real=0.02s
[2020-11-07T13:41:20.708+0800][gc,start     ] GC(284) Pause Young (Normal) (G1 Evacuation Pause)
[2020-11-07T13:41:20.709+0800][gc,task      ] GC(284) Using 8 workers of 8 for evacuation
[2020-11-07T13:41:20.743+0800][gc,mmu       ] GC(284) MMU target violated: 21.0ms (20.0ms/21.0ms)
[2020-11-07T13:41:20.743+0800][gc,phases    ] GC(284)   Pre Evacuate Collection Set: 0.1ms
[2020-11-07T13:41:20.743+0800][gc,phases    ] GC(284)   Evacuate Collection Set: 29.8ms
[2020-11-07T13:41:20.743+0800][gc,phases    ] GC(284)   Post Evacuate Collection Set: 1.9ms
[2020-11-07T13:41:20.743+0800][gc,phases    ] GC(284)   Other: 3.4ms
[2020-11-07T13:41:20.743+0800][gc,heap      ] GC(284) Eden regions: 265->0(82)
[2020-11-07T13:41:20.743+0800][gc,heap      ] GC(284) Survivor regions: 4->4(34)
[2020-11-07T13:41:20.743+0800][gc,heap      ] GC(284) Old regions: 119->119
[2020-11-07T13:41:20.744+0800][gc,heap      ] GC(284) Archive regions: 2->2
[2020-11-07T13:41:20.744+0800][gc,heap      ] GC(284) Humongous regions: 130->130
[2020-11-07T13:41:20.744+0800][gc,metaspace ] GC(284) Metaspace: 28651K->28651K(1075200K)
[2020-11-07T13:41:20.744+0800][gc           ] GC(284) Pause Young (Normal) (G1 Evacuation Pause) 517M->252M(1024M) 35.443ms
[2020-11-07T13:41:20.744+0800][gc,cpu       ] GC(284) User=0.02s Sys=0.05s Real=0.04s
[2020-11-07T13:42:57.553+0800][gc,start     ] GC(285) Pause Young (Normal) (G1 Evacuation Pause)
[2020-11-07T13:42:57.554+0800][gc,task      ] GC(285) Using 8 workers of 8 for evacuation
[2020-11-07T13:42:57.563+0800][gc,phases    ] GC(285)   Pre Evacuate Collection Set: 0.0ms
[2020-11-07T13:42:57.563+0800][gc,phases    ] GC(285)   Evacuate Collection Set: 8.0ms
[2020-11-07T13:42:57.563+0800][gc,phases    ] GC(285)   Post Evacuate Collection Set: 0.3ms
[2020-11-07T13:42:57.563+0800][gc,phases    ] GC(285)   Other: 1.6ms
[2020-11-07T13:42:57.563+0800][gc,heap      ] GC(285) Eden regions: 82->0(135)
[2020-11-07T13:42:57.563+0800][gc,heap      ] GC(285) Survivor regions: 4->3(11)
[2020-11-07T13:42:57.563+0800][gc,heap      ] GC(285) Old regions: 119->119
[2020-11-07T13:42:57.563+0800][gc,heap      ] GC(285) Archive regions: 2->2
[2020-11-07T13:42:57.563+0800][gc,heap      ] GC(285) Humongous regions: 130->130
[2020-11-07T13:42:57.563+0800][gc,metaspace ] GC(285) Metaspace: 28654K->28654K(1075200K)
[2020-11-07T13:42:57.563+0800][gc           ] GC(285) Pause Young (Normal) (G1 Evacuation Pause) 334M->252M(1024M) 10.093ms
[2020-11-07T13:42:57.563+0800][gc,cpu       ] GC(285) User=0.02s Sys=0.02s Real=0.01s
[2020-11-07T13:45:37.087+0800][gc,start     ] GC(286) Pause Young (Normal) (G1 Evacuation Pause)
[2020-11-07T13:45:37.087+0800][gc,task      ] GC(286) Using 8 workers of 8 for evacuation
[2020-11-07T13:45:37.101+0800][gc,phases    ] GC(286)   Pre Evacuate Collection Set: 0.1ms
[2020-11-07T13:45:37.101+0800][gc,phases    ] GC(286)   Evacuate Collection Set: 8.8ms
[2020-11-07T13:45:37.101+0800][gc,phases    ] GC(286)   Post Evacuate Collection Set: 1.3ms
[2020-11-07T13:45:37.101+0800][gc,phases    ] GC(286)   Other: 4.2ms
[2020-11-07T13:45:37.101+0800][gc,heap      ] GC(286) Eden regions: 135->0(145)
[2020-11-07T13:45:37.101+0800][gc,heap      ] GC(286) Survivor regions: 3->3(18)
[2020-11-07T13:45:37.101+0800][gc,heap      ] GC(286) Old regions: 119->119
[2020-11-07T13:45:37.101+0800][gc,heap      ] GC(286) Archive regions: 2->2
[2020-11-07T13:45:37.101+0800][gc,heap      ] GC(286) Humongous regions: 130->130
[2020-11-07T13:45:37.101+0800][gc,metaspace ] GC(286) Metaspace: 28654K->28654K(1075200K)
[2020-11-07T13:45:37.102+0800][gc           ] GC(286) Pause Young (Normal) (G1 Evacuation Pause) 387M->251M(1024M) 14.992ms
[2020-11-07T13:45:37.102+0800][gc,cpu       ] GC(286) User=0.01s Sys=0.02s Real=0.02s
[2020-11-07T13:48:28.802+0800][gc,start     ] GC(287) Pause Young (Normal) (G1 Evacuation Pause)
[2020-11-07T13:48:28.803+0800][gc,task      ] GC(287) Using 8 workers of 8 for evacuation
[2020-11-07T13:48:28.816+0800][gc,phases    ] GC(287)   Pre Evacuate Collection Set: 0.1ms
[2020-11-07T13:48:28.817+0800][gc,phases    ] GC(287)   Evacuate Collection Set: 11.0ms
[2020-11-07T13:48:28.817+0800][gc,phases    ] GC(287)   Post Evacuate Collection Set: 1.1ms
[2020-11-07T13:48:28.817+0800][gc,phases    ] GC(287)   Other: 2.6ms
[2020-11-07T13:48:28.817+0800][gc,heap      ] GC(287) Eden regions: 145->0(148)
[2020-11-07T13:48:28.817+0800][gc,heap      ] GC(287) Survivor regions: 3->4(19)
[2020-11-07T13:48:28.817+0800][gc,heap      ] GC(287) Old regions: 119->119
[2020-11-07T13:48:28.817+0800][gc,heap      ] GC(287) Archive regions: 2->2
[2020-11-07T13:48:28.817+0800][gc,heap      ] GC(287) Humongous regions: 130->130
[2020-11-07T13:48:28.817+0800][gc,metaspace ] GC(287) Metaspace: 28655K->28655K(1075200K)
[2020-11-07T13:48:28.817+0800][gc           ] GC(287) Pause Young (Normal) (G1 Evacuation Pause) 396M->253M(1024M) 14.864ms
[2020-11-07T13:48:28.817+0800][gc,cpu       ] GC(287) User=0.02s Sys=0.04s Real=0.01s
[2020-11-07T13:51:25.552+0800][gc,start     ] GC(288) Pause Young (Normal) (G1 Evacuation Pause)
[2020-11-07T13:51:25.553+0800][gc,task      ] GC(288) Using 8 workers of 8 for evacuation
[2020-11-07T13:51:25.565+0800][gc,phases    ] GC(288)   Pre Evacuate Collection Set: 0.1ms
[2020-11-07T13:51:25.565+0800][gc,phases    ] GC(288)   Evacuate Collection Set: 8.8ms
[2020-11-07T13:51:25.565+0800][gc,phases    ] GC(288)   Post Evacuate Collection Set: 1.2ms
[2020-11-07T13:51:25.565+0800][gc,phases    ] GC(288)   Other: 2.7ms
[2020-11-07T13:51:25.565+0800][gc,heap      ] GC(288) Eden regions: 148->0(156)
[2020-11-07T13:51:25.565+0800][gc,heap      ] GC(288) Survivor regions: 4->3(19)
[2020-11-07T13:51:25.565+0800][gc,heap      ] GC(288) Old regions: 119->119
[2020-11-07T13:51:25.565+0800][gc,heap      ] GC(288) Archive regions: 2->2
[2020-11-07T13:51:25.565+0800][gc,heap      ] GC(288) Humongous regions: 130->130
[2020-11-07T13:51:25.565+0800][gc,metaspace ] GC(288) Metaspace: 28655K->28655K(1075200K)
[2020-11-07T13:51:25.566+0800][gc           ] GC(288) Pause Young (Normal) (G1 Evacuation Pause) 401M->251M(1024M) 13.461ms
[2020-11-07T13:51:25.566+0800][gc,cpu       ] GC(288) User=0.01s Sys=0.03s Real=0.01s
[2020-11-07T13:54:32.506+0800][gc,start     ] GC(289) Pause Young (Normal) (G1 Evacuation Pause)
[2020-11-07T13:54:32.507+0800][gc,task      ] GC(289) Using 8 workers of 8 for evacuation
[2020-11-07T13:54:32.513+0800][gc,phases    ] GC(289)   Pre Evacuate Collection Set: 0.0ms
[2020-11-07T13:54:32.513+0800][gc,phases    ] GC(289)   Evacuate Collection Set: 5.4ms
[2020-11-07T13:54:32.513+0800][gc,phases    ] GC(289)   Post Evacuate Collection Set: 1.1ms
[2020-11-07T13:54:32.513+0800][gc,phases    ] GC(289)   Other: 0.6ms
[2020-11-07T13:54:32.514+0800][gc,heap      ] GC(289) Eden regions: 156->0(170)
[2020-11-07T13:54:32.514+0800][gc,heap      ] GC(289) Survivor regions: 3->3(20)
[2020-11-07T13:54:32.514+0800][gc,heap      ] GC(289) Old regions: 119->119
[2020-11-07T13:54:32.514+0800][gc,heap      ] GC(289) Archive regions: 2->2
[2020-11-07T13:54:32.514+0800][gc,heap      ] GC(289) Humongous regions: 130->130
[2020-11-07T13:54:32.514+0800][gc,metaspace ] GC(289) Metaspace: 28655K->28655K(1075200K)
[2020-11-07T13:54:32.514+0800][gc           ] GC(289) Pause Young (Normal) (G1 Evacuation Pause) 407M->251M(1024M) 7.236ms
[2020-11-07T13:54:32.514+0800][gc,cpu       ] GC(289) User=0.01s Sys=0.01s Real=0.01s
[2020-11-07T13:57:56.625+0800][gc,start     ] GC(290) Pause Young (Normal) (G1 Evacuation Pause)
[2020-11-07T13:57:56.630+0800][gc,task      ] GC(290) Using 8 workers of 8 for evacuation
[2020-11-07T13:57:56.636+0800][gc,phases    ] GC(290)   Pre Evacuate Collection Set: 0.1ms
[2020-11-07T13:57:56.636+0800][gc,phases    ] GC(290)   Evacuate Collection Set: 4.6ms
[2020-11-07T13:57:56.636+0800][gc,phases    ] GC(290)   Post Evacuate Collection Set: 0.3ms
[2020-11-07T13:57:56.636+0800][gc,phases    ] GC(290)   Other: 6.1ms
[2020-11-07T13:57:56.636+0800][gc,heap      ] GC(290) Eden regions: 170->0(190)
[2020-11-07T13:57:56.636+0800][gc,heap      ] GC(290) Survivor regions: 3->3(22)
[2020-11-07T13:57:56.636+0800][gc,heap      ] GC(290) Old regions: 119->119
[2020-11-07T13:57:56.636+0800][gc,heap      ] GC(290) Archive regions: 2->2
[2020-11-07T13:57:56.636+0800][gc,heap      ] GC(290) Humongous regions: 130->130
[2020-11-07T13:57:56.636+0800][gc,metaspace ] GC(290) Metaspace: 28655K->28655K(1075200K)
[2020-11-07T13:57:56.636+0800][gc           ] GC(290) Pause Young (Normal) (G1 Evacuation Pause) 421M->251M(1024M) 11.180ms
[2020-11-07T13:57:56.636+0800][gc,cpu       ] GC(290) User=0.02s Sys=0.01s Real=0.01s
[2020-11-07T14:01:43.186+0800][gc,start     ] GC(291) Pause Young (Normal) (G1 Evacuation Pause)
[2020-11-07T14:01:43.187+0800][gc,task      ] GC(291) Using 8 workers of 8 for evacuation
[2020-11-07T14:01:43.194+0800][gc,phases    ] GC(291)   Pre Evacuate Collection Set: 0.0ms
[2020-11-07T14:01:43.194+0800][gc,phases    ] GC(291)   Evacuate Collection Set: 5.7ms
[2020-11-07T14:01:43.194+0800][gc,phases    ] GC(291)   Post Evacuate Collection Set: 0.8ms
[2020-11-07T14:01:43.194+0800][gc,phases    ] GC(291)   Other: 0.9ms
[2020-11-07T14:01:43.194+0800][gc,heap      ] GC(291) Eden regions: 190->0(204)
[2020-11-07T14:01:43.194+0800][gc,heap      ] GC(291) Survivor regions: 3->4(25)
[2020-11-07T14:01:43.194+0800][gc,heap      ] GC(291) Old regions: 119->119
[2020-11-07T14:01:43.194+0800][gc,heap      ] GC(291) Archive regions: 2->2
[2020-11-07T14:01:43.194+0800][gc,heap      ] GC(291) Humongous regions: 130->130
[2020-11-07T14:01:43.194+0800][gc,metaspace ] GC(291) Metaspace: 28655K->28655K(1075200K)
[2020-11-07T14:01:43.194+0800][gc           ] GC(291) Pause Young (Normal) (G1 Evacuation Pause) 441M->252M(1024M) 7.631ms
[2020-11-07T14:01:43.194+0800][gc,cpu       ] GC(291) User=0.01s Sys=0.02s Real=0.01s
[2020-11-07T14:05:46.083+0800][gc,start     ] GC(292) Pause Young (Normal) (G1 Evacuation Pause)
[2020-11-07T14:05:46.084+0800][gc,task      ] GC(292) Using 8 workers of 8 for evacuation
[2020-11-07T14:05:46.090+0800][gc,phases    ] GC(292)   Pre Evacuate Collection Set: 0.1ms
[2020-11-07T14:05:46.090+0800][gc,phases    ] GC(292)   Evacuate Collection Set: 5.8ms
[2020-11-07T14:05:46.090+0800][gc,phases    ] GC(292)   Post Evacuate Collection Set: 0.3ms
[2020-11-07T14:05:46.090+0800][gc,phases    ] GC(292)   Other: 1.4ms
[2020-11-07T14:05:46.090+0800][gc,heap      ] GC(292) Eden regions: 204->0(216)
[2020-11-07T14:05:46.090+0800][gc,heap      ] GC(292) Survivor regions: 4->3(26)
[2020-11-07T14:05:46.090+0800][gc,heap      ] GC(292) Old regions: 119->119
[2020-11-07T14:05:46.090+0800][gc,heap      ] GC(292) Archive regions: 2->2
[2020-11-07T14:05:46.090+0800][gc,heap      ] GC(292) Humongous regions: 130->130
[2020-11-07T14:05:46.090+0800][gc,metaspace ] GC(292) Metaspace: 28655K->28655K(1075200K)
[2020-11-07T14:05:46.090+0800][gc           ] GC(292) Pause Young (Normal) (G1 Evacuation Pause) 456M->252M(1024M) 7.638ms
[2020-11-07T14:05:46.090+0800][gc,cpu       ] GC(292) User=0.01s Sys=0.01s Real=0.01s
[2020-11-07T14:10:04.535+0800][gc,start     ] GC(293) Pause Young (Normal) (G1 Evacuation Pause)
[2020-11-07T14:10:04.536+0800][gc,task      ] GC(293) Using 8 workers of 8 for evacuation
[2020-11-07T14:10:04.554+0800][gc,phases    ] GC(293)   Pre Evacuate Collection Set: 0.1ms
[2020-11-07T14:10:04.554+0800][gc,phases    ] GC(293)   Evacuate Collection Set: 14.4ms
[2020-11-07T14:10:04.554+0800][gc,phases    ] GC(293)   Post Evacuate Collection Set: 1.7ms
[2020-11-07T14:10:04.554+0800][gc,phases    ] GC(293)   Other: 3.2ms
[2020-11-07T14:10:04.554+0800][gc,heap      ] GC(293) Eden regions: 216->0(200)
[2020-11-07T14:10:04.554+0800][gc,heap      ] GC(293) Survivor regions: 3->3(28)
[2020-11-07T14:10:04.555+0800][gc,heap      ] GC(293) Old regions: 119->119
[2020-11-07T14:10:04.555+0800][gc,heap      ] GC(293) Archive regions: 2->2
[2020-11-07T14:10:04.555+0800][gc,heap      ] GC(293) Humongous regions: 130->130
[2020-11-07T14:10:04.555+0800][gc,metaspace ] GC(293) Metaspace: 28655K->28655K(1075200K)
[2020-11-07T14:10:04.555+0800][gc           ] GC(293) Pause Young (Normal) (G1 Evacuation Pause) 468M->251M(1024M) 19.480ms
[2020-11-07T14:10:04.555+0800][gc,cpu       ] GC(293) User=0.02s Sys=0.03s Real=0.02s
[2020-11-07T14:13:57.513+0800][gc,start     ] GC(294) Pause Young (Normal) (G1 Evacuation Pause)
[2020-11-07T14:13:57.515+0800][gc,task      ] GC(294) Using 8 workers of 8 for evacuation
[2020-11-07T14:13:57.529+0800][gc,phases    ] GC(294)   Pre Evacuate Collection Set: 0.1ms
[2020-11-07T14:13:57.530+0800][gc,phases    ] GC(294)   Evacuate Collection Set: 11.5ms
[2020-11-07T14:13:57.530+0800][gc,phases    ] GC(294)   Post Evacuate Collection Set: 1.3ms
[2020-11-07T14:13:57.530+0800][gc,phases    ] GC(294)   Other: 3.5ms
[2020-11-07T14:13:57.530+0800][gc,heap      ] GC(294) Eden regions: 200->0(201)
[2020-11-07T14:13:57.530+0800][gc,heap      ] GC(294) Survivor regions: 3->3(26)
[2020-11-07T14:13:57.530+0800][gc,heap      ] GC(294) Old regions: 119->119
[2020-11-07T14:13:57.530+0800][gc,heap      ] GC(294) Archive regions: 2->2
[2020-11-07T14:13:57.530+0800][gc,heap      ] GC(294) Humongous regions: 130->130
[2020-11-07T14:13:57.530+0800][gc,metaspace ] GC(294) Metaspace: 28655K->28655K(1075200K)
[2020-11-07T14:13:57.530+0800][gc           ] GC(294) Pause Young (Normal) (G1 Evacuation Pause) 451M->251M(1024M) 16.481ms
[2020-11-07T14:13:57.530+0800][gc,cpu       ] GC(294) User=0.01s Sys=0.04s Real=0.02s
[2020-11-07T14:17:57.616+0800][gc,start     ] GC(295) Pause Young (Normal) (G1 Evacuation Pause)
[2020-11-07T14:17:57.618+0800][gc,task      ] GC(295) Using 8 workers of 8 for evacuation
[2020-11-07T14:17:57.643+0800][gc,mmu       ] GC(295) MMU target violated: 21.0ms (20.0ms/21.0ms)
[2020-11-07T14:17:57.643+0800][gc,phases    ] GC(295)   Pre Evacuate Collection Set: 0.1ms
[2020-11-07T14:17:57.643+0800][gc,phases    ] GC(295)   Evacuate Collection Set: 22.8ms
[2020-11-07T14:17:57.643+0800][gc,phases    ] GC(295)   Post Evacuate Collection Set: 1.3ms
[2020-11-07T14:17:57.643+0800][gc,phases    ] GC(295)   Other: 2.8ms
[2020-11-07T14:17:57.643+0800][gc,heap      ] GC(295) Eden regions: 201->0(166)
[2020-11-07T14:17:57.643+0800][gc,heap      ] GC(295) Survivor regions: 3->3(26)
[2020-11-07T14:17:57.643+0800][gc,heap      ] GC(295) Old regions: 119->119
[2020-11-07T14:17:57.643+0800][gc,heap      ] GC(295) Archive regions: 2->2
[2020-11-07T14:17:57.643+0800][gc,heap      ] GC(295) Humongous regions: 130->130
[2020-11-07T14:17:57.643+0800][gc,metaspace ] GC(295) Metaspace: 28655K->28655K(1075200K)
[2020-11-07T14:17:57.643+0800][gc           ] GC(295) Pause Young (Normal) (G1 Evacuation Pause) 452M->252M(1024M) 27.079ms
[2020-11-07T14:17:57.644+0800][gc,cpu       ] GC(295) User=0.02s Sys=0.04s Real=0.03s
[2020-11-07T14:21:13.624+0800][gc,start     ] GC(296) Pause Young (Normal) (G1 Evacuation Pause)
[2020-11-07T14:21:13.625+0800][gc,task      ] GC(296) Using 8 workers of 8 for evacuation
[2020-11-07T14:21:13.634+0800][gc,phases    ] GC(296)   Pre Evacuate Collection Set: 0.0ms
[2020-11-07T14:21:13.634+0800][gc,phases    ] GC(296)   Evacuate Collection Set: 6.8ms
[2020-11-07T14:21:13.634+0800][gc,phases    ] GC(296)   Post Evacuate Collection Set: 0.3ms
[2020-11-07T14:21:13.634+0800][gc,phases    ] GC(296)   Other: 2.0ms
[2020-11-07T14:21:13.634+0800][gc,heap      ] GC(296) Eden regions: 166->0(172)
[2020-11-07T14:21:13.634+0800][gc,heap      ] GC(296) Survivor regions: 3->3(22)
[2020-11-07T14:21:13.634+0800][gc,heap      ] GC(296) Old regions: 119->120
[2020-11-07T14:21:13.634+0800][gc,heap      ] GC(296) Archive regions: 2->2
[2020-11-07T14:21:13.634+0800][gc,heap      ] GC(296) Humongous regions: 130->130
[2020-11-07T14:21:13.634+0800][gc,metaspace ] GC(296) Metaspace: 28655K->28655K(1075200K)
[2020-11-07T14:21:13.634+0800][gc           ] GC(296) Pause Young (Normal) (G1 Evacuation Pause) 418M->252M(1024M) 9.352ms
[2020-11-07T14:21:13.634+0800][gc,cpu       ] GC(296) User=0.01s Sys=0.02s Real=0.01s
[2020-11-07T14:24:36.458+0800][gc,start     ] GC(297) Pause Young (Normal) (G1 Evacuation Pause)
[2020-11-07T14:24:36.460+0800][gc,task      ] GC(297) Using 8 workers of 8 for evacuation
[2020-11-07T14:24:36.473+0800][gc,phases    ] GC(297)   Pre Evacuate Collection Set: 0.1ms
[2020-11-07T14:24:36.473+0800][gc,phases    ] GC(297)   Evacuate Collection Set: 10.2ms
[2020-11-07T14:24:36.473+0800][gc,phases    ] GC(297)   Post Evacuate Collection Set: 1.4ms
[2020-11-07T14:24:36.473+0800][gc,phases    ] GC(297)   Other: 3.1ms
[2020-11-07T14:24:36.473+0800][gc,heap      ] GC(297) Eden regions: 172->0(177)
[2020-11-07T14:24:36.473+0800][gc,heap      ] GC(297) Survivor regions: 3->3(22)
[2020-11-07T14:24:36.473+0800][gc,heap      ] GC(297) Old regions: 120->120
[2020-11-07T14:24:36.473+0800][gc,heap      ] GC(297) Archive regions: 2->2
[2020-11-07T14:24:36.473+0800][gc,heap      ] GC(297) Humongous regions: 130->130
[2020-11-07T14:24:36.473+0800][gc,metaspace ] GC(297) Metaspace: 28655K->28655K(1075200K)
[2020-11-07T14:24:36.473+0800][gc           ] GC(297) Pause Young (Normal) (G1 Evacuation Pause) 424M->252M(1024M) 14.816ms
[2020-11-07T14:24:36.473+0800][gc,cpu       ] GC(297) User=0.02s Sys=0.03s Real=0.02s
[2020-11-07T14:28:07.208+0800][gc,start     ] GC(298) Pause Young (Normal) (G1 Evacuation Pause)
[2020-11-07T14:28:07.208+0800][gc,task      ] GC(298) Using 8 workers of 8 for evacuation
[2020-11-07T14:28:07.216+0800][gc,phases    ] GC(298)   Pre Evacuate Collection Set: 0.1ms
[2020-11-07T14:28:07.216+0800][gc,phases    ] GC(298)   Evacuate Collection Set: 6.5ms
[2020-11-07T14:28:07.216+0800][gc,phases    ] GC(298)   Post Evacuate Collection Set: 0.4ms
[2020-11-07T14:28:07.216+0800][gc,phases    ] GC(298)   Other: 1.5ms
[2020-11-07T14:28:07.216+0800][gc,heap      ] GC(298) Eden regions: 177->0(182)
[2020-11-07T14:28:07.216+0800][gc,heap      ] GC(298) Survivor regions: 3->4(23)
[2020-11-07T14:28:07.216+0800][gc,heap      ] GC(298) Old regions: 120->120
[2020-11-07T14:28:07.216+0800][gc,heap      ] GC(298) Archive regions: 2->2
[2020-11-07T14:28:07.216+0800][gc,heap      ] GC(298) Humongous regions: 130->130
[2020-11-07T14:28:07.216+0800][gc,metaspace ] GC(298) Metaspace: 28655K->28655K(1075200K)
[2020-11-07T14:28:07.216+0800][gc           ] GC(298) Pause Young (Normal) (G1 Evacuation Pause) 429M->253M(1024M) 8.479ms
[2020-11-07T14:28:07.216+0800][gc,cpu       ] GC(298) User=0.01s Sys=0.02s Real=0.01s
[2020-11-07T14:31:44.984+0800][gc,start     ] GC(299) Pause Young (Normal) (G1 Evacuation Pause)
[2020-11-07T14:31:44.985+0800][gc,task      ] GC(299) Using 8 workers of 8 for evacuation
[2020-11-07T14:31:44.992+0800][gc,phases    ] GC(299)   Pre Evacuate Collection Set: 0.0ms
[2020-11-07T14:31:44.992+0800][gc,phases    ] GC(299)   Evacuate Collection Set: 6.4ms
[2020-11-07T14:31:44.992+0800][gc,phases    ] GC(299)   Post Evacuate Collection Set: 0.3ms
[2020-11-07T14:31:44.992+0800][gc,phases    ] GC(299)   Other: 1.3ms
[2020-11-07T14:31:44.992+0800][gc,heap      ] GC(299) Eden regions: 182->0(191)
[2020-11-07T14:31:44.992+0800][gc,heap      ] GC(299) Survivor regions: 4->4(24)
[2020-11-07T14:31:44.992+0800][gc,heap      ] GC(299) Old regions: 120->120
[2020-11-07T14:31:44.992+0800][gc,heap      ] GC(299) Archive regions: 2->2
[2020-11-07T14:31:44.992+0800][gc,heap      ] GC(299) Humongous regions: 130->130
[2020-11-07T14:31:44.992+0800][gc,metaspace ] GC(299) Metaspace: 28655K->28655K(1075200K)
[2020-11-07T14:31:44.992+0800][gc           ] GC(299) Pause Young (Normal) (G1 Evacuation Pause) 435M->253M(1024M) 8.164ms
[2020-11-07T14:31:44.992+0800][gc,cpu       ] GC(299) User=0.02s Sys=0.02s Real=0.01s
[2020-11-07T14:35:33.384+0800][gc,start     ] GC(300) Pause Young (Normal) (G1 Evacuation Pause)
[2020-11-07T14:35:33.386+0800][gc,task      ] GC(300) Using 8 workers of 8 for evacuation
[2020-11-07T14:35:33.396+0800][gc,phases    ] GC(300)   Pre Evacuate Collection Set: 0.1ms
[2020-11-07T14:35:33.396+0800][gc,phases    ] GC(300)   Evacuate Collection Set: 8.0ms
[2020-11-07T14:35:33.396+0800][gc,phases    ] GC(300)   Post Evacuate Collection Set: 1.2ms
[2020-11-07T14:35:33.396+0800][gc,phases    ] GC(300)   Other: 2.9ms
[2020-11-07T14:35:33.396+0800][gc,heap      ] GC(300) Eden regions: 191->0(201)
[2020-11-07T14:35:33.396+0800][gc,heap      ] GC(300) Survivor regions: 4->4(25)
[2020-11-07T14:35:33.397+0800][gc,heap      ] GC(300) Old regions: 120->120
[2020-11-07T14:35:33.397+0800][gc,heap      ] GC(300) Archive regions: 2->2
[2020-11-07T14:35:33.397+0800][gc,heap      ] GC(300) Humongous regions: 130->130
[2020-11-07T14:35:33.397+0800][gc,metaspace ] GC(300) Metaspace: 28655K->28655K(1075200K)
[2020-11-07T14:35:33.397+0800][gc           ] GC(300) Pause Young (Normal) (G1 Evacuation Pause) 444M->253M(1024M) 12.178ms
[2020-11-07T14:35:33.397+0800][gc,cpu       ] GC(300) User=0.02s Sys=0.03s Real=0.01s
[2020-11-07T14:39:33.310+0800][gc,start     ] GC(301) Pause Young (Normal) (G1 Evacuation Pause)
[2020-11-07T14:39:33.310+0800][gc,task      ] GC(301) Using 8 workers of 8 for evacuation
[2020-11-07T14:39:33.325+0800][gc,phases    ] GC(301)   Pre Evacuate Collection Set: 0.1ms
[2020-11-07T14:39:33.325+0800][gc,phases    ] GC(301)   Evacuate Collection Set: 11.3ms
[2020-11-07T14:39:33.325+0800][gc,phases    ] GC(301)   Post Evacuate Collection Set: 1.6ms
[2020-11-07T14:39:33.325+0800][gc,phases    ] GC(301)   Other: 2.1ms
[2020-11-07T14:39:33.325+0800][gc,heap      ] GC(301) Eden regions: 201->0(206)
[2020-11-07T14:39:33.325+0800][gc,heap      ] GC(301) Survivor regions: 4->4(26)
[2020-11-07T14:39:33.325+0800][gc,heap      ] GC(301) Old regions: 120->120
[2020-11-07T14:39:33.325+0800][gc,heap      ] GC(301) Archive regions: 2->2
[2020-11-07T14:39:33.325+0800][gc,heap      ] GC(301) Humongous regions: 130->130
[2020-11-07T14:39:33.325+0800][gc,metaspace ] GC(301) Metaspace: 28655K->28655K(1075200K)
[2020-11-07T14:39:33.325+0800][gc           ] GC(301) Pause Young (Normal) (G1 Evacuation Pause) 454M->253M(1024M) 15.225ms
[2020-11-07T14:39:33.325+0800][gc,cpu       ] GC(301) User=0.02s Sys=0.04s Real=0.01s
[2020-11-07T14:43:37.003+0800][gc,start     ] GC(302) Pause Young (Normal) (G1 Evacuation Pause)
[2020-11-07T14:43:37.004+0800][gc,task      ] GC(302) Using 8 workers of 8 for evacuation
[2020-11-07T14:43:37.029+0800][gc,mmu       ] GC(302) MMU target violated: 21.0ms (20.0ms/21.0ms)
[2020-11-07T14:43:37.029+0800][gc,phases    ] GC(302)   Pre Evacuate Collection Set: 0.1ms
[2020-11-07T14:43:37.029+0800][gc,phases    ] GC(302)   Evacuate Collection Set: 21.4ms
[2020-11-07T14:43:37.029+0800][gc,phases    ] GC(302)   Post Evacuate Collection Set: 1.5ms
[2020-11-07T14:43:37.029+0800][gc,phases    ] GC(302)   Other: 3.3ms
[2020-11-07T14:43:37.029+0800][gc,heap      ] GC(302) Eden regions: 206->0(189)
[2020-11-07T14:43:37.029+0800][gc,heap      ] GC(302) Survivor regions: 4->4(27)
[2020-11-07T14:43:37.029+0800][gc,heap      ] GC(302) Old regions: 120->120
[2020-11-07T14:43:37.029+0800][gc,heap      ] GC(302) Archive regions: 2->2
[2020-11-07T14:43:37.029+0800][gc,heap      ] GC(302) Humongous regions: 130->130
[2020-11-07T14:43:37.029+0800][gc,metaspace ] GC(302) Metaspace: 28655K->28655K(1075200K)
[2020-11-07T14:43:37.029+0800][gc           ] GC(302) Pause Young (Normal) (G1 Evacuation Pause) 459M->253M(1024M) 25.786ms
[2020-11-07T14:43:37.029+0800][gc,cpu       ] GC(302) User=0.02s Sys=0.04s Real=0.02s
[2020-11-07T14:47:23.070+0800][gc,start     ] GC(303) Pause Young (Normal) (G1 Evacuation Pause)
[2020-11-07T14:47:23.071+0800][gc,task      ] GC(303) Using 8 workers of 8 for evacuation
[2020-11-07T14:47:23.085+0800][gc,phases    ] GC(303)   Pre Evacuate Collection Set: 0.1ms
[2020-11-07T14:47:23.085+0800][gc,phases    ] GC(303)   Evacuate Collection Set: 11.2ms
[2020-11-07T14:47:23.085+0800][gc,phases    ] GC(303)   Post Evacuate Collection Set: 1.4ms
[2020-11-07T14:47:23.085+0800][gc,phases    ] GC(303)   Other: 2.0ms
[2020-11-07T14:47:23.085+0800][gc,heap      ] GC(303) Eden regions: 189->0(192)
[2020-11-07T14:47:23.085+0800][gc,heap      ] GC(303) Survivor regions: 4->4(25)
[2020-11-07T14:47:23.085+0800][gc,heap      ] GC(303) Old regions: 120->120
[2020-11-07T14:47:23.085+0800][gc,heap      ] GC(303) Archive regions: 2->2
[2020-11-07T14:47:23.085+0800][gc,heap      ] GC(303) Humongous regions: 130->130
[2020-11-07T14:47:23.085+0800][gc,metaspace ] GC(303) Metaspace: 28655K->28655K(1075200K)
[2020-11-07T14:47:23.085+0800][gc           ] GC(303) Pause Young (Normal) (G1 Evacuation Pause) 442M->253M(1024M) 15.072ms
[2020-11-07T14:47:23.085+0800][gc,cpu       ] GC(303) User=0.02s Sys=0.04s Real=0.01s
[2020-11-07T14:51:12.933+0800][gc,start     ] GC(304) Pause Young (Normal) (G1 Evacuation Pause)
[2020-11-07T14:51:12.933+0800][gc,task      ] GC(304) Using 8 workers of 8 for evacuation
[2020-11-07T14:51:12.948+0800][gc,phases    ] GC(304)   Pre Evacuate Collection Set: 0.1ms
[2020-11-07T14:51:12.948+0800][gc,phases    ] GC(304)   Evacuate Collection Set: 11.5ms
[2020-11-07T14:51:12.948+0800][gc,phases    ] GC(304)   Post Evacuate Collection Set: 1.2ms
[2020-11-07T14:51:12.948+0800][gc,phases    ] GC(304)   Other: 2.4ms
[2020-11-07T14:51:12.948+0800][gc,heap      ] GC(304) Eden regions: 192->0(205)
[2020-11-07T14:51:12.948+0800][gc,heap      ] GC(304) Survivor regions: 4->4(25)
[2020-11-07T14:51:12.948+0800][gc,heap      ] GC(304) Old regions: 120->120
[2020-11-07T14:51:12.948+0800][gc,heap      ] GC(304) Archive regions: 2->2
[2020-11-07T14:51:12.948+0800][gc,heap      ] GC(304) Humongous regions: 130->130
[2020-11-07T14:51:12.948+0800][gc,metaspace ] GC(304) Metaspace: 28655K->28655K(1075200K)
[2020-11-07T14:51:12.948+0800][gc           ] GC(304) Pause Young (Normal) (G1 Evacuation Pause) 445M->253M(1024M) 15.826ms
[2020-11-07T14:51:12.948+0800][gc,cpu       ] GC(304) User=0.02s Sys=0.04s Real=0.01s
[2020-11-07T14:55:15.025+0800][gc,start     ] GC(305) Pause Young (Normal) (G1 Evacuation Pause)
[2020-11-07T14:55:15.027+0800][gc,task      ] GC(305) Using 8 workers of 8 for evacuation
[2020-11-07T14:55:15.097+0800][gc,mmu       ] GC(305) MMU target violated: 21.0ms (20.0ms/21.0ms)
[2020-11-07T14:55:15.097+0800][gc,phases    ] GC(305)   Pre Evacuate Collection Set: 0.1ms
[2020-11-07T14:55:15.097+0800][gc,phases    ] GC(305)   Evacuate Collection Set: 48.4ms
[2020-11-07T14:55:15.097+0800][gc,phases    ] GC(305)   Post Evacuate Collection Set: 9.3ms
[2020-11-07T14:55:15.097+0800][gc,phases    ] GC(305)   Other: 13.9ms
[2020-11-07T14:55:15.097+0800][gc,heap      ] GC(305) Eden regions: 205->0(47)
[2020-11-07T14:55:15.097+0800][gc,heap      ] GC(305) Survivor regions: 4->4(27)
[2020-11-07T14:55:15.097+0800][gc,heap      ] GC(305) Old regions: 120->120
[2020-11-07T14:55:15.097+0800][gc,heap      ] GC(305) Archive regions: 2->2
[2020-11-07T14:55:15.099+0800][gc,heap      ] GC(305) Humongous regions: 130->130
[2020-11-07T14:55:15.099+0800][gc,metaspace ] GC(305) Metaspace: 28655K->28655K(1075200K)
[2020-11-07T14:55:15.099+0800][gc           ] GC(305) Pause Young (Normal) (G1 Evacuation Pause) 458M->253M(1024M) 73.386ms
[2020-11-07T14:55:15.099+0800][gc,cpu       ] GC(305) User=0.02s Sys=0.04s Real=0.07s
[2020-11-07T14:56:10.297+0800][gc,start     ] GC(306) Pause Young (Normal) (G1 Evacuation Pause)
[2020-11-07T14:56:10.298+0800][gc,task      ] GC(306) Using 8 workers of 8 for evacuation
[2020-11-07T14:56:10.327+0800][gc,mmu       ] GC(306) MMU target violated: 21.0ms (20.0ms/21.0ms)
[2020-11-07T14:56:10.327+0800][gc,phases    ] GC(306)   Pre Evacuate Collection Set: 0.1ms
[2020-11-07T14:56:10.327+0800][gc,phases    ] GC(306)   Evacuate Collection Set: 26.3ms
[2020-11-07T14:56:10.327+0800][gc,phases    ] GC(306)   Post Evacuate Collection Set: 1.3ms
[2020-11-07T14:56:10.327+0800][gc,phases    ] GC(306)   Other: 2.0ms
[2020-11-07T14:56:10.327+0800][gc,heap      ] GC(306) Eden regions: 47->0(47)
[2020-11-07T14:56:10.327+0800][gc,heap      ] GC(306) Survivor regions: 4->4(7)
[2020-11-07T14:56:10.327+0800][gc,heap      ] GC(306) Old regions: 120->120
[2020-11-07T14:56:10.327+0800][gc,heap      ] GC(306) Archive regions: 2->2
[2020-11-07T14:56:10.327+0800][gc,heap      ] GC(306) Humongous regions: 130->130
[2020-11-07T14:56:10.327+0800][gc,metaspace ] GC(306) Metaspace: 28655K->28655K(1075200K)
[2020-11-07T14:56:10.327+0800][gc           ] GC(306) Pause Young (Normal) (G1 Evacuation Pause) 300M->253M(1024M) 29.761ms
[2020-11-07T14:56:10.327+0800][gc,cpu       ] GC(306) User=0.01s Sys=0.04s Real=0.03s
[2020-11-07T14:57:06.152+0800][gc,start     ] GC(307) Pause Young (Normal) (G1 Evacuation Pause)
[2020-11-07T14:57:06.153+0800][gc,task      ] GC(307) Using 8 workers of 8 for evacuation
[2020-11-07T14:57:06.166+0800][gc,phases    ] GC(307)   Pre Evacuate Collection Set: 0.0ms
[2020-11-07T14:57:06.166+0800][gc,phases    ] GC(307)   Evacuate Collection Set: 12.3ms
[2020-11-07T14:57:06.166+0800][gc,phases    ] GC(307)   Post Evacuate Collection Set: 0.4ms
[2020-11-07T14:57:06.166+0800][gc,phases    ] GC(307)   Other: 0.9ms
[2020-11-07T14:57:06.166+0800][gc,heap      ] GC(307) Eden regions: 47->0(48)
[2020-11-07T14:57:06.166+0800][gc,heap      ] GC(307) Survivor regions: 4->3(7)
[2020-11-07T14:57:06.166+0800][gc,heap      ] GC(307) Old regions: 120->120
[2020-11-07T14:57:06.166+0800][gc,heap      ] GC(307) Archive regions: 2->2
[2020-11-07T14:57:06.166+0800][gc,heap      ] GC(307) Humongous regions: 130->130
[2020-11-07T14:57:06.166+0800][gc,metaspace ] GC(307) Metaspace: 28655K->28655K(1075200K)
[2020-11-07T14:57:06.166+0800][gc           ] GC(307) Pause Young (Normal) (G1 Evacuation Pause) 300M->252M(1024M) 13.727ms
[2020-11-07T14:57:06.166+0800][gc,cpu       ] GC(307) User=0.01s Sys=0.02s Real=0.01s
[2020-11-07T14:58:03.074+0800][gc,start     ] GC(308) Pause Young (Normal) (G1 Evacuation Pause)
[2020-11-07T14:58:03.075+0800][gc,task      ] GC(308) Using 8 workers of 8 for evacuation
[2020-11-07T14:58:03.100+0800][gc,mmu       ] GC(308) MMU target violated: 21.0ms (20.0ms/21.0ms)
[2020-11-07T14:58:03.100+0800][gc,phases    ] GC(308)   Pre Evacuate Collection Set: 0.0ms
[2020-11-07T14:58:03.100+0800][gc,phases    ] GC(308)   Evacuate Collection Set: 23.6ms
[2020-11-07T14:58:03.100+0800][gc,phases    ] GC(308)   Post Evacuate Collection Set: 1.1ms
[2020-11-07T14:58:03.100+0800][gc,phases    ] GC(308)   Other: 0.8ms
[2020-11-07T14:58:03.100+0800][gc,heap      ] GC(308) Eden regions: 48->0(47)
[2020-11-07T14:58:03.100+0800][gc,heap      ] GC(308) Survivor regions: 3->4(7)
[2020-11-07T14:58:03.100+0800][gc,heap      ] GC(308) Old regions: 120->120
[2020-11-07T14:58:03.100+0800][gc,heap      ] GC(308) Archive regions: 2->2
[2020-11-07T14:58:03.100+0800][gc,heap      ] GC(308) Humongous regions: 130->130
[2020-11-07T14:58:03.100+0800][gc,metaspace ] GC(308) Metaspace: 28655K->28655K(1075200K)
[2020-11-07T14:58:03.100+0800][gc           ] GC(308) Pause Young (Normal) (G1 Evacuation Pause) 300M->253M(1024M) 26.243ms
[2020-11-07T14:58:03.100+0800][gc,cpu       ] GC(308) User=0.01s Sys=0.04s Real=0.03s
[2020-11-07T14:58:58.307+0800][gc,start     ] GC(309) Pause Young (Normal) (G1 Evacuation Pause)
[2020-11-07T14:58:58.308+0800][gc,task      ] GC(309) Using 8 workers of 8 for evacuation
[2020-11-07T14:58:58.359+0800][gc,mmu       ] GC(309) MMU target violated: 21.0ms (20.0ms/21.0ms)
[2020-11-07T14:58:58.359+0800][gc,phases    ] GC(309)   Pre Evacuate Collection Set: 0.1ms
[2020-11-07T14:58:58.359+0800][gc,phases    ] GC(309)   Evacuate Collection Set: 42.0ms
[2020-11-07T14:58:58.359+0800][gc,phases    ] GC(309)   Post Evacuate Collection Set: 4.4ms
[2020-11-07T14:58:58.359+0800][gc,phases    ] GC(309)   Other: 6.9ms
[2020-11-07T14:58:58.359+0800][gc,heap      ] GC(309) Eden regions: 47->0(48)
[2020-11-07T14:58:58.359+0800][gc,heap      ] GC(309) Survivor regions: 4->3(7)
[2020-11-07T14:58:58.359+0800][gc,heap      ] GC(309) Old regions: 120->120
[2020-11-07T14:58:58.359+0800][gc,heap      ] GC(309) Archive regions: 2->2
[2020-11-07T14:58:58.359+0800][gc,heap      ] GC(309) Humongous regions: 130->130
[2020-11-07T14:58:58.359+0800][gc,metaspace ] GC(309) Metaspace: 28655K->28655K(1075200K)
[2020-11-07T14:58:58.359+0800][gc           ] GC(309) Pause Young (Normal) (G1 Evacuation Pause) 300M->253M(1024M) 52.399ms
[2020-11-07T14:58:58.359+0800][gc,cpu       ] GC(309) User=0.02s Sys=0.06s Real=0.05s
[2020-11-07T14:59:54.155+0800][gc,start     ] GC(310) Pause Young (Normal) (G1 Evacuation Pause)
[2020-11-07T14:59:54.156+0800][gc,task      ] GC(310) Using 8 workers of 8 for evacuation
[2020-11-07T14:59:54.209+0800][gc,mmu       ] GC(310) MMU target violated: 21.0ms (20.0ms/21.0ms)
[2020-11-07T14:59:54.209+0800][gc,phases    ] GC(310)   Pre Evacuate Collection Set: 0.2ms
[2020-11-07T14:59:54.209+0800][gc,phases    ] GC(310)   Evacuate Collection Set: 40.4ms
[2020-11-07T14:59:54.209+0800][gc,phases    ] GC(310)   Post Evacuate Collection Set: 7.2ms
[2020-11-07T14:59:54.209+0800][gc,phases    ] GC(310)   Other: 6.2ms
[2020-11-07T14:59:54.209+0800][gc,heap      ] GC(310) Eden regions: 48->0(48)
[2020-11-07T14:59:54.209+0800][gc,heap      ] GC(310) Survivor regions: 3->3(7)
[2020-11-07T14:59:54.209+0800][gc,heap      ] GC(310) Old regions: 120->120
[2020-11-07T14:59:54.209+0800][gc,heap      ] GC(310) Archive regions: 2->2
[2020-11-07T14:59:54.209+0800][gc,heap      ] GC(310) Humongous regions: 130->130
[2020-11-07T14:59:54.210+0800][gc,metaspace ] GC(310) Metaspace: 28655K->28655K(1075200K)
[2020-11-07T14:59:54.211+0800][gc           ] GC(310) Pause Young (Normal) (G1 Evacuation Pause) 301M->253M(1024M) 55.756ms
[2020-11-07T14:59:54.211+0800][gc,cpu       ] GC(310) User=0.02s Sys=0.06s Real=0.06s
[2020-11-07T15:00:50.636+0800][gc,start     ] GC(311) Pause Young (Normal) (G1 Evacuation Pause)
[2020-11-07T15:00:50.637+0800][gc,task      ] GC(311) Using 8 workers of 8 for evacuation
[2020-11-07T15:00:50.660+0800][gc,mmu       ] GC(311) MMU target violated: 21.0ms (20.0ms/21.0ms)
[2020-11-07T15:00:50.660+0800][gc,phases    ] GC(311)   Pre Evacuate Collection Set: 0.1ms
[2020-11-07T15:00:50.660+0800][gc,phases    ] GC(311)   Evacuate Collection Set: 20.6ms
[2020-11-07T15:00:50.661+0800][gc,phases    ] GC(311)   Post Evacuate Collection Set: 1.4ms
[2020-11-07T15:00:50.661+0800][gc,phases    ] GC(311)   Other: 2.6ms
[2020-11-07T15:00:50.661+0800][gc,heap      ] GC(311) Eden regions: 48->0(48)
[2020-11-07T15:00:50.661+0800][gc,heap      ] GC(311) Survivor regions: 3->3(7)
[2020-11-07T15:00:50.661+0800][gc,heap      ] GC(311) Old regions: 120->120
[2020-11-07T15:00:50.661+0800][gc,heap      ] GC(311) Archive regions: 2->2
[2020-11-07T15:00:50.661+0800][gc,heap      ] GC(311) Humongous regions: 130->130
[2020-11-07T15:00:50.661+0800][gc,metaspace ] GC(311) Metaspace: 28655K->28655K(1075200K)
[2020-11-07T15:00:50.661+0800][gc           ] GC(311) Pause Young (Normal) (G1 Evacuation Pause) 301M->253M(1024M) 24.794ms
[2020-11-07T15:00:50.661+0800][gc,cpu       ] GC(311) User=0.02s Sys=0.04s Real=0.03s
[2020-11-07T15:01:46.815+0800][gc,start     ] GC(312) Pause Young (Normal) (G1 Evacuation Pause)
[2020-11-07T15:01:46.815+0800][gc,task      ] GC(312) Using 8 workers of 8 for evacuation
[2020-11-07T15:01:46.832+0800][gc,phases    ] GC(312)   Pre Evacuate Collection Set: 0.1ms
[2020-11-07T15:01:46.832+0800][gc,phases    ] GC(312)   Evacuate Collection Set: 15.9ms
[2020-11-07T15:01:46.832+0800][gc,phases    ] GC(312)   Post Evacuate Collection Set: 0.4ms
[2020-11-07T15:01:46.832+0800][gc,phases    ] GC(312)   Other: 1.2ms
[2020-11-07T15:01:46.832+0800][gc,heap      ] GC(312) Eden regions: 48->0(48)
[2020-11-07T15:01:46.832+0800][gc,heap      ] GC(312) Survivor regions: 3->3(7)
[2020-11-07T15:01:46.832+0800][gc,heap      ] GC(312) Old regions: 120->121
[2020-11-07T15:01:46.832+0800][gc,heap      ] GC(312) Archive regions: 2->2
[2020-11-07T15:01:46.832+0800][gc,heap      ] GC(312) Humongous regions: 130->130
[2020-11-07T15:01:46.832+0800][gc,metaspace ] GC(312) Metaspace: 28655K->28655K(1075200K)
[2020-11-07T15:01:46.832+0800][gc           ] GC(312) Pause Young (Normal) (G1 Evacuation Pause) 301M->253M(1024M) 17.062ms
[2020-11-07T15:01:46.832+0800][gc,cpu       ] GC(312) User=0.01s Sys=0.02s Real=0.02s
[2020-11-07T15:02:44.072+0800][gc,start     ] GC(313) Pause Young (Normal) (G1 Evacuation Pause)
[2020-11-07T15:02:44.073+0800][gc,task      ] GC(313) Using 8 workers of 8 for evacuation
[2020-11-07T15:02:44.080+0800][gc,phases    ] GC(313)   Pre Evacuate Collection Set: 0.0ms
[2020-11-07T15:02:44.080+0800][gc,phases    ] GC(313)   Evacuate Collection Set: 6.2ms
[2020-11-07T15:02:44.080+0800][gc,phases    ] GC(313)   Post Evacuate Collection Set: 0.6ms
[2020-11-07T15:02:44.080+0800][gc,phases    ] GC(313)   Other: 0.6ms
[2020-11-07T15:02:44.080+0800][gc,heap      ] GC(313) Eden regions: 48->0(48)
[2020-11-07T15:02:44.080+0800][gc,heap      ] GC(313) Survivor regions: 3->3(7)
[2020-11-07T15:02:44.080+0800][gc,heap      ] GC(313) Old regions: 121->121
[2020-11-07T15:02:44.080+0800][gc,heap      ] GC(313) Archive regions: 2->2
[2020-11-07T15:02:44.080+0800][gc,heap      ] GC(313) Humongous regions: 130->130
[2020-11-07T15:02:44.080+0800][gc,metaspace ] GC(313) Metaspace: 28655K->28655K(1075200K)
[2020-11-07T15:02:44.080+0800][gc           ] GC(313) Pause Young (Normal) (G1 Evacuation Pause) 301M->253M(1024M) 7.594ms
[2020-11-07T15:02:44.080+0800][gc,cpu       ] GC(313) User=0.02s Sys=0.01s Real=0.01s
[2020-11-07T15:03:40.549+0800][gc,start     ] GC(314) Pause Young (Normal) (G1 Evacuation Pause)
[2020-11-07T15:03:40.550+0800][gc,task      ] GC(314) Using 8 workers of 8 for evacuation
[2020-11-07T15:03:40.560+0800][gc,phases    ] GC(314)   Pre Evacuate Collection Set: 0.1ms
[2020-11-07T15:03:40.560+0800][gc,phases    ] GC(314)   Evacuate Collection Set: 6.7ms
[2020-11-07T15:03:40.560+0800][gc,phases    ] GC(314)   Post Evacuate Collection Set: 1.1ms
[2020-11-07T15:03:40.560+0800][gc,phases    ] GC(314)   Other: 3.1ms
[2020-11-07T15:03:40.560+0800][gc,heap      ] GC(314) Eden regions: 48->0(51)
[2020-11-07T15:03:40.560+0800][gc,heap      ] GC(314) Survivor regions: 3->3(7)
[2020-11-07T15:03:40.560+0800][gc,heap      ] GC(314) Old regions: 121->121
[2020-11-07T15:03:40.560+0800][gc,heap      ] GC(314) Archive regions: 2->2
[2020-11-07T15:03:40.560+0800][gc,heap      ] GC(314) Humongous regions: 130->130
[2020-11-07T15:03:40.560+0800][gc,metaspace ] GC(314) Metaspace: 28655K->28655K(1075200K)
[2020-11-07T15:03:40.561+0800][gc           ] GC(314) Pause Young (Normal) (G1 Evacuation Pause) 301M->253M(1024M) 11.601ms
[2020-11-07T15:03:40.561+0800][gc,cpu       ] GC(314) User=0.01s Sys=0.03s Real=0.02s
[2020-11-07T15:04:40.973+0800][gc,start     ] GC(315) Pause Young (Normal) (G1 Evacuation Pause)
[2020-11-07T15:04:40.974+0800][gc,task      ] GC(315) Using 8 workers of 8 for evacuation
[2020-11-07T15:04:40.990+0800][gc,phases    ] GC(315)   Pre Evacuate Collection Set: 0.0ms
[2020-11-07T15:04:40.990+0800][gc,phases    ] GC(315)   Evacuate Collection Set: 14.2ms
[2020-11-07T15:04:40.990+0800][gc,phases    ] GC(315)   Post Evacuate Collection Set: 0.4ms
[2020-11-07T15:04:40.990+0800][gc,phases    ] GC(315)   Other: 2.2ms
[2020-11-07T15:04:40.990+0800][gc,heap      ] GC(315) Eden regions: 51->0(53)
[2020-11-07T15:04:40.990+0800][gc,heap      ] GC(315) Survivor regions: 3->3(7)
[2020-11-07T15:04:40.990+0800][gc,heap      ] GC(315) Old regions: 121->121
[2020-11-07T15:04:40.990+0800][gc,heap      ] GC(315) Archive regions: 2->2
[2020-11-07T15:04:40.990+0800][gc,heap      ] GC(315) Humongous regions: 130->130
[2020-11-07T15:04:40.990+0800][gc,metaspace ] GC(315) Metaspace: 28655K->28655K(1075200K)
[2020-11-07T15:04:40.990+0800][gc           ] GC(315) Pause Young (Normal) (G1 Evacuation Pause) 304M->253M(1024M) 16.828ms
[2020-11-07T15:04:40.990+0800][gc,cpu       ] GC(315) User=0.01s Sys=0.02s Real=0.02s
[2020-11-07T15:05:43.436+0800][gc,start     ] GC(316) Pause Young (Normal) (G1 Evacuation Pause)
[2020-11-07T15:05:43.437+0800][gc,task      ] GC(316) Using 8 workers of 8 for evacuation
[2020-11-07T15:05:43.503+0800][gc,mmu       ] GC(316) MMU target violated: 21.0ms (20.0ms/21.0ms)
[2020-11-07T15:05:43.503+0800][gc,phases    ] GC(316)   Pre Evacuate Collection Set: 0.1ms
[2020-11-07T15:05:43.503+0800][gc,phases    ] GC(316)   Evacuate Collection Set: 61.0ms
[2020-11-07T15:05:43.503+0800][gc,phases    ] GC(316)   Post Evacuate Collection Set: 2.3ms
[2020-11-07T15:05:43.503+0800][gc,phases    ] GC(316)   Other: 4.0ms
[2020-11-07T15:05:43.503+0800][gc,heap      ] GC(316) Eden regions: 53->0(48)
[2020-11-07T15:05:43.503+0800][gc,heap      ] GC(316) Survivor regions: 3->3(7)
[2020-11-07T15:05:43.503+0800][gc,heap      ] GC(316) Old regions: 121->121
[2020-11-07T15:05:43.503+0800][gc,heap      ] GC(316) Archive regions: 2->2
[2020-11-07T15:05:43.503+0800][gc,heap      ] GC(316) Humongous regions: 130->130
[2020-11-07T15:05:43.503+0800][gc,metaspace ] GC(316) Metaspace: 28655K->28655K(1075200K)
[2020-11-07T15:05:43.503+0800][gc           ] GC(316) Pause Young (Normal) (G1 Evacuation Pause) 306M->253M(1024M) 67.770ms
[2020-11-07T15:05:43.503+0800][gc,cpu       ] GC(316) User=0.02s Sys=0.09s Real=0.07s
[2020-11-07T15:06:39.768+0800][gc,start     ] GC(317) Pause Young (Normal) (G1 Evacuation Pause)
[2020-11-07T15:06:39.769+0800][gc,task      ] GC(317) Using 8 workers of 8 for evacuation
[2020-11-07T15:06:39.795+0800][gc,mmu       ] GC(317) MMU target violated: 21.0ms (20.0ms/21.0ms)
[2020-11-07T15:06:39.795+0800][gc,phases    ] GC(317)   Pre Evacuate Collection Set: 0.1ms
[2020-11-07T15:06:39.795+0800][gc,phases    ] GC(317)   Evacuate Collection Set: 20.6ms
[2020-11-07T15:06:39.795+0800][gc,phases    ] GC(317)   Post Evacuate Collection Set: 3.2ms
[2020-11-07T15:06:39.795+0800][gc,phases    ] GC(317)   Other: 3.1ms
[2020-11-07T15:06:39.795+0800][gc,heap      ] GC(317) Eden regions: 48->0(48)
[2020-11-07T15:06:39.795+0800][gc,heap      ] GC(317) Survivor regions: 3->3(7)
[2020-11-07T15:06:39.796+0800][gc,heap      ] GC(317) Old regions: 121->121
[2020-11-07T15:06:39.796+0800][gc,heap      ] GC(317) Archive regions: 2->2
[2020-11-07T15:06:39.796+0800][gc,heap      ] GC(317) Humongous regions: 130->130
[2020-11-07T15:06:39.796+0800][gc,metaspace ] GC(317) Metaspace: 28655K->28655K(1075200K)
[2020-11-07T15:06:39.796+0800][gc           ] GC(317) Pause Young (Normal) (G1 Evacuation Pause) 301M->253M(1024M) 27.221ms
[2020-11-07T15:06:39.796+0800][gc,cpu       ] GC(317) User=0.02s Sys=0.03s Real=0.03s
[2020-11-07T15:07:35.619+0800][gc,start     ] GC(318) Pause Young (Normal) (G1 Evacuation Pause)
[2020-11-07T15:07:35.620+0800][gc,task      ] GC(318) Using 8 workers of 8 for evacuation
[2020-11-07T15:07:35.653+0800][gc,mmu       ] GC(318) MMU target violated: 21.0ms (20.0ms/21.0ms)
[2020-11-07T15:07:35.653+0800][gc,phases    ] GC(318)   Pre Evacuate Collection Set: 0.1ms
[2020-11-07T15:07:35.653+0800][gc,phases    ] GC(318)   Evacuate Collection Set: 29.1ms
[2020-11-07T15:07:35.653+0800][gc,phases    ] GC(318)   Post Evacuate Collection Set: 2.5ms
[2020-11-07T15:07:35.653+0800][gc,phases    ] GC(318)   Other: 2.4ms
[2020-11-07T15:07:35.653+0800][gc,heap      ] GC(318) Eden regions: 48->0(48)
[2020-11-07T15:07:35.653+0800][gc,heap      ] GC(318) Survivor regions: 3->3(7)
[2020-11-07T15:07:35.653+0800][gc,heap      ] GC(318) Old regions: 121->121
[2020-11-07T15:07:35.653+0800][gc,heap      ] GC(318) Archive regions: 2->2
[2020-11-07T15:07:35.654+0800][gc,heap      ] GC(318) Humongous regions: 130->130
[2020-11-07T15:07:35.654+0800][gc,metaspace ] GC(318) Metaspace: 28655K->28655K(1075200K)
[2020-11-07T15:07:35.654+0800][gc           ] GC(318) Pause Young (Normal) (G1 Evacuation Pause) 301M->253M(1024M) 34.123ms
[2020-11-07T15:07:35.654+0800][gc,cpu       ] GC(318) User=0.02s Sys=0.03s Real=0.04s
[2020-11-07T15:08:31.941+0800][gc,start     ] GC(319) Pause Young (Normal) (G1 Evacuation Pause)
[2020-11-07T15:08:31.942+0800][gc,task      ] GC(319) Using 8 workers of 8 for evacuation
[2020-11-07T15:08:31.954+0800][gc,phases    ] GC(319)   Pre Evacuate Collection Set: 0.1ms
[2020-11-07T15:08:31.954+0800][gc,phases    ] GC(319)   Evacuate Collection Set: 8.5ms
[2020-11-07T15:08:31.954+0800][gc,phases    ] GC(319)   Post Evacuate Collection Set: 1.2ms
[2020-11-07T15:08:31.954+0800][gc,phases    ] GC(319)   Other: 2.3ms
[2020-11-07T15:08:31.954+0800][gc,heap      ] GC(319) Eden regions: 48->0(48)
[2020-11-07T15:08:31.954+0800][gc,heap      ] GC(319) Survivor regions: 3->3(7)
[2020-11-07T15:08:31.954+0800][gc,heap      ] GC(319) Old regions: 121->121
[2020-11-07T15:08:31.954+0800][gc,heap      ] GC(319) Archive regions: 2->2
[2020-11-07T15:08:31.954+0800][gc,heap      ] GC(319) Humongous regions: 130->130
[2020-11-07T15:08:31.954+0800][gc,metaspace ] GC(319) Metaspace: 28655K->28655K(1075200K)
[2020-11-07T15:08:31.954+0800][gc           ] GC(319) Pause Young (Normal) (G1 Evacuation Pause) 301M->253M(1024M) 12.288ms
[2020-11-07T15:08:31.954+0800][gc,cpu       ] GC(319) User=0.02s Sys=0.03s Real=0.01s
[2020-11-07T15:09:28.926+0800][gc,start     ] GC(320) Pause Young (Normal) (G1 Evacuation Pause)
[2020-11-07T15:09:28.927+0800][gc,task      ] GC(320) Using 8 workers of 8 for evacuation
[2020-11-07T15:09:28.934+0800][gc,phases    ] GC(320)   Pre Evacuate Collection Set: 0.0ms
[2020-11-07T15:09:28.934+0800][gc,phases    ] GC(320)   Evacuate Collection Set: 6.1ms
[2020-11-07T15:09:28.934+0800][gc,phases    ] GC(320)   Post Evacuate Collection Set: 0.3ms
[2020-11-07T15:09:28.934+0800][gc,phases    ] GC(320)   Other: 1.1ms
[2020-11-07T15:09:28.934+0800][gc,heap      ] GC(320) Eden regions: 48->0(57)
[2020-11-07T15:09:28.934+0800][gc,heap      ] GC(320) Survivor regions: 3->3(7)
[2020-11-07T15:09:28.934+0800][gc,heap      ] GC(320) Old regions: 121->121
[2020-11-07T15:09:28.934+0800][gc,heap      ] GC(320) Archive regions: 2->2
[2020-11-07T15:09:28.934+0800][gc,heap      ] GC(320) Humongous regions: 130->130
[2020-11-07T15:09:28.934+0800][gc,metaspace ] GC(320) Metaspace: 28655K->28655K(1075200K)
[2020-11-07T15:09:28.934+0800][gc           ] GC(320) Pause Young (Normal) (G1 Evacuation Pause) 301M->253M(1024M) 7.666ms
[2020-11-07T15:09:28.934+0800][gc,cpu       ] GC(320) User=0.01s Sys=0.01s Real=0.01s
[2020-11-07T15:10:36.267+0800][gc,start     ] GC(321) Pause Young (Normal) (G1 Evacuation Pause)
[2020-11-07T15:10:36.267+0800][gc,task      ] GC(321) Using 8 workers of 8 for evacuation
[2020-11-07T15:10:36.331+0800][gc,mmu       ] GC(321) MMU target violated: 21.0ms (20.0ms/21.0ms)
[2020-11-07T15:10:36.331+0800][gc,phases    ] GC(321)   Pre Evacuate Collection Set: 0.0ms
[2020-11-07T15:10:36.331+0800][gc,phases    ] GC(321)   Evacuate Collection Set: 62.8ms
[2020-11-07T15:10:36.331+0800][gc,phases    ] GC(321)   Post Evacuate Collection Set: 0.8ms
[2020-11-07T15:10:36.331+0800][gc,phases    ] GC(321)   Other: 0.9ms
[2020-11-07T15:10:36.331+0800][gc,heap      ] GC(321) Eden regions: 57->0(48)
[2020-11-07T15:10:36.331+0800][gc,heap      ] GC(321) Survivor regions: 3->3(8)
[2020-11-07T15:10:36.331+0800][gc,heap      ] GC(321) Old regions: 121->121
[2020-11-07T15:10:36.331+0800][gc,heap      ] GC(321) Archive regions: 2->2
[2020-11-07T15:10:36.331+0800][gc,heap      ] GC(321) Humongous regions: 130->130
[2020-11-07T15:10:36.331+0800][gc,metaspace ] GC(321) Metaspace: 28655K->28655K(1075200K)
[2020-11-07T15:10:36.331+0800][gc           ] GC(321) Pause Young (Normal) (G1 Evacuation Pause) 310M->253M(1024M) 64.611ms
[2020-11-07T15:10:36.332+0800][gc,cpu       ] GC(321) User=0.02s Sys=0.04s Real=0.07s
[2020-11-07T15:11:31.262+0800][gc,start     ] GC(322) Pause Young (Normal) (G1 Evacuation Pause)
[2020-11-07T15:11:31.262+0800][gc,task      ] GC(322) Using 8 workers of 8 for evacuation
[2020-11-07T15:11:31.272+0800][gc,phases    ] GC(322)   Pre Evacuate Collection Set: 0.0ms
[2020-11-07T15:11:31.272+0800][gc,phases    ] GC(322)   Evacuate Collection Set: 8.7ms
[2020-11-07T15:11:31.272+0800][gc,phases    ] GC(322)   Post Evacuate Collection Set: 0.8ms
[2020-11-07T15:11:31.272+0800][gc,phases    ] GC(322)   Other: 1.4ms
[2020-11-07T15:11:31.272+0800][gc,heap      ] GC(322) Eden regions: 48->0(48)
[2020-11-07T15:11:31.272+0800][gc,heap      ] GC(322) Survivor regions: 3->3(7)
[2020-11-07T15:11:31.272+0800][gc,heap      ] GC(322) Old regions: 121->121
[2020-11-07T15:11:31.272+0800][gc,heap      ] GC(322) Archive regions: 2->2
[2020-11-07T15:11:31.272+0800][gc,heap      ] GC(322) Humongous regions: 130->130
[2020-11-07T15:11:31.272+0800][gc,metaspace ] GC(322) Metaspace: 28655K->28655K(1075200K)
[2020-11-07T15:11:31.273+0800][gc           ] GC(322) Pause Young (Normal) (G1 Evacuation Pause) 301M->253M(1024M) 11.171ms
[2020-11-07T15:11:31.273+0800][gc,cpu       ] GC(322) User=0.02s Sys=0.01s Real=0.01s
[2020-11-07T15:12:27.235+0800][gc,start     ] GC(323) Pause Young (Normal) (G1 Evacuation Pause)
[2020-11-07T15:12:27.236+0800][gc,task      ] GC(323) Using 8 workers of 8 for evacuation
[2020-11-07T15:12:27.264+0800][gc,mmu       ] GC(323) MMU target violated: 21.0ms (20.0ms/21.0ms)
[2020-11-07T15:12:27.264+0800][gc,phases    ] GC(323)   Pre Evacuate Collection Set: 0.1ms
[2020-11-07T15:12:27.264+0800][gc,phases    ] GC(323)   Evacuate Collection Set: 19.5ms
[2020-11-07T15:12:27.264+0800][gc,phases    ] GC(323)   Post Evacuate Collection Set: 3.6ms
[2020-11-07T15:12:27.264+0800][gc,phases    ] GC(323)   Other: 4.9ms
[2020-11-07T15:12:27.264+0800][gc,heap      ] GC(323) Eden regions: 48->0(47)
[2020-11-07T15:12:27.264+0800][gc,heap      ] GC(323) Survivor regions: 3->4(7)
[2020-11-07T15:12:27.264+0800][gc,heap      ] GC(323) Old regions: 121->121
[2020-11-07T15:12:27.264+0800][gc,heap      ] GC(323) Archive regions: 2->2
[2020-11-07T15:12:27.264+0800][gc,heap      ] GC(323) Humongous regions: 130->130
[2020-11-07T15:12:27.264+0800][gc,metaspace ] GC(323) Metaspace: 28655K->28655K(1075200K)
[2020-11-07T15:12:27.264+0800][gc           ] GC(323) Pause Young (Normal) (G1 Evacuation Pause) 301M->254M(1024M) 28.240ms
[2020-11-07T15:12:27.264+0800][gc,cpu       ] GC(323) User=0.02s Sys=0.05s Real=0.03s
[2020-11-07T15:13:23.275+0800][gc,start     ] GC(324) Pause Young (Normal) (G1 Evacuation Pause)
[2020-11-07T15:13:23.276+0800][gc,task      ] GC(324) Using 8 workers of 8 for evacuation
[2020-11-07T15:13:23.280+0800][gc,phases    ] GC(324)   Pre Evacuate Collection Set: 0.0ms
[2020-11-07T15:13:23.280+0800][gc,phases    ] GC(324)   Evacuate Collection Set: 3.9ms
[2020-11-07T15:13:23.280+0800][gc,phases    ] GC(324)   Post Evacuate Collection Set: 0.2ms
[2020-11-07T15:13:23.280+0800][gc,phases    ] GC(324)   Other: 0.8ms
[2020-11-07T15:13:23.280+0800][gc,heap      ] GC(324) Eden regions: 47->0(48)
[2020-11-07T15:13:23.280+0800][gc,heap      ] GC(324) Survivor regions: 4->3(7)
[2020-11-07T15:13:23.280+0800][gc,heap      ] GC(324) Old regions: 121->121
[2020-11-07T15:13:23.280+0800][gc,heap      ] GC(324) Archive regions: 2->2
[2020-11-07T15:13:23.280+0800][gc,heap      ] GC(324) Humongous regions: 130->130
[2020-11-07T15:13:23.280+0800][gc,metaspace ] GC(324) Metaspace: 28655K->28655K(1075200K)
[2020-11-07T15:13:23.281+0800][gc           ] GC(324) Pause Young (Normal) (G1 Evacuation Pause) 301M->253M(1024M) 5.593ms
[2020-11-07T15:13:23.281+0800][gc,cpu       ] GC(324) User=0.01s Sys=0.00s Real=0.01s
[2020-11-07T15:14:19.630+0800][gc,start     ] GC(325) Pause Young (Normal) (G1 Evacuation Pause)
[2020-11-07T15:14:19.630+0800][gc,task      ] GC(325) Using 8 workers of 8 for evacuation
[2020-11-07T15:14:19.642+0800][gc,phases    ] GC(325)   Pre Evacuate Collection Set: 0.1ms
[2020-11-07T15:14:19.642+0800][gc,phases    ] GC(325)   Evacuate Collection Set: 8.7ms
[2020-11-07T15:14:19.642+0800][gc,phases    ] GC(325)   Post Evacuate Collection Set: 1.2ms
[2020-11-07T15:14:19.642+0800][gc,phases    ] GC(325)   Other: 2.7ms
[2020-11-07T15:14:19.642+0800][gc,heap      ] GC(325) Eden regions: 48->0(48)
[2020-11-07T15:14:19.642+0800][gc,heap      ] GC(325) Survivor regions: 3->3(7)
[2020-11-07T15:14:19.642+0800][gc,heap      ] GC(325) Old regions: 121->121
[2020-11-07T15:14:19.642+0800][gc,heap      ] GC(325) Archive regions: 2->2
[2020-11-07T15:14:19.642+0800][gc,heap      ] GC(325) Humongous regions: 130->130
[2020-11-07T15:14:19.642+0800][gc,metaspace ] GC(325) Metaspace: 28655K->28655K(1075200K)
[2020-11-07T15:14:19.642+0800][gc           ] GC(325) Pause Young (Normal) (G1 Evacuation Pause) 301M->253M(1024M) 12.791ms
[2020-11-07T15:14:19.643+0800][gc,cpu       ] GC(325) User=0.02s Sys=0.03s Real=0.01s
[2020-11-07T15:15:15.909+0800][gc,start     ] GC(326) Pause Young (Normal) (G1 Evacuation Pause)
[2020-11-07T15:15:15.910+0800][gc,task      ] GC(326) Using 8 workers of 8 for evacuation
[2020-11-07T15:15:15.925+0800][gc,phases    ] GC(326)   Pre Evacuate Collection Set: 0.1ms
[2020-11-07T15:15:15.925+0800][gc,phases    ] GC(326)   Evacuate Collection Set: 12.1ms
[2020-11-07T15:15:15.925+0800][gc,phases    ] GC(326)   Post Evacuate Collection Set: 1.3ms
[2020-11-07T15:15:15.925+0800][gc,phases    ] GC(326)   Other: 2.6ms
[2020-11-07T15:15:15.925+0800][gc,heap      ] GC(326) Eden regions: 48->0(47)
[2020-11-07T15:15:15.925+0800][gc,heap      ] GC(326) Survivor regions: 3->4(7)
[2020-11-07T15:15:15.925+0800][gc,heap      ] GC(326) Old regions: 121->121
[2020-11-07T15:15:15.925+0800][gc,heap      ] GC(326) Archive regions: 2->2
[2020-11-07T15:15:15.925+0800][gc,heap      ] GC(326) Humongous regions: 130->130
[2020-11-07T15:15:15.925+0800][gc,metaspace ] GC(326) Metaspace: 28655K->28655K(1075200K)
[2020-11-07T15:15:15.925+0800][gc           ] GC(326) Pause Young (Normal) (G1 Evacuation Pause) 301M->254M(1024M) 16.279ms
[2020-11-07T15:15:15.925+0800][gc,cpu       ] GC(326) User=0.01s Sys=0.04s Real=0.02s
[2020-11-07T15:16:10.723+0800][gc,start     ] GC(327) Pause Young (Normal) (G1 Evacuation Pause)
[2020-11-07T15:16:10.724+0800][gc,task      ] GC(327) Using 8 workers of 8 for evacuation
[2020-11-07T15:16:10.734+0800][gc,phases    ] GC(327)   Pre Evacuate Collection Set: 0.1ms
[2020-11-07T15:16:10.734+0800][gc,phases    ] GC(327)   Evacuate Collection Set: 9.2ms
[2020-11-07T15:16:10.734+0800][gc,phases    ] GC(327)   Post Evacuate Collection Set: 0.4ms
[2020-11-07T15:16:10.734+0800][gc,phases    ] GC(327)   Other: 0.9ms
[2020-11-07T15:16:10.734+0800][gc,heap      ] GC(327) Eden regions: 47->0(49)
[2020-11-07T15:16:10.734+0800][gc,heap      ] GC(327) Survivor regions: 4->4(7)
[2020-11-07T15:16:10.734+0800][gc,heap      ] GC(327) Old regions: 121->121
[2020-11-07T15:16:10.734+0800][gc,heap      ] GC(327) Archive regions: 2->2
[2020-11-07T15:16:10.734+0800][gc,heap      ] GC(327) Humongous regions: 130->130
[2020-11-07T15:16:10.734+0800][gc,metaspace ] GC(327) Metaspace: 28655K->28655K(1075200K)
[2020-11-07T15:16:10.734+0800][gc           ] GC(327) Pause Young (Normal) (G1 Evacuation Pause) 301M->254M(1024M) 10.627ms
[2020-11-07T15:16:10.734+0800][gc,cpu       ] GC(327) User=0.01s Sys=0.02s Real=0.01s
[2020-11-07T15:17:08.371+0800][gc,start     ] GC(328) Pause Young (Normal) (G1 Evacuation Pause)
[2020-11-07T15:17:08.373+0800][gc,task      ] GC(328) Using 8 workers of 8 for evacuation
[2020-11-07T15:17:08.412+0800][gc,mmu       ] GC(328) MMU target violated: 21.0ms (20.0ms/21.0ms)
[2020-11-07T15:17:08.412+0800][gc,phases    ] GC(328)   Pre Evacuate Collection Set: 0.1ms
[2020-11-07T15:17:08.412+0800][gc,phases    ] GC(328)   Evacuate Collection Set: 32.8ms
[2020-11-07T15:17:08.412+0800][gc,phases    ] GC(328)   Post Evacuate Collection Set: 1.4ms
[2020-11-07T15:17:08.412+0800][gc,phases    ] GC(328)   Other: 6.8ms
[2020-11-07T15:17:08.412+0800][gc,heap      ] GC(328) Eden regions: 49->0(47)
[2020-11-07T15:17:08.412+0800][gc,heap      ] GC(328) Survivor regions: 4->4(7)
[2020-11-07T15:17:08.412+0800][gc,heap      ] GC(328) Old regions: 121->121
[2020-11-07T15:17:08.412+0800][gc,heap      ] GC(328) Archive regions: 2->2
[2020-11-07T15:17:08.412+0800][gc,heap      ] GC(328) Humongous regions: 130->130
[2020-11-07T15:17:08.412+0800][gc,metaspace ] GC(328) Metaspace: 28655K->28655K(1075200K)
[2020-11-07T15:17:08.413+0800][gc           ] GC(328) Pause Young (Normal) (G1 Evacuation Pause) 303M->254M(1024M) 41.807ms
[2020-11-07T15:17:08.413+0800][gc,cpu       ] GC(328) User=0.02s Sys=0.06s Real=0.04s
[2020-11-07T15:18:04.440+0800][gc,start     ] GC(329) Pause Young (Normal) (G1 Evacuation Pause)
[2020-11-07T15:18:04.442+0800][gc,task      ] GC(329) Using 8 workers of 8 for evacuation
[2020-11-07T15:18:04.581+0800][gc,mmu       ] GC(329) MMU target violated: 21.0ms (20.0ms/21.0ms)
[2020-11-07T15:18:04.582+0800][gc,phases    ] GC(329)   Pre Evacuate Collection Set: 0.1ms
