[2020-11-02T13:43:27.004+0800][gc,heap] Heap region size: 1M
[2020-11-02T13:43:27.008+0800][gc     ] Using G1
[2020-11-02T13:43:27.008+0800][gc,heap,coops] Heap address: 0x00000007e0000000, size: 512 MB, Compressed Oops mode: Zero based, Oop shift amount: 3
[2020-11-02T13:43:27.009+0800][gc,cds       ] Mark closed archive regions in map: [0x00000007fff00000, 0x00000007fff76ff8]
[2020-11-02T13:43:27.009+0800][gc,cds       ] Mark open archive regions in map: [0x00000007ffe00000, 0x00000007ffe46ff8]
[2020-11-02T13:43:27.023+0800][gc           ] Periodic GC disabled
[2020-11-02T13:43:27.483+0800][gc,start     ] GC(0) Pause Young (Normal) (G1 Evacuation Pause)
[2020-11-02T13:43:27.484+0800][gc,task      ] GC(0) Using 8 workers of 8 for evacuation
[2020-11-02T13:43:27.492+0800][gc,phases    ] GC(0)   Pre Evacuate Collection Set: 0.0ms
[2020-11-02T13:43:27.492+0800][gc,phases    ] GC(0)   Evacuate Collection Set: 7.9ms
[2020-11-02T13:43:27.492+0800][gc,phases    ] GC(0)   Post Evacuate Collection Set: 0.4ms
[2020-11-02T13:43:27.492+0800][gc,phases    ] GC(0)   Other: 0.6ms
[2020-11-02T13:43:27.492+0800][gc,heap      ] GC(0) Eden regions: 25->0(21)
[2020-11-02T13:43:27.492+0800][gc,heap      ] GC(0) Survivor regions: 0->4(4)
[2020-11-02T13:43:27.492+0800][gc,heap      ] GC(0) Old regions: 0->1
[2020-11-02T13:43:27.492+0800][gc,heap      ] GC(0) Archive regions: 2->2
[2020-11-02T13:43:27.492+0800][gc,heap      ] GC(0) Humongous regions: 1->1
[2020-11-02T13:43:27.492+0800][gc,metaspace ] GC(0) Metaspace: 6571K->6571K(1056768K)
[2020-11-02T13:43:27.492+0800][gc           ] GC(0) Pause Young (Normal) (G1 Evacuation Pause) 26M->6M(512M) 9.007ms
[2020-11-02T13:43:27.492+0800][gc,cpu       ] GC(0) User=0.03s Sys=0.01s Real=0.01s
[2020-11-02T13:43:27.526+0800][gc,start     ] GC(1) Pause Young (Normal) (G1 Evacuation Pause)
[2020-11-02T13:43:27.526+0800][gc,task      ] GC(1) Using 8 workers of 8 for evacuation
[2020-11-02T13:43:27.531+0800][gc,phases    ] GC(1)   Pre Evacuate Collection Set: 0.0ms
[2020-11-02T13:43:27.531+0800][gc,phases    ] GC(1)   Evacuate Collection Set: 4.6ms
[2020-11-02T13:43:27.531+0800][gc,phases    ] GC(1)   Post Evacuate Collection Set: 0.3ms
[2020-11-02T13:43:27.531+0800][gc,phases    ] GC(1)   Other: 0.2ms
[2020-11-02T13:43:27.531+0800][gc,heap      ] GC(1) Eden regions: 21->0(24)
[2020-11-02T13:43:27.531+0800][gc,heap      ] GC(1) Survivor regions: 4->1(4)
[2020-11-02T13:43:27.531+0800][gc,heap      ] GC(1) Old regions: 1->6
[2020-11-02T13:43:27.531+0800][gc,heap      ] GC(1) Archive regions: 2->2
[2020-11-02T13:43:27.531+0800][gc,heap      ] GC(1) Humongous regions: 1->1
[2020-11-02T13:43:27.531+0800][gc,metaspace ] GC(1) Metaspace: 6575K->6575K(1056768K)
[2020-11-02T13:43:27.531+0800][gc           ] GC(1) Pause Young (Normal) (G1 Evacuation Pause) 27M->7M(512M) 5.372ms
[2020-11-02T13:43:27.531+0800][gc,cpu       ] GC(1) User=0.02s Sys=0.00s Real=0.01s
[2020-11-02T13:43:27.572+0800][gc,start     ] GC(2) Pause Young (Normal) (G1 Evacuation Pause)
[2020-11-02T13:43:27.572+0800][gc,task      ] GC(2) Using 8 workers of 8 for evacuation
[2020-11-02T13:43:27.572+0800][gc,phases    ] GC(2)   Pre Evacuate Collection Set: 0.0ms
[2020-11-02T13:43:27.572+0800][gc,phases    ] GC(2)   Evacuate Collection Set: 0.3ms
[2020-11-02T13:43:27.572+0800][gc,phases    ] GC(2)   Post Evacuate Collection Set: 0.1ms
[2020-11-02T13:43:27.572+0800][gc,phases    ] GC(2)   Other: 0.2ms
[2020-11-02T13:43:27.572+0800][gc,heap      ] GC(2) Eden regions: 24->0(24)
[2020-11-02T13:43:27.572+0800][gc,heap      ] GC(2) Survivor regions: 1->1(4)
[2020-11-02T13:43:27.572+0800][gc,heap      ] GC(2) Old regions: 6->6
[2020-11-02T13:43:27.572+0800][gc,heap      ] GC(2) Archive regions: 2->2
[2020-11-02T13:43:27.572+0800][gc,heap      ] GC(2) Humongous regions: 1->1
[2020-11-02T13:43:27.572+0800][gc,metaspace ] GC(2) Metaspace: 6576K->6576K(1056768K)
[2020-11-02T13:43:27.572+0800][gc           ] GC(2) Pause Young (Normal) (G1 Evacuation Pause) 31M->7M(512M) 0.714ms
[2020-11-02T13:43:27.572+0800][gc,cpu       ] GC(2) User=0.00s Sys=0.00s Real=0.00s
[2020-11-02T13:43:27.614+0800][gc,start     ] GC(3) Pause Young (Normal) (G1 Evacuation Pause)
[2020-11-02T13:43:27.614+0800][gc,task      ] GC(3) Using 8 workers of 8 for evacuation
[2020-11-02T13:43:27.615+0800][gc,phases    ] GC(3)   Pre Evacuate Collection Set: 0.0ms
[2020-11-02T13:43:27.615+0800][gc,phases    ] GC(3)   Evacuate Collection Set: 0.3ms
[2020-11-02T13:43:27.615+0800][gc,phases    ] GC(3)   Post Evacuate Collection Set: 0.1ms
[2020-11-02T13:43:27.615+0800][gc,phases    ] GC(3)   Other: 0.1ms
[2020-11-02T13:43:27.615+0800][gc,heap      ] GC(3) Eden regions: 24->0(24)
[2020-11-02T13:43:27.615+0800][gc,heap      ] GC(3) Survivor regions: 1->1(4)
[2020-11-02T13:43:27.615+0800][gc,heap      ] GC(3) Old regions: 6->6
[2020-11-02T13:43:27.615+0800][gc,heap      ] GC(3) Archive regions: 2->2
[2020-11-02T13:43:27.615+0800][gc,heap      ] GC(3) Humongous regions: 1->1
[2020-11-02T13:43:27.615+0800][gc,metaspace ] GC(3) Metaspace: 6599K->6599K(1056768K)
[2020-11-02T13:43:27.615+0800][gc           ] GC(3) Pause Young (Normal) (G1 Evacuation Pause) 31M->7M(512M) 0.628ms
[2020-11-02T13:43:27.615+0800][gc,cpu       ] GC(3) User=0.00s Sys=0.00s Real=0.00s
[2020-11-02T13:43:27.644+0800][gc,start     ] GC(4) Pause Young (Normal) (G1 Evacuation Pause)
[2020-11-02T13:43:27.644+0800][gc,task      ] GC(4) Using 8 workers of 8 for evacuation
[2020-11-02T13:43:27.645+0800][gc,phases    ] GC(4)   Pre Evacuate Collection Set: 0.0ms
[2020-11-02T13:43:27.645+0800][gc,phases    ] GC(4)   Evacuate Collection Set: 0.3ms
[2020-11-02T13:43:27.645+0800][gc,phases    ] GC(4)   Post Evacuate Collection Set: 0.2ms
[2020-11-02T13:43:27.645+0800][gc,phases    ] GC(4)   Other: 0.1ms
[2020-11-02T13:43:27.645+0800][gc,heap      ] GC(4) Eden regions: 24->0(33)
[2020-11-02T13:43:27.645+0800][gc,heap      ] GC(4) Survivor regions: 1->1(4)
[2020-11-02T13:43:27.645+0800][gc,heap      ] GC(4) Old regions: 6->6
[2020-11-02T13:43:27.645+0800][gc,heap      ] GC(4) Archive regions: 2->2
[2020-11-02T13:43:27.645+0800][gc,heap      ] GC(4) Humongous regions: 1->1
[2020-11-02T13:43:27.645+0800][gc,metaspace ] GC(4) Metaspace: 6606K->6606K(1056768K)
[2020-11-02T13:43:27.645+0800][gc           ] GC(4) Pause Young (Normal) (G1 Evacuation Pause) 31M->7M(512M) 0.662ms
[2020-11-02T13:43:27.645+0800][gc,cpu       ] GC(4) User=0.00s Sys=0.00s Real=0.00s
[2020-11-02T13:43:27.686+0800][gc,start     ] GC(5) Pause Young (Normal) (G1 Evacuation Pause)
[2020-11-02T13:43:27.686+0800][gc,task      ] GC(5) Using 8 workers of 8 for evacuation
[2020-11-02T13:43:27.686+0800][gc,phases    ] GC(5)   Pre Evacuate Collection Set: 0.0ms
[2020-11-02T13:43:27.686+0800][gc,phases    ] GC(5)   Evacuate Collection Set: 0.3ms
[2020-11-02T13:43:27.686+0800][gc,phases    ] GC(5)   Post Evacuate Collection Set: 0.1ms
[2020-11-02T13:43:27.686+0800][gc,phases    ] GC(5)   Other: 0.1ms
[2020-11-02T13:43:27.686+0800][gc,heap      ] GC(5) Eden regions: 33->0(218)
[2020-11-02T13:43:27.686+0800][gc,heap      ] GC(5) Survivor regions: 1->1(5)
[2020-11-02T13:43:27.686+0800][gc,heap      ] GC(5) Old regions: 6->6
[2020-11-02T13:43:27.686+0800][gc,heap      ] GC(5) Archive regions: 2->2
[2020-11-02T13:43:27.686+0800][gc,heap      ] GC(5) Humongous regions: 1->1
[2020-11-02T13:43:27.686+0800][gc,metaspace ] GC(5) Metaspace: 6612K->6612K(1056768K)
[2020-11-02T13:43:27.686+0800][gc           ] GC(5) Pause Young (Normal) (G1 Evacuation Pause) 40M->7M(512M) 0.692ms
[2020-11-02T13:43:27.686+0800][gc,cpu       ] GC(5) User=0.00s Sys=0.00s Real=0.00s
