[2020-11-05T22:10:22.519+0800][gc,heap] Heap region size: 1M
[2020-11-05T22:10:22.523+0800][gc     ] Using G1
[2020-11-05T22:10:22.523+0800][gc,heap,coops] Heap address: 0x00000007e0000000, size: 512 MB, Compressed Oops mode: Zero based, Oop shift amount: 3
[2020-11-05T22:10:22.524+0800][gc,cds       ] Mark closed archive regions in map: [0x00000007fff00000, 0x00000007fff76ff8]
[2020-11-05T22:10:22.524+0800][gc,cds       ] Mark open archive regions in map: [0x00000007ffe00000, 0x00000007ffe46ff8]
[2020-11-05T22:10:22.542+0800][gc           ] Periodic GC disabled
[2020-11-05T22:21:45.715+0800][gc,start     ] GC(0) Pause Young (Normal) (G1 Evacuation Pause)
[2020-11-05T22:21:45.718+0800][gc,task      ] GC(0) Using 8 workers of 8 for evacuation
[2020-11-05T22:21:45.779+0800][gc,mmu       ] GC(0) MMU target violated: 21.0ms (20.0ms/21.0ms)
[2020-11-05T22:21:45.779+0800][gc,phases    ] GC(0)   Pre Evacuate Collection Set: 0.7ms
[2020-11-05T22:21:45.779+0800][gc,phases    ] GC(0)   Evacuate Collection Set: 56.6ms
[2020-11-05T22:21:45.779+0800][gc,phases    ] GC(0)   Post Evacuate Collection Set: 2.3ms
[2020-11-05T22:21:45.779+0800][gc,phases    ] GC(0)   Other: 4.5ms
[2020-11-05T22:21:45.779+0800][gc,heap      ] GC(0) Eden regions: 25->0(21)
[2020-11-05T22:21:45.779+0800][gc,heap      ] GC(0) Survivor regions: 0->4(4)
[2020-11-05T22:21:45.779+0800][gc,heap      ] GC(0) Old regions: 0->2
[2020-11-05T22:21:45.779+0800][gc,heap      ] GC(0) Archive regions: 2->2
[2020-11-05T22:21:45.779+0800][gc,heap      ] GC(0) Humongous regions: 1->1
[2020-11-05T22:21:45.779+0800][gc,metaspace ] GC(0) Metaspace: 7358K->7358K(1056768K)
[2020-11-05T22:21:45.779+0800][gc           ] GC(0) Pause Young (Normal) (G1 Evacuation Pause) 26M->6M(512M) 64.307ms
[2020-11-05T22:21:45.779+0800][gc,cpu       ] GC(0) User=0.04s Sys=0.13s Real=0.06s
[2020-11-05T22:47:58.990+0800][gc,start     ] GC(1) Pause Young (Normal) (G1 Evacuation Pause)
[2020-11-05T22:47:58.990+0800][gc,task      ] GC(1) Using 8 workers of 8 for evacuation
[2020-11-05T22:47:59.030+0800][gc,mmu       ] GC(1) MMU target violated: 21.0ms (20.0ms/21.0ms)
[2020-11-05T22:47:59.030+0800][gc,phases    ] GC(1)   Pre Evacuate Collection Set: 0.1ms
[2020-11-05T22:47:59.030+0800][gc,phases    ] GC(1)   Evacuate Collection Set: 30.6ms
[2020-11-05T22:47:59.030+0800][gc,phases    ] GC(1)   Post Evacuate Collection Set: 3.5ms
[2020-11-05T22:47:59.030+0800][gc,phases    ] GC(1)   Other: 7.5ms
[2020-11-05T22:47:59.030+0800][gc,heap      ] GC(1) Eden regions: 21->0(24)
[2020-11-05T22:47:59.030+0800][gc,heap      ] GC(1) Survivor regions: 4->1(4)
[2020-11-05T22:47:59.030+0800][gc,heap      ] GC(1) Old regions: 2->6
[2020-11-05T22:47:59.030+0800][gc,heap      ] GC(1) Archive regions: 2->2
[2020-11-05T22:47:59.030+0800][gc,heap      ] GC(1) Humongous regions: 1->1
[2020-11-05T22:47:59.030+0800][gc,metaspace ] GC(1) Metaspace: 7490K->7490K(1056768K)
[2020-11-05T22:47:59.030+0800][gc           ] GC(1) Pause Young (Normal) (G1 Evacuation Pause) 27M->7M(512M) 40.665ms
[2020-11-05T22:47:59.030+0800][gc,cpu       ] GC(1) User=0.03s Sys=0.10s Real=0.04s
[2020-11-05T23:21:35.991+0800][gc,start     ] GC(2) Pause Young (Normal) (G1 Evacuation Pause)
[2020-11-05T23:21:35.993+0800][gc,task      ] GC(2) Using 8 workers of 8 for evacuation
[2020-11-05T23:21:36.012+0800][gc,phases    ] GC(2)   Pre Evacuate Collection Set: 0.0ms
[2020-11-05T23:21:36.012+0800][gc,phases    ] GC(2)   Evacuate Collection Set: 13.9ms
[2020-11-05T23:21:36.012+0800][gc,phases    ] GC(2)   Post Evacuate Collection Set: 0.9ms
[2020-11-05T23:21:36.013+0800][gc,phases    ] GC(2)   Other: 7.0ms
[2020-11-05T23:21:36.013+0800][gc,heap      ] GC(2) Eden regions: 24->0(24)
[2020-11-05T23:21:36.013+0800][gc,heap      ] GC(2) Survivor regions: 1->1(4)
[2020-11-05T23:21:36.013+0800][gc,heap      ] GC(2) Old regions: 6->6
[2020-11-05T23:21:36.013+0800][gc,heap      ] GC(2) Archive regions: 2->2
[2020-11-05T23:21:36.013+0800][gc,heap      ] GC(2) Humongous regions: 1->1
[2020-11-05T23:21:36.013+0800][gc,metaspace ] GC(2) Metaspace: 7491K->7491K(1056768K)
[2020-11-05T23:21:36.013+0800][gc           ] GC(2) Pause Young (Normal) (G1 Evacuation Pause) 31M->7M(512M) 21.737ms
[2020-11-05T23:21:36.013+0800][gc,cpu       ] GC(2) User=0.01s Sys=0.04s Real=0.02s
[2020-11-06T11:30:22.554+0800][gc,start     ] GC(3) Pause Young (Normal) (G1 Evacuation Pause)
[2020-11-06T11:30:22.556+0800][gc,task      ] GC(3) Using 8 workers of 8 for evacuation
[2020-11-06T11:30:22.592+0800][gc,mmu       ] GC(3) MMU target violated: 21.0ms (20.0ms/21.0ms)
[2020-11-06T11:30:22.592+0800][gc,phases    ] GC(3)   Pre Evacuate Collection Set: 0.0ms
[2020-11-06T11:30:22.592+0800][gc,phases    ] GC(3)   Evacuate Collection Set: 25.2ms
[2020-11-06T11:30:22.592+0800][gc,phases    ] GC(3)   Post Evacuate Collection Set: 3.0ms
[2020-11-06T11:30:22.592+0800][gc,phases    ] GC(3)   Other: 11.9ms
[2020-11-06T11:30:22.592+0800][gc,heap      ] GC(3) Eden regions: 24->0(24)
[2020-11-06T11:30:22.592+0800][gc,heap      ] GC(3) Survivor regions: 1->1(4)
[2020-11-06T11:30:22.592+0800][gc,heap      ] GC(3) Old regions: 6->6
[2020-11-06T11:30:22.593+0800][gc,heap      ] GC(3) Archive regions: 2->2
[2020-11-06T11:30:22.593+0800][gc,heap      ] GC(3) Humongous regions: 1->1
[2020-11-06T11:30:22.593+0800][gc,metaspace ] GC(3) Metaspace: 7557K->7557K(1056768K)
[2020-11-06T11:30:22.593+0800][gc           ] GC(3) Pause Young (Normal) (G1 Evacuation Pause) 31M->7M(512M) 38.706ms
[2020-11-06T11:30:22.593+0800][gc,cpu       ] GC(3) User=0.02s Sys=0.07s Real=0.04s
[2020-11-06T12:04:34.124+0800][gc,start     ] GC(4) Pause Young (Normal) (G1 Evacuation Pause)
[2020-11-06T12:04:34.129+0800][gc,task      ] GC(4) Using 8 workers of 8 for evacuation
[2020-11-06T12:04:34.162+0800][gc,mmu       ] GC(4) MMU target violated: 21.0ms (20.0ms/21.0ms)
[2020-11-06T12:04:34.162+0800][gc,phases    ] GC(4)   Pre Evacuate Collection Set: 2.2ms
[2020-11-06T12:04:34.162+0800][gc,phases    ] GC(4)   Evacuate Collection Set: 20.6ms
[2020-11-06T12:04:34.162+0800][gc,phases    ] GC(4)   Post Evacuate Collection Set: 1.1ms
[2020-11-06T12:04:34.162+0800][gc,phases    ] GC(4)   Other: 13.9ms
[2020-11-06T12:04:34.162+0800][gc,heap      ] GC(4) Eden regions: 24->0(24)
[2020-11-06T12:04:34.162+0800][gc,heap      ] GC(4) Survivor regions: 1->1(4)
[2020-11-06T12:04:34.162+0800][gc,heap      ] GC(4) Old regions: 6->6
[2020-11-06T12:04:34.162+0800][gc,heap      ] GC(4) Archive regions: 2->2
[2020-11-06T12:04:34.162+0800][gc,heap      ] GC(4) Humongous regions: 1->1
[2020-11-06T12:04:34.162+0800][gc,metaspace ] GC(4) Metaspace: 7557K->7557K(1056768K)
[2020-11-06T12:04:34.162+0800][gc           ] GC(4) Pause Young (Normal) (G1 Evacuation Pause) 31M->7M(512M) 37.719ms
[2020-11-06T12:04:34.162+0800][gc,cpu       ] GC(4) User=0.02s Sys=0.08s Real=0.04s
[2020-11-06T12:38:17.575+0800][gc,start     ] GC(5) Pause Young (Normal) (G1 Evacuation Pause)
[2020-11-06T12:38:17.577+0800][gc,task      ] GC(5) Using 8 workers of 8 for evacuation
[2020-11-06T12:38:17.594+0800][gc,phases    ] GC(5)   Pre Evacuate Collection Set: 0.1ms
[2020-11-06T12:38:17.594+0800][gc,phases    ] GC(5)   Evacuate Collection Set: 11.9ms
[2020-11-06T12:38:17.594+0800][gc,phases    ] GC(5)   Post Evacuate Collection Set: 0.5ms
[2020-11-06T12:38:17.594+0800][gc,phases    ] GC(5)   Other: 6.9ms
[2020-11-06T12:38:17.594+0800][gc,heap      ] GC(5) Eden regions: 24->0(24)
[2020-11-06T12:38:17.594+0800][gc,heap      ] GC(5) Survivor regions: 1->1(4)
[2020-11-06T12:38:17.594+0800][gc,heap      ] GC(5) Old regions: 6->6
[2020-11-06T12:38:17.594+0800][gc,heap      ] GC(5) Archive regions: 2->2
[2020-11-06T12:38:17.594+0800][gc,heap      ] GC(5) Humongous regions: 1->1
[2020-11-06T12:38:17.594+0800][gc,metaspace ] GC(5) Metaspace: 7570K->7570K(1056768K)
[2020-11-06T12:38:17.594+0800][gc           ] GC(5) Pause Young (Normal) (G1 Evacuation Pause) 31M->7M(512M) 18.774ms
[2020-11-06T12:38:17.594+0800][gc,cpu       ] GC(5) User=0.01s Sys=0.05s Real=0.02s
[2020-11-06T13:12:53.139+0800][gc,start     ] GC(6) Pause Young (Normal) (G1 Evacuation Pause)
[2020-11-06T13:12:53.139+0800][gc,task      ] GC(6) Using 8 workers of 8 for evacuation
[2020-11-06T13:12:53.150+0800][gc,phases    ] GC(6)   Pre Evacuate Collection Set: 0.0ms
[2020-11-06T13:12:53.150+0800][gc,phases    ] GC(6)   Evacuate Collection Set: 8.6ms
[2020-11-06T13:12:53.150+0800][gc,phases    ] GC(6)   Post Evacuate Collection Set: 0.5ms
[2020-11-06T13:12:53.150+0800][gc,phases    ] GC(6)   Other: 2.6ms
[2020-11-06T13:12:53.150+0800][gc,heap      ] GC(6) Eden regions: 24->0(24)
[2020-11-06T13:12:53.150+0800][gc,heap      ] GC(6) Survivor regions: 1->1(4)
[2020-11-06T13:12:53.150+0800][gc,heap      ] GC(6) Old regions: 6->6
[2020-11-06T13:12:53.150+0800][gc,heap      ] GC(6) Archive regions: 2->2
[2020-11-06T13:12:53.151+0800][gc,heap      ] GC(6) Humongous regions: 1->1
[2020-11-06T13:12:53.151+0800][gc,metaspace ] GC(6) Metaspace: 7579K->7579K(1056768K)
[2020-11-06T13:12:53.151+0800][gc           ] GC(6) Pause Young (Normal) (G1 Evacuation Pause) 31M->7M(512M) 11.819ms
[2020-11-06T13:12:53.151+0800][gc,cpu       ] GC(6) User=0.01s Sys=0.03s Real=0.02s
[2020-11-06T13:59:34.162+0800][gc,start     ] GC(7) Pause Young (Normal) (G1 Evacuation Pause)
[2020-11-06T13:59:34.163+0800][gc,task      ] GC(7) Using 8 workers of 8 for evacuation
[2020-11-06T13:59:34.171+0800][gc,phases    ] GC(7)   Pre Evacuate Collection Set: 0.0ms
[2020-11-06T13:59:34.171+0800][gc,phases    ] GC(7)   Evacuate Collection Set: 7.1ms
[2020-11-06T13:59:34.171+0800][gc,phases    ] GC(7)   Post Evacuate Collection Set: 0.4ms
[2020-11-06T13:59:34.171+0800][gc,phases    ] GC(7)   Other: 1.9ms
[2020-11-06T13:59:34.171+0800][gc,heap      ] GC(7) Eden regions: 24->0(24)
[2020-11-06T13:59:34.171+0800][gc,heap      ] GC(7) Survivor regions: 1->1(4)
[2020-11-06T13:59:34.171+0800][gc,heap      ] GC(7) Old regions: 6->6
[2020-11-06T13:59:34.171+0800][gc,heap      ] GC(7) Archive regions: 2->2
[2020-11-06T13:59:34.171+0800][gc,heap      ] GC(7) Humongous regions: 1->1
[2020-11-06T13:59:34.171+0800][gc,metaspace ] GC(7) Metaspace: 7590K->7590K(1056768K)
[2020-11-06T13:59:34.171+0800][gc           ] GC(7) Pause Young (Normal) (G1 Evacuation Pause) 31M->7M(512M) 8.973ms
[2020-11-06T13:59:34.171+0800][gc,cpu       ] GC(7) User=0.01s Sys=0.01s Real=0.01s
[2020-11-06T14:29:57.040+0800][gc,start     ] GC(8) Pause Young (Normal) (G1 Evacuation Pause)
[2020-11-06T14:29:57.040+0800][gc,task      ] GC(8) Using 8 workers of 8 for evacuation
[2020-11-06T14:29:57.049+0800][gc,phases    ] GC(8)   Pre Evacuate Collection Set: 0.0ms
[2020-11-06T14:29:57.049+0800][gc,phases    ] GC(8)   Evacuate Collection Set: 7.0ms
[2020-11-06T14:29:57.049+0800][gc,phases    ] GC(8)   Post Evacuate Collection Set: 0.4ms
[2020-11-06T14:29:57.049+0800][gc,phases    ] GC(8)   Other: 2.0ms
[2020-11-06T14:29:57.049+0800][gc,heap      ] GC(8) Eden regions: 24->0(24)
[2020-11-06T14:29:57.049+0800][gc,heap      ] GC(8) Survivor regions: 1->1(4)
[2020-11-06T14:29:57.049+0800][gc,heap      ] GC(8) Old regions: 6->6
[2020-11-06T14:29:57.049+0800][gc,heap      ] GC(8) Archive regions: 2->2
[2020-11-06T14:29:57.049+0800][gc,heap      ] GC(8) Humongous regions: 1->1
[2020-11-06T14:29:57.049+0800][gc,metaspace ] GC(8) Metaspace: 7590K->7590K(1056768K)
[2020-11-06T14:29:57.049+0800][gc           ] GC(8) Pause Young (Normal) (G1 Evacuation Pause) 31M->7M(512M) 9.443ms
[2020-11-06T14:29:57.049+0800][gc,cpu       ] GC(8) User=0.01s Sys=0.02s Real=0.00s
[2020-11-06T14:59:51.272+0800][gc,start     ] GC(9) Pause Young (Normal) (G1 Evacuation Pause)
[2020-11-06T14:59:51.273+0800][gc,task      ] GC(9) Using 8 workers of 8 for evacuation
[2020-11-06T14:59:51.278+0800][gc,phases    ] GC(9)   Pre Evacuate Collection Set: 0.0ms
[2020-11-06T14:59:51.278+0800][gc,phases    ] GC(9)   Evacuate Collection Set: 4.0ms
[2020-11-06T14:59:51.278+0800][gc,phases    ] GC(9)   Post Evacuate Collection Set: 0.4ms
[2020-11-06T14:59:51.278+0800][gc,phases    ] GC(9)   Other: 2.1ms
[2020-11-06T14:59:51.278+0800][gc,heap      ] GC(9) Eden regions: 24->0(24)
[2020-11-06T14:59:51.278+0800][gc,heap      ] GC(9) Survivor regions: 1->1(4)
[2020-11-06T14:59:51.278+0800][gc,heap      ] GC(9) Old regions: 6->6
[2020-11-06T14:59:51.278+0800][gc,heap      ] GC(9) Archive regions: 2->2
[2020-11-06T14:59:51.278+0800][gc,heap      ] GC(9) Humongous regions: 1->1
[2020-11-06T14:59:51.278+0800][gc,metaspace ] GC(9) Metaspace: 7597K->7597K(1056768K)
[2020-11-06T14:59:51.278+0800][gc           ] GC(9) Pause Young (Normal) (G1 Evacuation Pause) 31M->7M(512M) 6.596ms
[2020-11-06T14:59:51.278+0800][gc,cpu       ] GC(9) User=0.01s Sys=0.02s Real=0.00s
[2020-11-06T15:30:46.296+0800][gc,start     ] GC(10) Pause Young (Normal) (G1 Evacuation Pause)
[2020-11-06T15:30:46.296+0800][gc,task      ] GC(10) Using 8 workers of 8 for evacuation
[2020-11-06T15:30:46.303+0800][gc,phases    ] GC(10)   Pre Evacuate Collection Set: 0.0ms
[2020-11-06T15:30:46.303+0800][gc,phases    ] GC(10)   Evacuate Collection Set: 4.7ms
[2020-11-06T15:30:46.303+0800][gc,phases    ] GC(10)   Post Evacuate Collection Set: 1.2ms
[2020-11-06T15:30:46.303+0800][gc,phases    ] GC(10)   Other: 2.0ms
[2020-11-06T15:30:46.303+0800][gc,heap      ] GC(10) Eden regions: 24->0(28)
[2020-11-06T15:30:46.303+0800][gc,heap      ] GC(10) Survivor regions: 1->1(4)
[2020-11-06T15:30:46.303+0800][gc,heap      ] GC(10) Old regions: 6->6
[2020-11-06T15:30:46.303+0800][gc,heap      ] GC(10) Archive regions: 2->2
[2020-11-06T15:30:46.303+0800][gc,heap      ] GC(10) Humongous regions: 1->1
[2020-11-06T15:30:46.303+0800][gc,metaspace ] GC(10) Metaspace: 7597K->7597K(1056768K)
[2020-11-06T15:30:46.303+0800][gc           ] GC(10) Pause Young (Normal) (G1 Evacuation Pause) 31M->7M(512M) 7.155ms
[2020-11-06T15:30:46.303+0800][gc,cpu       ] GC(10) User=0.00s Sys=0.01s Real=0.01s
[2020-11-06T16:06:14.102+0800][gc,start     ] GC(11) Pause Young (Normal) (G1 Evacuation Pause)
[2020-11-06T16:06:14.102+0800][gc,task      ] GC(11) Using 8 workers of 8 for evacuation
[2020-11-06T16:06:14.105+0800][gc,phases    ] GC(11)   Pre Evacuate Collection Set: 0.0ms
[2020-11-06T16:06:14.105+0800][gc,phases    ] GC(11)   Evacuate Collection Set: 1.8ms
[2020-11-06T16:06:14.105+0800][gc,phases    ] GC(11)   Post Evacuate Collection Set: 0.4ms
[2020-11-06T16:06:14.105+0800][gc,phases    ] GC(11)   Other: 2.4ms
[2020-11-06T16:06:14.105+0800][gc,heap      ] GC(11) Eden regions: 28->0(33)
[2020-11-06T16:06:14.105+0800][gc,heap      ] GC(11) Survivor regions: 1->1(4)
[2020-11-06T16:06:14.105+0800][gc,heap      ] GC(11) Old regions: 6->6
[2020-11-06T16:06:14.105+0800][gc,heap      ] GC(11) Archive regions: 2->2
[2020-11-06T16:06:14.105+0800][gc,heap      ] GC(11) Humongous regions: 1->1
[2020-11-06T16:06:14.105+0800][gc,metaspace ] GC(11) Metaspace: 7597K->7597K(1056768K)
[2020-11-06T16:06:14.105+0800][gc           ] GC(11) Pause Young (Normal) (G1 Evacuation Pause) 35M->7M(512M) 3.641ms
[2020-11-06T16:06:14.106+0800][gc,cpu       ] GC(11) User=0.00s Sys=0.01s Real=0.00s
[2020-11-06T16:47:59.925+0800][gc,start     ] GC(12) Pause Young (Normal) (G1 Evacuation Pause)
[2020-11-06T16:47:59.926+0800][gc,task      ] GC(12) Using 8 workers of 8 for evacuation
[2020-11-06T16:47:59.930+0800][gc,phases    ] GC(12)   Pre Evacuate Collection Set: 0.0ms
[2020-11-06T16:47:59.930+0800][gc,phases    ] GC(12)   Evacuate Collection Set: 2.3ms
[2020-11-06T16:47:59.930+0800][gc,phases    ] GC(12)   Post Evacuate Collection Set: 0.3ms
[2020-11-06T16:47:59.930+0800][gc,phases    ] GC(12)   Other: 2.1ms
[2020-11-06T16:47:59.930+0800][gc,heap      ] GC(12) Eden regions: 33->0(42)
[2020-11-06T16:47:59.930+0800][gc,heap      ] GC(12) Survivor regions: 1->1(5)
[2020-11-06T16:47:59.930+0800][gc,heap      ] GC(12) Old regions: 6->6
[2020-11-06T16:47:59.930+0800][gc,heap      ] GC(12) Archive regions: 2->2
[2020-11-06T16:47:59.930+0800][gc,heap      ] GC(12) Humongous regions: 1->1
[2020-11-06T16:47:59.930+0800][gc,metaspace ] GC(12) Metaspace: 7598K->7598K(1056768K)
[2020-11-06T16:47:59.930+0800][gc           ] GC(12) Pause Young (Normal) (G1 Evacuation Pause) 40M->7M(512M) 4.864ms
[2020-11-06T16:47:59.930+0800][gc,cpu       ] GC(12) User=0.00s Sys=0.00s Real=0.01s
[2020-11-06T18:49:40.179+0800][gc,start     ] GC(13) Pause Young (Normal) (G1 Evacuation Pause)
[2020-11-06T18:49:40.180+0800][gc,task      ] GC(13) Using 8 workers of 8 for evacuation
[2020-11-06T18:49:40.186+0800][gc,phases    ] GC(13)   Pre Evacuate Collection Set: 0.0ms
[2020-11-06T18:49:40.186+0800][gc,phases    ] GC(13)   Evacuate Collection Set: 4.4ms
[2020-11-06T18:49:40.186+0800][gc,phases    ] GC(13)   Post Evacuate Collection Set: 1.0ms
[2020-11-06T18:49:40.186+0800][gc,phases    ] GC(13)   Other: 2.2ms
[2020-11-06T18:49:40.186+0800][gc,heap      ] GC(13) Eden regions: 42->0(62)
[2020-11-06T18:49:40.186+0800][gc,heap      ] GC(13) Survivor regions: 1->1(6)
[2020-11-06T18:49:40.186+0800][gc,heap      ] GC(13) Old regions: 6->6
[2020-11-06T18:49:40.186+0800][gc,heap      ] GC(13) Archive regions: 2->2
[2020-11-06T18:49:40.186+0800][gc,heap      ] GC(13) Humongous regions: 1->1
[2020-11-06T18:49:40.186+0800][gc,metaspace ] GC(13) Metaspace: 7606K->7606K(1056768K)
[2020-11-06T18:49:40.186+0800][gc           ] GC(13) Pause Young (Normal) (G1 Evacuation Pause) 49M->7M(512M) 7.180ms
[2020-11-06T18:49:40.186+0800][gc,cpu       ] GC(13) User=0.00s Sys=0.02s Real=0.01s
[2020-11-06T20:08:28.434+0800][gc,start     ] GC(14) Pause Young (Normal) (G1 Evacuation Pause)
[2020-11-06T20:08:28.435+0800][gc,task      ] GC(14) Using 8 workers of 8 for evacuation
[2020-11-06T20:08:28.439+0800][gc,phases    ] GC(14)   Pre Evacuate Collection Set: 0.0ms
[2020-11-06T20:08:28.439+0800][gc,phases    ] GC(14)   Evacuate Collection Set: 3.5ms
[2020-11-06T20:08:28.439+0800][gc,phases    ] GC(14)   Post Evacuate Collection Set: 0.5ms
[2020-11-06T20:08:28.439+0800][gc,phases    ] GC(14)   Other: 1.3ms
[2020-11-06T20:08:28.439+0800][gc,heap      ] GC(14) Eden regions: 62->0(78)
[2020-11-06T20:08:28.439+0800][gc,heap      ] GC(14) Survivor regions: 1->1(8)
[2020-11-06T20:08:28.439+0800][gc,heap      ] GC(14) Old regions: 6->6
[2020-11-06T20:08:28.439+0800][gc,heap      ] GC(14) Archive regions: 2->2
[2020-11-06T20:08:28.439+0800][gc,heap      ] GC(14) Humongous regions: 1->1
[2020-11-06T20:08:28.440+0800][gc,metaspace ] GC(14) Metaspace: 7606K->7606K(1056768K)
[2020-11-06T20:08:28.440+0800][gc           ] GC(14) Pause Young (Normal) (G1 Evacuation Pause) 69M->7M(512M) 5.446ms
[2020-11-06T20:08:28.440+0800][gc,cpu       ] GC(14) User=0.00s Sys=0.01s Real=0.01s
[2020-11-06T21:47:54.391+0800][gc,start     ] GC(15) Pause Young (Normal) (G1 Evacuation Pause)
[2020-11-06T21:47:54.392+0800][gc,task      ] GC(15) Using 8 workers of 8 for evacuation
[2020-11-06T21:47:54.398+0800][gc,phases    ] GC(15)   Pre Evacuate Collection Set: 0.0ms
[2020-11-06T21:47:54.398+0800][gc,phases    ] GC(15)   Evacuate Collection Set: 4.5ms
[2020-11-06T21:47:54.398+0800][gc,phases    ] GC(15)   Post Evacuate Collection Set: 0.5ms
[2020-11-06T21:47:54.398+0800][gc,phases    ] GC(15)   Other: 1.6ms
[2020-11-06T21:47:54.398+0800][gc,heap      ] GC(15) Eden regions: 78->0(106)
[2020-11-06T21:47:54.398+0800][gc,heap      ] GC(15) Survivor regions: 1->1(10)
[2020-11-06T21:47:54.398+0800][gc,heap      ] GC(15) Old regions: 6->6
[2020-11-06T21:47:54.398+0800][gc,heap      ] GC(15) Archive regions: 2->2
[2020-11-06T21:47:54.398+0800][gc,heap      ] GC(15) Humongous regions: 1->1
[2020-11-06T21:47:54.398+0800][gc,metaspace ] GC(15) Metaspace: 7622K->7622K(1056768K)
[2020-11-06T21:47:54.398+0800][gc           ] GC(15) Pause Young (Normal) (G1 Evacuation Pause) 85M->7M(512M) 6.698ms
[2020-11-06T21:47:54.398+0800][gc,cpu       ] GC(15) User=0.00s Sys=0.01s Real=0.00s
[2020-11-07T00:04:51.009+0800][gc,start     ] GC(16) Pause Young (Normal) (G1 Evacuation Pause)
[2020-11-07T00:04:51.010+0800][gc,task      ] GC(16) Using 8 workers of 8 for evacuation
[2020-11-07T00:04:51.020+0800][gc,phases    ] GC(16)   Pre Evacuate Collection Set: 0.0ms
[2020-11-07T00:04:51.020+0800][gc,phases    ] GC(16)   Evacuate Collection Set: 6.5ms
[2020-11-07T00:04:51.020+0800][gc,phases    ] GC(16)   Post Evacuate Collection Set: 1.7ms
[2020-11-07T00:04:51.020+0800][gc,phases    ] GC(16)   Other: 5.0ms
[2020-11-07T00:04:51.020+0800][gc,heap      ] GC(16) Eden regions: 106->0(145)
[2020-11-07T00:04:51.020+0800][gc,heap      ] GC(16) Survivor regions: 1->1(14)
[2020-11-07T00:04:51.020+0800][gc,heap      ] GC(16) Old regions: 6->6
[2020-11-07T00:04:51.020+0800][gc,heap      ] GC(16) Archive regions: 2->2
[2020-11-07T00:04:51.020+0800][gc,heap      ] GC(16) Humongous regions: 1->1
[2020-11-07T00:04:51.020+0800][gc,metaspace ] GC(16) Metaspace: 7635K->7635K(1056768K)
[2020-11-07T00:04:51.020+0800][gc           ] GC(16) Pause Young (Normal) (G1 Evacuation Pause) 113M->7M(512M) 11.746ms
[2020-11-07T00:04:51.020+0800][gc,cpu       ] GC(16) User=0.00s Sys=0.02s Real=0.02s
[2020-11-07T11:08:16.554+0800][gc,start     ] GC(17) Pause Young (Normal) (G1 Evacuation Pause)
[2020-11-07T11:08:16.555+0800][gc,task      ] GC(17) Using 8 workers of 8 for evacuation
[2020-11-07T11:08:16.570+0800][gc,phases    ] GC(17)   Pre Evacuate Collection Set: 0.0ms
[2020-11-07T11:08:16.570+0800][gc,phases    ] GC(17)   Evacuate Collection Set: 7.7ms
[2020-11-07T11:08:16.570+0800][gc,phases    ] GC(17)   Post Evacuate Collection Set: 4.0ms
[2020-11-07T11:08:16.570+0800][gc,phases    ] GC(17)   Other: 4.6ms
[2020-11-07T11:08:16.570+0800][gc,heap      ] GC(17) Eden regions: 145->0(213)
[2020-11-07T11:08:16.570+0800][gc,heap      ] GC(17) Survivor regions: 1->1(19)
[2020-11-07T11:08:16.570+0800][gc,heap      ] GC(17) Old regions: 6->6
[2020-11-07T11:08:16.570+0800][gc,heap      ] GC(17) Archive regions: 2->2
[2020-11-07T11:08:16.570+0800][gc,heap      ] GC(17) Humongous regions: 1->1
[2020-11-07T11:08:16.570+0800][gc,metaspace ] GC(17) Metaspace: 7700K->7700K(1056768K)
[2020-11-07T11:08:16.570+0800][gc           ] GC(17) Pause Young (Normal) (G1 Evacuation Pause) 152M->7M(512M) 15.578ms
[2020-11-07T11:08:16.570+0800][gc,cpu       ] GC(17) User=0.01s Sys=0.01s Real=0.02s
[2020-11-07T15:40:06.006+0800][gc,start     ] GC(18) Pause Young (Normal) (G1 Evacuation Pause)
[2020-11-07T15:40:06.007+0800][gc,task      ] GC(18) Using 8 workers of 8 for evacuation
[2020-11-07T15:40:06.024+0800][gc,phases    ] GC(18)   Pre Evacuate Collection Set: 0.0ms
[2020-11-07T15:40:06.024+0800][gc,phases    ] GC(18)   Evacuate Collection Set: 10.6ms
[2020-11-07T15:40:06.024+0800][gc,phases    ] GC(18)   Post Evacuate Collection Set: 2.6ms
[2020-11-07T15:40:06.024+0800][gc,phases    ] GC(18)   Other: 5.1ms
[2020-11-07T15:40:06.024+0800][gc,heap      ] GC(18) Eden regions: 213->0(243)
[2020-11-07T15:40:06.024+0800][gc,heap      ] GC(18) Survivor regions: 1->1(27)
[2020-11-07T15:40:06.024+0800][gc,heap      ] GC(18) Old regions: 6->6
[2020-11-07T15:40:06.024+0800][gc,heap      ] GC(18) Archive regions: 2->2
[2020-11-07T15:40:06.024+0800][gc,heap      ] GC(18) Humongous regions: 1->1
[2020-11-07T15:40:06.024+0800][gc,metaspace ] GC(18) Metaspace: 7718K->7718K(1056768K)
[2020-11-07T15:40:06.024+0800][gc           ] GC(18) Pause Young (Normal) (G1 Evacuation Pause) 220M->7M(512M) 17.888ms
[2020-11-07T15:40:06.024+0800][gc,cpu       ] GC(18) User=0.01s Sys=0.02s Real=0.02s
[2020-11-07T17:51:01.124+0800][gc,heap,exit ] Heap
[2020-11-07T17:51:01.124+0800][gc,heap,exit ]  garbage-first heap   total 524288K, used 30288K [0x00000007e0000000, 0x0000000800000000)
[2020-11-07T17:51:01.124+0800][gc,heap,exit ]   region size 1024K, 24 young (24576K), 1 survivors (1024K)
[2020-11-07T17:51:01.124+0800][gc,heap,exit ]  Metaspace       used 7756K, capacity 7978K, committed 8064K, reserved 1056768K
[2020-11-07T17:51:01.124+0800][gc,heap,exit ]   class space    used 808K, capacity 895K, committed 896K, reserved 1048576K
