[2020-11-02T12:02:01.749+0800][gc,heap] Heap region size: 1M
[2020-11-02T12:02:01.754+0800][gc     ] Using G1
[2020-11-02T12:02:01.754+0800][gc,heap,coops] Heap address: 0x00000007e0000000, size: 512 MB, Compressed Oops mode: Zero based, Oop shift amount: 3
[2020-11-02T12:02:01.754+0800][gc,cds       ] Mark closed archive regions in map: [0x00000007fff00000, 0x00000007fff76ff8]
[2020-11-02T12:02:01.754+0800][gc,cds       ] Mark open archive regions in map: [0x00000007ffe00000, 0x00000007ffe46ff8]
[2020-11-02T12:02:01.769+0800][gc           ] Periodic GC disabled
[2020-11-02T12:02:02.506+0800][gc,start     ] GC(0) Pause Young (Normal) (G1 Evacuation Pause)
[2020-11-02T12:02:02.506+0800][gc,task      ] GC(0) Using 8 workers of 8 for evacuation
[2020-11-02T12:02:02.515+0800][gc,phases    ] GC(0)   Pre Evacuate Collection Set: 0.0ms
[2020-11-02T12:02:02.515+0800][gc,phases    ] GC(0)   Evacuate Collection Set: 8.3ms
[2020-11-02T12:02:02.515+0800][gc,phases    ] GC(0)   Post Evacuate Collection Set: 0.3ms
[2020-11-02T12:02:02.515+0800][gc,phases    ] GC(0)   Other: 0.6ms
[2020-11-02T12:02:02.515+0800][gc,heap      ] GC(0) Eden regions: 25->0(21)
[2020-11-02T12:02:02.515+0800][gc,heap      ] GC(0) Survivor regions: 0->4(4)
[2020-11-02T12:02:02.515+0800][gc,heap      ] GC(0) Old regions: 0->1
[2020-11-02T12:02:02.515+0800][gc,heap      ] GC(0) Archive regions: 2->2
[2020-11-02T12:02:02.515+0800][gc,heap      ] GC(0) Humongous regions: 1->1
[2020-11-02T12:02:02.515+0800][gc,metaspace ] GC(0) Metaspace: 6585K->6585K(1056768K)
[2020-11-02T12:02:02.515+0800][gc           ] GC(0) Pause Young (Normal) (G1 Evacuation Pause) 26M->6M(512M) 9.384ms
[2020-11-02T12:02:02.515+0800][gc,cpu       ] GC(0) User=0.03s Sys=0.01s Real=0.01s
[2020-11-02T12:02:02.559+0800][gc,start     ] GC(1) Pause Young (Normal) (G1 Evacuation Pause)
[2020-11-02T12:02:02.559+0800][gc,task      ] GC(1) Using 8 workers of 8 for evacuation
[2020-11-02T12:02:02.563+0800][gc,phases    ] GC(1)   Pre Evacuate Collection Set: 0.0ms
[2020-11-02T12:02:02.563+0800][gc,phases    ] GC(1)   Evacuate Collection Set: 3.8ms
[2020-11-02T12:02:02.563+0800][gc,phases    ] GC(1)   Post Evacuate Collection Set: 0.2ms
[2020-11-02T12:02:02.563+0800][gc,phases    ] GC(1)   Other: 0.1ms
[2020-11-02T12:02:02.563+0800][gc,heap      ] GC(1) Eden regions: 21->0(24)
[2020-11-02T12:02:02.563+0800][gc,heap      ] GC(1) Survivor regions: 4->1(4)
[2020-11-02T12:02:02.563+0800][gc,heap      ] GC(1) Old regions: 1->5
[2020-11-02T12:02:02.563+0800][gc,heap      ] GC(1) Archive regions: 2->2
[2020-11-02T12:02:02.563+0800][gc,heap      ] GC(1) Humongous regions: 1->1
[2020-11-02T12:02:02.563+0800][gc,metaspace ] GC(1) Metaspace: 6730K->6730K(1056768K)
[2020-11-02T12:02:02.563+0800][gc           ] GC(1) Pause Young (Normal) (G1 Evacuation Pause) 27M->7M(512M) 4.214ms
[2020-11-02T12:02:02.563+0800][gc,cpu       ] GC(1) User=0.02s Sys=0.00s Real=0.01s
[2020-11-02T12:02:02.613+0800][gc,start     ] GC(2) Pause Young (Normal) (G1 Evacuation Pause)
[2020-11-02T12:02:02.613+0800][gc,task      ] GC(2) Using 8 workers of 8 for evacuation
[2020-11-02T12:02:02.613+0800][gc,phases    ] GC(2)   Pre Evacuate Collection Set: 0.0ms
[2020-11-02T12:02:02.613+0800][gc,phases    ] GC(2)   Evacuate Collection Set: 0.4ms
[2020-11-02T12:02:02.613+0800][gc,phases    ] GC(2)   Post Evacuate Collection Set: 0.1ms
[2020-11-02T12:02:02.613+0800][gc,phases    ] GC(2)   Other: 0.1ms
[2020-11-02T12:02:02.613+0800][gc,heap      ] GC(2) Eden regions: 24->0(24)
[2020-11-02T12:02:02.613+0800][gc,heap      ] GC(2) Survivor regions: 1->1(4)
[2020-11-02T12:02:02.613+0800][gc,heap      ] GC(2) Old regions: 5->5
[2020-11-02T12:02:02.613+0800][gc,heap      ] GC(2) Archive regions: 2->2
[2020-11-02T12:02:02.613+0800][gc,heap      ] GC(2) Humongous regions: 1->1
[2020-11-02T12:02:02.613+0800][gc,metaspace ] GC(2) Metaspace: 6731K->6731K(1056768K)
[2020-11-02T12:02:02.614+0800][gc           ] GC(2) Pause Young (Normal) (G1 Evacuation Pause) 31M->7M(512M) 0.845ms
[2020-11-02T12:02:02.614+0800][gc,cpu       ] GC(2) User=0.00s Sys=0.00s Real=0.00s
[2020-11-02T12:02:02.660+0800][gc,start     ] GC(3) Pause Young (Normal) (G1 Evacuation Pause)
[2020-11-02T12:02:02.660+0800][gc,task      ] GC(3) Using 8 workers of 8 for evacuation
[2020-11-02T12:02:02.661+0800][gc,phases    ] GC(3)   Pre Evacuate Collection Set: 0.0ms
[2020-11-02T12:02:02.661+0800][gc,phases    ] GC(3)   Evacuate Collection Set: 0.5ms
[2020-11-02T12:02:02.661+0800][gc,phases    ] GC(3)   Post Evacuate Collection Set: 0.1ms
[2020-11-02T12:02:02.661+0800][gc,phases    ] GC(3)   Other: 0.1ms
[2020-11-02T12:02:02.661+0800][gc,heap      ] GC(3) Eden regions: 24->0(24)
[2020-11-02T12:02:02.661+0800][gc,heap      ] GC(3) Survivor regions: 1->1(4)
[2020-11-02T12:02:02.661+0800][gc,heap      ] GC(3) Old regions: 5->5
[2020-11-02T12:02:02.661+0800][gc,heap      ] GC(3) Archive regions: 2->2
[2020-11-02T12:02:02.661+0800][gc,heap      ] GC(3) Humongous regions: 1->1
[2020-11-02T12:02:02.661+0800][gc,metaspace ] GC(3) Metaspace: 6739K->6739K(1056768K)
[2020-11-02T12:02:02.661+0800][gc           ] GC(3) Pause Young (Normal) (G1 Evacuation Pause) 31M->6M(512M) 0.876ms
[2020-11-02T12:02:02.661+0800][gc,cpu       ] GC(3) User=0.01s Sys=0.00s Real=0.00s
[2020-11-02T12:02:02.703+0800][gc,start     ] GC(4) Pause Young (Normal) (G1 Evacuation Pause)
[2020-11-02T12:02:02.703+0800][gc,task      ] GC(4) Using 8 workers of 8 for evacuation
[2020-11-02T12:02:02.704+0800][gc,phases    ] GC(4)   Pre Evacuate Collection Set: 0.0ms
[2020-11-02T12:02:02.704+0800][gc,phases    ] GC(4)   Evacuate Collection Set: 0.4ms
[2020-11-02T12:02:02.704+0800][gc,phases    ] GC(4)   Post Evacuate Collection Set: 0.1ms
[2020-11-02T12:02:02.704+0800][gc,phases    ] GC(4)   Other: 0.1ms
[2020-11-02T12:02:02.704+0800][gc,heap      ] GC(4) Eden regions: 24->0(28)
[2020-11-02T12:02:02.704+0800][gc,heap      ] GC(4) Survivor regions: 1->1(4)
[2020-11-02T12:02:02.704+0800][gc,heap      ] GC(4) Old regions: 5->5
[2020-11-02T12:02:02.704+0800][gc,heap      ] GC(4) Archive regions: 2->2
[2020-11-02T12:02:02.704+0800][gc,heap      ] GC(4) Humongous regions: 1->1
[2020-11-02T12:02:02.704+0800][gc,metaspace ] GC(4) Metaspace: 6751K->6751K(1056768K)
[2020-11-02T12:02:02.704+0800][gc           ] GC(4) Pause Young (Normal) (G1 Evacuation Pause) 30M->6M(512M) 0.808ms
[2020-11-02T12:02:02.704+0800][gc,cpu       ] GC(4) User=0.01s Sys=0.00s Real=0.00s
[2020-11-02T12:02:02.740+0800][gc,start     ] GC(5) Pause Young (Normal) (G1 Evacuation Pause)
[2020-11-02T12:02:02.740+0800][gc,task      ] GC(5) Using 8 workers of 8 for evacuation
[2020-11-02T12:02:02.740+0800][gc,phases    ] GC(5)   Pre Evacuate Collection Set: 0.0ms
[2020-11-02T12:02:02.740+0800][gc,phases    ] GC(5)   Evacuate Collection Set: 0.4ms
[2020-11-02T12:02:02.740+0800][gc,phases    ] GC(5)   Post Evacuate Collection Set: 0.1ms
[2020-11-02T12:02:02.740+0800][gc,phases    ] GC(5)   Other: 0.1ms
[2020-11-02T12:02:02.740+0800][gc,heap      ] GC(5) Eden regions: 28->0(87)
[2020-11-02T12:02:02.740+0800][gc,heap      ] GC(5) Survivor regions: 1->1(4)
[2020-11-02T12:02:02.740+0800][gc,heap      ] GC(5) Old regions: 5->5
[2020-11-02T12:02:02.740+0800][gc,heap      ] GC(5) Archive regions: 2->2
[2020-11-02T12:02:02.740+0800][gc,heap      ] GC(5) Humongous regions: 1->1
[2020-11-02T12:02:02.740+0800][gc,metaspace ] GC(5) Metaspace: 6751K->6751K(1056768K)
[2020-11-02T12:02:02.740+0800][gc           ] GC(5) Pause Young (Normal) (G1 Evacuation Pause) 34M->7M(512M) 0.776ms
[2020-11-02T12:02:02.740+0800][gc,cpu       ] GC(5) User=0.01s Sys=0.00s Real=0.00s
[2020-11-02T12:38:27.873+0800][gc,start     ] GC(6) Pause Young (Normal) (G1 Evacuation Pause)
[2020-11-02T12:38:27.881+0800][gc,task      ] GC(6) Using 8 workers of 8 for evacuation
[2020-11-02T12:38:27.961+0800][gc,mmu       ] GC(6) MMU target violated: 21.0ms (20.0ms/21.0ms)
[2020-11-02T12:38:27.961+0800][gc,phases    ] GC(6)   Pre Evacuate Collection Set: 0.9ms
[2020-11-02T12:38:27.961+0800][gc,phases    ] GC(6)   Evacuate Collection Set: 53.5ms
[2020-11-02T12:38:27.961+0800][gc,phases    ] GC(6)   Post Evacuate Collection Set: 6.4ms
[2020-11-02T12:38:27.961+0800][gc,phases    ] GC(6)   Other: 28.9ms
[2020-11-02T12:38:27.961+0800][gc,heap      ] GC(6) Eden regions: 87->0(24)
[2020-11-02T12:38:27.961+0800][gc,heap      ] GC(6) Survivor regions: 1->1(11)
[2020-11-02T12:38:27.961+0800][gc,heap      ] GC(6) Old regions: 5->5
[2020-11-02T12:38:27.961+0800][gc,heap      ] GC(6) Archive regions: 2->2
[2020-11-02T12:38:27.961+0800][gc,heap      ] GC(6) Humongous regions: 1->1
[2020-11-02T12:38:27.961+0800][gc,metaspace ] GC(6) Metaspace: 7543K->7543K(1056768K)
[2020-11-02T12:38:27.961+0800][gc           ] GC(6) Pause Young (Normal) (G1 Evacuation Pause) 94M->7M(512M) 88.584ms
[2020-11-02T12:38:27.961+0800][gc,cpu       ] GC(6) User=0.02s Sys=0.11s Real=0.09s
