[2020-11-07T17:50:08.251+0800][gc,heap] Heap region size: 1M
[2020-11-07T17:50:08.255+0800][gc     ] Using G1
[2020-11-07T17:50:08.255+0800][gc,heap,coops] Heap address: 0x00000007e0000000, size: 512 MB, Compressed Oops mode: Zero based, Oop shift amount: 3
[2020-11-07T17:50:08.255+0800][gc,cds       ] Mark closed archive regions in map: [0x00000007fff00000, 0x00000007fff76ff8]
[2020-11-07T17:50:08.255+0800][gc,cds       ] Mark open archive regions in map: [0x00000007ffe00000, 0x00000007ffe46ff8]
[2020-11-07T17:50:08.271+0800][gc           ] Periodic GC disabled
[2020-11-07T17:50:08.693+0800][gc,heap,exit ] Heap
[2020-11-07T17:50:08.693+0800][gc,heap,exit ]  garbage-first heap   total 524288K, used 14072K [0x00000007e0000000, 0x0000000800000000)
[2020-11-07T17:50:08.693+0800][gc,heap,exit ]   region size 1024K, 14 young (14336K), 0 survivors (0K)
[2020-11-07T17:50:08.693+0800][gc,heap,exit ]  Metaspace       used 6095K, capacity 6396K, committed 6784K, reserved 1056768K
[2020-11-07T17:50:08.693+0800][gc,heap,exit ]   class space    used 712K, capacity 798K, committed 896K, reserved 1048576K
