[2020-11-02T13:45:37.722+0800][gc,heap] Heap region size: 1M
[2020-11-02T13:45:37.726+0800][gc     ] Using G1
[2020-11-02T13:45:37.726+0800][gc,heap,coops] Heap address: 0x00000007e0000000, size: 512 MB, Compressed Oops mode: Zero based, Oop shift amount: 3
[2020-11-02T13:45:37.727+0800][gc,cds       ] Mark closed archive regions in map: [0x00000007fff00000, 0x00000007fff76ff8]
[2020-11-02T13:45:37.727+0800][gc,cds       ] Mark open archive regions in map: [0x00000007ffe00000, 0x00000007ffe46ff8]
[2020-11-02T13:45:37.743+0800][gc           ] Periodic GC disabled
[2020-11-02T13:45:38.593+0800][gc,start     ] GC(0) Pause Young (Normal) (G1 Evacuation Pause)
[2020-11-02T13:45:38.594+0800][gc,task      ] GC(0) Using 8 workers of 8 for evacuation
[2020-11-02T13:45:38.603+0800][gc,phases    ] GC(0)   Pre Evacuate Collection Set: 0.0ms
[2020-11-02T13:45:38.603+0800][gc,phases    ] GC(0)   Evacuate Collection Set: 9.1ms
[2020-11-02T13:45:38.603+0800][gc,phases    ] GC(0)   Post Evacuate Collection Set: 0.3ms
[2020-11-02T13:45:38.603+0800][gc,phases    ] GC(0)   Other: 0.5ms
[2020-11-02T13:45:38.603+0800][gc,heap      ] GC(0) Eden regions: 25->0(21)
[2020-11-02T13:45:38.603+0800][gc,heap      ] GC(0) Survivor regions: 0->4(4)
[2020-11-02T13:45:38.603+0800][gc,heap      ] GC(0) Old regions: 0->2
[2020-11-02T13:45:38.603+0800][gc,heap      ] GC(0) Archive regions: 2->2
[2020-11-02T13:45:38.604+0800][gc,heap      ] GC(0) Humongous regions: 1->1
[2020-11-02T13:45:38.604+0800][gc,metaspace ] GC(0) Metaspace: 6725K->6725K(1056768K)
[2020-11-02T13:45:38.604+0800][gc           ] GC(0) Pause Young (Normal) (G1 Evacuation Pause) 26M->7M(512M) 10.076ms
[2020-11-02T13:45:38.604+0800][gc,cpu       ] GC(0) User=0.03s Sys=0.01s Real=0.01s
[2020-11-02T13:45:38.641+0800][gc,start     ] GC(1) Pause Young (Normal) (G1 Evacuation Pause)
[2020-11-02T13:45:38.641+0800][gc,task      ] GC(1) Using 8 workers of 8 for evacuation
[2020-11-02T13:45:38.646+0800][gc,phases    ] GC(1)   Pre Evacuate Collection Set: 0.0ms
[2020-11-02T13:45:38.646+0800][gc,phases    ] GC(1)   Evacuate Collection Set: 4.6ms
[2020-11-02T13:45:38.646+0800][gc,phases    ] GC(1)   Post Evacuate Collection Set: 0.2ms
[2020-11-02T13:45:38.646+0800][gc,phases    ] GC(1)   Other: 0.2ms
[2020-11-02T13:45:38.646+0800][gc,heap      ] GC(1) Eden regions: 21->0(24)
[2020-11-02T13:45:38.646+0800][gc,heap      ] GC(1) Survivor regions: 4->1(4)
[2020-11-02T13:45:38.646+0800][gc,heap      ] GC(1) Old regions: 2->5
[2020-11-02T13:45:38.646+0800][gc,heap      ] GC(1) Archive regions: 2->2
[2020-11-02T13:45:38.646+0800][gc,heap      ] GC(1) Humongous regions: 1->1
[2020-11-02T13:45:38.646+0800][gc,metaspace ] GC(1) Metaspace: 6729K->6729K(1056768K)
[2020-11-02T13:45:38.646+0800][gc           ] GC(1) Pause Young (Normal) (G1 Evacuation Pause) 28M->7M(512M) 5.148ms
[2020-11-02T13:45:38.646+0800][gc,cpu       ] GC(1) User=0.03s Sys=0.00s Real=0.00s
[2020-11-02T13:45:38.686+0800][gc,start     ] GC(2) Pause Young (Normal) (G1 Evacuation Pause)
[2020-11-02T13:45:38.686+0800][gc,task      ] GC(2) Using 8 workers of 8 for evacuation
[2020-11-02T13:45:38.687+0800][gc,phases    ] GC(2)   Pre Evacuate Collection Set: 0.0ms
[2020-11-02T13:45:38.687+0800][gc,phases    ] GC(2)   Evacuate Collection Set: 0.3ms
[2020-11-02T13:45:38.687+0800][gc,phases    ] GC(2)   Post Evacuate Collection Set: 0.1ms
[2020-11-02T13:45:38.687+0800][gc,phases    ] GC(2)   Other: 0.1ms
[2020-11-02T13:45:38.687+0800][gc,heap      ] GC(2) Eden regions: 24->0(24)
[2020-11-02T13:45:38.687+0800][gc,heap      ] GC(2) Survivor regions: 1->1(4)
[2020-11-02T13:45:38.687+0800][gc,heap      ] GC(2) Old regions: 5->5
[2020-11-02T13:45:38.687+0800][gc,heap      ] GC(2) Archive regions: 2->2
[2020-11-02T13:45:38.687+0800][gc,heap      ] GC(2) Humongous regions: 1->1
[2020-11-02T13:45:38.687+0800][gc,metaspace ] GC(2) Metaspace: 6730K->6730K(1056768K)
[2020-11-02T13:45:38.687+0800][gc           ] GC(2) Pause Young (Normal) (G1 Evacuation Pause) 31M->7M(512M) 0.607ms
[2020-11-02T13:45:38.687+0800][gc,cpu       ] GC(2) User=0.00s Sys=0.00s Real=0.00s
[2020-11-02T13:45:38.723+0800][gc,start     ] GC(3) Pause Young (Normal) (G1 Evacuation Pause)
[2020-11-02T13:45:38.723+0800][gc,task      ] GC(3) Using 8 workers of 8 for evacuation
[2020-11-02T13:45:38.724+0800][gc,phases    ] GC(3)   Pre Evacuate Collection Set: 0.0ms
[2020-11-02T13:45:38.724+0800][gc,phases    ] GC(3)   Evacuate Collection Set: 0.3ms
[2020-11-02T13:45:38.724+0800][gc,phases    ] GC(3)   Post Evacuate Collection Set: 0.1ms
[2020-11-02T13:45:38.724+0800][gc,phases    ] GC(3)   Other: 0.2ms
[2020-11-02T13:45:38.724+0800][gc,heap      ] GC(3) Eden regions: 24->0(24)
[2020-11-02T13:45:38.724+0800][gc,heap      ] GC(3) Survivor regions: 1->1(4)
[2020-11-02T13:45:38.724+0800][gc,heap      ] GC(3) Old regions: 5->5
[2020-11-02T13:45:38.724+0800][gc,heap      ] GC(3) Archive regions: 2->2
[2020-11-02T13:45:38.724+0800][gc,heap      ] GC(3) Humongous regions: 1->1
[2020-11-02T13:45:38.724+0800][gc,metaspace ] GC(3) Metaspace: 6735K->6735K(1056768K)
[2020-11-02T13:45:38.724+0800][gc           ] GC(3) Pause Young (Normal) (G1 Evacuation Pause) 31M->7M(512M) 0.683ms
[2020-11-02T13:45:38.724+0800][gc,cpu       ] GC(3) User=0.00s Sys=0.00s Real=0.00s
[2020-11-02T13:45:38.759+0800][gc,start     ] GC(4) Pause Young (Normal) (G1 Evacuation Pause)
[2020-11-02T13:45:38.759+0800][gc,task      ] GC(4) Using 8 workers of 8 for evacuation
[2020-11-02T13:45:38.759+0800][gc,phases    ] GC(4)   Pre Evacuate Collection Set: 0.0ms
[2020-11-02T13:45:38.759+0800][gc,phases    ] GC(4)   Evacuate Collection Set: 0.3ms
[2020-11-02T13:45:38.759+0800][gc,phases    ] GC(4)   Post Evacuate Collection Set: 0.1ms
[2020-11-02T13:45:38.759+0800][gc,phases    ] GC(4)   Other: 0.1ms
[2020-11-02T13:45:38.759+0800][gc,heap      ] GC(4) Eden regions: 24->0(25)
[2020-11-02T13:45:38.759+0800][gc,heap      ] GC(4) Survivor regions: 1->1(4)
[2020-11-02T13:45:38.759+0800][gc,heap      ] GC(4) Old regions: 5->5
[2020-11-02T13:45:38.759+0800][gc,heap      ] GC(4) Archive regions: 2->2
[2020-11-02T13:45:38.759+0800][gc,heap      ] GC(4) Humongous regions: 1->1
[2020-11-02T13:45:38.759+0800][gc,metaspace ] GC(4) Metaspace: 6746K->6746K(1056768K)
[2020-11-02T13:45:38.759+0800][gc           ] GC(4) Pause Young (Normal) (G1 Evacuation Pause) 31M->7M(512M) 0.685ms
[2020-11-02T13:45:38.759+0800][gc,cpu       ] GC(4) User=0.01s Sys=0.00s Real=0.00s
[2020-11-02T13:45:38.793+0800][gc,start     ] GC(5) Pause Young (Normal) (G1 Evacuation Pause)
[2020-11-02T13:45:38.794+0800][gc,task      ] GC(5) Using 8 workers of 8 for evacuation
[2020-11-02T13:45:38.794+0800][gc,phases    ] GC(5)   Pre Evacuate Collection Set: 0.0ms
[2020-11-02T13:45:38.794+0800][gc,phases    ] GC(5)   Evacuate Collection Set: 0.3ms
[2020-11-02T13:45:38.794+0800][gc,phases    ] GC(5)   Post Evacuate Collection Set: 0.1ms
[2020-11-02T13:45:38.794+0800][gc,phases    ] GC(5)   Other: 0.1ms
[2020-11-02T13:45:38.794+0800][gc,heap      ] GC(5) Eden regions: 25->0(36)
[2020-11-02T13:45:38.794+0800][gc,heap      ] GC(5) Survivor regions: 1->1(4)
[2020-11-02T13:45:38.794+0800][gc,heap      ] GC(5) Old regions: 5->5
[2020-11-02T13:45:38.794+0800][gc,heap      ] GC(5) Archive regions: 2->2
[2020-11-02T13:45:38.794+0800][gc,heap      ] GC(5) Humongous regions: 1->1
[2020-11-02T13:45:38.794+0800][gc,metaspace ] GC(5) Metaspace: 6752K->6752K(1056768K)
[2020-11-02T13:45:38.794+0800][gc           ] GC(5) Pause Young (Normal) (G1 Evacuation Pause) 32M->7M(512M) 0.624ms
[2020-11-02T13:45:38.794+0800][gc,cpu       ] GC(5) User=0.01s Sys=0.00s Real=0.00s
[2020-11-02T13:45:38.852+0800][gc,start     ] GC(6) Pause Young (Normal) (G1 Evacuation Pause)
[2020-11-02T13:45:38.852+0800][gc,task      ] GC(6) Using 8 workers of 8 for evacuation
[2020-11-02T13:45:38.852+0800][gc,phases    ] GC(6)   Pre Evacuate Collection Set: 0.0ms
[2020-11-02T13:45:38.853+0800][gc,phases    ] GC(6)   Evacuate Collection Set: 0.3ms
[2020-11-02T13:45:38.853+0800][gc,phases    ] GC(6)   Post Evacuate Collection Set: 0.1ms
[2020-11-02T13:45:38.853+0800][gc,phases    ] GC(6)   Other: 0.1ms
[2020-11-02T13:45:38.853+0800][gc,heap      ] GC(6) Eden regions: 36->0(273)
[2020-11-02T13:45:38.853+0800][gc,heap      ] GC(6) Survivor regions: 1->1(5)
[2020-11-02T13:45:38.853+0800][gc,heap      ] GC(6) Old regions: 5->5
[2020-11-02T13:45:38.853+0800][gc,heap      ] GC(6) Archive regions: 2->2
[2020-11-02T13:45:38.853+0800][gc,heap      ] GC(6) Humongous regions: 1->1
[2020-11-02T13:45:38.853+0800][gc,metaspace ] GC(6) Metaspace: 6756K->6756K(1056768K)
[2020-11-02T13:45:38.853+0800][gc           ] GC(6) Pause Young (Normal) (G1 Evacuation Pause) 43M->7M(512M) 0.654ms
[2020-11-02T13:45:38.853+0800][gc,cpu       ] GC(6) User=0.00s Sys=0.00s Real=0.00s
[2020-11-02T23:03:43.590+0800][gc,start     ] GC(7) Pause Young (Normal) (G1 Evacuation Pause)
[2020-11-02T23:03:43.637+0800][gc,task      ] GC(7) Using 8 workers of 8 for evacuation
[2020-11-02T23:03:44.450+0800][gc,mmu       ] GC(7) MMU target violated: 21.0ms (20.0ms/21.0ms)
[2020-11-02T23:03:44.450+0800][gc,phases    ] GC(7)   Pre Evacuate Collection Set: 3.2ms
[2020-11-02T23:03:44.450+0800][gc,phases    ] GC(7)   Evacuate Collection Set: 590.1ms
[2020-11-02T23:03:44.450+0800][gc,phases    ] GC(7)   Post Evacuate Collection Set: 87.6ms
[2020-11-02T23:03:44.451+0800][gc,phases    ] GC(7)   Other: 189.1ms
[2020-11-02T23:03:44.451+0800][gc,heap      ] GC(7) Eden regions: 273->0(24)
[2020-11-02T23:03:44.451+0800][gc,heap      ] GC(7) Survivor regions: 1->1(35)
[2020-11-02T23:03:44.451+0800][gc,heap      ] GC(7) Old regions: 5->5
[2020-11-02T23:03:44.451+0800][gc,heap      ] GC(7) Archive regions: 2->2
[2020-11-02T23:03:44.451+0800][gc,heap      ] GC(7) Humongous regions: 1->1
[2020-11-02T23:03:44.451+0800][gc,metaspace ] GC(7) Metaspace: 7703K->7703K(1056768K)
[2020-11-02T23:03:44.451+0800][gc           ] GC(7) Pause Young (Normal) (G1 Evacuation Pause) 280M->7M(512M) 864.021ms
[2020-11-02T23:03:44.451+0800][gc,cpu       ] GC(7) User=0.22s Sys=0.26s Real=0.87s
[2020-11-03T10:56:18.541+0800][gc,start     ] GC(8) Pause Young (Normal) (G1 Evacuation Pause)
[2020-11-03T10:56:18.549+0800][gc,task      ] GC(8) Using 8 workers of 8 for evacuation
[2020-11-03T10:56:18.758+0800][gc,mmu       ] GC(8) MMU target violated: 21.0ms (20.0ms/21.0ms)
[2020-11-03T10:56:18.758+0800][gc,phases    ] GC(8)   Pre Evacuate Collection Set: 0.6ms
[2020-11-03T10:56:18.759+0800][gc,phases    ] GC(8)   Evacuate Collection Set: 156.6ms
[2020-11-03T10:56:18.759+0800][gc,phases    ] GC(8)   Post Evacuate Collection Set: 9.0ms
[2020-11-03T10:56:18.759+0800][gc,phases    ] GC(8)   Other: 56.2ms
[2020-11-03T10:56:18.759+0800][gc,heap      ] GC(8) Eden regions: 24->0(24)
[2020-11-03T10:56:18.759+0800][gc,heap      ] GC(8) Survivor regions: 1->1(4)
[2020-11-03T10:56:18.759+0800][gc,heap      ] GC(8) Old regions: 5->5
[2020-11-03T10:56:18.759+0800][gc,heap      ] GC(8) Archive regions: 2->2
[2020-11-03T10:56:18.759+0800][gc,heap      ] GC(8) Humongous regions: 1->1
[2020-11-03T10:56:18.759+0800][gc,metaspace ] GC(8) Metaspace: 7714K->7714K(1056768K)
[2020-11-03T10:56:18.759+0800][gc           ] GC(8) Pause Young (Normal) (G1 Evacuation Pause) 31M->7M(512M) 219.030ms
[2020-11-03T10:56:18.759+0800][gc,cpu       ] GC(8) User=0.08s Sys=0.20s Real=0.21s
[2020-11-03T11:59:52.987+0800][gc,start     ] GC(9) Pause Young (Normal) (G1 Evacuation Pause)
[2020-11-03T11:59:52.989+0800][gc,task      ] GC(9) Using 8 workers of 8 for evacuation
[2020-11-03T11:59:53.108+0800][gc,mmu       ] GC(9) MMU target violated: 21.0ms (20.0ms/21.0ms)
[2020-11-03T11:59:53.108+0800][gc,phases    ] GC(9)   Pre Evacuate Collection Set: 0.7ms
[2020-11-03T11:59:53.108+0800][gc,phases    ] GC(9)   Evacuate Collection Set: 92.6ms
[2020-11-03T11:59:53.108+0800][gc,phases    ] GC(9)   Post Evacuate Collection Set: 12.6ms
[2020-11-03T11:59:53.109+0800][gc,phases    ] GC(9)   Other: 17.6ms
[2020-11-03T11:59:53.109+0800][gc,heap      ] GC(9) Eden regions: 24->0(24)
[2020-11-03T11:59:53.109+0800][gc,heap      ] GC(9) Survivor regions: 1->1(4)
[2020-11-03T11:59:53.109+0800][gc,heap      ] GC(9) Old regions: 5->5
[2020-11-03T11:59:53.109+0800][gc,heap      ] GC(9) Archive regions: 2->2
[2020-11-03T11:59:53.109+0800][gc,heap      ] GC(9) Humongous regions: 1->1
[2020-11-03T11:59:53.109+0800][gc,metaspace ] GC(9) Metaspace: 7746K->7746K(1056768K)
[2020-11-03T11:59:53.109+0800][gc           ] GC(9) Pause Young (Normal) (G1 Evacuation Pause) 31M->7M(512M) 121.923ms
[2020-11-03T11:59:53.109+0800][gc,cpu       ] GC(9) User=0.05s Sys=0.12s Real=0.12s
[2020-11-03T12:33:43.517+0800][gc,start     ] GC(10) Pause Young (Normal) (G1 Evacuation Pause)
[2020-11-03T12:33:43.519+0800][gc,task      ] GC(10) Using 8 workers of 8 for evacuation
[2020-11-03T12:33:43.581+0800][gc,mmu       ] GC(10) MMU target violated: 21.0ms (20.0ms/21.0ms)
[2020-11-03T12:33:43.582+0800][gc,phases    ] GC(10)   Pre Evacuate Collection Set: 0.0ms
[2020-11-03T12:33:43.582+0800][gc,phases    ] GC(10)   Evacuate Collection Set: 46.5ms
[2020-11-03T12:33:43.582+0800][gc,phases    ] GC(10)   Post Evacuate Collection Set: 6.0ms
[2020-11-03T12:33:43.582+0800][gc,phases    ] GC(10)   Other: 13.0ms
[2020-11-03T12:33:43.582+0800][gc,heap      ] GC(10) Eden regions: 24->0(24)
[2020-11-03T12:33:43.582+0800][gc,heap      ] GC(10) Survivor regions: 1->1(4)
[2020-11-03T12:33:43.582+0800][gc,heap      ] GC(10) Old regions: 5->5
[2020-11-03T12:33:43.582+0800][gc,heap      ] GC(10) Archive regions: 2->2
[2020-11-03T12:33:43.582+0800][gc,heap      ] GC(10) Humongous regions: 1->1
[2020-11-03T12:33:43.582+0800][gc,metaspace ] GC(10) Metaspace: 7747K->7747K(1056768K)
[2020-11-03T12:33:43.582+0800][gc           ] GC(10) Pause Young (Normal) (G1 Evacuation Pause) 31M->7M(512M) 64.547ms
[2020-11-03T12:33:43.582+0800][gc,cpu       ] GC(10) User=0.02s Sys=0.06s Real=0.07s
[2020-11-03T13:07:34.910+0800][gc,start     ] GC(11) Pause Young (Normal) (G1 Evacuation Pause)
[2020-11-03T13:07:34.910+0800][gc,task      ] GC(11) Using 8 workers of 8 for evacuation
[2020-11-03T13:07:34.981+0800][gc,mmu       ] GC(11) MMU target violated: 21.0ms (20.0ms/21.0ms)
[2020-11-03T13:07:34.981+0800][gc,phases    ] GC(11)   Pre Evacuate Collection Set: 0.0ms
[2020-11-03T13:07:34.981+0800][gc,phases    ] GC(11)   Evacuate Collection Set: 62.5ms
[2020-11-03T13:07:34.981+0800][gc,phases    ] GC(11)   Post Evacuate Collection Set: 2.1ms
[2020-11-03T13:07:34.981+0800][gc,phases    ] GC(11)   Other: 8.2ms
[2020-11-03T13:07:34.981+0800][gc,heap      ] GC(11) Eden regions: 24->0(24)
[2020-11-03T13:07:34.981+0800][gc,heap      ] GC(11) Survivor regions: 1->1(4)
[2020-11-03T13:07:34.981+0800][gc,heap      ] GC(11) Old regions: 5->5
[2020-11-03T13:07:34.981+0800][gc,heap      ] GC(11) Archive regions: 2->2
[2020-11-03T13:07:34.981+0800][gc,heap      ] GC(11) Humongous regions: 1->1
[2020-11-03T13:07:34.981+0800][gc,metaspace ] GC(11) Metaspace: 7747K->7747K(1056768K)
[2020-11-03T13:07:34.982+0800][gc           ] GC(11) Pause Young (Normal) (G1 Evacuation Pause) 31M->7M(512M) 72.917ms
[2020-11-03T13:07:34.982+0800][gc,cpu       ] GC(11) User=0.05s Sys=0.08s Real=0.08s
[2020-11-03T13:38:55.859+0800][gc,start     ] GC(12) Pause Young (Normal) (G1 Evacuation Pause)
[2020-11-03T13:38:55.863+0800][gc,task      ] GC(12) Using 8 workers of 8 for evacuation
[2020-11-03T13:38:55.937+0800][gc,mmu       ] GC(12) MMU target violated: 21.0ms (20.0ms/21.0ms)
[2020-11-03T13:38:55.937+0800][gc,phases    ] GC(12)   Pre Evacuate Collection Set: 0.6ms
[2020-11-03T13:38:55.937+0800][gc,phases    ] GC(12)   Evacuate Collection Set: 56.2ms
[2020-11-03T13:38:55.937+0800][gc,phases    ] GC(12)   Post Evacuate Collection Set: 5.7ms
[2020-11-03T13:38:55.937+0800][gc,phases    ] GC(12)   Other: 18.1ms
[2020-11-03T13:38:55.937+0800][gc,heap      ] GC(12) Eden regions: 24->0(24)
[2020-11-03T13:38:55.937+0800][gc,heap      ] GC(12) Survivor regions: 1->1(4)
[2020-11-03T13:38:55.937+0800][gc,heap      ] GC(12) Old regions: 5->5
[2020-11-03T13:38:55.937+0800][gc,heap      ] GC(12) Archive regions: 2->2
[2020-11-03T13:38:55.937+0800][gc,heap      ] GC(12) Humongous regions: 1->1
[2020-11-03T13:38:55.937+0800][gc,metaspace ] GC(12) Metaspace: 7772K->7772K(1056768K)
[2020-11-03T13:38:55.937+0800][gc           ] GC(12) Pause Young (Normal) (G1 Evacuation Pause) 31M->7M(512M) 78.140ms
[2020-11-03T13:38:55.937+0800][gc,cpu       ] GC(12) User=0.03s Sys=0.11s Real=0.08s
[2020-11-03T14:13:56.310+0800][gc,start     ] GC(13) Pause Young (Normal) (G1 Evacuation Pause)
[2020-11-03T14:13:56.313+0800][gc,task      ] GC(13) Using 8 workers of 8 for evacuation
[2020-11-03T14:13:56.385+0800][gc,mmu       ] GC(13) MMU target violated: 21.0ms (20.0ms/21.0ms)
[2020-11-03T14:13:56.385+0800][gc,phases    ] GC(13)   Pre Evacuate Collection Set: 0.8ms
[2020-11-03T14:13:56.385+0800][gc,phases    ] GC(13)   Evacuate Collection Set: 56.8ms
[2020-11-03T14:13:56.385+0800][gc,phases    ] GC(13)   Post Evacuate Collection Set: 4.8ms
[2020-11-03T14:13:56.385+0800][gc,phases    ] GC(13)   Other: 14.3ms
[2020-11-03T14:13:56.385+0800][gc,heap      ] GC(13) Eden regions: 24->0(24)
[2020-11-03T14:13:56.385+0800][gc,heap      ] GC(13) Survivor regions: 1->1(4)
[2020-11-03T14:13:56.385+0800][gc,heap      ] GC(13) Old regions: 5->5
[2020-11-03T14:13:56.385+0800][gc,heap      ] GC(13) Archive regions: 2->2
[2020-11-03T14:13:56.385+0800][gc,heap      ] GC(13) Humongous regions: 1->1
[2020-11-03T14:13:56.385+0800][gc,metaspace ] GC(13) Metaspace: 7772K->7772K(1056768K)
[2020-11-03T14:13:56.385+0800][gc           ] GC(13) Pause Young (Normal) (G1 Evacuation Pause) 31M->7M(512M) 76.425ms
[2020-11-03T14:13:56.385+0800][gc,cpu       ] GC(13) User=0.03s Sys=0.09s Real=0.08s
[2020-11-03T14:45:53.348+0800][gc,start     ] GC(14) Pause Young (Normal) (G1 Evacuation Pause)
[2020-11-03T14:45:53.359+0800][gc,task      ] GC(14) Using 8 workers of 8 for evacuation
[2020-11-03T14:45:53.591+0800][gc,mmu       ] GC(14) MMU target violated: 21.0ms (20.0ms/21.0ms)
[2020-11-03T14:45:53.591+0800][gc,phases    ] GC(14)   Pre Evacuate Collection Set: 0.1ms
[2020-11-03T14:45:53.591+0800][gc,phases    ] GC(14)   Evacuate Collection Set: 180.7ms
[2020-11-03T14:45:53.591+0800][gc,phases    ] GC(14)   Post Evacuate Collection Set: 20.3ms
[2020-11-03T14:45:53.591+0800][gc,phases    ] GC(14)   Other: 46.8ms
[2020-11-03T14:45:53.591+0800][gc,heap      ] GC(14) Eden regions: 24->0(24)
[2020-11-03T14:45:53.591+0800][gc,heap      ] GC(14) Survivor regions: 1->1(4)
[2020-11-03T14:45:53.591+0800][gc,heap      ] GC(14) Old regions: 5->5
[2020-11-03T14:45:53.591+0800][gc,heap      ] GC(14) Archive regions: 2->2
[2020-11-03T14:45:53.591+0800][gc,heap      ] GC(14) Humongous regions: 1->1
[2020-11-03T14:45:53.591+0800][gc,metaspace ] GC(14) Metaspace: 7775K->7775K(1056768K)
[2020-11-03T14:45:53.591+0800][gc           ] GC(14) Pause Young (Normal) (G1 Evacuation Pause) 31M->7M(512M) 243.310ms
[2020-11-03T14:45:53.591+0800][gc,cpu       ] GC(14) User=0.10s Sys=0.15s Real=0.25s
[2020-11-03T15:24:17.579+0800][gc,start     ] GC(15) Pause Young (Normal) (G1 Evacuation Pause)
[2020-11-03T15:24:17.585+0800][gc,task      ] GC(15) Using 8 workers of 8 for evacuation
[2020-11-03T15:24:17.792+0800][gc,mmu       ] GC(15) MMU target violated: 21.0ms (20.0ms/21.0ms)
[2020-11-03T15:24:17.792+0800][gc,phases    ] GC(15)   Pre Evacuate Collection Set: 1.6ms
[2020-11-03T15:24:17.792+0800][gc,phases    ] GC(15)   Evacuate Collection Set: 168.3ms
[2020-11-03T15:24:17.792+0800][gc,phases    ] GC(15)   Post Evacuate Collection Set: 15.9ms
[2020-11-03T15:24:17.792+0800][gc,phases    ] GC(15)   Other: 30.4ms
[2020-11-03T15:24:17.792+0800][gc,heap      ] GC(15) Eden regions: 24->0(24)
[2020-11-03T15:24:17.792+0800][gc,heap      ] GC(15) Survivor regions: 1->1(4)
[2020-11-03T15:24:17.792+0800][gc,heap      ] GC(15) Old regions: 5->5
[2020-11-03T15:24:17.792+0800][gc,heap      ] GC(15) Archive regions: 2->2
[2020-11-03T15:24:17.792+0800][gc,heap      ] GC(15) Humongous regions: 1->1
[2020-11-03T15:24:17.792+0800][gc,metaspace ] GC(15) Metaspace: 7796K->7796K(1056768K)
[2020-11-03T15:24:17.793+0800][gc           ] GC(15) Pause Young (Normal) (G1 Evacuation Pause) 31M->7M(512M) 215.016ms
[2020-11-03T15:24:17.793+0800][gc,cpu       ] GC(15) User=0.10s Sys=0.18s Real=0.22s
[2020-11-03T16:01:01.654+0800][gc,start     ] GC(16) Pause Young (Normal) (G1 Evacuation Pause)
[2020-11-03T16:01:01.658+0800][gc,task      ] GC(16) Using 8 workers of 8 for evacuation
[2020-11-03T16:01:01.802+0800][gc,mmu       ] GC(16) MMU target violated: 21.0ms (20.0ms/21.0ms)
[2020-11-03T16:01:01.802+0800][gc,phases    ] GC(16)   Pre Evacuate Collection Set: 2.0ms
[2020-11-03T16:01:01.802+0800][gc,phases    ] GC(16)   Evacuate Collection Set: 114.9ms
[2020-11-03T16:01:01.802+0800][gc,phases    ] GC(16)   Post Evacuate Collection Set: 6.4ms
[2020-11-03T16:01:01.802+0800][gc,phases    ] GC(16)   Other: 28.3ms
[2020-11-03T16:01:01.802+0800][gc,heap      ] GC(16) Eden regions: 24->0(24)
[2020-11-03T16:01:01.802+0800][gc,heap      ] GC(16) Survivor regions: 1->1(4)
[2020-11-03T16:01:01.802+0800][gc,heap      ] GC(16) Old regions: 5->5
[2020-11-03T16:01:01.802+0800][gc,heap      ] GC(16) Archive regions: 2->2
[2020-11-03T16:01:01.802+0800][gc,heap      ] GC(16) Humongous regions: 1->1
[2020-11-03T16:01:01.802+0800][gc,metaspace ] GC(16) Metaspace: 7815K->7815K(1056768K)
[2020-11-03T16:01:01.803+0800][gc           ] GC(16) Pause Young (Normal) (G1 Evacuation Pause) 31M->7M(512M) 149.974ms
[2020-11-03T16:01:01.803+0800][gc,cpu       ] GC(16) User=0.08s Sys=0.14s Real=0.15s
[2020-11-03T16:34:26.976+0800][gc,start     ] GC(17) Pause Young (Normal) (G1 Evacuation Pause)
[2020-11-03T16:34:26.981+0800][gc,task      ] GC(17) Using 8 workers of 8 for evacuation
[2020-11-03T16:34:27.130+0800][gc,mmu       ] GC(17) MMU target violated: 21.0ms (20.0ms/21.0ms)
[2020-11-03T16:34:27.130+0800][gc,phases    ] GC(17)   Pre Evacuate Collection Set: 1.6ms
[2020-11-03T16:34:27.130+0800][gc,phases    ] GC(17)   Evacuate Collection Set: 121.3ms
[2020-11-03T16:34:27.130+0800][gc,phases    ] GC(17)   Post Evacuate Collection Set: 8.3ms
[2020-11-03T16:34:27.130+0800][gc,phases    ] GC(17)   Other: 25.8ms
[2020-11-03T16:34:27.130+0800][gc,heap      ] GC(17) Eden regions: 24->0(24)
[2020-11-03T16:34:27.130+0800][gc,heap      ] GC(17) Survivor regions: 1->1(4)
[2020-11-03T16:34:27.130+0800][gc,heap      ] GC(17) Old regions: 5->5
[2020-11-03T16:34:27.130+0800][gc,heap      ] GC(17) Archive regions: 2->2
[2020-11-03T16:34:27.130+0800][gc,heap      ] GC(17) Humongous regions: 1->1
[2020-11-03T16:34:27.130+0800][gc,metaspace ] GC(17) Metaspace: 7825K->7825K(1056768K)
[2020-11-03T16:34:27.130+0800][gc           ] GC(17) Pause Young (Normal) (G1 Evacuation Pause) 31M->7M(512M) 154.738ms
[2020-11-03T16:34:27.130+0800][gc,cpu       ] GC(17) User=0.06s Sys=0.19s Real=0.16s
[2020-11-03T17:07:46.846+0800][gc,start     ] GC(18) Pause Young (Normal) (G1 Evacuation Pause)
[2020-11-03T17:07:46.852+0800][gc,task      ] GC(18) Using 8 workers of 8 for evacuation
[2020-11-03T17:07:46.970+0800][gc,mmu       ] GC(18) MMU target violated: 21.0ms (20.0ms/21.0ms)
[2020-11-03T17:07:46.970+0800][gc,phases    ] GC(18)   Pre Evacuate Collection Set: 0.1ms
[2020-11-03T17:07:46.970+0800][gc,phases    ] GC(18)   Evacuate Collection Set: 80.0ms
[2020-11-03T17:07:46.970+0800][gc,phases    ] GC(18)   Post Evacuate Collection Set: 9.4ms
[2020-11-03T17:07:46.970+0800][gc,phases    ] GC(18)   Other: 39.9ms
[2020-11-03T17:07:46.970+0800][gc,heap      ] GC(18) Eden regions: 24->0(24)
[2020-11-03T17:07:46.970+0800][gc,heap      ] GC(18) Survivor regions: 1->1(4)
[2020-11-03T17:07:46.970+0800][gc,heap      ] GC(18) Old regions: 5->6
[2020-11-03T17:07:46.970+0800][gc,heap      ] GC(18) Archive regions: 2->2
[2020-11-03T17:07:46.970+0800][gc,heap      ] GC(18) Humongous regions: 1->1
[2020-11-03T17:07:46.970+0800][gc,metaspace ] GC(18) Metaspace: 7828K->7828K(1056768K)
[2020-11-03T17:07:46.970+0800][gc           ] GC(18) Pause Young (Normal) (G1 Evacuation Pause) 31M->7M(512M) 123.797ms
[2020-11-03T17:07:46.970+0800][gc,cpu       ] GC(18) User=0.03s Sys=0.14s Real=0.13s
[2020-11-04T00:13:53.876+0800][gc,start     ] GC(19) Pause Young (Normal) (G1 Evacuation Pause)
[2020-11-04T00:13:53.891+0800][gc,task      ] GC(19) Using 8 workers of 8 for evacuation
[2020-11-04T00:13:54.071+0800][gc,mmu       ] GC(19) MMU target violated: 21.0ms (20.0ms/21.0ms)
[2020-11-04T00:13:54.071+0800][gc,phases    ] GC(19)   Pre Evacuate Collection Set: 0.1ms
[2020-11-04T00:13:54.072+0800][gc,phases    ] GC(19)   Evacuate Collection Set: 134.3ms
[2020-11-04T00:13:54.072+0800][gc,phases    ] GC(19)   Post Evacuate Collection Set: 6.3ms
[2020-11-04T00:13:54.072+0800][gc,phases    ] GC(19)   Other: 60.1ms
[2020-11-04T00:13:54.072+0800][gc,heap      ] GC(19) Eden regions: 24->0(24)
[2020-11-04T00:13:54.072+0800][gc,heap      ] GC(19) Survivor regions: 1->1(4)
[2020-11-04T00:13:54.072+0800][gc,heap      ] GC(19) Old regions: 6->6
[2020-11-04T00:13:54.072+0800][gc,heap      ] GC(19) Archive regions: 2->2
[2020-11-04T00:13:54.072+0800][gc,heap      ] GC(19) Humongous regions: 1->1
[2020-11-04T00:13:54.072+0800][gc,metaspace ] GC(19) Metaspace: 7837K->7837K(1056768K)
[2020-11-04T00:13:54.072+0800][gc           ] GC(19) Pause Young (Normal) (G1 Evacuation Pause) 31M->7M(512M) 196.552ms
[2020-11-04T00:13:54.072+0800][gc,cpu       ] GC(19) User=0.07s Sys=0.22s Real=0.20s
[2020-11-04T09:43:20.344+0800][gc,start     ] GC(20) Pause Young (Normal) (G1 Evacuation Pause)
[2020-11-04T09:43:20.352+0800][gc,task      ] GC(20) Using 8 workers of 8 for evacuation
[2020-11-04T09:43:20.445+0800][gc,mmu       ] GC(20) MMU target violated: 21.0ms (20.0ms/21.0ms)
[2020-11-04T09:43:20.445+0800][gc,phases    ] GC(20)   Pre Evacuate Collection Set: 0.1ms
[2020-11-04T09:43:20.445+0800][gc,phases    ] GC(20)   Evacuate Collection Set: 64.9ms
[2020-11-04T09:43:20.445+0800][gc,phases    ] GC(20)   Post Evacuate Collection Set: 4.1ms
[2020-11-04T09:43:20.445+0800][gc,phases    ] GC(20)   Other: 40.8ms
[2020-11-04T09:43:20.445+0800][gc,heap      ] GC(20) Eden regions: 24->0(24)
[2020-11-04T09:43:20.445+0800][gc,heap      ] GC(20) Survivor regions: 1->1(4)
[2020-11-04T09:43:20.445+0800][gc,heap      ] GC(20) Old regions: 6->6
[2020-11-04T09:43:20.445+0800][gc,heap      ] GC(20) Archive regions: 2->2
[2020-11-04T09:43:20.445+0800][gc,heap      ] GC(20) Humongous regions: 1->1
[2020-11-04T09:43:20.445+0800][gc,metaspace ] GC(20) Metaspace: 7838K->7838K(1056768K)
[2020-11-04T09:43:20.445+0800][gc           ] GC(20) Pause Young (Normal) (G1 Evacuation Pause) 31M->7M(512M) 101.499ms
[2020-11-04T09:43:20.445+0800][gc,cpu       ] GC(20) User=0.04s Sys=0.11s Real=0.10s
[2020-11-04T10:16:49.708+0800][gc,start     ] GC(21) Pause Young (Normal) (G1 Evacuation Pause)
[2020-11-04T10:16:49.714+0800][gc,task      ] GC(21) Using 8 workers of 8 for evacuation
[2020-11-04T10:16:49.784+0800][gc,mmu       ] GC(21) MMU target violated: 21.0ms (20.0ms/21.0ms)
[2020-11-04T10:16:49.784+0800][gc,phases    ] GC(21)   Pre Evacuate Collection Set: 0.0ms
[2020-11-04T10:16:49.784+0800][gc,phases    ] GC(21)   Evacuate Collection Set: 49.8ms
[2020-11-04T10:16:49.784+0800][gc,phases    ] GC(21)   Post Evacuate Collection Set: 4.1ms
[2020-11-04T10:16:49.784+0800][gc,phases    ] GC(21)   Other: 25.7ms
[2020-11-04T10:16:49.784+0800][gc,heap      ] GC(21) Eden regions: 24->0(24)
[2020-11-04T10:16:49.784+0800][gc,heap      ] GC(21) Survivor regions: 1->1(4)
[2020-11-04T10:16:49.784+0800][gc,heap      ] GC(21) Old regions: 6->6
[2020-11-04T10:16:49.784+0800][gc,heap      ] GC(21) Archive regions: 2->2
[2020-11-04T10:16:49.784+0800][gc,heap      ] GC(21) Humongous regions: 1->1
[2020-11-04T10:16:49.784+0800][gc,metaspace ] GC(21) Metaspace: 7838K->7838K(1056768K)
[2020-11-04T10:16:49.785+0800][gc           ] GC(21) Pause Young (Normal) (G1 Evacuation Pause) 31M->7M(512M) 77.804ms
[2020-11-04T10:16:49.785+0800][gc,cpu       ] GC(21) User=0.01s Sys=0.08s Real=0.08s
[2020-11-04T13:42:30.635+0800][gc,start     ] GC(22) Pause Young (Normal) (G1 Evacuation Pause)
[2020-11-04T13:42:30.641+0800][gc,task      ] GC(22) Using 8 workers of 8 for evacuation
[2020-11-04T13:42:30.935+0800][gc,mmu       ] GC(22) MMU target violated: 21.0ms (20.0ms/21.0ms)
[2020-11-04T13:42:30.935+0800][gc,phases    ] GC(22)   Pre Evacuate Collection Set: 0.0ms
[2020-11-04T13:42:30.935+0800][gc,phases    ] GC(22)   Evacuate Collection Set: 272.7ms
[2020-11-04T13:42:30.935+0800][gc,phases    ] GC(22)   Post Evacuate Collection Set: 9.1ms
[2020-11-04T13:42:30.935+0800][gc,phases    ] GC(22)   Other: 21.0ms
[2020-11-04T13:42:30.936+0800][gc,heap      ] GC(22) Eden regions: 24->0(24)
[2020-11-04T13:42:30.936+0800][gc,heap      ] GC(22) Survivor regions: 1->1(4)
[2020-11-04T13:42:30.936+0800][gc,heap      ] GC(22) Old regions: 6->6
[2020-11-04T13:42:30.936+0800][gc,heap      ] GC(22) Archive regions: 2->2
[2020-11-04T13:42:30.936+0800][gc,heap      ] GC(22) Humongous regions: 1->1
[2020-11-04T13:42:30.936+0800][gc,metaspace ] GC(22) Metaspace: 7841K->7841K(1056768K)
[2020-11-04T13:42:30.936+0800][gc           ] GC(22) Pause Young (Normal) (G1 Evacuation Pause) 31M->7M(512M) 301.411ms
[2020-11-04T13:42:30.936+0800][gc,cpu       ] GC(22) User=0.09s Sys=0.23s Real=0.30s
[2020-11-04T14:14:12.751+0800][gc,start     ] GC(23) Pause Young (Normal) (G1 Evacuation Pause)
[2020-11-04T14:14:12.754+0800][gc,task      ] GC(23) Using 8 workers of 8 for evacuation
[2020-11-04T14:14:12.878+0800][gc,mmu       ] GC(23) MMU target violated: 21.0ms (20.0ms/21.0ms)
[2020-11-04T14:14:12.878+0800][gc,phases    ] GC(23)   Pre Evacuate Collection Set: 0.0ms
[2020-11-04T14:14:12.878+0800][gc,phases    ] GC(23)   Evacuate Collection Set: 89.1ms
[2020-11-04T14:14:12.878+0800][gc,phases    ] GC(23)   Post Evacuate Collection Set: 16.0ms
[2020-11-04T14:14:12.878+0800][gc,phases    ] GC(23)   Other: 25.8ms
[2020-11-04T14:14:12.878+0800][gc,heap      ] GC(23) Eden regions: 24->0(24)
[2020-11-04T14:14:12.878+0800][gc,heap      ] GC(23) Survivor regions: 1->1(4)
[2020-11-04T14:14:12.878+0800][gc,heap      ] GC(23) Old regions: 6->6
[2020-11-04T14:14:12.878+0800][gc,heap      ] GC(23) Archive regions: 2->2
[2020-11-04T14:14:12.878+0800][gc,heap      ] GC(23) Humongous regions: 1->1
[2020-11-04T14:14:12.878+0800][gc,metaspace ] GC(23) Metaspace: 7870K->7870K(1056768K)
[2020-11-04T14:14:12.879+0800][gc           ] GC(23) Pause Young (Normal) (G1 Evacuation Pause) 31M->7M(512M) 128.748ms
[2020-11-04T14:14:12.879+0800][gc,cpu       ] GC(23) User=0.04s Sys=0.13s Real=0.12s
[2020-11-04T17:40:52.699+0800][gc,start     ] GC(24) Pause Young (Normal) (G1 Evacuation Pause)
[2020-11-04T17:40:52.714+0800][gc,task      ] GC(24) Using 8 workers of 8 for evacuation
[2020-11-04T17:40:53.032+0800][gc,mmu       ] GC(24) MMU target violated: 21.0ms (20.0ms/21.0ms)
[2020-11-04T17:40:53.032+0800][gc,phases    ] GC(24)   Pre Evacuate Collection Set: 0.0ms
[2020-11-04T17:40:53.032+0800][gc,phases    ] GC(24)   Evacuate Collection Set: 270.3ms
[2020-11-04T17:40:53.032+0800][gc,phases    ] GC(24)   Post Evacuate Collection Set: 23.9ms
[2020-11-04T17:40:53.032+0800][gc,phases    ] GC(24)   Other: 40.2ms
[2020-11-04T17:40:53.032+0800][gc,heap      ] GC(24) Eden regions: 24->0(24)
[2020-11-04T17:40:53.032+0800][gc,heap      ] GC(24) Survivor regions: 1->1(4)
[2020-11-04T17:40:53.032+0800][gc,heap      ] GC(24) Old regions: 6->6
[2020-11-04T17:40:53.032+0800][gc,heap      ] GC(24) Archive regions: 2->2
[2020-11-04T17:40:53.032+0800][gc,heap      ] GC(24) Humongous regions: 1->1
[2020-11-04T17:40:53.032+0800][gc,metaspace ] GC(24) Metaspace: 7870K->7870K(1056768K)
[2020-11-04T17:40:53.032+0800][gc           ] GC(24) Pause Young (Normal) (G1 Evacuation Pause) 31M->7M(512M) 333.190ms
[2020-11-04T17:40:53.032+0800][gc,cpu       ] GC(24) User=0.10s Sys=0.22s Real=0.34s
[2020-11-04T18:12:57.148+0800][gc,start     ] GC(25) Pause Young (Normal) (G1 Evacuation Pause)
[2020-11-04T18:12:57.155+0800][gc,task      ] GC(25) Using 8 workers of 8 for evacuation
[2020-11-04T18:12:57.315+0800][gc,mmu       ] GC(25) MMU target violated: 21.0ms (20.0ms/21.0ms)
[2020-11-04T18:12:57.316+0800][gc,phases    ] GC(25)   Pre Evacuate Collection Set: 0.0ms
[2020-11-04T18:12:57.316+0800][gc,phases    ] GC(25)   Evacuate Collection Set: 117.2ms
[2020-11-04T18:12:57.316+0800][gc,phases    ] GC(25)   Post Evacuate Collection Set: 11.1ms
[2020-11-04T18:12:57.316+0800][gc,phases    ] GC(25)   Other: 44.5ms
[2020-11-04T18:12:57.316+0800][gc,heap      ] GC(25) Eden regions: 24->0(24)
[2020-11-04T18:12:57.316+0800][gc,heap      ] GC(25) Survivor regions: 1->1(4)
[2020-11-04T18:12:57.316+0800][gc,heap      ] GC(25) Old regions: 6->6
[2020-11-04T18:12:57.316+0800][gc,heap      ] GC(25) Archive regions: 2->2
[2020-11-04T18:12:57.316+0800][gc,heap      ] GC(25) Humongous regions: 1->1
[2020-11-04T18:12:57.316+0800][gc,metaspace ] GC(25) Metaspace: 7877K->7877K(1056768K)
[2020-11-04T18:12:57.317+0800][gc           ] GC(25) Pause Young (Normal) (G1 Evacuation Pause) 31M->7M(512M) 169.791ms
[2020-11-04T18:12:57.317+0800][gc,cpu       ] GC(25) User=0.07s Sys=0.15s Real=0.17s
[2020-11-04T18:46:45.529+0800][gc,start     ] GC(26) Pause Young (Normal) (G1 Evacuation Pause)
[2020-11-04T18:46:45.531+0800][gc,task      ] GC(26) Using 8 workers of 8 for evacuation
[2020-11-04T18:46:45.579+0800][gc,mmu       ] GC(26) MMU target violated: 21.0ms (20.0ms/21.0ms)
[2020-11-04T18:46:45.579+0800][gc,phases    ] GC(26)   Pre Evacuate Collection Set: 0.0ms
[2020-11-04T18:46:45.579+0800][gc,phases    ] GC(26)   Evacuate Collection Set: 30.5ms
[2020-11-04T18:46:45.579+0800][gc,phases    ] GC(26)   Post Evacuate Collection Set: 6.8ms
[2020-11-04T18:46:45.579+0800][gc,phases    ] GC(26)   Other: 14.2ms
[2020-11-04T18:46:45.579+0800][gc,heap      ] GC(26) Eden regions: 24->0(24)
[2020-11-04T18:46:45.579+0800][gc,heap      ] GC(26) Survivor regions: 1->1(4)
[2020-11-04T18:46:45.579+0800][gc,heap      ] GC(26) Old regions: 6->6
[2020-11-04T18:46:45.579+0800][gc,heap      ] GC(26) Archive regions: 2->2
[2020-11-04T18:46:45.579+0800][gc,heap      ] GC(26) Humongous regions: 1->1
[2020-11-04T18:46:45.579+0800][gc,metaspace ] GC(26) Metaspace: 7877K->7877K(1056768K)
[2020-11-04T18:46:45.579+0800][gc           ] GC(26) Pause Young (Normal) (G1 Evacuation Pause) 31M->7M(512M) 50.373ms
[2020-11-04T18:46:45.579+0800][gc,cpu       ] GC(26) User=0.01s Sys=0.07s Real=0.05s
[2020-11-04T19:23:44.311+0800][gc,start     ] GC(27) Pause Young (Normal) (G1 Evacuation Pause)
[2020-11-04T19:23:44.315+0800][gc,task      ] GC(27) Using 8 workers of 8 for evacuation
[2020-11-04T19:23:44.426+0800][gc,mmu       ] GC(27) MMU target violated: 21.0ms (20.0ms/21.0ms)
[2020-11-04T19:23:44.426+0800][gc,phases    ] GC(27)   Pre Evacuate Collection Set: 0.0ms
[2020-11-04T19:23:44.426+0800][gc,phases    ] GC(27)   Evacuate Collection Set: 88.5ms
[2020-11-04T19:23:44.426+0800][gc,phases    ] GC(27)   Post Evacuate Collection Set: 9.7ms
[2020-11-04T19:23:44.426+0800][gc,phases    ] GC(27)   Other: 18.8ms
[2020-11-04T19:23:44.426+0800][gc,heap      ] GC(27) Eden regions: 24->0(24)
[2020-11-04T19:23:44.426+0800][gc,heap      ] GC(27) Survivor regions: 1->1(4)
[2020-11-04T19:23:44.426+0800][gc,heap      ] GC(27) Old regions: 6->6
[2020-11-04T19:23:44.426+0800][gc,heap      ] GC(27) Archive regions: 2->2
[2020-11-04T19:23:44.427+0800][gc,heap      ] GC(27) Humongous regions: 1->1
[2020-11-04T19:23:44.427+0800][gc,metaspace ] GC(27) Metaspace: 7877K->7877K(1056768K)
[2020-11-04T19:23:44.427+0800][gc           ] GC(27) Pause Young (Normal) (G1 Evacuation Pause) 31M->7M(512M) 116.324ms
[2020-11-04T19:23:44.427+0800][gc,cpu       ] GC(27) User=0.04s Sys=0.15s Real=0.11s
[2020-11-04T19:55:40.454+0800][gc,start     ] GC(28) Pause Young (Normal) (G1 Evacuation Pause)
[2020-11-04T19:55:40.462+0800][gc,task      ] GC(28) Using 8 workers of 8 for evacuation
[2020-11-04T19:55:40.510+0800][gc,mmu       ] GC(28) MMU target violated: 21.0ms (20.0ms/21.0ms)
[2020-11-04T19:55:40.510+0800][gc,phases    ] GC(28)   Pre Evacuate Collection Set: 0.1ms
[2020-11-04T19:55:40.510+0800][gc,phases    ] GC(28)   Evacuate Collection Set: 32.2ms
[2020-11-04T19:55:40.510+0800][gc,phases    ] GC(28)   Post Evacuate Collection Set: 5.3ms
[2020-11-04T19:55:40.510+0800][gc,phases    ] GC(28)   Other: 23.6ms
[2020-11-04T19:55:40.510+0800][gc,heap      ] GC(28) Eden regions: 24->0(24)
[2020-11-04T19:55:40.510+0800][gc,heap      ] GC(28) Survivor regions: 1->1(4)
[2020-11-04T19:55:40.510+0800][gc,heap      ] GC(28) Old regions: 6->6
[2020-11-04T19:55:40.510+0800][gc,heap      ] GC(28) Archive regions: 2->2
[2020-11-04T19:55:40.510+0800][gc,heap      ] GC(28) Humongous regions: 1->1
[2020-11-04T19:55:40.510+0800][gc,metaspace ] GC(28) Metaspace: 7877K->7877K(1056768K)
[2020-11-04T19:55:40.511+0800][gc           ] GC(28) Pause Young (Normal) (G1 Evacuation Pause) 31M->7M(512M) 58.112ms
[2020-11-04T19:55:40.511+0800][gc,cpu       ] GC(28) User=0.01s Sys=0.09s Real=0.06s
[2020-11-04T21:14:51.425+0800][gc,start     ] GC(29) Pause Young (Normal) (G1 Evacuation Pause)
[2020-11-04T21:14:51.427+0800][gc,task      ] GC(29) Using 8 workers of 8 for evacuation
[2020-11-04T21:14:51.571+0800][gc,mmu       ] GC(29) MMU target violated: 21.0ms (20.0ms/21.0ms)
[2020-11-04T21:14:51.572+0800][gc,phases    ] GC(29)   Pre Evacuate Collection Set: 0.1ms
[2020-11-04T21:14:51.572+0800][gc,phases    ] GC(29)   Evacuate Collection Set: 99.2ms
[2020-11-04T21:14:51.572+0800][gc,phases    ] GC(29)   Post Evacuate Collection Set: 27.8ms
[2020-11-04T21:14:51.572+0800][gc,phases    ] GC(29)   Other: 22.1ms
[2020-11-04T21:14:51.572+0800][gc,heap      ] GC(29) Eden regions: 24->0(24)
[2020-11-04T21:14:51.572+0800][gc,heap      ] GC(29) Survivor regions: 1->1(4)
[2020-11-04T21:14:51.572+0800][gc,heap      ] GC(29) Old regions: 6->6
[2020-11-04T21:14:51.572+0800][gc,heap      ] GC(29) Archive regions: 2->2
[2020-11-04T21:14:51.572+0800][gc,heap      ] GC(29) Humongous regions: 1->1
[2020-11-04T21:14:51.572+0800][gc,metaspace ] GC(29) Metaspace: 7883K->7883K(1056768K)
[2020-11-04T21:14:51.572+0800][gc           ] GC(29) Pause Young (Normal) (G1 Evacuation Pause) 31M->7M(512M) 147.474ms
[2020-11-04T21:14:51.572+0800][gc,cpu       ] GC(29) User=0.03s Sys=0.13s Real=0.15s
[2020-11-04T21:48:53.122+0800][gc,start     ] GC(30) Pause Young (Normal) (G1 Evacuation Pause)
[2020-11-04T21:48:53.124+0800][gc,task      ] GC(30) Using 8 workers of 8 for evacuation
[2020-11-04T21:48:53.159+0800][gc,mmu       ] GC(30) MMU target violated: 21.0ms (20.0ms/21.0ms)
[2020-11-04T21:48:53.159+0800][gc,phases    ] GC(30)   Pre Evacuate Collection Set: 0.0ms
[2020-11-04T21:48:53.159+0800][gc,phases    ] GC(30)   Evacuate Collection Set: 21.6ms
[2020-11-04T21:48:53.159+0800][gc,phases    ] GC(30)   Post Evacuate Collection Set: 4.3ms
[2020-11-04T21:48:53.159+0800][gc,phases    ] GC(30)   Other: 12.4ms
[2020-11-04T21:48:53.159+0800][gc,heap      ] GC(30) Eden regions: 24->0(24)
[2020-11-04T21:48:53.159+0800][gc,heap      ] GC(30) Survivor regions: 1->1(4)
[2020-11-04T21:48:53.159+0800][gc,heap      ] GC(30) Old regions: 6->6
[2020-11-04T21:48:53.159+0800][gc,heap      ] GC(30) Archive regions: 2->2
[2020-11-04T21:48:53.159+0800][gc,heap      ] GC(30) Humongous regions: 1->1
[2020-11-04T21:48:53.159+0800][gc,metaspace ] GC(30) Metaspace: 7883K->7883K(1056768K)
[2020-11-04T21:48:53.159+0800][gc           ] GC(30) Pause Young (Normal) (G1 Evacuation Pause) 31M->7M(512M) 36.959ms
[2020-11-04T21:48:53.159+0800][gc,cpu       ] GC(30) User=0.01s Sys=0.05s Real=0.03s
[2020-11-04T22:43:03.068+0800][gc,start     ] GC(31) Pause Young (Normal) (G1 Evacuation Pause)
[2020-11-04T22:43:03.084+0800][gc,task      ] GC(31) Using 8 workers of 8 for evacuation
[2020-11-04T22:43:03.470+0800][gc,mmu       ] GC(31) MMU target violated: 21.0ms (20.0ms/21.0ms)
[2020-11-04T22:43:03.478+0800][gc,phases    ] GC(31)   Pre Evacuate Collection Set: 0.0ms
[2020-11-04T22:43:03.478+0800][gc,phases    ] GC(31)   Evacuate Collection Set: 337.5ms
[2020-11-04T22:43:03.478+0800][gc,phases    ] GC(31)   Post Evacuate Collection Set: 29.4ms
[2020-11-04T22:43:03.480+0800][gc,phases    ] GC(31)   Other: 68.6ms
[2020-11-04T22:43:03.482+0800][gc,heap      ] GC(31) Eden regions: 24->0(24)
[2020-11-04T22:43:03.482+0800][gc,heap      ] GC(31) Survivor regions: 1->1(4)
[2020-11-04T22:43:03.482+0800][gc,heap      ] GC(31) Old regions: 6->6
[2020-11-04T22:43:03.482+0800][gc,heap      ] GC(31) Archive regions: 2->2
[2020-11-04T22:43:03.482+0800][gc,heap      ] GC(31) Humongous regions: 1->1
[2020-11-04T22:43:03.483+0800][gc,metaspace ] GC(31) Metaspace: 7883K->7883K(1056768K)
[2020-11-04T22:43:03.490+0800][gc           ] GC(31) Pause Young (Normal) (G1 Evacuation Pause) 31M->7M(512M) 428.905ms
[2020-11-04T22:43:03.492+0800][gc,cpu       ] GC(31) User=0.07s Sys=0.12s Real=0.43s
[2020-11-04T23:15:20.508+0800][gc,start     ] GC(32) Pause Young (Normal) (G1 Evacuation Pause)
[2020-11-04T23:15:20.549+0800][gc,task      ] GC(32) Using 8 workers of 8 for evacuation
[2020-11-04T23:15:21.743+0800][gc,mmu       ] GC(32) MMU target violated: 21.0ms (20.0ms/21.0ms)
[2020-11-04T23:15:21.743+0800][gc,phases    ] GC(32)   Pre Evacuate Collection Set: 8.0ms
[2020-11-04T23:15:21.743+0800][gc,phases    ] GC(32)   Evacuate Collection Set: 825.3ms
[2020-11-04T23:15:21.743+0800][gc,phases    ] GC(32)   Post Evacuate Collection Set: 112.2ms
[2020-11-04T23:15:21.744+0800][gc,phases    ] GC(32)   Other: 317.7ms
[2020-11-04T23:15:21.744+0800][gc,heap      ] GC(32) Eden regions: 24->0(24)
[2020-11-04T23:15:21.744+0800][gc,heap      ] GC(32) Survivor regions: 1->1(4)
[2020-11-04T23:15:21.744+0800][gc,heap      ] GC(32) Old regions: 6->6
[2020-11-04T23:15:21.744+0800][gc,heap      ] GC(32) Archive regions: 2->2
[2020-11-04T23:15:21.744+0800][gc,heap      ] GC(32) Humongous regions: 1->1
[2020-11-04T23:15:21.744+0800][gc,metaspace ] GC(32) Metaspace: 7885K->7885K(1056768K)
[2020-11-04T23:15:21.744+0800][gc           ] GC(32) Pause Young (Normal) (G1 Evacuation Pause) 31M->7M(512M) 1243.048ms
[2020-11-04T23:15:21.744+0800][gc,cpu       ] GC(32) User=0.43s Sys=0.20s Real=1.24s
[2020-11-05T03:57:38.833+0800][gc,start     ] GC(33) Pause Young (Normal) (G1 Evacuation Pause)
[2020-11-05T03:57:38.839+0800][gc,task      ] GC(33) Using 8 workers of 8 for evacuation
[2020-11-05T03:57:39.009+0800][gc,mmu       ] GC(33) MMU target violated: 21.0ms (20.0ms/21.0ms)
[2020-11-05T03:57:39.009+0800][gc,phases    ] GC(33)   Pre Evacuate Collection Set: 0.0ms
[2020-11-05T03:57:39.009+0800][gc,phases    ] GC(33)   Evacuate Collection Set: 137.3ms
[2020-11-05T03:57:39.009+0800][gc,phases    ] GC(33)   Post Evacuate Collection Set: 6.7ms
[2020-11-05T03:57:39.009+0800][gc,phases    ] GC(33)   Other: 32.9ms
[2020-11-05T03:57:39.009+0800][gc,heap      ] GC(33) Eden regions: 24->0(24)
[2020-11-05T03:57:39.009+0800][gc,heap      ] GC(33) Survivor regions: 1->1(4)
[2020-11-05T03:57:39.009+0800][gc,heap      ] GC(33) Old regions: 6->6
[2020-11-05T03:57:39.009+0800][gc,heap      ] GC(33) Archive regions: 2->2
[2020-11-05T03:57:39.009+0800][gc,heap      ] GC(33) Humongous regions: 1->1
[2020-11-05T03:57:39.009+0800][gc,metaspace ] GC(33) Metaspace: 7889K->7889K(1056768K)
[2020-11-05T03:57:39.009+0800][gc           ] GC(33) Pause Young (Normal) (G1 Evacuation Pause) 31M->7M(512M) 176.507ms
[2020-11-05T03:57:39.009+0800][gc,cpu       ] GC(33) User=0.10s Sys=0.16s Real=0.17s
[2020-11-05T13:19:40.258+0800][gc,start     ] GC(34) Pause Young (Normal) (G1 Evacuation Pause)
[2020-11-05T13:19:40.262+0800][gc,task      ] GC(34) Using 8 workers of 8 for evacuation
[2020-11-05T13:19:40.408+0800][gc,mmu       ] GC(34) MMU target violated: 21.0ms (20.0ms/21.0ms)
[2020-11-05T13:19:40.408+0800][gc,phases    ] GC(34)   Pre Evacuate Collection Set: 0.1ms
[2020-11-05T13:19:40.408+0800][gc,phases    ] GC(34)   Evacuate Collection Set: 107.6ms
[2020-11-05T13:19:40.408+0800][gc,phases    ] GC(34)   Post Evacuate Collection Set: 12.9ms
[2020-11-05T13:19:40.408+0800][gc,phases    ] GC(34)   Other: 31.9ms
[2020-11-05T13:19:40.408+0800][gc,heap      ] GC(34) Eden regions: 24->0(24)
[2020-11-05T13:19:40.408+0800][gc,heap      ] GC(34) Survivor regions: 1->1(4)
[2020-11-05T13:19:40.408+0800][gc,heap      ] GC(34) Old regions: 6->6
[2020-11-05T13:19:40.408+0800][gc,heap      ] GC(34) Archive regions: 2->2
[2020-11-05T13:19:40.408+0800][gc,heap      ] GC(34) Humongous regions: 1->1
[2020-11-05T13:19:40.408+0800][gc,metaspace ] GC(34) Metaspace: 7896K->7896K(1056768K)
[2020-11-05T13:19:40.408+0800][gc           ] GC(34) Pause Young (Normal) (G1 Evacuation Pause) 31M->7M(512M) 150.837ms
[2020-11-05T13:19:40.408+0800][gc,cpu       ] GC(34) User=0.05s Sys=0.15s Real=0.15s
[2020-11-05T13:53:55.450+0800][gc,start     ] GC(35) Pause Young (Normal) (G1 Evacuation Pause)
[2020-11-05T13:53:55.455+0800][gc,task      ] GC(35) Using 8 workers of 8 for evacuation
[2020-11-05T13:53:55.487+0800][gc,mmu       ] GC(35) MMU target violated: 21.0ms (20.0ms/21.0ms)
[2020-11-05T13:53:55.488+0800][gc,phases    ] GC(35)   Pre Evacuate Collection Set: 0.1ms
[2020-11-05T13:53:55.488+0800][gc,phases    ] GC(35)   Evacuate Collection Set: 17.9ms
[2020-11-05T13:53:55.488+0800][gc,phases    ] GC(35)   Post Evacuate Collection Set: 3.9ms
[2020-11-05T13:53:55.488+0800][gc,phases    ] GC(35)   Other: 17.9ms
[2020-11-05T13:53:55.488+0800][gc,heap      ] GC(35) Eden regions: 24->0(24)
[2020-11-05T13:53:55.488+0800][gc,heap      ] GC(35) Survivor regions: 1->1(4)
[2020-11-05T13:53:55.488+0800][gc,heap      ] GC(35) Old regions: 6->6
[2020-11-05T13:53:55.488+0800][gc,heap      ] GC(35) Archive regions: 2->2
[2020-11-05T13:53:55.488+0800][gc,heap      ] GC(35) Humongous regions: 1->1
[2020-11-05T13:53:55.488+0800][gc,metaspace ] GC(35) Metaspace: 7896K->7896K(1056768K)
[2020-11-05T13:53:55.488+0800][gc           ] GC(35) Pause Young (Normal) (G1 Evacuation Pause) 31M->7M(512M) 38.505ms
[2020-11-05T13:53:55.488+0800][gc,cpu       ] GC(35) User=0.00s Sys=0.06s Real=0.03s
[2020-11-05T14:27:53.319+0800][gc,start     ] GC(36) Pause Young (Normal) (G1 Evacuation Pause)
[2020-11-05T14:27:53.321+0800][gc,task      ] GC(36) Using 8 workers of 8 for evacuation
[2020-11-05T14:27:53.355+0800][gc,mmu       ] GC(36) MMU target violated: 21.0ms (20.0ms/21.0ms)
[2020-11-05T14:27:53.355+0800][gc,phases    ] GC(36)   Pre Evacuate Collection Set: 0.0ms
[2020-11-05T14:27:53.355+0800][gc,phases    ] GC(36)   Evacuate Collection Set: 27.6ms
[2020-11-05T14:27:53.355+0800][gc,phases    ] GC(36)   Post Evacuate Collection Set: 1.5ms
[2020-11-05T14:27:53.355+0800][gc,phases    ] GC(36)   Other: 9.1ms
[2020-11-05T14:27:53.355+0800][gc,heap      ] GC(36) Eden regions: 24->0(24)
[2020-11-05T14:27:53.355+0800][gc,heap      ] GC(36) Survivor regions: 1->1(4)
[2020-11-05T14:27:53.355+0800][gc,heap      ] GC(36) Old regions: 6->6
[2020-11-05T14:27:53.356+0800][gc,heap      ] GC(36) Archive regions: 2->2
[2020-11-05T14:27:53.356+0800][gc,heap      ] GC(36) Humongous regions: 1->1
[2020-11-05T14:27:53.356+0800][gc,metaspace ] GC(36) Metaspace: 7896K->7896K(1056768K)
[2020-11-05T14:27:53.356+0800][gc           ] GC(36) Pause Young (Normal) (G1 Evacuation Pause) 31M->7M(512M) 36.602ms
[2020-11-05T14:27:53.356+0800][gc,cpu       ] GC(36) User=0.02s Sys=0.05s Real=0.04s
[2020-11-05T15:13:39.631+0800][gc,start     ] GC(37) Pause Young (Normal) (G1 Evacuation Pause)
[2020-11-05T15:13:39.633+0800][gc,task      ] GC(37) Using 8 workers of 8 for evacuation
[2020-11-05T15:13:39.683+0800][gc,mmu       ] GC(37) MMU target violated: 21.0ms (20.0ms/21.0ms)
[2020-11-05T15:13:39.683+0800][gc,phases    ] GC(37)   Pre Evacuate Collection Set: 0.0ms
[2020-11-05T15:13:39.683+0800][gc,phases    ] GC(37)   Evacuate Collection Set: 35.7ms
[2020-11-05T15:13:39.683+0800][gc,phases    ] GC(37)   Post Evacuate Collection Set: 6.4ms
[2020-11-05T15:13:39.683+0800][gc,phases    ] GC(37)   Other: 12.3ms
[2020-11-05T15:13:39.683+0800][gc,heap      ] GC(37) Eden regions: 24->0(24)
[2020-11-05T15:13:39.683+0800][gc,heap      ] GC(37) Survivor regions: 1->1(4)
[2020-11-05T15:13:39.683+0800][gc,heap      ] GC(37) Old regions: 6->6
[2020-11-05T15:13:39.683+0800][gc,heap      ] GC(37) Archive regions: 2->2
[2020-11-05T15:13:39.683+0800][gc,heap      ] GC(37) Humongous regions: 1->1
[2020-11-05T15:13:39.683+0800][gc,metaspace ] GC(37) Metaspace: 7896K->7896K(1056768K)
[2020-11-05T15:13:39.683+0800][gc           ] GC(37) Pause Young (Normal) (G1 Evacuation Pause) 31M->7M(512M) 53.616ms
[2020-11-05T15:13:39.683+0800][gc,cpu       ] GC(37) User=0.01s Sys=0.05s Real=0.05s
[2020-11-05T15:48:08.696+0800][gc,start     ] GC(38) Pause Young (Normal) (G1 Evacuation Pause)
[2020-11-05T15:48:08.697+0800][gc,task      ] GC(38) Using 8 workers of 8 for evacuation
[2020-11-05T15:48:08.725+0800][gc,mmu       ] GC(38) MMU target violated: 21.0ms (20.0ms/21.0ms)
[2020-11-05T15:48:08.725+0800][gc,phases    ] GC(38)   Pre Evacuate Collection Set: 0.0ms
[2020-11-05T15:48:08.725+0800][gc,phases    ] GC(38)   Evacuate Collection Set: 20.8ms
[2020-11-05T15:48:08.726+0800][gc,phases    ] GC(38)   Post Evacuate Collection Set: 0.5ms
[2020-11-05T15:48:08.726+0800][gc,phases    ] GC(38)   Other: 7.9ms
[2020-11-05T15:48:08.726+0800][gc,heap      ] GC(38) Eden regions: 24->0(24)
[2020-11-05T15:48:08.726+0800][gc,heap      ] GC(38) Survivor regions: 1->1(4)
[2020-11-05T15:48:08.726+0800][gc,heap      ] GC(38) Old regions: 6->6
[2020-11-05T15:48:08.726+0800][gc,heap      ] GC(38) Archive regions: 2->2
[2020-11-05T15:48:08.726+0800][gc,heap      ] GC(38) Humongous regions: 1->1
[2020-11-05T15:48:08.726+0800][gc,metaspace ] GC(38) Metaspace: 7896K->7896K(1056768K)
[2020-11-05T15:48:08.726+0800][gc           ] GC(38) Pause Young (Normal) (G1 Evacuation Pause) 31M->7M(512M) 29.196ms
[2020-11-05T15:48:08.726+0800][gc,cpu       ] GC(38) User=0.01s Sys=0.04s Real=0.03s
[2020-11-05T16:21:46.508+0800][gc,start     ] GC(39) Pause Young (Normal) (G1 Evacuation Pause)
[2020-11-05T16:21:46.510+0800][gc,task      ] GC(39) Using 8 workers of 8 for evacuation
[2020-11-05T16:21:46.530+0800][gc,phases    ] GC(39)   Pre Evacuate Collection Set: 0.0ms
[2020-11-05T16:21:46.530+0800][gc,phases    ] GC(39)   Evacuate Collection Set: 10.2ms
[2020-11-05T16:21:46.530+0800][gc,phases    ] GC(39)   Post Evacuate Collection Set: 2.4ms
[2020-11-05T16:21:46.530+0800][gc,phases    ] GC(39)   Other: 9.6ms
[2020-11-05T16:21:46.530+0800][gc,heap      ] GC(39) Eden regions: 24->0(24)
[2020-11-05T16:21:46.530+0800][gc,heap      ] GC(39) Survivor regions: 1->1(4)
[2020-11-05T16:21:46.530+0800][gc,heap      ] GC(39) Old regions: 6->6
[2020-11-05T16:21:46.530+0800][gc,heap      ] GC(39) Archive regions: 2->2
[2020-11-05T16:21:46.530+0800][gc,heap      ] GC(39) Humongous regions: 1->1
[2020-11-05T16:21:46.530+0800][gc,metaspace ] GC(39) Metaspace: 7896K->7896K(1056768K)
[2020-11-05T16:21:46.530+0800][gc           ] GC(39) Pause Young (Normal) (G1 Evacuation Pause) 31M->7M(512M) 22.305ms
[2020-11-05T16:21:46.530+0800][gc,cpu       ] GC(39) User=0.01s Sys=0.04s Real=0.03s
[2020-11-05T16:56:15.639+0800][gc,start     ] GC(40) Pause Young (Normal) (G1 Evacuation Pause)
[2020-11-05T16:56:15.642+0800][gc,task      ] GC(40) Using 8 workers of 8 for evacuation
[2020-11-05T16:56:15.673+0800][gc,mmu       ] GC(40) MMU target violated: 21.0ms (20.0ms/21.0ms)
[2020-11-05T16:56:15.673+0800][gc,phases    ] GC(40)   Pre Evacuate Collection Set: 0.1ms
[2020-11-05T16:56:15.673+0800][gc,phases    ] GC(40)   Evacuate Collection Set: 16.4ms
[2020-11-05T16:56:15.673+0800][gc,phases    ] GC(40)   Post Evacuate Collection Set: 2.0ms
[2020-11-05T16:56:15.673+0800][gc,phases    ] GC(40)   Other: 17.5ms
[2020-11-05T16:56:15.674+0800][gc,heap      ] GC(40) Eden regions: 24->0(24)
[2020-11-05T16:56:15.674+0800][gc,heap      ] GC(40) Survivor regions: 1->1(4)
[2020-11-05T16:56:15.674+0800][gc,heap      ] GC(40) Old regions: 6->6
[2020-11-05T16:56:15.674+0800][gc,heap      ] GC(40) Archive regions: 2->2
[2020-11-05T16:56:15.674+0800][gc,heap      ] GC(40) Humongous regions: 1->1
[2020-11-05T16:56:15.674+0800][gc,metaspace ] GC(40) Metaspace: 7896K->7896K(1056768K)
[2020-11-05T16:56:15.674+0800][gc           ] GC(40) Pause Young (Normal) (G1 Evacuation Pause) 31M->7M(512M) 34.180ms
[2020-11-05T16:56:15.674+0800][gc,cpu       ] GC(40) User=0.00s Sys=0.05s Real=0.04s
[2020-11-05T17:30:35.869+0800][gc,start     ] GC(41) Pause Young (Normal) (G1 Evacuation Pause)
[2020-11-05T17:30:35.871+0800][gc,task      ] GC(41) Using 8 workers of 8 for evacuation
[2020-11-05T17:30:35.895+0800][gc,mmu       ] GC(41) MMU target violated: 21.0ms (20.0ms/21.0ms)
[2020-11-05T17:30:35.895+0800][gc,phases    ] GC(41)   Pre Evacuate Collection Set: 0.1ms
[2020-11-05T17:30:35.895+0800][gc,phases    ] GC(41)   Evacuate Collection Set: 13.5ms
[2020-11-05T17:30:35.895+0800][gc,phases    ] GC(41)   Post Evacuate Collection Set: 2.2ms
[2020-11-05T17:30:35.895+0800][gc,phases    ] GC(41)   Other: 11.4ms
[2020-11-05T17:30:35.895+0800][gc,heap      ] GC(41) Eden regions: 24->0(24)
[2020-11-05T17:30:35.895+0800][gc,heap      ] GC(41) Survivor regions: 1->1(4)
[2020-11-05T17:30:35.896+0800][gc,heap      ] GC(41) Old regions: 6->6
[2020-11-05T17:30:35.896+0800][gc,heap      ] GC(41) Archive regions: 2->2
[2020-11-05T17:30:35.896+0800][gc,heap      ] GC(41) Humongous regions: 1->1
[2020-11-05T17:30:35.896+0800][gc,metaspace ] GC(41) Metaspace: 7946K->7946K(1056768K)
[2020-11-05T17:30:35.896+0800][gc           ] GC(41) Pause Young (Normal) (G1 Evacuation Pause) 31M->7M(512M) 27.581ms
[2020-11-05T17:30:35.896+0800][gc,cpu       ] GC(41) User=0.01s Sys=0.03s Real=0.03s
[2020-11-05T18:09:07.184+0800][gc,start     ] GC(42) Pause Young (Normal) (G1 Evacuation Pause)
[2020-11-05T18:09:07.187+0800][gc,task      ] GC(42) Using 8 workers of 8 for evacuation
[2020-11-05T18:09:07.227+0800][gc,mmu       ] GC(42) MMU target violated: 21.0ms (20.0ms/21.0ms)
[2020-11-05T18:09:07.228+0800][gc,phases    ] GC(42)   Pre Evacuate Collection Set: 0.0ms
[2020-11-05T18:09:07.228+0800][gc,phases    ] GC(42)   Evacuate Collection Set: 23.4ms
[2020-11-05T18:09:07.228+0800][gc,phases    ] GC(42)   Post Evacuate Collection Set: 3.3ms
[2020-11-05T18:09:07.228+0800][gc,phases    ] GC(42)   Other: 18.3ms
[2020-11-05T18:09:07.228+0800][gc,heap      ] GC(42) Eden regions: 24->0(24)
[2020-11-05T18:09:07.228+0800][gc,heap      ] GC(42) Survivor regions: 1->1(4)
[2020-11-05T18:09:07.228+0800][gc,heap      ] GC(42) Old regions: 6->6
[2020-11-05T18:09:07.228+0800][gc,heap      ] GC(42) Archive regions: 2->2
[2020-11-05T18:09:07.228+0800][gc,heap      ] GC(42) Humongous regions: 1->1
[2020-11-05T18:09:07.228+0800][gc,metaspace ] GC(42) Metaspace: 7946K->7946K(1056768K)
[2020-11-05T18:09:07.228+0800][gc           ] GC(42) Pause Young (Normal) (G1 Evacuation Pause) 31M->7M(512M) 43.921ms
[2020-11-05T18:09:07.228+0800][gc,cpu       ] GC(42) User=0.00s Sys=0.04s Real=0.04s
[2020-11-05T20:43:09.022+0800][gc,start     ] GC(43) Pause Young (Normal) (G1 Evacuation Pause)
[2020-11-05T20:43:09.027+0800][gc,task      ] GC(43) Using 8 workers of 8 for evacuation
[2020-11-05T20:43:09.104+0800][gc,mmu       ] GC(43) MMU target violated: 21.0ms (20.0ms/21.0ms)
[2020-11-05T20:43:09.105+0800][gc,phases    ] GC(43)   Pre Evacuate Collection Set: 0.0ms
[2020-11-05T20:43:09.105+0800][gc,phases    ] GC(43)   Evacuate Collection Set: 65.8ms
[2020-11-05T20:43:09.105+0800][gc,phases    ] GC(43)   Post Evacuate Collection Set: 4.0ms
[2020-11-05T20:43:09.105+0800][gc,phases    ] GC(43)   Other: 15.2ms
[2020-11-05T20:43:09.105+0800][gc,heap      ] GC(43) Eden regions: 24->0(24)
[2020-11-05T20:43:09.105+0800][gc,heap      ] GC(43) Survivor regions: 1->1(4)
[2020-11-05T20:43:09.105+0800][gc,heap      ] GC(43) Old regions: 6->6
[2020-11-05T20:43:09.105+0800][gc,heap      ] GC(43) Archive regions: 2->2
[2020-11-05T20:43:09.105+0800][gc,heap      ] GC(43) Humongous regions: 1->1
[2020-11-05T20:43:09.105+0800][gc,metaspace ] GC(43) Metaspace: 7946K->7946K(1056768K)
[2020-11-05T20:43:09.105+0800][gc           ] GC(43) Pause Young (Normal) (G1 Evacuation Pause) 31M->7M(512M) 83.684ms
[2020-11-05T20:43:09.105+0800][gc,cpu       ] GC(43) User=0.04s Sys=0.11s Real=0.08s
[2020-11-05T21:39:24.937+0800][gc,heap,exit ] Heap
[2020-11-05T21:39:24.938+0800][gc,heap,exit ]  garbage-first heap   total 524288K, used 22890K [0x00000007e0000000, 0x0000000800000000)
[2020-11-05T21:39:24.938+0800][gc,heap,exit ]   region size 1024K, 17 young (17408K), 1 survivors (1024K)
[2020-11-05T21:39:24.938+0800][gc,heap,exit ]  Metaspace       used 7950K, capacity 8169K, committed 8320K, reserved 1056768K
[2020-11-05T21:39:24.938+0800][gc,heap,exit ]   class space    used 810K, capacity 895K, committed 896K, reserved 1048576K
