[2020-10-29T00:08:07.167+0800][gc,heap] Heap region size: 1M
[2020-10-29T00:08:07.172+0800][gc     ] Using G1
[2020-10-29T00:08:07.172+0800][gc,heap,coops] Heap address: 0x00000007e0000000, size: 512 MB, Compressed Oops mode: Zero based, Oop shift amount: 3
[2020-10-29T00:08:07.172+0800][gc,cds       ] Mark closed archive regions in map: [0x00000007fff00000, 0x00000007fff76ff8]
[2020-10-29T00:08:07.172+0800][gc,cds       ] Mark open archive regions in map: [0x00000007ffe00000, 0x00000007ffe46ff8]
[2020-10-29T00:08:07.189+0800][gc           ] Periodic GC disabled
[2020-10-29T00:09:41.477+0800][gc,start     ] GC(0) Pause Young (Normal) (G1 Evacuation Pause)
[2020-10-29T00:09:41.479+0800][gc,task      ] GC(0) Using 8 workers of 8 for evacuation
[2020-10-29T00:09:41.501+0800][gc,mmu       ] GC(0) MMU target violated: 21.0ms (20.0ms/21.0ms)
[2020-10-29T00:09:41.501+0800][gc,phases    ] GC(0)   Pre Evacuate Collection Set: 0.6ms
[2020-10-29T00:09:41.501+0800][gc,phases    ] GC(0)   Evacuate Collection Set: 20.7ms
[2020-10-29T00:09:41.501+0800][gc,phases    ] GC(0)   Post Evacuate Collection Set: 0.5ms
[2020-10-29T00:09:41.501+0800][gc,phases    ] GC(0)   Other: 2.0ms
[2020-10-29T00:09:41.501+0800][gc,heap      ] GC(0) Eden regions: 25->0(21)
[2020-10-29T00:09:41.501+0800][gc,heap      ] GC(0) Survivor regions: 0->4(4)
[2020-10-29T00:09:41.501+0800][gc,heap      ] GC(0) Old regions: 0->2
[2020-10-29T00:09:41.501+0800][gc,heap      ] GC(0) Archive regions: 2->2
[2020-10-29T00:09:41.501+0800][gc,heap      ] GC(0) Humongous regions: 1->1
[2020-10-29T00:09:41.501+0800][gc,metaspace ] GC(0) Metaspace: 7147K->7147K(1056768K)
[2020-10-29T00:09:41.501+0800][gc           ] GC(0) Pause Young (Normal) (G1 Evacuation Pause) 26M->6M(512M) 23.889ms
[2020-10-29T00:09:41.501+0800][gc,cpu       ] GC(0) User=0.03s Sys=0.08s Real=0.03s
[2020-10-29T12:07:00.930+0800][gc,start     ] GC(1) Pause Young (Normal) (G1 Evacuation Pause)
[2020-10-29T12:07:00.937+0800][gc,task      ] GC(1) Using 8 workers of 8 for evacuation
[2020-10-29T12:07:01.122+0800][gc,mmu       ] GC(1) MMU target violated: 21.0ms (20.0ms/21.0ms)
[2020-10-29T12:07:01.122+0800][gc,phases    ] GC(1)   Pre Evacuate Collection Set: 0.1ms
[2020-10-29T12:07:01.122+0800][gc,phases    ] GC(1)   Evacuate Collection Set: 153.3ms
[2020-10-29T12:07:01.122+0800][gc,phases    ] GC(1)   Post Evacuate Collection Set: 9.6ms
[2020-10-29T12:07:01.122+0800][gc,phases    ] GC(1)   Other: 32.3ms
[2020-10-29T12:07:01.122+0800][gc,heap      ] GC(1) Eden regions: 21->0(24)
[2020-10-29T12:07:01.122+0800][gc,heap      ] GC(1) Survivor regions: 4->1(4)
[2020-10-29T12:07:01.122+0800][gc,heap      ] GC(1) Old regions: 2->6
[2020-10-29T12:07:01.123+0800][gc,heap      ] GC(1) Archive regions: 2->2
[2020-10-29T12:07:01.123+0800][gc,heap      ] GC(1) Humongous regions: 1->1
[2020-10-29T12:07:01.123+0800][gc,metaspace ] GC(1) Metaspace: 7503K->7503K(1056768K)
[2020-10-29T12:07:01.123+0800][gc           ] GC(1) Pause Young (Normal) (G1 Evacuation Pause) 27M->7M(512M) 193.976ms
[2020-10-29T12:07:01.123+0800][gc,cpu       ] GC(1) User=0.04s Sys=0.23s Real=0.20s
[2020-10-29T16:20:53.184+0800][gc,start     ] GC(2) Pause Young (Normal) (G1 Evacuation Pause)
[2020-10-29T16:20:53.189+0800][gc,task      ] GC(2) Using 8 workers of 8 for evacuation
[2020-10-29T16:20:53.446+0800][gc,mmu       ] GC(2) MMU target violated: 21.0ms (20.0ms/21.0ms)
[2020-10-29T16:20:53.447+0800][gc,phases    ] GC(2)   Pre Evacuate Collection Set: 0.0ms
[2020-10-29T16:20:53.447+0800][gc,phases    ] GC(2)   Evacuate Collection Set: 228.4ms
[2020-10-29T16:20:53.447+0800][gc,phases    ] GC(2)   Post Evacuate Collection Set: 8.3ms
[2020-10-29T16:20:53.449+0800][gc,phases    ] GC(2)   Other: 29.9ms
[2020-10-29T16:20:53.450+0800][gc,heap      ] GC(2) Eden regions: 24->0(24)
[2020-10-29T16:20:53.450+0800][gc,heap      ] GC(2) Survivor regions: 1->1(4)
[2020-10-29T16:20:53.450+0800][gc,heap      ] GC(2) Old regions: 6->6
[2020-10-29T16:20:53.450+0800][gc,heap      ] GC(2) Archive regions: 2->2
[2020-10-29T16:20:53.450+0800][gc,heap      ] GC(2) Humongous regions: 1->1
[2020-10-29T16:20:53.450+0800][gc,metaspace ] GC(2) Metaspace: 7631K->7631K(1056768K)
[2020-10-29T16:20:53.450+0800][gc           ] GC(2) Pause Young (Normal) (G1 Evacuation Pause) 31M->7M(512M) 267.591ms
[2020-10-29T16:20:53.450+0800][gc,cpu       ] GC(2) User=0.14s Sys=0.22s Real=0.27s
[2020-10-29T21:08:11.381+0800][gc,start     ] GC(3) Pause Young (Normal) (G1 Evacuation Pause)
[2020-10-29T21:08:11.387+0800][gc,task      ] GC(3) Using 8 workers of 8 for evacuation
[2020-10-29T21:08:11.569+0800][gc,mmu       ] GC(3) MMU target violated: 21.0ms (20.0ms/21.0ms)
[2020-10-29T21:08:11.569+0800][gc,phases    ] GC(3)   Pre Evacuate Collection Set: 0.0ms
[2020-10-29T21:08:11.569+0800][gc,phases    ] GC(3)   Evacuate Collection Set: 156.0ms
[2020-10-29T21:08:11.569+0800][gc,phases    ] GC(3)   Post Evacuate Collection Set: 12.1ms
[2020-10-29T21:08:11.569+0800][gc,phases    ] GC(3)   Other: 23.2ms
[2020-10-29T21:08:11.569+0800][gc,heap      ] GC(3) Eden regions: 24->0(24)
[2020-10-29T21:08:11.569+0800][gc,heap      ] GC(3) Survivor regions: 1->1(4)
[2020-10-29T21:08:11.569+0800][gc,heap      ] GC(3) Old regions: 6->6
[2020-10-29T21:08:11.569+0800][gc,heap      ] GC(3) Archive regions: 2->2
[2020-10-29T21:08:11.569+0800][gc,heap      ] GC(3) Humongous regions: 1->1
[2020-10-29T21:08:11.569+0800][gc,metaspace ] GC(3) Metaspace: 7675K->7675K(1056768K)
[2020-10-29T21:08:11.569+0800][gc           ] GC(3) Pause Young (Normal) (G1 Evacuation Pause) 31M->7M(512M) 188.818ms
[2020-10-29T21:08:11.569+0800][gc,cpu       ] GC(3) User=0.11s Sys=0.17s Real=0.18s
[2020-10-29T22:10:08.714+0800][gc,start     ] GC(4) Pause Young (Normal) (G1 Evacuation Pause)
[2020-10-29T22:10:08.720+0800][gc,task      ] GC(4) Using 8 workers of 8 for evacuation
[2020-10-29T22:10:08.812+0800][gc,mmu       ] GC(4) MMU target violated: 21.0ms (20.0ms/21.0ms)
[2020-10-29T22:10:08.812+0800][gc,phases    ] GC(4)   Pre Evacuate Collection Set: 0.1ms
[2020-10-29T22:10:08.812+0800][gc,phases    ] GC(4)   Evacuate Collection Set: 64.8ms
[2020-10-29T22:10:08.812+0800][gc,phases    ] GC(4)   Post Evacuate Collection Set: 5.6ms
[2020-10-29T22:10:08.812+0800][gc,phases    ] GC(4)   Other: 29.1ms
[2020-10-29T22:10:08.812+0800][gc,heap      ] GC(4) Eden regions: 24->0(24)
[2020-10-29T22:10:08.812+0800][gc,heap      ] GC(4) Survivor regions: 1->1(4)
[2020-10-29T22:10:08.812+0800][gc,heap      ] GC(4) Old regions: 6->6
[2020-10-29T22:10:08.812+0800][gc,heap      ] GC(4) Archive regions: 2->2
[2020-10-29T22:10:08.812+0800][gc,heap      ] GC(4) Humongous regions: 1->1
[2020-10-29T22:10:08.812+0800][gc,metaspace ] GC(4) Metaspace: 7713K->7713K(1056768K)
[2020-10-29T22:10:08.813+0800][gc           ] GC(4) Pause Young (Normal) (G1 Evacuation Pause) 31M->7M(512M) 99.310ms
[2020-10-29T22:10:08.813+0800][gc,cpu       ] GC(4) User=0.03s Sys=0.10s Real=0.10s
[2020-10-29T22:57:14.384+0800][gc,start     ] GC(5) Pause Young (Normal) (G1 Evacuation Pause)
[2020-10-29T22:57:14.387+0800][gc,task      ] GC(5) Using 8 workers of 8 for evacuation
[2020-10-29T22:57:14.431+0800][gc,mmu       ] GC(5) MMU target violated: 21.0ms (20.0ms/21.0ms)
[2020-10-29T22:57:14.431+0800][gc,phases    ] GC(5)   Pre Evacuate Collection Set: 1.1ms
[2020-10-29T22:57:14.431+0800][gc,phases    ] GC(5)   Evacuate Collection Set: 24.2ms
[2020-10-29T22:57:14.431+0800][gc,phases    ] GC(5)   Post Evacuate Collection Set: 3.5ms
[2020-10-29T22:57:14.431+0800][gc,phases    ] GC(5)   Other: 20.7ms
[2020-10-29T22:57:14.431+0800][gc,heap      ] GC(5) Eden regions: 24->0(24)
[2020-10-29T22:57:14.431+0800][gc,heap      ] GC(5) Survivor regions: 1->1(4)
[2020-10-29T22:57:14.431+0800][gc,heap      ] GC(5) Old regions: 6->6
[2020-10-29T22:57:14.431+0800][gc,heap      ] GC(5) Archive regions: 2->2
[2020-10-29T22:57:14.431+0800][gc,heap      ] GC(5) Humongous regions: 1->1
[2020-10-29T22:57:14.431+0800][gc,metaspace ] GC(5) Metaspace: 7713K->7713K(1056768K)
[2020-10-29T22:57:14.431+0800][gc           ] GC(5) Pause Young (Normal) (G1 Evacuation Pause) 31M->7M(512M) 47.488ms
[2020-10-29T22:57:14.431+0800][gc,cpu       ] GC(5) User=0.01s Sys=0.06s Real=0.05s
[2020-10-30T00:09:53.994+0800][gc,start     ] GC(6) Pause Young (Normal) (G1 Evacuation Pause)
[2020-10-30T00:09:53.998+0800][gc,task      ] GC(6) Using 8 workers of 8 for evacuation
[2020-10-30T00:09:54.147+0800][gc,mmu       ] GC(6) MMU target violated: 21.0ms (20.0ms/21.0ms)
[2020-10-30T00:09:54.147+0800][gc,phases    ] GC(6)   Pre Evacuate Collection Set: 0.6ms
[2020-10-30T00:09:54.147+0800][gc,phases    ] GC(6)   Evacuate Collection Set: 111.5ms
[2020-10-30T00:09:54.147+0800][gc,phases    ] GC(6)   Post Evacuate Collection Set: 19.0ms
[2020-10-30T00:09:54.147+0800][gc,phases    ] GC(6)   Other: 22.1ms
[2020-10-30T00:09:54.147+0800][gc,heap      ] GC(6) Eden regions: 24->0(24)
[2020-10-30T00:09:54.147+0800][gc,heap      ] GC(6) Survivor regions: 1->1(4)
[2020-10-30T00:09:54.147+0800][gc,heap      ] GC(6) Old regions: 6->6
[2020-10-30T00:09:54.147+0800][gc,heap      ] GC(6) Archive regions: 2->2
[2020-10-30T00:09:54.147+0800][gc,heap      ] GC(6) Humongous regions: 1->1
[2020-10-30T00:09:54.147+0800][gc,metaspace ] GC(6) Metaspace: 7731K->7731K(1056768K)
[2020-10-30T00:09:54.151+0800][gc           ] GC(6) Pause Young (Normal) (G1 Evacuation Pause) 31M->7M(512M) 156.849ms
[2020-10-30T00:09:54.151+0800][gc,cpu       ] GC(6) User=0.05s Sys=0.15s Real=0.16s
[2020-10-30T00:47:24.894+0800][gc,start     ] GC(7) Pause Young (Normal) (G1 Evacuation Pause)
[2020-10-30T00:47:24.896+0800][gc,task      ] GC(7) Using 8 workers of 8 for evacuation
[2020-10-30T00:47:24.968+0800][gc,mmu       ] GC(7) MMU target violated: 21.0ms (20.0ms/21.0ms)
[2020-10-30T00:47:24.968+0800][gc,phases    ] GC(7)   Pre Evacuate Collection Set: 0.8ms
[2020-10-30T00:47:24.968+0800][gc,phases    ] GC(7)   Evacuate Collection Set: 46.7ms
[2020-10-30T00:47:24.968+0800][gc,phases    ] GC(7)   Post Evacuate Collection Set: 9.7ms
[2020-10-30T00:47:24.968+0800][gc,phases    ] GC(7)   Other: 18.8ms
[2020-10-30T00:47:24.968+0800][gc,heap      ] GC(7) Eden regions: 24->0(24)
[2020-10-30T00:47:24.968+0800][gc,heap      ] GC(7) Survivor regions: 1->1(4)
[2020-10-30T00:47:24.968+0800][gc,heap      ] GC(7) Old regions: 6->6
[2020-10-30T00:47:24.968+0800][gc,heap      ] GC(7) Archive regions: 2->2
[2020-10-30T00:47:24.968+0800][gc,heap      ] GC(7) Humongous regions: 1->1
[2020-10-30T00:47:24.968+0800][gc,metaspace ] GC(7) Metaspace: 7740K->7740K(1056768K)
[2020-10-30T00:47:24.968+0800][gc           ] GC(7) Pause Young (Normal) (G1 Evacuation Pause) 31M->7M(512M) 74.374ms
[2020-10-30T00:47:24.968+0800][gc,cpu       ] GC(7) User=0.01s Sys=0.07s Real=0.07s
[2020-10-30T01:27:17.877+0800][gc,start     ] GC(8) Pause Young (Normal) (G1 Evacuation Pause)
[2020-10-30T01:27:17.879+0800][gc,task      ] GC(8) Using 8 workers of 8 for evacuation
[2020-10-30T01:27:17.968+0800][gc,mmu       ] GC(8) MMU target violated: 21.0ms (20.0ms/21.0ms)
[2020-10-30T01:27:17.968+0800][gc,phases    ] GC(8)   Pre Evacuate Collection Set: 1.3ms
[2020-10-30T01:27:17.968+0800][gc,phases    ] GC(8)   Evacuate Collection Set: 69.8ms
[2020-10-30T01:27:17.968+0800][gc,phases    ] GC(8)   Post Evacuate Collection Set: 3.5ms
[2020-10-30T01:27:17.968+0800][gc,phases    ] GC(8)   Other: 17.0ms
[2020-10-30T01:27:17.968+0800][gc,heap      ] GC(8) Eden regions: 24->0(24)
[2020-10-30T01:27:17.968+0800][gc,heap      ] GC(8) Survivor regions: 1->1(4)
[2020-10-30T01:27:17.968+0800][gc,heap      ] GC(8) Old regions: 6->6
[2020-10-30T01:27:17.968+0800][gc,heap      ] GC(8) Archive regions: 2->2
[2020-10-30T01:27:17.968+0800][gc,heap      ] GC(8) Humongous regions: 1->1
[2020-10-30T01:27:17.968+0800][gc,metaspace ] GC(8) Metaspace: 7743K->7743K(1056768K)
[2020-10-30T01:27:17.968+0800][gc           ] GC(8) Pause Young (Normal) (G1 Evacuation Pause) 31M->7M(512M) 91.708ms
[2020-10-30T01:27:17.968+0800][gc,cpu       ] GC(8) User=0.04s Sys=0.09s Real=0.09s
[2020-10-30T10:19:35.050+0800][gc,start     ] GC(9) Pause Young (Normal) (G1 Evacuation Pause)
[2020-10-30T10:19:35.057+0800][gc,task      ] GC(9) Using 8 workers of 8 for evacuation
[2020-10-30T10:19:35.156+0800][gc,mmu       ] GC(9) MMU target violated: 21.0ms (20.0ms/21.0ms)
[2020-10-30T10:19:35.157+0800][gc,phases    ] GC(9)   Pre Evacuate Collection Set: 0.9ms
[2020-10-30T10:19:35.157+0800][gc,phases    ] GC(9)   Evacuate Collection Set: 66.5ms
[2020-10-30T10:19:35.157+0800][gc,phases    ] GC(9)   Post Evacuate Collection Set: 18.1ms
[2020-10-30T10:19:35.157+0800][gc,phases    ] GC(9)   Other: 24.0ms
[2020-10-30T10:19:35.157+0800][gc,heap      ] GC(9) Eden regions: 24->0(24)
[2020-10-30T10:19:35.157+0800][gc,heap      ] GC(9) Survivor regions: 1->1(4)
[2020-10-30T10:19:35.157+0800][gc,heap      ] GC(9) Old regions: 6->6
[2020-10-30T10:19:35.157+0800][gc,heap      ] GC(9) Archive regions: 2->2
[2020-10-30T10:19:35.157+0800][gc,heap      ] GC(9) Humongous regions: 1->1
[2020-10-30T10:19:35.157+0800][gc,metaspace ] GC(9) Metaspace: 7813K->7813K(1056768K)
[2020-10-30T10:19:35.157+0800][gc           ] GC(9) Pause Young (Normal) (G1 Evacuation Pause) 31M->7M(512M) 107.907ms
[2020-10-30T10:19:35.157+0800][gc,cpu       ] GC(9) User=0.03s Sys=0.11s Real=0.11s
[2020-10-30T11:01:21.043+0800][gc,start     ] GC(10) Pause Young (Normal) (G1 Evacuation Pause)
[2020-10-30T11:01:21.048+0800][gc,task      ] GC(10) Using 8 workers of 8 for evacuation
[2020-10-30T11:01:21.135+0800][gc,mmu       ] GC(10) MMU target violated: 21.0ms (20.0ms/21.0ms)
[2020-10-30T11:01:21.135+0800][gc,phases    ] GC(10)   Pre Evacuate Collection Set: 0.0ms
[2020-10-30T11:01:21.135+0800][gc,phases    ] GC(10)   Evacuate Collection Set: 61.9ms
[2020-10-30T11:01:21.135+0800][gc,phases    ] GC(10)   Post Evacuate Collection Set: 10.8ms
[2020-10-30T11:01:21.135+0800][gc,phases    ] GC(10)   Other: 18.8ms
[2020-10-30T11:01:21.135+0800][gc,heap      ] GC(10) Eden regions: 24->0(24)
[2020-10-30T11:01:21.135+0800][gc,heap      ] GC(10) Survivor regions: 1->1(4)
[2020-10-30T11:01:21.135+0800][gc,heap      ] GC(10) Old regions: 6->6
[2020-10-30T11:01:21.135+0800][gc,heap      ] GC(10) Archive regions: 2->2
[2020-10-30T11:01:21.135+0800][gc,heap      ] GC(10) Humongous regions: 1->1
[2020-10-30T11:01:21.135+0800][gc,metaspace ] GC(10) Metaspace: 7825K->7825K(1056768K)
[2020-10-30T11:01:21.135+0800][gc           ] GC(10) Pause Young (Normal) (G1 Evacuation Pause) 31M->7M(512M) 92.011ms
[2020-10-30T11:01:21.136+0800][gc,cpu       ] GC(10) User=0.03s Sys=0.11s Real=0.09s
[2020-10-30T11:41:28.413+0800][gc,start     ] GC(11) Pause Young (Normal) (G1 Evacuation Pause)
[2020-10-30T11:41:28.416+0800][gc,task      ] GC(11) Using 8 workers of 8 for evacuation
[2020-10-30T11:41:28.589+0800][gc,mmu       ] GC(11) MMU target violated: 21.0ms (20.0ms/21.0ms)
[2020-10-30T11:41:28.589+0800][gc,phases    ] GC(11)   Pre Evacuate Collection Set: 0.0ms
[2020-10-30T11:41:28.589+0800][gc,phases    ] GC(11)   Evacuate Collection Set: 145.4ms
[2020-10-30T11:41:28.589+0800][gc,phases    ] GC(11)   Post Evacuate Collection Set: 15.7ms
[2020-10-30T11:41:28.589+0800][gc,phases    ] GC(11)   Other: 17.3ms
[2020-10-30T11:41:28.589+0800][gc,heap      ] GC(11) Eden regions: 24->0(24)
[2020-10-30T11:41:28.589+0800][gc,heap      ] GC(11) Survivor regions: 1->1(4)
[2020-10-30T11:41:28.589+0800][gc,heap      ] GC(11) Old regions: 6->6
[2020-10-30T11:41:28.589+0800][gc,heap      ] GC(11) Archive regions: 2->2
[2020-10-30T11:41:28.589+0800][gc,heap      ] GC(11) Humongous regions: 1->1
[2020-10-30T11:41:28.589+0800][gc,metaspace ] GC(11) Metaspace: 7837K->7837K(1056768K)
[2020-10-30T11:41:28.589+0800][gc           ] GC(11) Pause Young (Normal) (G1 Evacuation Pause) 31M->7M(512M) 177.439ms
[2020-10-30T11:41:28.589+0800][gc,cpu       ] GC(11) User=0.06s Sys=0.11s Real=0.17s
[2020-10-30T15:09:18.025+0800][gc,start     ] GC(12) Pause Young (Normal) (G1 Evacuation Pause)
[2020-10-30T15:09:18.033+0800][gc,task      ] GC(12) Using 8 workers of 8 for evacuation
[2020-10-30T15:09:18.632+0800][gc,mmu       ] GC(12) MMU target violated: 21.0ms (20.0ms/21.0ms)
[2020-10-30T15:09:18.632+0800][gc,phases    ] GC(12)   Pre Evacuate Collection Set: 0.6ms
[2020-10-30T15:09:18.632+0800][gc,phases    ] GC(12)   Evacuate Collection Set: 457.2ms
[2020-10-30T15:09:18.632+0800][gc,phases    ] GC(12)   Post Evacuate Collection Set: 106.4ms
[2020-10-30T15:09:18.641+0800][gc,phases    ] GC(12)   Other: 45.4ms
[2020-10-30T15:09:18.641+0800][gc,heap      ] GC(12) Eden regions: 24->0(24)
[2020-10-30T15:09:18.641+0800][gc,heap      ] GC(12) Survivor regions: 1->1(4)
[2020-10-30T15:09:18.641+0800][gc,heap      ] GC(12) Old regions: 6->6
[2020-10-30T15:09:18.641+0800][gc,heap      ] GC(12) Archive regions: 2->2
[2020-10-30T15:09:18.641+0800][gc,heap      ] GC(12) Humongous regions: 1->1
[2020-10-30T15:09:18.641+0800][gc,metaspace ] GC(12) Metaspace: 7855K->7855K(1056768K)
[2020-10-30T15:09:18.641+0800][gc           ] GC(12) Pause Young (Normal) (G1 Evacuation Pause) 31M->7M(512M) 616.464ms
[2020-10-30T15:09:18.641+0800][gc,cpu       ] GC(12) User=0.34s Sys=0.28s Real=0.62s
[2020-10-30T20:29:48.025+0800][gc,start     ] GC(13) Pause Young (Normal) (G1 Evacuation Pause)
[2020-10-30T20:29:48.028+0800][gc,task      ] GC(13) Using 8 workers of 8 for evacuation
[2020-10-30T20:29:48.232+0800][gc,mmu       ] GC(13) MMU target violated: 21.0ms (20.0ms/21.0ms)
[2020-10-30T20:29:48.232+0800][gc,phases    ] GC(13)   Pre Evacuate Collection Set: 0.5ms
[2020-10-30T20:29:48.232+0800][gc,phases    ] GC(13)   Evacuate Collection Set: 165.3ms
[2020-10-30T20:29:48.232+0800][gc,phases    ] GC(13)   Post Evacuate Collection Set: 8.5ms
[2020-10-30T20:29:48.233+0800][gc,phases    ] GC(13)   Other: 39.8ms
[2020-10-30T20:29:48.233+0800][gc,heap      ] GC(13) Eden regions: 24->0(24)
[2020-10-30T20:29:48.233+0800][gc,heap      ] GC(13) Survivor regions: 1->1(4)
[2020-10-30T20:29:48.233+0800][gc,heap      ] GC(13) Old regions: 6->6
[2020-10-30T20:29:48.233+0800][gc,heap      ] GC(13) Archive regions: 2->2
[2020-10-30T20:29:48.233+0800][gc,heap      ] GC(13) Humongous regions: 1->1
[2020-10-30T20:29:48.234+0800][gc,metaspace ] GC(13) Metaspace: 7858K->7858K(1056768K)
[2020-10-30T20:29:48.234+0800][gc           ] GC(13) Pause Young (Normal) (G1 Evacuation Pause) 31M->7M(512M) 210.629ms
[2020-10-30T20:29:48.234+0800][gc,cpu       ] GC(13) User=0.05s Sys=0.13s Real=0.21s
[2020-10-31T09:34:12.557+0800][gc,start     ] GC(14) Pause Young (Normal) (G1 Evacuation Pause)
[2020-10-31T09:34:12.563+0800][gc,task      ] GC(14) Using 8 workers of 8 for evacuation
[2020-10-31T09:34:12.719+0800][gc,mmu       ] GC(14) MMU target violated: 21.0ms (20.0ms/21.0ms)
[2020-10-31T09:34:12.719+0800][gc,phases    ] GC(14)   Pre Evacuate Collection Set: 0.6ms
[2020-10-31T09:34:12.719+0800][gc,phases    ] GC(14)   Evacuate Collection Set: 103.2ms
[2020-10-31T09:34:12.719+0800][gc,phases    ] GC(14)   Post Evacuate Collection Set: 12.0ms
[2020-10-31T09:34:12.720+0800][gc,phases    ] GC(14)   Other: 50.8ms
[2020-10-31T09:34:12.720+0800][gc,heap      ] GC(14) Eden regions: 24->0(24)
[2020-10-31T09:34:12.720+0800][gc,heap      ] GC(14) Survivor regions: 1->1(4)
[2020-10-31T09:34:12.720+0800][gc,heap      ] GC(14) Old regions: 6->6
[2020-10-31T09:34:12.720+0800][gc,heap      ] GC(14) Archive regions: 2->2
[2020-10-31T09:34:12.720+0800][gc,heap      ] GC(14) Humongous regions: 1->1
[2020-10-31T09:34:12.720+0800][gc,metaspace ] GC(14) Metaspace: 7890K->7890K(1056768K)
[2020-10-31T09:34:12.721+0800][gc           ] GC(14) Pause Young (Normal) (G1 Evacuation Pause) 31M->7M(512M) 164.682ms
[2020-10-31T09:34:12.721+0800][gc,cpu       ] GC(14) User=0.03s Sys=0.15s Real=0.17s
[2020-10-31T16:09:35.030+0800][gc,start     ] GC(15) Pause Young (Normal) (G1 Evacuation Pause)
[2020-10-31T16:09:35.033+0800][gc,task      ] GC(15) Using 8 workers of 8 for evacuation
[2020-10-31T16:09:35.142+0800][gc,mmu       ] GC(15) MMU target violated: 21.0ms (20.0ms/21.0ms)
[2020-10-31T16:09:35.142+0800][gc,phases    ] GC(15)   Pre Evacuate Collection Set: 0.0ms
[2020-10-31T16:09:35.143+0800][gc,phases    ] GC(15)   Evacuate Collection Set: 66.8ms
[2020-10-31T16:09:35.143+0800][gc,phases    ] GC(15)   Post Evacuate Collection Set: 21.2ms
[2020-10-31T16:09:35.143+0800][gc,phases    ] GC(15)   Other: 26.1ms
[2020-10-31T16:09:35.143+0800][gc,heap      ] GC(15) Eden regions: 24->0(24)
[2020-10-31T16:09:35.143+0800][gc,heap      ] GC(15) Survivor regions: 1->1(4)
[2020-10-31T16:09:35.144+0800][gc,heap      ] GC(15) Old regions: 6->6
[2020-10-31T16:09:35.144+0800][gc,heap      ] GC(15) Archive regions: 2->2
[2020-10-31T16:09:35.144+0800][gc,heap      ] GC(15) Humongous regions: 1->1
[2020-10-31T16:09:35.144+0800][gc,metaspace ] GC(15) Metaspace: 7897K->7897K(1056768K)
[2020-10-31T16:09:35.144+0800][gc           ] GC(15) Pause Young (Normal) (G1 Evacuation Pause) 31M->7M(512M) 114.399ms
[2020-10-31T16:09:35.144+0800][gc,cpu       ] GC(15) User=0.01s Sys=0.06s Real=0.11s
[2020-11-01T09:26:52.650+0800][gc,start     ] GC(16) Pause Young (Normal) (G1 Evacuation Pause)
[2020-11-01T09:26:52.655+0800][gc,task      ] GC(16) Using 8 workers of 8 for evacuation
[2020-11-01T09:26:52.774+0800][gc,mmu       ] GC(16) MMU target violated: 21.0ms (20.0ms/21.0ms)
[2020-11-01T09:26:52.774+0800][gc,phases    ] GC(16)   Pre Evacuate Collection Set: 0.1ms
[2020-11-01T09:26:52.774+0800][gc,phases    ] GC(16)   Evacuate Collection Set: 78.2ms
[2020-11-01T09:26:52.774+0800][gc,phases    ] GC(16)   Post Evacuate Collection Set: 11.7ms
[2020-11-01T09:26:52.774+0800][gc,phases    ] GC(16)   Other: 37.8ms
[2020-11-01T09:26:52.774+0800][gc,heap      ] GC(16) Eden regions: 24->0(24)
[2020-11-01T09:26:52.774+0800][gc,heap      ] GC(16) Survivor regions: 1->1(4)
[2020-11-01T09:26:52.774+0800][gc,heap      ] GC(16) Old regions: 6->6
[2020-11-01T09:26:52.774+0800][gc,heap      ] GC(16) Archive regions: 2->2
[2020-11-01T09:26:52.774+0800][gc,heap      ] GC(16) Humongous regions: 1->1
[2020-11-01T09:26:52.774+0800][gc,metaspace ] GC(16) Metaspace: 7917K->7917K(1056768K)
[2020-11-01T09:26:52.774+0800][gc           ] GC(16) Pause Young (Normal) (G1 Evacuation Pause) 31M->7M(512M) 125.309ms
[2020-11-01T09:26:52.774+0800][gc,cpu       ] GC(16) User=0.04s Sys=0.14s Real=0.13s
[2020-11-01T10:06:36.016+0800][gc,start     ] GC(17) Pause Young (Normal) (G1 Evacuation Pause)
[2020-11-01T10:06:36.017+0800][gc,task      ] GC(17) Using 8 workers of 8 for evacuation
[2020-11-01T10:06:36.052+0800][gc,mmu       ] GC(17) MMU target violated: 21.0ms (20.0ms/21.0ms)
[2020-11-01T10:06:36.052+0800][gc,phases    ] GC(17)   Pre Evacuate Collection Set: 0.1ms
[2020-11-01T10:06:36.052+0800][gc,phases    ] GC(17)   Evacuate Collection Set: 24.1ms
[2020-11-01T10:06:36.052+0800][gc,phases    ] GC(17)   Post Evacuate Collection Set: 2.1ms
[2020-11-01T10:06:36.052+0800][gc,phases    ] GC(17)   Other: 9.9ms
[2020-11-01T10:06:36.052+0800][gc,heap      ] GC(17) Eden regions: 24->0(24)
[2020-11-01T10:06:36.052+0800][gc,heap      ] GC(17) Survivor regions: 1->1(4)
[2020-11-01T10:06:36.052+0800][gc,heap      ] GC(17) Old regions: 6->6
[2020-11-01T10:06:36.052+0800][gc,heap      ] GC(17) Archive regions: 2->2
[2020-11-01T10:06:36.052+0800][gc,heap      ] GC(17) Humongous regions: 1->1
[2020-11-01T10:06:36.052+0800][gc,metaspace ] GC(17) Metaspace: 7917K->7917K(1056768K)
[2020-11-01T10:06:36.052+0800][gc           ] GC(17) Pause Young (Normal) (G1 Evacuation Pause) 31M->7M(512M) 36.209ms
[2020-11-01T10:06:36.052+0800][gc,cpu       ] GC(17) User=0.01s Sys=0.06s Real=0.04s
[2020-11-01T13:28:53.439+0800][gc,start     ] GC(18) Pause Young (Normal) (G1 Evacuation Pause)
[2020-11-01T13:28:53.444+0800][gc,task      ] GC(18) Using 8 workers of 8 for evacuation
[2020-11-01T13:28:53.546+0800][gc,mmu       ] GC(18) MMU target violated: 21.0ms (20.0ms/21.0ms)
[2020-11-01T13:28:53.546+0800][gc,phases    ] GC(18)   Pre Evacuate Collection Set: 0.1ms
[2020-11-01T13:28:53.546+0800][gc,phases    ] GC(18)   Evacuate Collection Set: 62.6ms
[2020-11-01T13:28:53.546+0800][gc,phases    ] GC(18)   Post Evacuate Collection Set: 7.9ms
[2020-11-01T13:28:53.546+0800][gc,phases    ] GC(18)   Other: 38.4ms
[2020-11-01T13:28:53.546+0800][gc,heap      ] GC(18) Eden regions: 24->0(24)
[2020-11-01T13:28:53.546+0800][gc,heap      ] GC(18) Survivor regions: 1->1(4)
[2020-11-01T13:28:53.546+0800][gc,heap      ] GC(18) Old regions: 6->6
[2020-11-01T13:28:53.546+0800][gc,heap      ] GC(18) Archive regions: 2->2
[2020-11-01T13:28:53.546+0800][gc,heap      ] GC(18) Humongous regions: 1->1
[2020-11-01T13:28:53.546+0800][gc,metaspace ] GC(18) Metaspace: 7921K->7921K(1056768K)
[2020-11-01T13:28:53.546+0800][gc           ] GC(18) Pause Young (Normal) (G1 Evacuation Pause) 31M->7M(512M) 107.316ms
[2020-11-01T13:28:53.546+0800][gc,cpu       ] GC(18) User=0.02s Sys=0.13s Real=0.11s
[2020-11-01T15:01:40.027+0800][gc,start     ] GC(19) Pause Young (Normal) (G1 Evacuation Pause)
[2020-11-01T15:01:40.030+0800][gc,task      ] GC(19) Using 8 workers of 8 for evacuation
[2020-11-01T15:01:40.074+0800][gc,mmu       ] GC(19) MMU target violated: 21.0ms (20.0ms/21.0ms)
[2020-11-01T15:01:40.075+0800][gc,phases    ] GC(19)   Pre Evacuate Collection Set: 0.0ms
[2020-11-01T15:01:40.075+0800][gc,phases    ] GC(19)   Evacuate Collection Set: 29.5ms
[2020-11-01T15:01:40.075+0800][gc,phases    ] GC(19)   Post Evacuate Collection Set: 6.6ms
[2020-11-01T15:01:40.075+0800][gc,phases    ] GC(19)   Other: 12.6ms
[2020-11-01T15:01:40.075+0800][gc,heap      ] GC(19) Eden regions: 24->0(24)
[2020-11-01T15:01:40.075+0800][gc,heap      ] GC(19) Survivor regions: 1->1(4)
[2020-11-01T15:01:40.075+0800][gc,heap      ] GC(19) Old regions: 6->6
[2020-11-01T15:01:40.075+0800][gc,heap      ] GC(19) Archive regions: 2->2
[2020-11-01T15:01:40.075+0800][gc,heap      ] GC(19) Humongous regions: 1->1
[2020-11-01T15:01:40.075+0800][gc,metaspace ] GC(19) Metaspace: 7948K->7948K(1056768K)
[2020-11-01T15:01:40.075+0800][gc           ] GC(19) Pause Young (Normal) (G1 Evacuation Pause) 31M->7M(512M) 48.118ms
[2020-11-01T15:01:40.075+0800][gc,cpu       ] GC(19) User=0.01s Sys=0.05s Real=0.05s
[2020-11-01T18:35:13.855+0800][gc,start     ] GC(20) Pause Young (Normal) (G1 Evacuation Pause)
[2020-11-01T18:35:13.861+0800][gc,task      ] GC(20) Using 8 workers of 8 for evacuation
[2020-11-01T18:35:13.940+0800][gc,mmu       ] GC(20) MMU target violated: 21.0ms (20.0ms/21.0ms)
[2020-11-01T18:35:13.940+0800][gc,phases    ] GC(20)   Pre Evacuate Collection Set: 0.1ms
[2020-11-01T18:35:13.940+0800][gc,phases    ] GC(20)   Evacuate Collection Set: 44.8ms
[2020-11-01T18:35:13.940+0800][gc,phases    ] GC(20)   Post Evacuate Collection Set: 16.5ms
[2020-11-01T18:35:13.940+0800][gc,phases    ] GC(20)   Other: 26.3ms
[2020-11-01T18:35:13.940+0800][gc,heap      ] GC(20) Eden regions: 24->0(24)
[2020-11-01T18:35:13.940+0800][gc,heap      ] GC(20) Survivor regions: 1->1(4)
[2020-11-01T18:35:13.940+0800][gc,heap      ] GC(20) Old regions: 6->6
[2020-11-01T18:35:13.940+0800][gc,heap      ] GC(20) Archive regions: 2->2
[2020-11-01T18:35:13.940+0800][gc,heap      ] GC(20) Humongous regions: 1->1
[2020-11-01T18:35:13.940+0800][gc,metaspace ] GC(20) Metaspace: 7955K->7955K(1056768K)
[2020-11-01T18:35:13.941+0800][gc           ] GC(20) Pause Young (Normal) (G1 Evacuation Pause) 31M->7M(512M) 86.201ms
[2020-11-01T18:35:13.941+0800][gc,cpu       ] GC(20) User=0.01s Sys=0.10s Real=0.09s
[2020-11-01T19:12:17.871+0800][gc,start     ] GC(21) Pause Young (Normal) (G1 Evacuation Pause)
[2020-11-01T19:12:17.874+0800][gc,task      ] GC(21) Using 8 workers of 8 for evacuation
[2020-11-01T19:12:17.945+0800][gc,mmu       ] GC(21) MMU target violated: 21.0ms (20.0ms/21.0ms)
[2020-11-01T19:12:17.945+0800][gc,phases    ] GC(21)   Pre Evacuate Collection Set: 0.1ms
[2020-11-01T19:12:17.945+0800][gc,phases    ] GC(21)   Evacuate Collection Set: 42.5ms
[2020-11-01T19:12:17.945+0800][gc,phases    ] GC(21)   Post Evacuate Collection Set: 12.9ms
[2020-11-01T19:12:17.945+0800][gc,phases    ] GC(21)   Other: 22.1ms
[2020-11-01T19:12:17.945+0800][gc,heap      ] GC(21) Eden regions: 24->0(24)
[2020-11-01T19:12:17.945+0800][gc,heap      ] GC(21) Survivor regions: 1->1(4)
[2020-11-01T19:12:17.945+0800][gc,heap      ] GC(21) Old regions: 6->6
[2020-11-01T19:12:17.945+0800][gc,heap      ] GC(21) Archive regions: 2->2
[2020-11-01T19:12:17.945+0800][gc,heap      ] GC(21) Humongous regions: 1->1
[2020-11-01T19:12:17.945+0800][gc,metaspace ] GC(21) Metaspace: 7955K->7955K(1056768K)
[2020-11-01T19:12:17.945+0800][gc           ] GC(21) Pause Young (Normal) (G1 Evacuation Pause) 31M->7M(512M) 73.888ms
[2020-11-01T19:12:17.945+0800][gc,cpu       ] GC(21) User=0.02s Sys=0.11s Real=0.07s
[2020-11-01T19:49:54.788+0800][gc,start     ] GC(22) Pause Young (Normal) (G1 Evacuation Pause)
[2020-11-01T19:49:54.790+0800][gc,task      ] GC(22) Using 8 workers of 8 for evacuation
[2020-11-01T19:49:54.869+0800][gc,mmu       ] GC(22) MMU target violated: 21.0ms (20.0ms/21.0ms)
[2020-11-01T19:49:54.869+0800][gc,phases    ] GC(22)   Pre Evacuate Collection Set: 0.0ms
[2020-11-01T19:49:54.869+0800][gc,phases    ] GC(22)   Evacuate Collection Set: 57.9ms
[2020-11-01T19:49:54.869+0800][gc,phases    ] GC(22)   Post Evacuate Collection Set: 6.7ms
[2020-11-01T19:49:54.869+0800][gc,phases    ] GC(22)   Other: 18.7ms
[2020-11-01T19:49:54.869+0800][gc,heap      ] GC(22) Eden regions: 24->0(24)
[2020-11-01T19:49:54.869+0800][gc,heap      ] GC(22) Survivor regions: 1->1(4)
[2020-11-01T19:49:54.869+0800][gc,heap      ] GC(22) Old regions: 6->6
[2020-11-01T19:49:54.869+0800][gc,heap      ] GC(22) Archive regions: 2->2
[2020-11-01T19:49:54.869+0800][gc,heap      ] GC(22) Humongous regions: 1->1
[2020-11-01T19:49:54.869+0800][gc,metaspace ] GC(22) Metaspace: 7955K->7955K(1056768K)
[2020-11-01T19:49:54.870+0800][gc           ] GC(22) Pause Young (Normal) (G1 Evacuation Pause) 31M->7M(512M) 81.635ms
[2020-11-01T19:49:54.870+0800][gc,cpu       ] GC(22) User=0.04s Sys=0.11s Real=0.09s
[2020-11-01T20:30:15.702+0800][gc,start     ] GC(23) Pause Young (Normal) (G1 Evacuation Pause)
[2020-11-01T20:30:15.706+0800][gc,task      ] GC(23) Using 8 workers of 8 for evacuation
[2020-11-01T20:30:15.786+0800][gc,mmu       ] GC(23) MMU target violated: 21.0ms (20.0ms/21.0ms)
[2020-11-01T20:30:15.786+0800][gc,phases    ] GC(23)   Pre Evacuate Collection Set: 0.9ms
[2020-11-01T20:30:15.786+0800][gc,phases    ] GC(23)   Evacuate Collection Set: 54.7ms
[2020-11-01T20:30:15.786+0800][gc,phases    ] GC(23)   Post Evacuate Collection Set: 9.3ms
[2020-11-01T20:30:15.786+0800][gc,phases    ] GC(23)   Other: 22.4ms
[2020-11-01T20:30:15.786+0800][gc,heap      ] GC(23) Eden regions: 24->0(24)
[2020-11-01T20:30:15.786+0800][gc,heap      ] GC(23) Survivor regions: 1->1(4)
[2020-11-01T20:30:15.786+0800][gc,heap      ] GC(23) Old regions: 6->6
[2020-11-01T20:30:15.786+0800][gc,heap      ] GC(23) Archive regions: 2->2
[2020-11-01T20:30:15.786+0800][gc,heap      ] GC(23) Humongous regions: 1->1
[2020-11-01T20:30:15.786+0800][gc,metaspace ] GC(23) Metaspace: 7962K->7962K(1056768K)
[2020-11-01T20:30:15.786+0800][gc           ] GC(23) Pause Young (Normal) (G1 Evacuation Pause) 31M->7M(512M) 84.152ms
[2020-11-01T20:30:15.786+0800][gc,cpu       ] GC(23) User=0.04s Sys=0.10s Real=0.08s
[2020-11-01T21:05:51.012+0800][gc,start     ] GC(24) Pause Young (Normal) (G1 Evacuation Pause)
[2020-11-01T21:05:51.015+0800][gc,task      ] GC(24) Using 8 workers of 8 for evacuation
[2020-11-01T21:05:51.141+0800][gc,mmu       ] GC(24) MMU target violated: 21.0ms (20.0ms/21.0ms)
[2020-11-01T21:05:51.141+0800][gc,phases    ] GC(24)   Pre Evacuate Collection Set: 0.1ms
[2020-11-01T21:05:51.141+0800][gc,phases    ] GC(24)   Evacuate Collection Set: 96.7ms
[2020-11-01T21:05:51.141+0800][gc,phases    ] GC(24)   Post Evacuate Collection Set: 9.6ms
[2020-11-01T21:05:51.141+0800][gc,phases    ] GC(24)   Other: 24.5ms
[2020-11-01T21:05:51.141+0800][gc,heap      ] GC(24) Eden regions: 24->0(24)
[2020-11-01T21:05:51.141+0800][gc,heap      ] GC(24) Survivor regions: 1->1(4)
[2020-11-01T21:05:51.142+0800][gc,heap      ] GC(24) Old regions: 6->6
[2020-11-01T21:05:51.142+0800][gc,heap      ] GC(24) Archive regions: 2->2
[2020-11-01T21:05:51.142+0800][gc,heap      ] GC(24) Humongous regions: 1->1
[2020-11-01T21:05:51.142+0800][gc,metaspace ] GC(24) Metaspace: 7962K->7962K(1056768K)
[2020-11-01T21:05:51.142+0800][gc           ] GC(24) Pause Young (Normal) (G1 Evacuation Pause) 31M->7M(512M) 130.300ms
[2020-11-01T21:05:51.142+0800][gc,cpu       ] GC(24) User=0.07s Sys=0.16s Real=0.13s
[2020-11-01T22:47:32.159+0800][gc,start     ] GC(25) Pause Young (Normal) (G1 Evacuation Pause)
[2020-11-01T22:47:32.164+0800][gc,task      ] GC(25) Using 8 workers of 8 for evacuation
[2020-11-01T22:47:32.226+0800][gc,mmu       ] GC(25) MMU target violated: 21.0ms (20.0ms/21.0ms)
[2020-11-01T22:47:32.226+0800][gc,phases    ] GC(25)   Pre Evacuate Collection Set: 0.1ms
[2020-11-01T22:47:32.226+0800][gc,phases    ] GC(25)   Evacuate Collection Set: 27.7ms
[2020-11-01T22:47:32.226+0800][gc,phases    ] GC(25)   Post Evacuate Collection Set: 4.9ms
[2020-11-01T22:47:32.226+0800][gc,phases    ] GC(25)   Other: 37.7ms
[2020-11-01T22:47:32.226+0800][gc,heap      ] GC(25) Eden regions: 24->0(24)
[2020-11-01T22:47:32.226+0800][gc,heap      ] GC(25) Survivor regions: 1->1(4)
[2020-11-01T22:47:32.226+0800][gc,heap      ] GC(25) Old regions: 6->6
[2020-11-01T22:47:32.226+0800][gc,heap      ] GC(25) Archive regions: 2->2
[2020-11-01T22:47:32.226+0800][gc,heap      ] GC(25) Humongous regions: 1->1
[2020-11-01T22:47:32.226+0800][gc,metaspace ] GC(25) Metaspace: 7971K->7971K(1056768K)
[2020-11-01T22:47:32.226+0800][gc           ] GC(25) Pause Young (Normal) (G1 Evacuation Pause) 31M->7M(512M) 67.068ms
[2020-11-01T22:47:32.226+0800][gc,cpu       ] GC(25) User=0.00s Sys=0.09s Real=0.07s
[2020-11-01T23:50:51.664+0800][gc,start     ] GC(26) Pause Young (Normal) (G1 Evacuation Pause)
[2020-11-01T23:50:51.666+0800][gc,task      ] GC(26) Using 8 workers of 8 for evacuation
[2020-11-01T23:50:51.790+0800][gc,mmu       ] GC(26) MMU target violated: 21.0ms (20.0ms/21.0ms)
[2020-11-01T23:50:51.790+0800][gc,phases    ] GC(26)   Pre Evacuate Collection Set: 0.1ms
[2020-11-01T23:50:51.790+0800][gc,phases    ] GC(26)   Evacuate Collection Set: 101.6ms
[2020-11-01T23:50:51.790+0800][gc,phases    ] GC(26)   Post Evacuate Collection Set: 8.7ms
[2020-11-01T23:50:51.790+0800][gc,phases    ] GC(26)   Other: 15.6ms
[2020-11-01T23:50:51.790+0800][gc,heap      ] GC(26) Eden regions: 24->0(24)
[2020-11-01T23:50:51.790+0800][gc,heap      ] GC(26) Survivor regions: 1->1(4)
[2020-11-01T23:50:51.790+0800][gc,heap      ] GC(26) Old regions: 6->6
[2020-11-01T23:50:51.790+0800][gc,heap      ] GC(26) Archive regions: 2->2
[2020-11-01T23:50:51.790+0800][gc,heap      ] GC(26) Humongous regions: 1->1
[2020-11-01T23:50:51.790+0800][gc,metaspace ] GC(26) Metaspace: 7971K->7971K(1056768K)
[2020-11-01T23:50:51.791+0800][gc           ] GC(26) Pause Young (Normal) (G1 Evacuation Pause) 31M->7M(512M) 126.674ms
[2020-11-01T23:50:51.791+0800][gc,cpu       ] GC(26) User=0.08s Sys=0.09s Real=0.13s
[2020-11-02T00:29:29.988+0800][gc,start     ] GC(27) Pause Young (Normal) (G1 Evacuation Pause)
[2020-11-02T00:29:29.989+0800][gc,task      ] GC(27) Using 8 workers of 8 for evacuation
[2020-11-02T00:29:30.060+0800][gc,mmu       ] GC(27) MMU target violated: 21.0ms (20.0ms/21.0ms)
[2020-11-02T00:29:30.060+0800][gc,phases    ] GC(27)   Pre Evacuate Collection Set: 0.1ms
[2020-11-02T00:29:30.060+0800][gc,phases    ] GC(27)   Evacuate Collection Set: 44.5ms
[2020-11-02T00:29:30.060+0800][gc,phases    ] GC(27)   Post Evacuate Collection Set: 3.7ms
[2020-11-02T00:29:30.060+0800][gc,phases    ] GC(27)   Other: 26.2ms
[2020-11-02T00:29:30.060+0800][gc,heap      ] GC(27) Eden regions: 24->0(24)
[2020-11-02T00:29:30.060+0800][gc,heap      ] GC(27) Survivor regions: 1->1(4)
[2020-11-02T00:29:30.060+0800][gc,heap      ] GC(27) Old regions: 6->6
[2020-11-02T00:29:30.060+0800][gc,heap      ] GC(27) Archive regions: 2->2
[2020-11-02T00:29:30.060+0800][gc,heap      ] GC(27) Humongous regions: 1->1
[2020-11-02T00:29:30.060+0800][gc,metaspace ] GC(27) Metaspace: 7972K->7972K(1056768K)
[2020-11-02T00:29:30.060+0800][gc           ] GC(27) Pause Young (Normal) (G1 Evacuation Pause) 31M->7M(512M) 73.522ms
[2020-11-02T00:29:30.060+0800][gc,cpu       ] GC(27) User=0.02s Sys=0.10s Real=0.08s
[2020-11-02T09:14:06.998+0800][gc,start     ] GC(28) Pause Young (Normal) (G1 Evacuation Pause)
[2020-11-02T09:14:07.003+0800][gc,task      ] GC(28) Using 8 workers of 8 for evacuation
[2020-11-02T09:14:07.080+0800][gc,mmu       ] GC(28) MMU target violated: 21.0ms (20.0ms/21.0ms)
[2020-11-02T09:14:07.080+0800][gc,phases    ] GC(28)   Pre Evacuate Collection Set: 0.0ms
[2020-11-02T09:14:07.080+0800][gc,phases    ] GC(28)   Evacuate Collection Set: 43.3ms
[2020-11-02T09:14:07.080+0800][gc,phases    ] GC(28)   Post Evacuate Collection Set: 17.6ms
[2020-11-02T09:14:07.080+0800][gc,phases    ] GC(28)   Other: 22.4ms
[2020-11-02T09:14:07.080+0800][gc,heap      ] GC(28) Eden regions: 24->0(24)
[2020-11-02T09:14:07.080+0800][gc,heap      ] GC(28) Survivor regions: 1->1(4)
[2020-11-02T09:14:07.080+0800][gc,heap      ] GC(28) Old regions: 6->6
[2020-11-02T09:14:07.080+0800][gc,heap      ] GC(28) Archive regions: 2->2
[2020-11-02T09:14:07.080+0800][gc,heap      ] GC(28) Humongous regions: 1->1
[2020-11-02T09:14:07.080+0800][gc,metaspace ] GC(28) Metaspace: 7978K->7978K(1056768K)
[2020-11-02T09:14:07.080+0800][gc           ] GC(28) Pause Young (Normal) (G1 Evacuation Pause) 31M->7M(512M) 82.962ms
[2020-11-02T09:14:07.080+0800][gc,cpu       ] GC(28) User=0.01s Sys=0.07s Real=0.09s
[2020-11-02T09:53:26.461+0800][gc,start     ] GC(29) Pause Young (Normal) (G1 Evacuation Pause)
[2020-11-02T09:53:26.463+0800][gc,task      ] GC(29) Using 8 workers of 8 for evacuation
[2020-11-02T09:53:26.535+0800][gc,mmu       ] GC(29) MMU target violated: 21.0ms (20.0ms/21.0ms)
[2020-11-02T09:53:26.535+0800][gc,phases    ] GC(29)   Pre Evacuate Collection Set: 0.0ms
[2020-11-02T09:53:26.535+0800][gc,phases    ] GC(29)   Evacuate Collection Set: 62.1ms
[2020-11-02T09:53:26.535+0800][gc,phases    ] GC(29)   Post Evacuate Collection Set: 1.7ms
[2020-11-02T09:53:26.535+0800][gc,phases    ] GC(29)   Other: 10.5ms
[2020-11-02T09:53:26.535+0800][gc,heap      ] GC(29) Eden regions: 24->0(24)
[2020-11-02T09:53:26.535+0800][gc,heap      ] GC(29) Survivor regions: 1->1(4)
[2020-11-02T09:53:26.535+0800][gc,heap      ] GC(29) Old regions: 6->6
[2020-11-02T09:53:26.535+0800][gc,heap      ] GC(29) Archive regions: 2->2
[2020-11-02T09:53:26.535+0800][gc,heap      ] GC(29) Humongous regions: 1->1
[2020-11-02T09:53:26.535+0800][gc,metaspace ] GC(29) Metaspace: 7978K->7978K(1056768K)
[2020-11-02T09:53:26.535+0800][gc           ] GC(29) Pause Young (Normal) (G1 Evacuation Pause) 31M->7M(512M) 74.276ms
[2020-11-02T09:53:26.535+0800][gc,cpu       ] GC(29) User=0.05s Sys=0.08s Real=0.07s
[2020-11-02T10:30:47.985+0800][gc,start     ] GC(30) Pause Young (Normal) (G1 Evacuation Pause)
[2020-11-02T10:30:48.003+0800][gc,task      ] GC(30) Using 8 workers of 8 for evacuation
[2020-11-02T10:30:48.261+0800][gc,mmu       ] GC(30) MMU target violated: 21.0ms (20.0ms/21.0ms)
[2020-11-02T10:30:48.261+0800][gc,phases    ] GC(30)   Pre Evacuate Collection Set: 0.1ms
[2020-11-02T10:30:48.261+0800][gc,phases    ] GC(30)   Evacuate Collection Set: 136.2ms
[2020-11-02T10:30:48.261+0800][gc,phases    ] GC(30)   Post Evacuate Collection Set: 76.3ms
[2020-11-02T10:30:48.262+0800][gc,phases    ] GC(30)   Other: 75.6ms
[2020-11-02T10:30:48.262+0800][gc,heap      ] GC(30) Eden regions: 24->0(24)
[2020-11-02T10:30:48.262+0800][gc,heap      ] GC(30) Survivor regions: 1->1(4)
[2020-11-02T10:30:48.262+0800][gc,heap      ] GC(30) Old regions: 6->6
[2020-11-02T10:30:48.262+0800][gc,heap      ] GC(30) Archive regions: 2->2
[2020-11-02T10:30:48.262+0800][gc,heap      ] GC(30) Humongous regions: 1->1
[2020-11-02T10:30:48.262+0800][gc,metaspace ] GC(30) Metaspace: 7978K->7978K(1056768K)
[2020-11-02T10:30:48.265+0800][gc           ] GC(30) Pause Young (Normal) (G1 Evacuation Pause) 31M->7M(512M) 282.371ms
[2020-11-02T10:30:48.265+0800][gc,cpu       ] GC(30) User=0.02s Sys=0.17s Real=0.28s
[2020-11-02T11:26:26.546+0800][gc,start     ] GC(31) Pause Young (Normal) (G1 Evacuation Pause)
[2020-11-02T11:26:26.551+0800][gc,task      ] GC(31) Using 8 workers of 8 for evacuation
[2020-11-02T11:26:26.642+0800][gc,mmu       ] GC(31) MMU target violated: 21.0ms (20.0ms/21.0ms)
[2020-11-02T11:26:26.642+0800][gc,phases    ] GC(31)   Pre Evacuate Collection Set: 0.1ms
[2020-11-02T11:26:26.642+0800][gc,phases    ] GC(31)   Evacuate Collection Set: 69.4ms
[2020-11-02T11:26:26.642+0800][gc,phases    ] GC(31)   Post Evacuate Collection Set: 6.7ms
[2020-11-02T11:26:26.642+0800][gc,phases    ] GC(31)   Other: 21.8ms
[2020-11-02T11:26:26.642+0800][gc,heap      ] GC(31) Eden regions: 24->0(24)
[2020-11-02T11:26:26.642+0800][gc,heap      ] GC(31) Survivor regions: 1->1(4)
[2020-11-02T11:26:26.642+0800][gc,heap      ] GC(31) Old regions: 6->6
[2020-11-02T11:26:26.642+0800][gc,heap      ] GC(31) Archive regions: 2->2
[2020-11-02T11:26:26.642+0800][gc,heap      ] GC(31) Humongous regions: 1->1
[2020-11-02T11:26:26.642+0800][gc,metaspace ] GC(31) Metaspace: 7978K->7978K(1056768K)
[2020-11-02T11:26:26.643+0800][gc           ] GC(31) Pause Young (Normal) (G1 Evacuation Pause) 31M->7M(512M) 96.893ms
[2020-11-02T11:26:26.643+0800][gc,cpu       ] GC(31) User=0.03s Sys=0.11s Real=0.10s
[2020-11-02T11:49:24.291+0800][gc,heap,exit ] Heap
[2020-11-02T11:49:24.356+0800][gc,heap,exit ]  garbage-first heap   total 524288K, used 29189K [0x00000007e0000000, 0x0000000800000000)
[2020-11-02T11:49:24.847+0800][gc,heap,exit ]   region size 1024K, 23 young (23552K), 1 survivors (1024K)
[2020-11-02T11:49:24.847+0800][gc,heap,exit ]  Metaspace       used 7983K, capacity 8234K, committed 8320K, reserved 1056768K
[2020-11-02T11:49:24.847+0800][gc,heap,exit ]   class space    used 813K, capacity 895K, committed 896K, reserved 1048576K
